
> siasc-angular-15@0.0.0 test
> jest --no-coverage --passWithNoTests

PASS src/app/shared/services/comum/historico-processo.service.spec.ts
PASS src/app/shared/services/comum/inscricao-programas-medicamento.service.spec.ts
FAIL src/app/funcionalidades/acompanhamento/dados-processo-card/dados-processo-card.component.spec.ts
  ● DadosProcessoCardComponent › deve criar o componente

    NG0302: The pipe 'campoVazioHifen' could not be found in the 'DadosProcessoCardComponent' component. Verify that it is declared or imported in this module. Find more at https://angular.io/errors/NG0302

      at getPipeDef (node_modules/@angular/core/fesm2022/core.mjs:23660:15)
      at ɵɵpipe (node_modules/@angular/core/fesm2022/core.mjs:23601:19)
      at DadosProcessoCardComponent_Template (ng:/DadosProcessoCardComponent.js:22:9)
      at executeTemplate (node_modules/@angular/core/fesm2022/core.mjs:12003:13)
      at renderView (node_modules/@angular/core/fesm2022/core.mjs:13201:13)
      at renderComponent (node_modules/@angular/core/fesm2022/core.mjs:13148:5)
      at renderChildComponents (node_modules/@angular/core/fesm2022/core.mjs:13246:9)
      at renderView (node_modules/@angular/core/fesm2022/core.mjs:13226:13)
      at ComponentFactory.create (node_modules/@angular/core/fesm2022/core.mjs:14138:13)
      at initComponent (node_modules/@angular/core/fesm2022/testing.mjs:27492:51)
      at _ZoneDelegate.Object.<anonymous>._ZoneDelegate.invoke (node_modules/zone.js/bundles/zone.umd.js:411:30)
      at ProxyZoneSpec.Object.<anonymous>.ProxyZoneSpec.onInvoke (node_modules/zone.js/bundles/zone-testing.umd.js:300:43)
      at _ZoneDelegate.Object.<anonymous>._ZoneDelegate.invoke (node_modules/zone.js/bundles/zone.umd.js:410:56)
      at Object.onInvoke (node_modules/@angular/core/fesm2022/core.mjs:11083:33)
      at _ZoneDelegate.Object.<anonymous>._ZoneDelegate.invoke (node_modules/zone.js/bundles/zone.umd.js:410:56)
      at Zone.Object.<anonymous>.Zone.run (node_modules/zone.js/bundles/zone.umd.js:165:47)
      at NgZone.run (node_modules/@angular/core/fesm2022/core.mjs:10934:28)
      at _TestBedImpl.createComponent (node_modules/@angular/core/fesm2022/testing.mjs:27495:41)
      at Function.createComponent (node_modules/@angular/core/fesm2022/testing.mjs:27302:37)
      at src/app/funcionalidades/acompanhamento/dados-processo-card/dados-processo-card.component.spec.ts:15:27
      at _ZoneDelegate.Object.<anonymous>._ZoneDelegate.invoke (node_modules/zone.js/bundles/zone.umd.js:411:30)
      at ProxyZoneSpec.Object.<anonymous>.ProxyZoneSpec.onInvoke (node_modules/zone.js/bundles/zone-testing.umd.js:300:43)
      at _ZoneDelegate.Object.<anonymous>._ZoneDelegate.invoke (node_modules/zone.js/bundles/zone.umd.js:410:56)
      at Zone.Object.<anonymous>.Zone.run (node_modules/zone.js/bundles/zone.umd.js:165:47)
      at Object.wrappedFunc (node_modules/zone.js/bundles/zone-testing.umd.js:789:34)

  ● DadosProcessoCardComponent › deve inicializar observacao como string vazia

    NG0302: The pipe 'campoVazioHifen' could not be found in the 'DadosProcessoCardComponent' component. Verify that it is declared or imported in this module. Find more at https://angular.io/errors/NG0302

      at getPipeDef (node_modules/@angular/core/fesm2022/core.mjs:23660:15)
      at ɵɵpipe (node_modules/@angular/core/fesm2022/core.mjs:23601:19)
      at DadosProcessoCardComponent_Template (ng:/DadosProcessoCardComponent.js:22:9)
      at executeTemplate (node_modules/@angular/core/fesm2022/core.mjs:12003:13)
      at renderView (node_modules/@angular/core/fesm2022/core.mjs:13201:13)
      at renderComponent (node_modules/@angular/core/fesm2022/core.mjs:13148:5)
      at renderChildComponents (node_modules/@angular/core/fesm2022/core.mjs:13246:9)
      at renderView (node_modules/@angular/core/fesm2022/core.mjs:13226:13)
      at ComponentFactory.create (node_modules/@angular/core/fesm2022/core.mjs:14138:13)
      at initComponent (node_modules/@angular/core/fesm2022/testing.mjs:27492:51)
      at _ZoneDelegate.Object.<anonymous>._ZoneDelegate.invoke (node_modules/zone.js/bundles/zone.umd.js:411:30)
      at ProxyZoneSpec.Object.<anonymous>.ProxyZoneSpec.onInvoke (node_modules/zone.js/bundles/zone-testing.umd.js:300:43)
      at _ZoneDelegate.Object.<anonymous>._ZoneDelegate.invoke (node_modules/zone.js/bundles/zone.umd.js:410:56)
      at Object.onInvoke (node_modules/@angular/core/fesm2022/core.mjs:11083:33)
      at _ZoneDelegate.Object.<anonymous>._ZoneDelegate.invoke (node_modules/zone.js/bundles/zone.umd.js:410:56)
      at Zone.Object.<anonymous>.Zone.run (node_modules/zone.js/bundles/zone.umd.js:165:47)
      at NgZone.run (node_modules/@angular/core/fesm2022/core.mjs:10934:28)
      at _TestBedImpl.createComponent (node_modules/@angular/core/fesm2022/testing.mjs:27495:41)
      at Function.createComponent (node_modules/@angular/core/fesm2022/testing.mjs:27302:37)
      at src/app/funcionalidades/acompanhamento/dados-processo-card/dados-processo-card.component.spec.ts:15:27
      at _ZoneDelegate.Object.<anonymous>._ZoneDelegate.invoke (node_modules/zone.js/bundles/zone.umd.js:411:30)
      at ProxyZoneSpec.Object.<anonymous>.ProxyZoneSpec.onInvoke (node_modules/zone.js/bundles/zone-testing.umd.js:300:43)
      at _ZoneDelegate.Object.<anonymous>._ZoneDelegate.invoke (node_modules/zone.js/bundles/zone.umd.js:410:56)
      at Zone.Object.<anonymous>.Zone.run (node_modules/zone.js/bundles/zone.umd.js:165:47)
      at Object.wrappedFunc (node_modules/zone.js/bundles/zone-testing.umd.js:789:34)

  ● DadosProcessoCardComponent › deve aceitar processo como Input

    NG0302: The pipe 'campoVazioHifen' could not be found in the 'DadosProcessoCardComponent' component. Verify that it is declared or imported in this module. Find more at https://angular.io/errors/NG0302

      at getPipeDef (node_modules/@angular/core/fesm2022/core.mjs:23660:15)
      at ɵɵpipe (node_modules/@angular/core/fesm2022/core.mjs:23601:19)
      at DadosProcessoCardComponent_Template (ng:/DadosProcessoCardComponent.js:22:9)
      at executeTemplate (node_modules/@angular/core/fesm2022/core.mjs:12003:13)
      at renderView (node_modules/@angular/core/fesm2022/core.mjs:13201:13)
      at renderComponent (node_modules/@angular/core/fesm2022/core.mjs:13148:5)
      at renderChildComponents (node_modules/@angular/core/fesm2022/core.mjs:13246:9)
      at renderView (node_modules/@angular/core/fesm2022/core.mjs:13226:13)
      at ComponentFactory.create (node_modules/@angular/core/fesm2022/core.mjs:14138:13)
      at initComponent (node_modules/@angular/core/fesm2022/testing.mjs:27492:51)
      at _ZoneDelegate.Object.<anonymous>._ZoneDelegate.invoke (node_modules/zone.js/bundles/zone.umd.js:411:30)
      at ProxyZoneSpec.Object.<anonymous>.ProxyZoneSpec.onInvoke (node_modules/zone.js/bundles/zone-testing.umd.js:300:43)
      at _ZoneDelegate.Object.<anonymous>._ZoneDelegate.invoke (node_modules/zone.js/bundles/zone.umd.js:410:56)
      at Object.onInvoke (node_modules/@angular/core/fesm2022/core.mjs:11083:33)
      at _ZoneDelegate.Object.<anonymous>._ZoneDelegate.invoke (node_modules/zone.js/bundles/zone.umd.js:410:56)
      at Zone.Object.<anonymous>.Zone.run (node_modules/zone.js/bundles/zone.umd.js:165:47)
      at NgZone.run (node_modules/@angular/core/fesm2022/core.mjs:10934:28)
      at _TestBedImpl.createComponent (node_modules/@angular/core/fesm2022/testing.mjs:27495:41)
      at Function.createComponent (node_modules/@angular/core/fesm2022/testing.mjs:27302:37)
      at src/app/funcionalidades/acompanhamento/dados-processo-card/dados-processo-card.component.spec.ts:15:27
      at _ZoneDelegate.Object.<anonymous>._ZoneDelegate.invoke (node_modules/zone.js/bundles/zone.umd.js:411:30)
      at ProxyZoneSpec.Object.<anonymous>.ProxyZoneSpec.onInvoke (node_modules/zone.js/bundles/zone-testing.umd.js:300:43)
      at _ZoneDelegate.Object.<anonymous>._ZoneDelegate.invoke (node_modules/zone.js/bundles/zone.umd.js:410:56)
      at Zone.Object.<anonymous>.Zone.run (node_modules/zone.js/bundles/zone.umd.js:165:47)
      at Object.wrappedFunc (node_modules/zone.js/bundles/zone-testing.umd.js:789:34)

  ● DadosProcessoCardComponent › processo Input deve aceitar qualquer tipo

    NG0302: The pipe 'campoVazioHifen' could not be found in the 'DadosProcessoCardComponent' component. Verify that it is declared or imported in this module. Find more at https://angular.io/errors/NG0302

      at getPipeDef (node_modules/@angular/core/fesm2022/core.mjs:23660:15)
      at ɵɵpipe (node_modules/@angular/core/fesm2022/core.mjs:23601:19)
      at DadosProcessoCardComponent_Template (ng:/DadosProcessoCardComponent.js:22:9)
      at executeTemplate (node_modules/@angular/core/fesm2022/core.mjs:12003:13)
      at renderView (node_modules/@angular/core/fesm2022/core.mjs:13201:13)
      at renderComponent (node_modules/@angular/core/fesm2022/core.mjs:13148:5)
      at renderChildComponents (node_modules/@angular/core/fesm2022/core.mjs:13246:9)
      at renderView (node_modules/@angular/core/fesm2022/core.mjs:13226:13)
      at ComponentFactory.create (node_modules/@angular/core/fesm2022/core.mjs:14138:13)
      at initComponent (node_modules/@angular/core/fesm2022/testing.mjs:27492:51)
      at _ZoneDelegate.Object.<anonymous>._ZoneDelegate.invoke (node_modules/zone.js/bundles/zone.umd.js:411:30)
      at ProxyZoneSpec.Object.<anonymous>.ProxyZoneSpec.onInvoke (node_modules/zone.js/bundles/zone-testing.umd.js:300:43)
      at _ZoneDelegate.Object.<anonymous>._ZoneDelegate.invoke (node_modules/zone.js/bundles/zone.umd.js:410:56)
      at Object.onInvoke (node_modules/@angular/core/fesm2022/core.mjs:11083:33)
      at _ZoneDelegate.Object.<anonymous>._ZoneDelegate.invoke (node_modules/zone.js/bundles/zone.umd.js:410:56)
      at Zone.Object.<anonymous>.Zone.run (node_modules/zone.js/bundles/zone.umd.js:165:47)
      at NgZone.run (node_modules/@angular/core/fesm2022/core.mjs:10934:28)
      at _TestBedImpl.createComponent (node_modules/@angular/core/fesm2022/testing.mjs:27495:41)
      at Function.createComponent (node_modules/@angular/core/fesm2022/testing.mjs:27302:37)
      at src/app/funcionalidades/acompanhamento/dados-processo-card/dados-processo-card.component.spec.ts:15:27
      at _ZoneDelegate.Object.<anonymous>._ZoneDelegate.invoke (node_modules/zone.js/bundles/zone.umd.js:411:30)
      at ProxyZoneSpec.Object.<anonymous>.ProxyZoneSpec.onInvoke (node_modules/zone.js/bundles/zone-testing.umd.js:300:43)
      at _ZoneDelegate.Object.<anonymous>._ZoneDelegate.invoke (node_modules/zone.js/bundles/zone.umd.js:410:56)
      at Zone.Object.<anonymous>.Zone.run (node_modules/zone.js/bundles/zone.umd.js:165:47)
      at Object.wrappedFunc (node_modules/zone.js/bundles/zone-testing.umd.js:789:34)

  ● DadosProcessoCardComponent › goToTop deve chamar window.scrollTo com 0, 0

    NG0302: The pipe 'campoVazioHifen' could not be found in the 'DadosProcessoCardComponent' component. Verify that it is declared or imported in this module. Find more at https://angular.io/errors/NG0302

      at getPipeDef (node_modules/@angular/core/fesm2022/core.mjs:23660:15)
      at ɵɵpipe (node_modules/@angular/core/fesm2022/core.mjs:23601:19)
      at DadosProcessoCardComponent_Template (ng:/DadosProcessoCardComponent.js:22:9)
      at executeTemplate (node_modules/@angular/core/fesm2022/core.mjs:12003:13)
      at renderView (node_modules/@angular/core/fesm2022/core.mjs:13201:13)
      at renderComponent (node_modules/@angular/core/fesm2022/core.mjs:13148:5)
      at renderChildComponents (node_modules/@angular/core/fesm2022/core.mjs:13246:9)
      at renderView (node_modules/@angular/core/fesm2022/core.mjs:13226:13)
      at ComponentFactory.create (node_modules/@angular/core/fesm2022/core.mjs:14138:13)
      at initComponent (node_modules/@angular/core/fesm2022/testing.mjs:27492:51)
      at _ZoneDelegate.Object.<anonymous>._ZoneDelegate.invoke (node_modules/zone.js/bundles/zone.umd.js:411:30)
      at ProxyZoneSpec.Object.<anonymous>.ProxyZoneSpec.onInvoke (node_modules/zone.js/bundles/zone-testing.umd.js:300:43)
      at _ZoneDelegate.Object.<anonymous>._ZoneDelegate.invoke (node_modules/zone.js/bundles/zone.umd.js:410:56)
      at Object.onInvoke (node_modules/@angular/core/fesm2022/core.mjs:11083:33)
      at _ZoneDelegate.Object.<anonymous>._ZoneDelegate.invoke (node_modules/zone.js/bundles/zone.umd.js:410:56)
      at Zone.Object.<anonymous>.Zone.run (node_modules/zone.js/bundles/zone.umd.js:165:47)
      at NgZone.run (node_modules/@angular/core/fesm2022/core.mjs:10934:28)
      at _TestBedImpl.createComponent (node_modules/@angular/core/fesm2022/testing.mjs:27495:41)
      at Function.createComponent (node_modules/@angular/core/fesm2022/testing.mjs:27302:37)
      at src/app/funcionalidades/acompanhamento/dados-processo-card/dados-processo-card.component.spec.ts:15:27
      at _ZoneDelegate.Object.<anonymous>._ZoneDelegate.invoke (node_modules/zone.js/bundles/zone.umd.js:411:30)
      at ProxyZoneSpec.Object.<anonymous>.ProxyZoneSpec.onInvoke (node_modules/zone.js/bundles/zone-testing.umd.js:300:43)
      at _ZoneDelegate.Object.<anonymous>._ZoneDelegate.invoke (node_modules/zone.js/bundles/zone.umd.js:410:56)
      at Zone.Object.<anonymous>.Zone.run (node_modules/zone.js/bundles/zone.umd.js:165:47)
      at Object.wrappedFunc (node_modules/zone.js/bundles/zone-testing.umd.js:789:34)

  ● DadosProcessoCardComponent › goToTop deve rolar para o topo da página

    NG0302: The pipe 'campoVazioHifen' could not be found in the 'DadosProcessoCardComponent' component. Verify that it is declared or imported in this module. Find more at https://angular.io/errors/NG0302

      at getPipeDef (node_modules/@angular/core/fesm2022/core.mjs:23660:15)
      at ɵɵpipe (node_modules/@angular/core/fesm2022/core.mjs:23601:19)
      at DadosProcessoCardComponent_Template (ng:/DadosProcessoCardComponent.js:22:9)
      at executeTemplate (node_modules/@angular/core/fesm2022/core.mjs:12003:13)
      at renderView (node_modules/@angular/core/fesm2022/core.mjs:13201:13)
      at renderComponent (node_modules/@angular/core/fesm2022/core.mjs:13148:5)
      at renderChildComponents (node_modules/@angular/core/fesm2022/core.mjs:13246:9)
      at renderView (node_modules/@angular/core/fesm2022/core.mjs:13226:13)
      at ComponentFactory.create (node_modules/@angular/core/fesm2022/core.mjs:14138:13)
      at initComponent (node_modules/@angular/core/fesm2022/testing.mjs:27492:51)
      at _ZoneDelegate.Object.<anonymous>._ZoneDelegate.invoke (node_modules/zone.js/bundles/zone.umd.js:411:30)
      at ProxyZoneSpec.Object.<anonymous>.ProxyZoneSpec.onInvoke (node_modules/zone.js/bundles/zone-testing.umd.js:300:43)
      at _ZoneDelegate.Object.<anonymous>._ZoneDelegate.invoke (node_modules/zone.js/bundles/zone.umd.js:410:56)
      at Object.onInvoke (node_modules/@angular/core/fesm2022/core.mjs:11083:33)
      at _ZoneDelegate.Object.<anonymous>._ZoneDelegate.invoke (node_modules/zone.js/bundles/zone.umd.js:410:56)
      at Zone.Object.<anonymous>.Zone.run (node_modules/zone.js/bundles/zone.umd.js:165:47)
      at NgZone.run (node_modules/@angular/core/fesm2022/core.mjs:10934:28)
      at _TestBedImpl.createComponent (node_modules/@angular/core/fesm2022/testing.mjs:27495:41)
      at Function.createComponent (node_modules/@angular/core/fesm2022/testing.mjs:27302:37)
      at src/app/funcionalidades/acompanhamento/dados-processo-card/dados-processo-card.component.spec.ts:15:27
      at _ZoneDelegate.Object.<anonymous>._ZoneDelegate.invoke (node_modules/zone.js/bundles/zone.umd.js:411:30)
      at ProxyZoneSpec.Object.<anonymous>.ProxyZoneSpec.onInvoke (node_modules/zone.js/bundles/zone-testing.umd.js:300:43)
      at _ZoneDelegate.Object.<anonymous>._ZoneDelegate.invoke (node_modules/zone.js/bundles/zone.umd.js:410:56)
      at Zone.Object.<anonymous>.Zone.run (node_modules/zone.js/bundles/zone.umd.js:165:47)
      at Object.wrappedFunc (node_modules/zone.js/bundles/zone-testing.umd.js:789:34)

  ● DadosProcessoCardComponent › observacao deve permitir atualização

    NG0302: The pipe 'campoVazioHifen' could not be found in the 'DadosProcessoCardComponent' component. Verify that it is declared or imported in this module. Find more at https://angular.io/errors/NG0302

      at getPipeDef (node_modules/@angular/core/fesm2022/core.mjs:23660:15)
      at ɵɵpipe (node_modules/@angular/core/fesm2022/core.mjs:23601:19)
      at DadosProcessoCardComponent_Template (ng:/DadosProcessoCardComponent.js:22:9)
      at executeTemplate (node_modules/@angular/core/fesm2022/core.mjs:12003:13)
      at renderView (node_modules/@angular/core/fesm2022/core.mjs:13201:13)
      at renderComponent (node_modules/@angular/core/fesm2022/core.mjs:13148:5)
      at renderChildComponents (node_modules/@angular/core/fesm2022/core.mjs:13246:9)
      at renderView (node_modules/@angular/core/fesm2022/core.mjs:13226:13)
      at ComponentFactory.create (node_modules/@angular/core/fesm2022/core.mjs:14138:13)
      at initComponent (node_modules/@angular/core/fesm2022/testing.mjs:27492:51)
      at _ZoneDelegate.Object.<anonymous>._ZoneDelegate.invoke (node_modules/zone.js/bundles/zone.umd.js:411:30)
      at ProxyZoneSpec.Object.<anonymous>.ProxyZoneSpec.onInvoke (node_modules/zone.js/bundles/zone-testing.umd.js:300:43)
      at _ZoneDelegate.Object.<anonymous>._ZoneDelegate.invoke (node_modules/zone.js/bundles/zone.umd.js:410:56)
      at Object.onInvoke (node_modules/@angular/core/fesm2022/core.mjs:11083:33)
      at _ZoneDelegate.Object.<anonymous>._ZoneDelegate.invoke (node_modules/zone.js/bundles/zone.umd.js:410:56)
      at Zone.Object.<anonymous>.Zone.run (node_modules/zone.js/bundles/zone.umd.js:165:47)
      at NgZone.run (node_modules/@angular/core/fesm2022/core.mjs:10934:28)
      at _TestBedImpl.createComponent (node_modules/@angular/core/fesm2022/testing.mjs:27495:41)
      at Function.createComponent (node_modules/@angular/core/fesm2022/testing.mjs:27302:37)
      at src/app/funcionalidades/acompanhamento/dados-processo-card/dados-processo-card.component.spec.ts:15:27
      at _ZoneDelegate.Object.<anonymous>._ZoneDelegate.invoke (node_modules/zone.js/bundles/zone.umd.js:411:30)
      at ProxyZoneSpec.Object.<anonymous>.ProxyZoneSpec.onInvoke (node_modules/zone.js/bundles/zone-testing.umd.js:300:43)
      at _ZoneDelegate.Object.<anonymous>._ZoneDelegate.invoke (node_modules/zone.js/bundles/zone.umd.js:410:56)
      at Zone.Object.<anonymous>.Zone.run (node_modules/zone.js/bundles/zone.umd.js:165:47)
      at Object.wrappedFunc (node_modules/zone.js/bundles/zone-testing.umd.js:789:34)

  ● DadosProcessoCardComponent › observacao deve aceitar string vazia

    NG0302: The pipe 'campoVazioHifen' could not be found in the 'DadosProcessoCardComponent' component. Verify that it is declared or imported in this module. Find more at https://angular.io/errors/NG0302

      at getPipeDef (node_modules/@angular/core/fesm2022/core.mjs:23660:15)
      at ɵɵpipe (node_modules/@angular/core/fesm2022/core.mjs:23601:19)
      at DadosProcessoCardComponent_Template (ng:/DadosProcessoCardComponent.js:22:9)
      at executeTemplate (node_modules/@angular/core/fesm2022/core.mjs:12003:13)
      at renderView (node_modules/@angular/core/fesm2022/core.mjs:13201:13)
      at renderComponent (node_modules/@angular/core/fesm2022/core.mjs:13148:5)
      at renderChildComponents (node_modules/@angular/core/fesm2022/core.mjs:13246:9)
      at renderView (node_modules/@angular/core/fesm2022/core.mjs:13226:13)
      at ComponentFactory.create (node_modules/@angular/core/fesm2022/core.mjs:14138:13)
      at initComponent (node_modules/@angular/core/fesm2022/testing.mjs:27492:51)
      at _ZoneDelegate.Object.<anonymous>._ZoneDelegate.invoke (node_modules/zone.js/bundles/zone.umd.js:411:30)
      at ProxyZoneSpec.Object.<anonymous>.ProxyZoneSpec.onInvoke (node_modules/zone.js/bundles/zone-testing.umd.js:300:43)
      at _ZoneDelegate.Object.<anonymous>._ZoneDelegate.invoke (node_modules/zone.js/bundles/zone.umd.js:410:56)
      at Object.onInvoke (node_modules/@angular/core/fesm2022/core.mjs:11083:33)
      at _ZoneDelegate.Object.<anonymous>._ZoneDelegate.invoke (node_modules/zone.js/bundles/zone.umd.js:410:56)
      at Zone.Object.<anonymous>.Zone.run (node_modules/zone.js/bundles/zone.umd.js:165:47)
      at NgZone.run (node_modules/@angular/core/fesm2022/core.mjs:10934:28)
      at _TestBedImpl.createComponent (node_modules/@angular/core/fesm2022/testing.mjs:27495:41)
      at Function.createComponent (node_modules/@angular/core/fesm2022/testing.mjs:27302:37)
      at src/app/funcionalidades/acompanhamento/dados-processo-card/dados-processo-card.component.spec.ts:15:27
      at _ZoneDelegate.Object.<anonymous>._ZoneDelegate.invoke (node_modules/zone.js/bundles/zone.umd.js:411:30)
      at ProxyZoneSpec.Object.<anonymous>.ProxyZoneSpec.onInvoke (node_modules/zone.js/bundles/zone-testing.umd.js:300:43)
      at _ZoneDelegate.Object.<anonymous>._ZoneDelegate.invoke (node_modules/zone.js/bundles/zone.umd.js:410:56)
      at Zone.Object.<anonymous>.Zone.run (node_modules/zone.js/bundles/zone.umd.js:165:47)
      at Object.wrappedFunc (node_modules/zone.js/bundles/zone-testing.umd.js:789:34)

  ● DadosProcessoCardComponent › observacao deve aceitar strings longas

    NG0302: The pipe 'campoVazioHifen' could not be found in the 'DadosProcessoCardComponent' component. Verify that it is declared or imported in this module. Find more at https://angular.io/errors/NG0302

      at getPipeDef (node_modules/@angular/core/fesm2022/core.mjs:23660:15)
      at ɵɵpipe (node_modules/@angular/core/fesm2022/core.mjs:23601:19)
      at DadosProcessoCardComponent_Template (ng:/DadosProcessoCardComponent.js:22:9)
      at executeTemplate (node_modules/@angular/core/fesm2022/core.mjs:12003:13)
      at renderView (node_modules/@angular/core/fesm2022/core.mjs:13201:13)
      at renderComponent (node_modules/@angular/core/fesm2022/core.mjs:13148:5)
      at renderChildComponents (node_modules/@angular/core/fesm2022/core.mjs:13246:9)
      at renderView (node_modules/@angular/core/fesm2022/core.mjs:13226:13)
      at ComponentFactory.create (node_modules/@angular/core/fesm2022/core.mjs:14138:13)
      at initComponent (node_modules/@angular/core/fesm2022/testing.mjs:27492:51)
      at _ZoneDelegate.Object.<anonymous>._ZoneDelegate.invoke (node_modules/zone.js/bundles/zone.umd.js:411:30)
      at ProxyZoneSpec.Object.<anonymous>.ProxyZoneSpec.onInvoke (node_modules/zone.js/bundles/zone-testing.umd.js:300:43)
      at _ZoneDelegate.Object.<anonymous>._ZoneDelegate.invoke (node_modules/zone.js/bundles/zone.umd.js:410:56)
      at Object.onInvoke (node_modules/@angular/core/fesm2022/core.mjs:11083:33)
      at _ZoneDelegate.Object.<anonymous>._ZoneDelegate.invoke (node_modules/zone.js/bundles/zone.umd.js:410:56)
      at Zone.Object.<anonymous>.Zone.run (node_modules/zone.js/bundles/zone.umd.js:165:47)
      at NgZone.run (node_modules/@angular/core/fesm2022/core.mjs:10934:28)
      at _TestBedImpl.createComponent (node_modules/@angular/core/fesm2022/testing.mjs:27495:41)
      at Function.createComponent (node_modules/@angular/core/fesm2022/testing.mjs:27302:37)
      at src/app/funcionalidades/acompanhamento/dados-processo-card/dados-processo-card.component.spec.ts:15:27
      at _ZoneDelegate.Object.<anonymous>._ZoneDelegate.invoke (node_modules/zone.js/bundles/zone.umd.js:411:30)
      at ProxyZoneSpec.Object.<anonymous>.ProxyZoneSpec.onInvoke (node_modules/zone.js/bundles/zone-testing.umd.js:300:43)
      at _ZoneDelegate.Object.<anonymous>._ZoneDelegate.invoke (node_modules/zone.js/bundles/zone.umd.js:410:56)
      at Zone.Object.<anonymous>.Zone.run (node_modules/zone.js/bundles/zone.umd.js:165:47)
      at Object.wrappedFunc (node_modules/zone.js/bundles/zone-testing.umd.js:789:34)

FAIL src/app/funcionalidades/meus-dados/exibir-dados-beneficiario/dados-beneficiario.component.spec.ts
  ● DadosBeneficiarioComponent › ngAfterViewInit deve executar sem erros

    expect(received).not.toThrow()

    Error name:    "TypeError"
    Error message: "jQuery is not a function"

        [0m [90m 32 |[39m
         [90m 33 |[39m     [36mstatic[39m funcaoModal(idModal[33m:[39m string[33m,[39m functionName[33m:[39m string[33m,[39m callback[33m?[39m[33m:[39m () [33m=>[39m [36mvoid[39m[33m,[39m callbacke[33m?[39m[33m:[39m (e) [33m=>[39m [36mvoid[39m)[33m:[39m [36mvoid[39m {
        [31m[1m>[22m[39m[90m 34 |[39m         jQuery([36mthis[39m[33m.[39midHashtag(idModal))[33m.[39mon(functionName[33m,[39m (e) [33m=>[39m {
         [90m    |[39m         [31m[1m^[22m[39m
         [90m 35 |[39m             [36mif[39m (e[33m.[39mtarget[33m.[39mid [33m===[39m e[33m.[39mcurrentTarget[33m.[39mid) {
         [90m 36 |[39m                 [36mif[39m (callback) {
         [90m 37 |[39m                     callback()[33m;[39m[0m

      at Function.funcaoModal (src/app/shared/util/modal.ts:34:9)
      at Function.hiddenModal (src/app/shared/util/modal.ts:30:14)
      at DadosBeneficiarioComponent.ngAfterViewInit (src/app/funcionalidades/meus-dados/exibir-dados-beneficiario/dados-beneficiario.component.ts:32:13)
      at src/app/funcionalidades/meus-dados/exibir-dados-beneficiario/dados-beneficiario.component.spec.ts:191:32
      at Object.<anonymous> (node_modules/expect/build/toThrowMatchers.js:74:11)
      at Object.throwingMatcher [as toThrow] (node_modules/expect/build/index.js:320:21)
      at src/app/funcionalidades/meus-dados/exibir-dados-beneficiario/dados-beneficiario.component.spec.ts:191:55
      at _ZoneDelegate.Object.<anonymous>._ZoneDelegate.invoke (node_modules/zone.js/bundles/zone.umd.js:411:30)
      at ProxyZoneSpec.Object.<anonymous>.ProxyZoneSpec.onInvoke (node_modules/zone.js/bundles/zone-testing.umd.js:300:43)
      at _ZoneDelegate.Object.<anonymous>._ZoneDelegate.invoke (node_modules/zone.js/bundles/zone.umd.js:410:56)
      at Zone.Object.<anonymous>.Zone.run (node_modules/zone.js/bundles/zone.umd.js:165:47)
      at Object.wrappedFunc (node_modules/zone.js/bundles/zone-testing.umd.js:789:34)
      at src/app/funcionalidades/meus-dados/exibir-dados-beneficiario/dados-beneficiario.component.spec.ts:191:55
      at _ZoneDelegate.Object.<anonymous>._ZoneDelegate.invoke (node_modules/zone.js/bundles/zone.umd.js:411:30)
      at ProxyZoneSpec.Object.<anonymous>.ProxyZoneSpec.onInvoke (node_modules/zone.js/bundles/zone-testing.umd.js:300:43)
      at _ZoneDelegate.Object.<anonymous>._ZoneDelegate.invoke (node_modules/zone.js/bundles/zone.umd.js:410:56)
      at Zone.Object.<anonymous>.Zone.run (node_modules/zone.js/bundles/zone.umd.js:165:47)
      at Object.wrappedFunc (node_modules/zone.js/bundles/zone-testing.umd.js:789:34)

PASS src/app/shared/services/comum/grau-procedimento.service.spec.ts
PASS src/app/shared/services/comum/grupo-documento.service.spec.ts
PASS src/app/shared/services/comum/inscricao-dependente.service.spec.ts
PASS src/app/shared/services/comum/email.service.spec.ts
PASS src/app/shared/services/comum/documento-tipo-processo.service.spec.ts
PASS src/app/shared/services/comum/documento.service.spec.ts
PASS src/app/shared/services/comum/documento-pedido.service.spec.ts
PASS src/app/shared/services/comum/tipo-documento.service.spec.ts
FAIL src/app/funcionalidades/beneficiario-pedido/beneficiario-pedido-home/beneficiario-pedido-home.component.spec.ts (5.562 s)
  ● BeneficiarioPedidoHomeComponent › deve criar o componente

    NG01203: No value accessor for form control name: 'somenteAtivos'. Find more at https://angular.io/errors/NG01203

    [0m [90m 62 |[39m         fixture [33m=[39m [33mTestBed[39m[33m.[39mcreateComponent([33mBeneficiarioPedidoHomeComponent[39m)[33m;[39m
     [90m 63 |[39m         component [33m=[39m fixture[33m.[39mcomponentInstance[33m;[39m
    [31m[1m>[22m[39m[90m 64 |[39m         fixture[33m.[39mdetectChanges()[33m;[39m
     [90m    |[39m                 [31m[1m^[22m[39m
     [90m 65 |[39m     })[33m;[39m
     [90m 66 |[39m
     [90m 67 |[39m     it([32m'deve criar o componente'[39m[33m,[39m () [33m=>[39m {[0m

      at _throwMissingValueAccessorError (node_modules/@angular/forms/fesm2022/forms.mjs:3162:11)
      at setUpControl (node_modules/@angular/forms/fesm2022/forms.mjs:2935:13)
      at _FormGroupDirective.addControl (node_modules/@angular/forms/fesm2022/forms.mjs:4782:9)
      at _FormControlName._setUpControl (node_modules/@angular/forms/fesm2022/forms.mjs:5370:43)
      at _FormControlName.ngOnChanges (node_modules/@angular/forms/fesm2022/forms.mjs:5315:18)
      at _FormControlName.rememberChangeHistoryAndInvokeOnChangesHook (node_modules/@angular/core/fesm2022/core.mjs:3032:14)
      at callHookInternal (node_modules/@angular/core/fesm2022/core.mjs:4024:14)
      at callHook (node_modules/@angular/core/fesm2022/core.mjs:4055:9)
      at callHooks (node_modules/@angular/core/fesm2022/core.mjs:4006:17)
      at executeInitAndCheckHooks (node_modules/@angular/core/fesm2022/core.mjs:3956:9)
      at refreshView (node_modules/@angular/core/fesm2022/core.mjs:13513:21)
      at detectChangesInView (node_modules/@angular/core/fesm2022/core.mjs:13663:9)
      at detectChangesInComponent (node_modules/@angular/core/fesm2022/core.mjs:13638:5)
      at detectChangesInChildComponents (node_modules/@angular/core/fesm2022/core.mjs:13676:9)
      at refreshView (node_modules/@angular/core/fesm2022/core.mjs:13548:13)
      at detectChangesInternal (node_modules/@angular/core/fesm2022/core.mjs:13437:9)
      at RootViewRef.detectChanges (node_modules/@angular/core/fesm2022/core.mjs:13954:9)
      at ComponentFixture._tick (node_modules/@angular/core/fesm2022/testing.mjs:127:32)
      at node_modules/@angular/core/fesm2022/testing.mjs:140:22
      at _ZoneDelegate.Object.<anonymous>._ZoneDelegate.invoke (node_modules/zone.js/bundles/zone.umd.js:411:30)
      at ProxyZoneSpec.Object.<anonymous>.ProxyZoneSpec.onInvoke (node_modules/zone.js/bundles/zone-testing.umd.js:300:43)
      at _ZoneDelegate.Object.<anonymous>._ZoneDelegate.invoke (node_modules/zone.js/bundles/zone.umd.js:410:56)
      at Object.onInvoke (node_modules/@angular/core/fesm2022/core.mjs:11083:33)
      at _ZoneDelegate.Object.<anonymous>._ZoneDelegate.invoke (node_modules/zone.js/bundles/zone.umd.js:410:56)
      at Zone.Object.<anonymous>.Zone.run (node_modules/zone.js/bundles/zone.umd.js:165:47)
      at NgZone.run (node_modules/@angular/core/fesm2022/core.mjs:10934:28)
      at ComponentFixture.detectChanges (node_modules/@angular/core/fesm2022/testing.mjs:139:25)
      at src/app/funcionalidades/beneficiario-pedido/beneficiario-pedido-home/beneficiario-pedido-home.component.spec.ts:64:17
      at _ZoneDelegate.Object.<anonymous>._ZoneDelegate.invoke (node_modules/zone.js/bundles/zone.umd.js:411:30)
      at ProxyZoneSpec.Object.<anonymous>.ProxyZoneSpec.onInvoke (node_modules/zone.js/bundles/zone-testing.umd.js:300:43)
      at _ZoneDelegate.Object.<anonymous>._ZoneDelegate.invoke (node_modules/zone.js/bundles/zone.umd.js:410:56)
      at Zone.Object.<anonymous>.Zone.run (node_modules/zone.js/bundles/zone.umd.js:165:47)
      at Object.wrappedFunc (node_modules/zone.js/bundles/zone-testing.umd.js:789:34)

  ● BeneficiarioPedidoHomeComponent › ngOnInit deve carregar titulo do serviço

    NG01203: No value accessor for form control name: 'somenteAtivos'. Find more at https://angular.io/errors/NG01203

    [0m [90m 62 |[39m         fixture [33m=[39m [33mTestBed[39m[33m.[39mcreateComponent([33mBeneficiarioPedidoHomeComponent[39m)[33m;[39m
     [90m 63 |[39m         component [33m=[39m fixture[33m.[39mcomponentInstance[33m;[39m
    [31m[1m>[22m[39m[90m 64 |[39m         fixture[33m.[39mdetectChanges()[33m;[39m
     [90m    |[39m                 [31m[1m^[22m[39m
     [90m 65 |[39m     })[33m;[39m
     [90m 66 |[39m
     [90m 67 |[39m     it([32m'deve criar o componente'[39m[33m,[39m () [33m=>[39m {[0m

      at _throwMissingValueAccessorError (node_modules/@angular/forms/fesm2022/forms.mjs:3162:11)
      at setUpControl (node_modules/@angular/forms/fesm2022/forms.mjs:2935:13)
      at _FormGroupDirective.addControl (node_modules/@angular/forms/fesm2022/forms.mjs:4782:9)
      at _FormControlName._setUpControl (node_modules/@angular/forms/fesm2022/forms.mjs:5370:43)
      at _FormControlName.ngOnChanges (node_modules/@angular/forms/fesm2022/forms.mjs:5315:18)
      at _FormControlName.rememberChangeHistoryAndInvokeOnChangesHook (node_modules/@angular/core/fesm2022/core.mjs:3032:14)
      at callHookInternal (node_modules/@angular/core/fesm2022/core.mjs:4024:14)
      at callHook (node_modules/@angular/core/fesm2022/core.mjs:4055:9)
      at callHooks (node_modules/@angular/core/fesm2022/core.mjs:4006:17)
      at executeInitAndCheckHooks (node_modules/@angular/core/fesm2022/core.mjs:3956:9)
      at refreshView (node_modules/@angular/core/fesm2022/core.mjs:13513:21)
      at detectChangesInView (node_modules/@angular/core/fesm2022/core.mjs:13663:9)
      at detectChangesInComponent (node_modules/@angular/core/fesm2022/core.mjs:13638:5)
      at detectChangesInChildComponents (node_modules/@angular/core/fesm2022/core.mjs:13676:9)
      at refreshView (node_modules/@angular/core/fesm2022/core.mjs:13548:13)
      at detectChangesInternal (node_modules/@angular/core/fesm2022/core.mjs:13437:9)
      at RootViewRef.detectChanges (node_modules/@angular/core/fesm2022/core.mjs:13954:9)
      at ComponentFixture._tick (node_modules/@angular/core/fesm2022/testing.mjs:127:32)
      at node_modules/@angular/core/fesm2022/testing.mjs:140:22
      at _ZoneDelegate.Object.<anonymous>._ZoneDelegate.invoke (node_modules/zone.js/bundles/zone.umd.js:411:30)
      at ProxyZoneSpec.Object.<anonymous>.ProxyZoneSpec.onInvoke (node_modules/zone.js/bundles/zone-testing.umd.js:300:43)
      at _ZoneDelegate.Object.<anonymous>._ZoneDelegate.invoke (node_modules/zone.js/bundles/zone.umd.js:410:56)
      at Object.onInvoke (node_modules/@angular/core/fesm2022/core.mjs:11083:33)
      at _ZoneDelegate.Object.<anonymous>._ZoneDelegate.invoke (node_modules/zone.js/bundles/zone.umd.js:410:56)
      at Zone.Object.<anonymous>.Zone.run (node_modules/zone.js/bundles/zone.umd.js:165:47)
      at NgZone.run (node_modules/@angular/core/fesm2022/core.mjs:10934:28)
      at ComponentFixture.detectChanges (node_modules/@angular/core/fesm2022/testing.mjs:139:25)
      at src/app/funcionalidades/beneficiario-pedido/beneficiario-pedido-home/beneficiario-pedido-home.component.spec.ts:64:17
      at _ZoneDelegate.Object.<anonymous>._ZoneDelegate.invoke (node_modules/zone.js/bundles/zone.umd.js:411:30)
      at ProxyZoneSpec.Object.<anonymous>.ProxyZoneSpec.onInvoke (node_modules/zone.js/bundles/zone-testing.umd.js:300:43)
      at _ZoneDelegate.Object.<anonymous>._ZoneDelegate.invoke (node_modules/zone.js/bundles/zone.umd.js:410:56)
      at Zone.Object.<anonymous>.Zone.run (node_modules/zone.js/bundles/zone.umd.js:165:47)
      at Object.wrappedFunc (node_modules/zone.js/bundles/zone-testing.umd.js:789:34)

  ● BeneficiarioPedidoHomeComponent › ngOnInit deve carregar baseURL do serviço

    NG01203: No value accessor for form control name: 'somenteAtivos'. Find more at https://angular.io/errors/NG01203

    [0m [90m 62 |[39m         fixture [33m=[39m [33mTestBed[39m[33m.[39mcreateComponent([33mBeneficiarioPedidoHomeComponent[39m)[33m;[39m
     [90m 63 |[39m         component [33m=[39m fixture[33m.[39mcomponentInstance[33m;[39m
    [31m[1m>[22m[39m[90m 64 |[39m         fixture[33m.[39mdetectChanges()[33m;[39m
     [90m    |[39m                 [31m[1m^[22m[39m
     [90m 65 |[39m     })[33m;[39m
     [90m 66 |[39m
     [90m 67 |[39m     it([32m'deve criar o componente'[39m[33m,[39m () [33m=>[39m {[0m

      at _throwMissingValueAccessorError (node_modules/@angular/forms/fesm2022/forms.mjs:3162:11)
      at setUpControl (node_modules/@angular/forms/fesm2022/forms.mjs:2935:13)
      at _FormGroupDirective.addControl (node_modules/@angular/forms/fesm2022/forms.mjs:4782:9)
      at _FormControlName._setUpControl (node_modules/@angular/forms/fesm2022/forms.mjs:5370:43)
      at _FormControlName.ngOnChanges (node_modules/@angular/forms/fesm2022/forms.mjs:5315:18)
      at _FormControlName.rememberChangeHistoryAndInvokeOnChangesHook (node_modules/@angular/core/fesm2022/core.mjs:3032:14)
      at callHookInternal (node_modules/@angular/core/fesm2022/core.mjs:4024:14)
      at callHook (node_modules/@angular/core/fesm2022/core.mjs:4055:9)
      at callHooks (node_modules/@angular/core/fesm2022/core.mjs:4006:17)
      at executeInitAndCheckHooks (node_modules/@angular/core/fesm2022/core.mjs:3956:9)
      at refreshView (node_modules/@angular/core/fesm2022/core.mjs:13513:21)
      at detectChangesInView (node_modules/@angular/core/fesm2022/core.mjs:13663:9)
      at detectChangesInComponent (node_modules/@angular/core/fesm2022/core.mjs:13638:5)
      at detectChangesInChildComponents (node_modules/@angular/core/fesm2022/core.mjs:13676:9)
      at refreshView (node_modules/@angular/core/fesm2022/core.mjs:13548:13)
      at detectChangesInternal (node_modules/@angular/core/fesm2022/core.mjs:13437:9)
      at RootViewRef.detectChanges (node_modules/@angular/core/fesm2022/core.mjs:13954:9)
      at ComponentFixture._tick (node_modules/@angular/core/fesm2022/testing.mjs:127:32)
      at node_modules/@angular/core/fesm2022/testing.mjs:140:22
      at _ZoneDelegate.Object.<anonymous>._ZoneDelegate.invoke (node_modules/zone.js/bundles/zone.umd.js:411:30)
      at ProxyZoneSpec.Object.<anonymous>.ProxyZoneSpec.onInvoke (node_modules/zone.js/bundles/zone-testing.umd.js:300:43)
      at _ZoneDelegate.Object.<anonymous>._ZoneDelegate.invoke (node_modules/zone.js/bundles/zone.umd.js:410:56)
      at Object.onInvoke (node_modules/@angular/core/fesm2022/core.mjs:11083:33)
      at _ZoneDelegate.Object.<anonymous>._ZoneDelegate.invoke (node_modules/zone.js/bundles/zone.umd.js:410:56)
      at Zone.Object.<anonymous>.Zone.run (node_modules/zone.js/bundles/zone.umd.js:165:47)
      at NgZone.run (node_modules/@angular/core/fesm2022/core.mjs:10934:28)
      at ComponentFixture.detectChanges (node_modules/@angular/core/fesm2022/testing.mjs:139:25)
      at src/app/funcionalidades/beneficiario-pedido/beneficiario-pedido-home/beneficiario-pedido-home.component.spec.ts:64:17
      at _ZoneDelegate.Object.<anonymous>._ZoneDelegate.invoke (node_modules/zone.js/bundles/zone.umd.js:411:30)
      at ProxyZoneSpec.Object.<anonymous>.ProxyZoneSpec.onInvoke (node_modules/zone.js/bundles/zone-testing.umd.js:300:43)
      at _ZoneDelegate.Object.<anonymous>._ZoneDelegate.invoke (node_modules/zone.js/bundles/zone.umd.js:410:56)
      at Zone.Object.<anonymous>.Zone.run (node_modules/zone.js/bundles/zone.umd.js:165:47)
      at Object.wrappedFunc (node_modules/zone.js/bundles/zone-testing.umd.js:789:34)

  ● BeneficiarioPedidoHomeComponent › ngOnInit deve chamar inicializarCombos

    NG01203: No value accessor for form control name: 'somenteAtivos'. Find more at https://angular.io/errors/NG01203

    [0m [90m 62 |[39m         fixture [33m=[39m [33mTestBed[39m[33m.[39mcreateComponent([33mBeneficiarioPedidoHomeComponent[39m)[33m;[39m
     [90m 63 |[39m         component [33m=[39m fixture[33m.[39mcomponentInstance[33m;[39m
    [31m[1m>[22m[39m[90m 64 |[39m         fixture[33m.[39mdetectChanges()[33m;[39m
     [90m    |[39m                 [31m[1m^[22m[39m
     [90m 65 |[39m     })[33m;[39m
     [90m 66 |[39m
     [90m 67 |[39m     it([32m'deve criar o componente'[39m[33m,[39m () [33m=>[39m {[0m

      at _throwMissingValueAccessorError (node_modules/@angular/forms/fesm2022/forms.mjs:3162:11)
      at setUpControl (node_modules/@angular/forms/fesm2022/forms.mjs:2935:13)
      at _FormGroupDirective.addControl (node_modules/@angular/forms/fesm2022/forms.mjs:4782:9)
      at _FormControlName._setUpControl (node_modules/@angular/forms/fesm2022/forms.mjs:5370:43)
      at _FormControlName.ngOnChanges (node_modules/@angular/forms/fesm2022/forms.mjs:5315:18)
      at _FormControlName.rememberChangeHistoryAndInvokeOnChangesHook (node_modules/@angular/core/fesm2022/core.mjs:3032:14)
      at callHookInternal (node_modules/@angular/core/fesm2022/core.mjs:4024:14)
      at callHook (node_modules/@angular/core/fesm2022/core.mjs:4055:9)
      at callHooks (node_modules/@angular/core/fesm2022/core.mjs:4006:17)
      at executeInitAndCheckHooks (node_modules/@angular/core/fesm2022/core.mjs:3956:9)
      at refreshView (node_modules/@angular/core/fesm2022/core.mjs:13513:21)
      at detectChangesInView (node_modules/@angular/core/fesm2022/core.mjs:13663:9)
      at detectChangesInComponent (node_modules/@angular/core/fesm2022/core.mjs:13638:5)
      at detectChangesInChildComponents (node_modules/@angular/core/fesm2022/core.mjs:13676:9)
      at refreshView (node_modules/@angular/core/fesm2022/core.mjs:13548:13)
      at detectChangesInternal (node_modules/@angular/core/fesm2022/core.mjs:13437:9)
      at RootViewRef.detectChanges (node_modules/@angular/core/fesm2022/core.mjs:13954:9)
      at ComponentFixture._tick (node_modules/@angular/core/fesm2022/testing.mjs:127:32)
      at node_modules/@angular/core/fesm2022/testing.mjs:140:22
      at _ZoneDelegate.Object.<anonymous>._ZoneDelegate.invoke (node_modules/zone.js/bundles/zone.umd.js:411:30)
      at ProxyZoneSpec.Object.<anonymous>.ProxyZoneSpec.onInvoke (node_modules/zone.js/bundles/zone-testing.umd.js:300:43)
      at _ZoneDelegate.Object.<anonymous>._ZoneDelegate.invoke (node_modules/zone.js/bundles/zone.umd.js:410:56)
      at Object.onInvoke (node_modules/@angular/core/fesm2022/core.mjs:11083:33)
      at _ZoneDelegate.Object.<anonymous>._ZoneDelegate.invoke (node_modules/zone.js/bundles/zone.umd.js:410:56)
      at Zone.Object.<anonymous>.Zone.run (node_modules/zone.js/bundles/zone.umd.js:165:47)
      at NgZone.run (node_modules/@angular/core/fesm2022/core.mjs:10934:28)
      at ComponentFixture.detectChanges (node_modules/@angular/core/fesm2022/testing.mjs:139:25)
      at src/app/funcionalidades/beneficiario-pedido/beneficiario-pedido-home/beneficiario-pedido-home.component.spec.ts:64:17
      at _ZoneDelegate.Object.<anonymous>._ZoneDelegate.invoke (node_modules/zone.js/bundles/zone.umd.js:411:30)
      at ProxyZoneSpec.Object.<anonymous>.ProxyZoneSpec.onInvoke (node_modules/zone.js/bundles/zone-testing.umd.js:300:43)
      at _ZoneDelegate.Object.<anonymous>._ZoneDelegate.invoke (node_modules/zone.js/bundles/zone.umd.js:410:56)
      at Zone.Object.<anonymous>.Zone.run (node_modules/zone.js/bundles/zone.umd.js:165:47)
      at Object.wrappedFunc (node_modules/zone.js/bundles/zone-testing.umd.js:789:34)

  ● BeneficiarioPedidoHomeComponent › novoPrazo deve navegar para rota de novo

    NG01203: No value accessor for form control name: 'somenteAtivos'. Find more at https://angular.io/errors/NG01203

    [0m [90m 62 |[39m         fixture [33m=[39m [33mTestBed[39m[33m.[39mcreateComponent([33mBeneficiarioPedidoHomeComponent[39m)[33m;[39m
     [90m 63 |[39m         component [33m=[39m fixture[33m.[39mcomponentInstance[33m;[39m
    [31m[1m>[22m[39m[90m 64 |[39m         fixture[33m.[39mdetectChanges()[33m;[39m
     [90m    |[39m                 [31m[1m^[22m[39m
     [90m 65 |[39m     })[33m;[39m
     [90m 66 |[39m
     [90m 67 |[39m     it([32m'deve criar o componente'[39m[33m,[39m () [33m=>[39m {[0m

      at _throwMissingValueAccessorError (node_modules/@angular/forms/fesm2022/forms.mjs:3162:11)
      at setUpControl (node_modules/@angular/forms/fesm2022/forms.mjs:2935:13)
      at _FormGroupDirective.addControl (node_modules/@angular/forms/fesm2022/forms.mjs:4782:9)
      at _FormControlName._setUpControl (node_modules/@angular/forms/fesm2022/forms.mjs:5370:43)
      at _FormControlName.ngOnChanges (node_modules/@angular/forms/fesm2022/forms.mjs:5315:18)
      at _FormControlName.rememberChangeHistoryAndInvokeOnChangesHook (node_modules/@angular/core/fesm2022/core.mjs:3032:14)
      at callHookInternal (node_modules/@angular/core/fesm2022/core.mjs:4024:14)
      at callHook (node_modules/@angular/core/fesm2022/core.mjs:4055:9)
      at callHooks (node_modules/@angular/core/fesm2022/core.mjs:4006:17)
      at executeInitAndCheckHooks (node_modules/@angular/core/fesm2022/core.mjs:3956:9)
      at refreshView (node_modules/@angular/core/fesm2022/core.mjs:13513:21)
      at detectChangesInView (node_modules/@angular/core/fesm2022/core.mjs:13663:9)
      at detectChangesInComponent (node_modules/@angular/core/fesm2022/core.mjs:13638:5)
      at detectChangesInChildComponents (node_modules/@angular/core/fesm2022/core.mjs:13676:9)
      at refreshView (node_modules/@angular/core/fesm2022/core.mjs:13548:13)
      at detectChangesInternal (node_modules/@angular/core/fesm2022/core.mjs:13437:9)
      at RootViewRef.detectChanges (node_modules/@angular/core/fesm2022/core.mjs:13954:9)
      at ComponentFixture._tick (node_modules/@angular/core/fesm2022/testing.mjs:127:32)
      at node_modules/@angular/core/fesm2022/testing.mjs:140:22
      at _ZoneDelegate.Object.<anonymous>._ZoneDelegate.invoke (node_modules/zone.js/bundles/zone.umd.js:411:30)
      at ProxyZoneSpec.Object.<anonymous>.ProxyZoneSpec.onInvoke (node_modules/zone.js/bundles/zone-testing.umd.js:300:43)
      at _ZoneDelegate.Object.<anonymous>._ZoneDelegate.invoke (node_modules/zone.js/bundles/zone.umd.js:410:56)
      at Object.onInvoke (node_modules/@angular/core/fesm2022/core.mjs:11083:33)
      at _ZoneDelegate.Object.<anonymous>._ZoneDelegate.invoke (node_modules/zone.js/bundles/zone.umd.js:410:56)
      at Zone.Object.<anonymous>.Zone.run (node_modules/zone.js/bundles/zone.umd.js:165:47)
      at NgZone.run (node_modules/@angular/core/fesm2022/core.mjs:10934:28)
      at ComponentFixture.detectChanges (node_modules/@angular/core/fesm2022/testing.mjs:139:25)
      at src/app/funcionalidades/beneficiario-pedido/beneficiario-pedido-home/beneficiario-pedido-home.component.spec.ts:64:17
      at _ZoneDelegate.Object.<anonymous>._ZoneDelegate.invoke (node_modules/zone.js/bundles/zone.umd.js:411:30)
      at ProxyZoneSpec.Object.<anonymous>.ProxyZoneSpec.onInvoke (node_modules/zone.js/bundles/zone-testing.umd.js:300:43)
      at _ZoneDelegate.Object.<anonymous>._ZoneDelegate.invoke (node_modules/zone.js/bundles/zone.umd.js:410:56)
      at Zone.Object.<anonymous>.Zone.run (node_modules/zone.js/bundles/zone.umd.js:165:47)
      at Object.wrappedFunc (node_modules/zone.js/bundles/zone-testing.umd.js:789:34)

  ● BeneficiarioPedidoHomeComponent › voltar deve chamar location.back

    NG01203: No value accessor for form control name: 'somenteAtivos'. Find more at https://angular.io/errors/NG01203

    [0m [90m 62 |[39m         fixture [33m=[39m [33mTestBed[39m[33m.[39mcreateComponent([33mBeneficiarioPedidoHomeComponent[39m)[33m;[39m
     [90m 63 |[39m         component [33m=[39m fixture[33m.[39mcomponentInstance[33m;[39m
    [31m[1m>[22m[39m[90m 64 |[39m         fixture[33m.[39mdetectChanges()[33m;[39m
     [90m    |[39m                 [31m[1m^[22m[39m
     [90m 65 |[39m     })[33m;[39m
     [90m 66 |[39m
     [90m 67 |[39m     it([32m'deve criar o componente'[39m[33m,[39m () [33m=>[39m {[0m

      at _throwMissingValueAccessorError (node_modules/@angular/forms/fesm2022/forms.mjs:3162:11)
      at setUpControl (node_modules/@angular/forms/fesm2022/forms.mjs:2935:13)
      at _FormGroupDirective.addControl (node_modules/@angular/forms/fesm2022/forms.mjs:4782:9)
      at _FormControlName._setUpControl (node_modules/@angular/forms/fesm2022/forms.mjs:5370:43)
      at _FormControlName.ngOnChanges (node_modules/@angular/forms/fesm2022/forms.mjs:5315:18)
      at _FormControlName.rememberChangeHistoryAndInvokeOnChangesHook (node_modules/@angular/core/fesm2022/core.mjs:3032:14)
      at callHookInternal (node_modules/@angular/core/fesm2022/core.mjs:4024:14)
      at callHook (node_modules/@angular/core/fesm2022/core.mjs:4055:9)
      at callHooks (node_modules/@angular/core/fesm2022/core.mjs:4006:17)
      at executeInitAndCheckHooks (node_modules/@angular/core/fesm2022/core.mjs:3956:9)
      at refreshView (node_modules/@angular/core/fesm2022/core.mjs:13513:21)
      at detectChangesInView (node_modules/@angular/core/fesm2022/core.mjs:13663:9)
      at detectChangesInComponent (node_modules/@angular/core/fesm2022/core.mjs:13638:5)
      at detectChangesInChildComponents (node_modules/@angular/core/fesm2022/core.mjs:13676:9)
      at refreshView (node_modules/@angular/core/fesm2022/core.mjs:13548:13)
      at detectChangesInternal (node_modules/@angular/core/fesm2022/core.mjs:13437:9)
      at RootViewRef.detectChanges (node_modules/@angular/core/fesm2022/core.mjs:13954:9)
      at ComponentFixture._tick (node_modules/@angular/core/fesm2022/testing.mjs:127:32)
      at node_modules/@angular/core/fesm2022/testing.mjs:140:22
      at _ZoneDelegate.Object.<anonymous>._ZoneDelegate.invoke (node_modules/zone.js/bundles/zone.umd.js:411:30)
      at ProxyZoneSpec.Object.<anonymous>.ProxyZoneSpec.onInvoke (node_modules/zone.js/bundles/zone-testing.umd.js:300:43)
      at _ZoneDelegate.Object.<anonymous>._ZoneDelegate.invoke (node_modules/zone.js/bundles/zone.umd.js:410:56)
      at Object.onInvoke (node_modules/@angular/core/fesm2022/core.mjs:11083:33)
      at _ZoneDelegate.Object.<anonymous>._ZoneDelegate.invoke (node_modules/zone.js/bundles/zone.umd.js:410:56)
      at Zone.Object.<anonymous>.Zone.run (node_modules/zone.js/bundles/zone.umd.js:165:47)
      at NgZone.run (node_modules/@angular/core/fesm2022/core.mjs:10934:28)
      at ComponentFixture.detectChanges (node_modules/@angular/core/fesm2022/testing.mjs:139:25)
      at src/app/funcionalidades/beneficiario-pedido/beneficiario-pedido-home/beneficiario-pedido-home.component.spec.ts:64:17
      at _ZoneDelegate.Object.<anonymous>._ZoneDelegate.invoke (node_modules/zone.js/bundles/zone.umd.js:411:30)
      at ProxyZoneSpec.Object.<anonymous>.ProxyZoneSpec.onInvoke (node_modules/zone.js/bundles/zone-testing.umd.js:300:43)
      at _ZoneDelegate.Object.<anonymous>._ZoneDelegate.invoke (node_modules/zone.js/bundles/zone.umd.js:410:56)
      at Zone.Object.<anonymous>.Zone.run (node_modules/zone.js/bundles/zone.umd.js:165:47)
      at Object.wrappedFunc (node_modules/zone.js/bundles/zone-testing.umd.js:789:34)

  ● BeneficiarioPedidoHomeComponent › limparCampos deve resetar o formulário

    NG01203: No value accessor for form control name: 'somenteAtivos'. Find more at https://angular.io/errors/NG01203

    [0m [90m 62 |[39m         fixture [33m=[39m [33mTestBed[39m[33m.[39mcreateComponent([33mBeneficiarioPedidoHomeComponent[39m)[33m;[39m
     [90m 63 |[39m         component [33m=[39m fixture[33m.[39mcomponentInstance[33m;[39m
    [31m[1m>[22m[39m[90m 64 |[39m         fixture[33m.[39mdetectChanges()[33m;[39m
     [90m    |[39m                 [31m[1m^[22m[39m
     [90m 65 |[39m     })[33m;[39m
     [90m 66 |[39m
     [90m 67 |[39m     it([32m'deve criar o componente'[39m[33m,[39m () [33m=>[39m {[0m

      at _throwMissingValueAccessorError (node_modules/@angular/forms/fesm2022/forms.mjs:3162:11)
      at setUpControl (node_modules/@angular/forms/fesm2022/forms.mjs:2935:13)
      at _FormGroupDirective.addControl (node_modules/@angular/forms/fesm2022/forms.mjs:4782:9)
      at _FormControlName._setUpControl (node_modules/@angular/forms/fesm2022/forms.mjs:5370:43)
      at _FormControlName.ngOnChanges (node_modules/@angular/forms/fesm2022/forms.mjs:5315:18)
      at _FormControlName.rememberChangeHistoryAndInvokeOnChangesHook (node_modules/@angular/core/fesm2022/core.mjs:3032:14)
      at callHookInternal (node_modules/@angular/core/fesm2022/core.mjs:4024:14)
      at callHook (node_modules/@angular/core/fesm2022/core.mjs:4055:9)
      at callHooks (node_modules/@angular/core/fesm2022/core.mjs:4006:17)
      at executeInitAndCheckHooks (node_modules/@angular/core/fesm2022/core.mjs:3956:9)
      at refreshView (node_modules/@angular/core/fesm2022/core.mjs:13513:21)
      at detectChangesInView (node_modules/@angular/core/fesm2022/core.mjs:13663:9)
      at detectChangesInComponent (node_modules/@angular/core/fesm2022/core.mjs:13638:5)
      at detectChangesInChildComponents (node_modules/@angular/core/fesm2022/core.mjs:13676:9)
      at refreshView (node_modules/@angular/core/fesm2022/core.mjs:13548:13)
      at detectChangesInternal (node_modules/@angular/core/fesm2022/core.mjs:13437:9)
      at RootViewRef.detectChanges (node_modules/@angular/core/fesm2022/core.mjs:13954:9)
      at ComponentFixture._tick (node_modules/@angular/core/fesm2022/testing.mjs:127:32)
      at node_modules/@angular/core/fesm2022/testing.mjs:140:22
      at _ZoneDelegate.Object.<anonymous>._ZoneDelegate.invoke (node_modules/zone.js/bundles/zone.umd.js:411:30)
      at ProxyZoneSpec.Object.<anonymous>.ProxyZoneSpec.onInvoke (node_modules/zone.js/bundles/zone-testing.umd.js:300:43)
      at _ZoneDelegate.Object.<anonymous>._ZoneDelegate.invoke (node_modules/zone.js/bundles/zone.umd.js:410:56)
      at Object.onInvoke (node_modules/@angular/core/fesm2022/core.mjs:11083:33)
      at _ZoneDelegate.Object.<anonymous>._ZoneDelegate.invoke (node_modules/zone.js/bundles/zone.umd.js:410:56)
      at Zone.Object.<anonymous>.Zone.run (node_modules/zone.js/bundles/zone.umd.js:165:47)
      at NgZone.run (node_modules/@angular/core/fesm2022/core.mjs:10934:28)
      at ComponentFixture.detectChanges (node_modules/@angular/core/fesm2022/testing.mjs:139:25)
      at src/app/funcionalidades/beneficiario-pedido/beneficiario-pedido-home/beneficiario-pedido-home.component.spec.ts:64:17
      at _ZoneDelegate.Object.<anonymous>._ZoneDelegate.invoke (node_modules/zone.js/bundles/zone.umd.js:411:30)
      at ProxyZoneSpec.Object.<anonymous>.ProxyZoneSpec.onInvoke (node_modules/zone.js/bundles/zone-testing.umd.js:300:43)
      at _ZoneDelegate.Object.<anonymous>._ZoneDelegate.invoke (node_modules/zone.js/bundles/zone.umd.js:410:56)
      at Zone.Object.<anonymous>.Zone.run (node_modules/zone.js/bundles/zone.umd.js:165:47)
      at Object.wrappedFunc (node_modules/zone.js/bundles/zone-testing.umd.js:789:34)

  ● BeneficiarioPedidoHomeComponent › limparCampos deve marcar formulário como pristine

    NG01203: No value accessor for form control name: 'somenteAtivos'. Find more at https://angular.io/errors/NG01203

    [0m [90m 62 |[39m         fixture [33m=[39m [33mTestBed[39m[33m.[39mcreateComponent([33mBeneficiarioPedidoHomeComponent[39m)[33m;[39m
     [90m 63 |[39m         component [33m=[39m fixture[33m.[39mcomponentInstance[33m;[39m
    [31m[1m>[22m[39m[90m 64 |[39m         fixture[33m.[39mdetectChanges()[33m;[39m
     [90m    |[39m                 [31m[1m^[22m[39m
     [90m 65 |[39m     })[33m;[39m
     [90m 66 |[39m
     [90m 67 |[39m     it([32m'deve criar o componente'[39m[33m,[39m () [33m=>[39m {[0m

      at _throwMissingValueAccessorError (node_modules/@angular/forms/fesm2022/forms.mjs:3162:11)
      at setUpControl (node_modules/@angular/forms/fesm2022/forms.mjs:2935:13)
      at _FormGroupDirective.addControl (node_modules/@angular/forms/fesm2022/forms.mjs:4782:9)
      at _FormControlName._setUpControl (node_modules/@angular/forms/fesm2022/forms.mjs:5370:43)
      at _FormControlName.ngOnChanges (node_modules/@angular/forms/fesm2022/forms.mjs:5315:18)
      at _FormControlName.rememberChangeHistoryAndInvokeOnChangesHook (node_modules/@angular/core/fesm2022/core.mjs:3032:14)
      at callHookInternal (node_modules/@angular/core/fesm2022/core.mjs:4024:14)
      at callHook (node_modules/@angular/core/fesm2022/core.mjs:4055:9)
      at callHooks (node_modules/@angular/core/fesm2022/core.mjs:4006:17)
      at executeInitAndCheckHooks (node_modules/@angular/core/fesm2022/core.mjs:3956:9)
      at refreshView (node_modules/@angular/core/fesm2022/core.mjs:13513:21)
      at detectChangesInView (node_modules/@angular/core/fesm2022/core.mjs:13663:9)
      at detectChangesInComponent (node_modules/@angular/core/fesm2022/core.mjs:13638:5)
      at detectChangesInChildComponents (node_modules/@angular/core/fesm2022/core.mjs:13676:9)
      at refreshView (node_modules/@angular/core/fesm2022/core.mjs:13548:13)
      at detectChangesInternal (node_modules/@angular/core/fesm2022/core.mjs:13437:9)
      at RootViewRef.detectChanges (node_modules/@angular/core/fesm2022/core.mjs:13954:9)
      at ComponentFixture._tick (node_modules/@angular/core/fesm2022/testing.mjs:127:32)
      at node_modules/@angular/core/fesm2022/testing.mjs:140:22
      at _ZoneDelegate.Object.<anonymous>._ZoneDelegate.invoke (node_modules/zone.js/bundles/zone.umd.js:411:30)
      at ProxyZoneSpec.Object.<anonymous>.ProxyZoneSpec.onInvoke (node_modules/zone.js/bundles/zone-testing.umd.js:300:43)
      at _ZoneDelegate.Object.<anonymous>._ZoneDelegate.invoke (node_modules/zone.js/bundles/zone.umd.js:410:56)
      at Object.onInvoke (node_modules/@angular/core/fesm2022/core.mjs:11083:33)
      at _ZoneDelegate.Object.<anonymous>._ZoneDelegate.invoke (node_modules/zone.js/bundles/zone.umd.js:410:56)
      at Zone.Object.<anonymous>.Zone.run (node_modules/zone.js/bundles/zone.umd.js:165:47)
      at NgZone.run (node_modules/@angular/core/fesm2022/core.mjs:10934:28)
      at ComponentFixture.detectChanges (node_modules/@angular/core/fesm2022/testing.mjs:139:25)
      at src/app/funcionalidades/beneficiario-pedido/beneficiario-pedido-home/beneficiario-pedido-home.component.spec.ts:64:17
      at _ZoneDelegate.Object.<anonymous>._ZoneDelegate.invoke (node_modules/zone.js/bundles/zone.umd.js:411:30)
      at ProxyZoneSpec.Object.<anonymous>.ProxyZoneSpec.onInvoke (node_modules/zone.js/bundles/zone-testing.umd.js:300:43)
      at _ZoneDelegate.Object.<anonymous>._ZoneDelegate.invoke (node_modules/zone.js/bundles/zone.umd.js:410:56)
      at Zone.Object.<anonymous>.Zone.run (node_modules/zone.js/bundles/zone.umd.js:165:47)
      at Object.wrappedFunc (node_modules/zone.js/bundles/zone-testing.umd.js:789:34)

  ● BeneficiarioPedidoHomeComponent › limparCampos deve marcar formulário como untouched

    NG01203: No value accessor for form control name: 'somenteAtivos'. Find more at https://angular.io/errors/NG01203

    [0m [90m 62 |[39m         fixture [33m=[39m [33mTestBed[39m[33m.[39mcreateComponent([33mBeneficiarioPedidoHomeComponent[39m)[33m;[39m
     [90m 63 |[39m         component [33m=[39m fixture[33m.[39mcomponentInstance[33m;[39m
    [31m[1m>[22m[39m[90m 64 |[39m         fixture[33m.[39mdetectChanges()[33m;[39m
     [90m    |[39m                 [31m[1m^[22m[39m
     [90m 65 |[39m     })[33m;[39m
     [90m 66 |[39m
     [90m 67 |[39m     it([32m'deve criar o componente'[39m[33m,[39m () [33m=>[39m {[0m

      at _throwMissingValueAccessorError (node_modules/@angular/forms/fesm2022/forms.mjs:3162:11)
      at setUpControl (node_modules/@angular/forms/fesm2022/forms.mjs:2935:13)
      at _FormGroupDirective.addControl (node_modules/@angular/forms/fesm2022/forms.mjs:4782:9)
      at _FormControlName._setUpControl (node_modules/@angular/forms/fesm2022/forms.mjs:5370:43)
      at _FormControlName.ngOnChanges (node_modules/@angular/forms/fesm2022/forms.mjs:5315:18)
      at _FormControlName.rememberChangeHistoryAndInvokeOnChangesHook (node_modules/@angular/core/fesm2022/core.mjs:3032:14)
      at callHookInternal (node_modules/@angular/core/fesm2022/core.mjs:4024:14)
      at callHook (node_modules/@angular/core/fesm2022/core.mjs:4055:9)
      at callHooks (node_modules/@angular/core/fesm2022/core.mjs:4006:17)
      at executeInitAndCheckHooks (node_modules/@angular/core/fesm2022/core.mjs:3956:9)
      at refreshView (node_modules/@angular/core/fesm2022/core.mjs:13513:21)
      at detectChangesInView (node_modules/@angular/core/fesm2022/core.mjs:13663:9)
      at detectChangesInComponent (node_modules/@angular/core/fesm2022/core.mjs:13638:5)
      at detectChangesInChildComponents (node_modules/@angular/core/fesm2022/core.mjs:13676:9)
      at refreshView (node_modules/@angular/core/fesm2022/core.mjs:13548:13)
      at detectChangesInternal (node_modules/@angular/core/fesm2022/core.mjs:13437:9)
      at RootViewRef.detectChanges (node_modules/@angular/core/fesm2022/core.mjs:13954:9)
      at ComponentFixture._tick (node_modules/@angular/core/fesm2022/testing.mjs:127:32)
      at node_modules/@angular/core/fesm2022/testing.mjs:140:22
      at _ZoneDelegate.Object.<anonymous>._ZoneDelegate.invoke (node_modules/zone.js/bundles/zone.umd.js:411:30)
      at ProxyZoneSpec.Object.<anonymous>.ProxyZoneSpec.onInvoke (node_modules/zone.js/bundles/zone-testing.umd.js:300:43)
      at _ZoneDelegate.Object.<anonymous>._ZoneDelegate.invoke (node_modules/zone.js/bundles/zone.umd.js:410:56)
      at Object.onInvoke (node_modules/@angular/core/fesm2022/core.mjs:11083:33)
      at _ZoneDelegate.Object.<anonymous>._ZoneDelegate.invoke (node_modules/zone.js/bundles/zone.umd.js:410:56)
      at Zone.Object.<anonymous>.Zone.run (node_modules/zone.js/bundles/zone.umd.js:165:47)
      at NgZone.run (node_modules/@angular/core/fesm2022/core.mjs:10934:28)
      at ComponentFixture.detectChanges (node_modules/@angular/core/fesm2022/testing.mjs:139:25)
      at src/app/funcionalidades/beneficiario-pedido/beneficiario-pedido-home/beneficiario-pedido-home.component.spec.ts:64:17
      at _ZoneDelegate.Object.<anonymous>._ZoneDelegate.invoke (node_modules/zone.js/bundles/zone.umd.js:411:30)
      at ProxyZoneSpec.Object.<anonymous>.ProxyZoneSpec.onInvoke (node_modules/zone.js/bundles/zone-testing.umd.js:300:43)
      at _ZoneDelegate.Object.<anonymous>._ZoneDelegate.invoke (node_modules/zone.js/bundles/zone.umd.js:410:56)
      at Zone.Object.<anonymous>.Zone.run (node_modules/zone.js/bundles/zone.umd.js:165:47)
      at Object.wrappedFunc (node_modules/zone.js/bundles/zone-testing.umd.js:789:34)

  ● BeneficiarioPedidoHomeComponent › onChangeInativo deve existir como método

    NG01203: No value accessor for form control name: 'somenteAtivos'. Find more at https://angular.io/errors/NG01203

    [0m [90m 62 |[39m         fixture [33m=[39m [33mTestBed[39m[33m.[39mcreateComponent([33mBeneficiarioPedidoHomeComponent[39m)[33m;[39m
     [90m 63 |[39m         component [33m=[39m fixture[33m.[39mcomponentInstance[33m;[39m
    [31m[1m>[22m[39m[90m 64 |[39m         fixture[33m.[39mdetectChanges()[33m;[39m
     [90m    |[39m                 [31m[1m^[22m[39m
     [90m 65 |[39m     })[33m;[39m
     [90m 66 |[39m
     [90m 67 |[39m     it([32m'deve criar o componente'[39m[33m,[39m () [33m=>[39m {[0m

      at _throwMissingValueAccessorError (node_modules/@angular/forms/fesm2022/forms.mjs:3162:11)
      at setUpControl (node_modules/@angular/forms/fesm2022/forms.mjs:2935:13)
      at _FormGroupDirective.addControl (node_modules/@angular/forms/fesm2022/forms.mjs:4782:9)
      at _FormControlName._setUpControl (node_modules/@angular/forms/fesm2022/forms.mjs:5370:43)
      at _FormControlName.ngOnChanges (node_modules/@angular/forms/fesm2022/forms.mjs:5315:18)
      at _FormControlName.rememberChangeHistoryAndInvokeOnChangesHook (node_modules/@angular/core/fesm2022/core.mjs:3032:14)
      at callHookInternal (node_modules/@angular/core/fesm2022/core.mjs:4024:14)
      at callHook (node_modules/@angular/core/fesm2022/core.mjs:4055:9)
      at callHooks (node_modules/@angular/core/fesm2022/core.mjs:4006:17)
      at executeInitAndCheckHooks (node_modules/@angular/core/fesm2022/core.mjs:3956:9)
      at refreshView (node_modules/@angular/core/fesm2022/core.mjs:13513:21)
      at detectChangesInView (node_modules/@angular/core/fesm2022/core.mjs:13663:9)
      at detectChangesInComponent (node_modules/@angular/core/fesm2022/core.mjs:13638:5)
      at detectChangesInChildComponents (node_modules/@angular/core/fesm2022/core.mjs:13676:9)
      at refreshView (node_modules/@angular/core/fesm2022/core.mjs:13548:13)
      at detectChangesInternal (node_modules/@angular/core/fesm2022/core.mjs:13437:9)
      at RootViewRef.detectChanges (node_modules/@angular/core/fesm2022/core.mjs:13954:9)
      at ComponentFixture._tick (node_modules/@angular/core/fesm2022/testing.mjs:127:32)
      at node_modules/@angular/core/fesm2022/testing.mjs:140:22
      at _ZoneDelegate.Object.<anonymous>._ZoneDelegate.invoke (node_modules/zone.js/bundles/zone.umd.js:411:30)
      at ProxyZoneSpec.Object.<anonymous>.ProxyZoneSpec.onInvoke (node_modules/zone.js/bundles/zone-testing.umd.js:300:43)
      at _ZoneDelegate.Object.<anonymous>._ZoneDelegate.invoke (node_modules/zone.js/bundles/zone.umd.js:410:56)
      at Object.onInvoke (node_modules/@angular/core/fesm2022/core.mjs:11083:33)
      at _ZoneDelegate.Object.<anonymous>._ZoneDelegate.invoke (node_modules/zone.js/bundles/zone.umd.js:410:56)
      at Zone.Object.<anonymous>.Zone.run (node_modules/zone.js/bundles/zone.umd.js:165:47)
      at NgZone.run (node_modules/@angular/core/fesm2022/core.mjs:10934:28)
      at ComponentFixture.detectChanges (node_modules/@angular/core/fesm2022/testing.mjs:139:25)
      at src/app/funcionalidades/beneficiario-pedido/beneficiario-pedido-home/beneficiario-pedido-home.component.spec.ts:64:17
      at _ZoneDelegate.Object.<anonymous>._ZoneDelegate.invoke (node_modules/zone.js/bundles/zone.umd.js:411:30)
      at ProxyZoneSpec.Object.<anonymous>.ProxyZoneSpec.onInvoke (node_modules/zone.js/bundles/zone-testing.umd.js:300:43)
      at _ZoneDelegate.Object.<anonymous>._ZoneDelegate.invoke (node_modules/zone.js/bundles/zone.umd.js:410:56)
      at Zone.Object.<anonymous>.Zone.run (node_modules/zone.js/bundles/zone.umd.js:165:47)
      at Object.wrappedFunc (node_modules/zone.js/bundles/zone-testing.umd.js:789:34)

  ● BeneficiarioPedidoHomeComponent › onChangeInativo deve executar sem erros

    NG01203: No value accessor for form control name: 'somenteAtivos'. Find more at https://angular.io/errors/NG01203

    [0m [90m 62 |[39m         fixture [33m=[39m [33mTestBed[39m[33m.[39mcreateComponent([33mBeneficiarioPedidoHomeComponent[39m)[33m;[39m
     [90m 63 |[39m         component [33m=[39m fixture[33m.[39mcomponentInstance[33m;[39m
    [31m[1m>[22m[39m[90m 64 |[39m         fixture[33m.[39mdetectChanges()[33m;[39m
     [90m    |[39m                 [31m[1m^[22m[39m
     [90m 65 |[39m     })[33m;[39m
     [90m 66 |[39m
     [90m 67 |[39m     it([32m'deve criar o componente'[39m[33m,[39m () [33m=>[39m {[0m

      at _throwMissingValueAccessorError (node_modules/@angular/forms/fesm2022/forms.mjs:3162:11)
      at setUpControl (node_modules/@angular/forms/fesm2022/forms.mjs:2935:13)
      at _FormGroupDirective.addControl (node_modules/@angular/forms/fesm2022/forms.mjs:4782:9)
      at _FormControlName._setUpControl (node_modules/@angular/forms/fesm2022/forms.mjs:5370:43)
      at _FormControlName.ngOnChanges (node_modules/@angular/forms/fesm2022/forms.mjs:5315:18)
      at _FormControlName.rememberChangeHistoryAndInvokeOnChangesHook (node_modules/@angular/core/fesm2022/core.mjs:3032:14)
      at callHookInternal (node_modules/@angular/core/fesm2022/core.mjs:4024:14)
      at callHook (node_modules/@angular/core/fesm2022/core.mjs:4055:9)
      at callHooks (node_modules/@angular/core/fesm2022/core.mjs:4006:17)
      at executeInitAndCheckHooks (node_modules/@angular/core/fesm2022/core.mjs:3956:9)
      at refreshView (node_modules/@angular/core/fesm2022/core.mjs:13513:21)
      at detectChangesInView (node_modules/@angular/core/fesm2022/core.mjs:13663:9)
      at detectChangesInComponent (node_modules/@angular/core/fesm2022/core.mjs:13638:5)
      at detectChangesInChildComponents (node_modules/@angular/core/fesm2022/core.mjs:13676:9)
      at refreshView (node_modules/@angular/core/fesm2022/core.mjs:13548:13)
      at detectChangesInternal (node_modules/@angular/core/fesm2022/core.mjs:13437:9)
      at RootViewRef.detectChanges (node_modules/@angular/core/fesm2022/core.mjs:13954:9)
      at ComponentFixture._tick (node_modules/@angular/core/fesm2022/testing.mjs:127:32)
      at node_modules/@angular/core/fesm2022/testing.mjs:140:22
      at _ZoneDelegate.Object.<anonymous>._ZoneDelegate.invoke (node_modules/zone.js/bundles/zone.umd.js:411:30)
      at ProxyZoneSpec.Object.<anonymous>.ProxyZoneSpec.onInvoke (node_modules/zone.js/bundles/zone-testing.umd.js:300:43)
      at _ZoneDelegate.Object.<anonymous>._ZoneDelegate.invoke (node_modules/zone.js/bundles/zone.umd.js:410:56)
      at Object.onInvoke (node_modules/@angular/core/fesm2022/core.mjs:11083:33)
      at _ZoneDelegate.Object.<anonymous>._ZoneDelegate.invoke (node_modules/zone.js/bundles/zone.umd.js:410:56)
      at Zone.Object.<anonymous>.Zone.run (node_modules/zone.js/bundles/zone.umd.js:165:47)
      at NgZone.run (node_modules/@angular/core/fesm2022/core.mjs:10934:28)
      at ComponentFixture.detectChanges (node_modules/@angular/core/fesm2022/testing.mjs:139:25)
      at src/app/funcionalidades/beneficiario-pedido/beneficiario-pedido-home/beneficiario-pedido-home.component.spec.ts:64:17
      at _ZoneDelegate.Object.<anonymous>._ZoneDelegate.invoke (node_modules/zone.js/bundles/zone.umd.js:411:30)
      at ProxyZoneSpec.Object.<anonymous>.ProxyZoneSpec.onInvoke (node_modules/zone.js/bundles/zone-testing.umd.js:300:43)
      at _ZoneDelegate.Object.<anonymous>._ZoneDelegate.invoke (node_modules/zone.js/bundles/zone.umd.js:410:56)
      at Zone.Object.<anonymous>.Zone.run (node_modules/zone.js/bundles/zone.umd.js:165:47)
      at Object.wrappedFunc (node_modules/zone.js/bundles/zone-testing.umd.js:789:34)

  ● BeneficiarioPedidoHomeComponent › pesquisar deve navegar com queryParams quando não há filtros

    NG01203: No value accessor for form control name: 'somenteAtivos'. Find more at https://angular.io/errors/NG01203

    [0m [90m 62 |[39m         fixture [33m=[39m [33mTestBed[39m[33m.[39mcreateComponent([33mBeneficiarioPedidoHomeComponent[39m)[33m;[39m
     [90m 63 |[39m         component [33m=[39m fixture[33m.[39mcomponentInstance[33m;[39m
    [31m[1m>[22m[39m[90m 64 |[39m         fixture[33m.[39mdetectChanges()[33m;[39m
     [90m    |[39m                 [31m[1m^[22m[39m
     [90m 65 |[39m     })[33m;[39m
     [90m 66 |[39m
     [90m 67 |[39m     it([32m'deve criar o componente'[39m[33m,[39m () [33m=>[39m {[0m

      at _throwMissingValueAccessorError (node_modules/@angular/forms/fesm2022/forms.mjs:3162:11)
      at setUpControl (node_modules/@angular/forms/fesm2022/forms.mjs:2935:13)
      at _FormGroupDirective.addControl (node_modules/@angular/forms/fesm2022/forms.mjs:4782:9)
      at _FormControlName._setUpControl (node_modules/@angular/forms/fesm2022/forms.mjs:5370:43)
      at _FormControlName.ngOnChanges (node_modules/@angular/forms/fesm2022/forms.mjs:5315:18)
      at _FormControlName.rememberChangeHistoryAndInvokeOnChangesHook (node_modules/@angular/core/fesm2022/core.mjs:3032:14)
      at callHookInternal (node_modules/@angular/core/fesm2022/core.mjs:4024:14)
      at callHook (node_modules/@angular/core/fesm2022/core.mjs:4055:9)
      at callHooks (node_modules/@angular/core/fesm2022/core.mjs:4006:17)
      at executeInitAndCheckHooks (node_modules/@angular/core/fesm2022/core.mjs:3956:9)
      at refreshView (node_modules/@angular/core/fesm2022/core.mjs:13513:21)
      at detectChangesInView (node_modules/@angular/core/fesm2022/core.mjs:13663:9)
      at detectChangesInComponent (node_modules/@angular/core/fesm2022/core.mjs:13638:5)
      at detectChangesInChildComponents (node_modules/@angular/core/fesm2022/core.mjs:13676:9)
      at refreshView (node_modules/@angular/core/fesm2022/core.mjs:13548:13)
      at detectChangesInternal (node_modules/@angular/core/fesm2022/core.mjs:13437:9)
      at RootViewRef.detectChanges (node_modules/@angular/core/fesm2022/core.mjs:13954:9)
      at ComponentFixture._tick (node_modules/@angular/core/fesm2022/testing.mjs:127:32)
      at node_modules/@angular/core/fesm2022/testing.mjs:140:22
      at _ZoneDelegate.Object.<anonymous>._ZoneDelegate.invoke (node_modules/zone.js/bundles/zone.umd.js:411:30)
      at ProxyZoneSpec.Object.<anonymous>.ProxyZoneSpec.onInvoke (node_modules/zone.js/bundles/zone-testing.umd.js:300:43)
      at _ZoneDelegate.Object.<anonymous>._ZoneDelegate.invoke (node_modules/zone.js/bundles/zone.umd.js:410:56)
      at Object.onInvoke (node_modules/@angular/core/fesm2022/core.mjs:11083:33)
      at _ZoneDelegate.Object.<anonymous>._ZoneDelegate.invoke (node_modules/zone.js/bundles/zone.umd.js:410:56)
      at Zone.Object.<anonymous>.Zone.run (node_modules/zone.js/bundles/zone.umd.js:165:47)
      at NgZone.run (node_modules/@angular/core/fesm2022/core.mjs:10934:28)
      at ComponentFixture.detectChanges (node_modules/@angular/core/fesm2022/testing.mjs:139:25)
      at src/app/funcionalidades/beneficiario-pedido/beneficiario-pedido-home/beneficiario-pedido-home.component.spec.ts:64:17
      at _ZoneDelegate.Object.<anonymous>._ZoneDelegate.invoke (node_modules/zone.js/bundles/zone.umd.js:411:30)
      at ProxyZoneSpec.Object.<anonymous>.ProxyZoneSpec.onInvoke (node_modules/zone.js/bundles/zone-testing.umd.js:300:43)
      at _ZoneDelegate.Object.<anonymous>._ZoneDelegate.invoke (node_modules/zone.js/bundles/zone.umd.js:410:56)
      at Zone.Object.<anonymous>.Zone.run (node_modules/zone.js/bundles/zone.umd.js:165:47)
      at Object.wrappedFunc (node_modules/zone.js/bundles/zone-testing.umd.js:789:34)

  ● BeneficiarioPedidoHomeComponent › formulário deve ter estrutura correta

    NG01203: No value accessor for form control name: 'somenteAtivos'. Find more at https://angular.io/errors/NG01203

    [0m [90m 62 |[39m         fixture [33m=[39m [33mTestBed[39m[33m.[39mcreateComponent([33mBeneficiarioPedidoHomeComponent[39m)[33m;[39m
     [90m 63 |[39m         component [33m=[39m fixture[33m.[39mcomponentInstance[33m;[39m
    [31m[1m>[22m[39m[90m 64 |[39m         fixture[33m.[39mdetectChanges()[33m;[39m
     [90m    |[39m                 [31m[1m^[22m[39m
     [90m 65 |[39m     })[33m;[39m
     [90m 66 |[39m
     [90m 67 |[39m     it([32m'deve criar o componente'[39m[33m,[39m () [33m=>[39m {[0m

      at _throwMissingValueAccessorError (node_modules/@angular/forms/fesm2022/forms.mjs:3162:11)
      at setUpControl (node_modules/@angular/forms/fesm2022/forms.mjs:2935:13)
      at _FormGroupDirective.addControl (node_modules/@angular/forms/fesm2022/forms.mjs:4782:9)
      at _FormControlName._setUpControl (node_modules/@angular/forms/fesm2022/forms.mjs:5370:43)
      at _FormControlName.ngOnChanges (node_modules/@angular/forms/fesm2022/forms.mjs:5315:18)
      at _FormControlName.rememberChangeHistoryAndInvokeOnChangesHook (node_modules/@angular/core/fesm2022/core.mjs:3032:14)
      at callHookInternal (node_modules/@angular/core/fesm2022/core.mjs:4024:14)
      at callHook (node_modules/@angular/core/fesm2022/core.mjs:4055:9)
      at callHooks (node_modules/@angular/core/fesm2022/core.mjs:4006:17)
      at executeInitAndCheckHooks (node_modules/@angular/core/fesm2022/core.mjs:3956:9)
      at refreshView (node_modules/@angular/core/fesm2022/core.mjs:13513:21)
      at detectChangesInView (node_modules/@angular/core/fesm2022/core.mjs:13663:9)
      at detectChangesInComponent (node_modules/@angular/core/fesm2022/core.mjs:13638:5)
      at detectChangesInChildComponents (node_modules/@angular/core/fesm2022/core.mjs:13676:9)
      at refreshView (node_modules/@angular/core/fesm2022/core.mjs:13548:13)
      at detectChangesInternal (node_modules/@angular/core/fesm2022/core.mjs:13437:9)
      at RootViewRef.detectChanges (node_modules/@angular/core/fesm2022/core.mjs:13954:9)
      at ComponentFixture._tick (node_modules/@angular/core/fesm2022/testing.mjs:127:32)
      at node_modules/@angular/core/fesm2022/testing.mjs:140:22
      at _ZoneDelegate.Object.<anonymous>._ZoneDelegate.invoke (node_modules/zone.js/bundles/zone.umd.js:411:30)
      at ProxyZoneSpec.Object.<anonymous>.ProxyZoneSpec.onInvoke (node_modules/zone.js/bundles/zone-testing.umd.js:300:43)
      at _ZoneDelegate.Object.<anonymous>._ZoneDelegate.invoke (node_modules/zone.js/bundles/zone.umd.js:410:56)
      at Object.onInvoke (node_modules/@angular/core/fesm2022/core.mjs:11083:33)
      at _ZoneDelegate.Object.<anonymous>._ZoneDelegate.invoke (node_modules/zone.js/bundles/zone.umd.js:410:56)
      at Zone.Object.<anonymous>.Zone.run (node_modules/zone.js/bundles/zone.umd.js:165:47)
      at NgZone.run (node_modules/@angular/core/fesm2022/core.mjs:10934:28)
      at ComponentFixture.detectChanges (node_modules/@angular/core/fesm2022/testing.mjs:139:25)
      at src/app/funcionalidades/beneficiario-pedido/beneficiario-pedido-home/beneficiario-pedido-home.component.spec.ts:64:17
      at _ZoneDelegate.Object.<anonymous>._ZoneDelegate.invoke (node_modules/zone.js/bundles/zone.umd.js:411:30)
      at ProxyZoneSpec.Object.<anonymous>.ProxyZoneSpec.onInvoke (node_modules/zone.js/bundles/zone-testing.umd.js:300:43)
      at _ZoneDelegate.Object.<anonymous>._ZoneDelegate.invoke (node_modules/zone.js/bundles/zone.umd.js:410:56)
      at Zone.Object.<anonymous>.Zone.run (node_modules/zone.js/bundles/zone.umd.js:165:47)
      at Object.wrappedFunc (node_modules/zone.js/bundles/zone-testing.umd.js:789:34)

FAIL src/app/funcionalidades/perfil-usuario-externo/perfil-usuario-externo-home/perfil-usuario-externo-home.component.spec.ts (5.632 s)
  ● PerfilUsuarioExternoHomeComponent › deve pesquisar perfis usuarios

    expect(received).toEqual(expected) // deep equality

    - Expected  - 0
    + Received  + 4

      Object {
        "codigoPerfil": "ASC001",
        "cpf": "12345678900",
    +   "dataLimiteFinal": "",
    +   "dataLimiteInicial": "",
    +   "empresa": "",
    +   "idTipoAuditor": "",
      }

    [0m [90m 165 |[39m     component[33m.[39mpesquisarPerfisUsuarios()[33m;[39m
     [90m 166 |[39m
    [31m[1m>[22m[39m[90m 167 |[39m     expect(data[33m.[39mstorage[33m.[39mfiltroPerfilUsuarioEmpresa)[33m.[39mtoEqual(formValue)[33m;[39m
     [90m     |[39m                                                     [31m[1m^[22m[39m
     [90m 168 |[39m     expect(router[33m.[39mnavigateByUrl)[33m.[39mtoHaveBeenCalledWith([32m'seguranca/perfil-usuario-externo/busca'[39m)[33m;[39m
     [90m 169 |[39m   })[33m;[39m
     [90m 170 |[39m[0m

      at src/app/funcionalidades/perfil-usuario-externo/perfil-usuario-externo-home/perfil-usuario-externo-home.component.spec.ts:167:53
      at _ZoneDelegate.Object.<anonymous>._ZoneDelegate.invoke (node_modules/zone.js/bundles/zone.umd.js:411:30)
      at ProxyZoneSpec.Object.<anonymous>.ProxyZoneSpec.onInvoke (node_modules/zone.js/bundles/zone-testing.umd.js:300:43)
      at _ZoneDelegate.Object.<anonymous>._ZoneDelegate.invoke (node_modules/zone.js/bundles/zone.umd.js:410:56)
      at Zone.Object.<anonymous>.Zone.run (node_modules/zone.js/bundles/zone.umd.js:165:47)
      at Object.wrappedFunc (node_modules/zone.js/bundles/zone-testing.umd.js:789:34)

PASS src/app/shared/services/comum/validacao-documento-pedido.service.spec.ts
PASS src/app/shared/services/comum/file-upload.service.spec.ts
PASS src/app/shared/services/comum/exportacao/pdf/exportacao-pdf.service.spec.ts
FAIL src/app/funcionalidades/dependente/renovar/etapa-resumo-renovar/etapa-resumo-renovar.component.spec.ts (5.681 s)
  ● EtapaResumoRenovarComponent › deve criar o componente

    TypeError: Cannot read properties of null (reading 'matriculaFuncional')

    [0m [90m 47 |[39m     })[33m;[39m
     [90m 48 |[39m
    [31m[1m>[22m[39m[90m 49 |[39m     readonly matricula [33m=[39m [33mSessaoService[39m[33m.[39musuario[33m.[39mmatriculaFuncional[33m;[39m
     [90m    |[39m                                                [31m[1m^[22m[39m
     [90m 50 |[39m
     [90m 51 |[39m     constructor(
     [90m 52 |[39m         [36mprivate[39m readonly fileUploadService[33m:[39m [33mFileUploadService[39m[33m,[39m[0m

      at new EtapaResumoRenovarComponent (src/app/funcionalidades/dependente/renovar/etapa-resumo-renovar/etapa-resumo-renovar.component.ts:49:48)
      at NodeInjectorFactory.EtapaResumoRenovarComponent_Factory [as factory] (ng:\EtapaResumoRenovarComponent\ɵfac.js:5:10)
      at getNodeInjectable (node_modules/@angular/core/fesm2022/core.mjs:4862:44)
      at createRootComponent (node_modules/@angular/core/fesm2022/core.mjs:14273:35)
      at ComponentFactory.create (node_modules/@angular/core/fesm2022/core.mjs:14137:25)
      at initComponent (node_modules/@angular/core/fesm2022/testing.mjs:27492:51)
      at _ZoneDelegate.Object.<anonymous>._ZoneDelegate.invoke (node_modules/zone.js/bundles/zone.umd.js:411:30)
      at ProxyZoneSpec.Object.<anonymous>.ProxyZoneSpec.onInvoke (node_modules/zone.js/bundles/zone-testing.umd.js:300:43)
      at _ZoneDelegate.Object.<anonymous>._ZoneDelegate.invoke (node_modules/zone.js/bundles/zone.umd.js:410:56)
      at Object.onInvoke (node_modules/@angular/core/fesm2022/core.mjs:11083:33)
      at _ZoneDelegate.Object.<anonymous>._ZoneDelegate.invoke (node_modules/zone.js/bundles/zone.umd.js:410:56)
      at Zone.Object.<anonymous>.Zone.run (node_modules/zone.js/bundles/zone.umd.js:165:47)
      at NgZone.run (node_modules/@angular/core/fesm2022/core.mjs:10934:28)
      at _TestBedImpl.createComponent (node_modules/@angular/core/fesm2022/testing.mjs:27495:41)
      at Function.createComponent (node_modules/@angular/core/fesm2022/testing.mjs:27302:37)
      at src/app/funcionalidades/dependente/renovar/etapa-resumo-renovar/etapa-resumo-renovar.component.spec.ts:47:23
      at _ZoneDelegate.Object.<anonymous>._ZoneDelegate.invoke (node_modules/zone.js/bundles/zone.umd.js:411:30)
      at ProxyZoneSpec.Object.<anonymous>.ProxyZoneSpec.onInvoke (node_modules/zone.js/bundles/zone-testing.umd.js:300:43)
      at _ZoneDelegate.Object.<anonymous>._ZoneDelegate.invoke (node_modules/zone.js/bundles/zone.umd.js:410:56)
      at Zone.Object.<anonymous>.Zone.run (node_modules/zone.js/bundles/zone.umd.js:165:47)
      at Object.wrappedFunc (node_modules/zone.js/bundles/zone-testing.umd.js:789:34)

PASS src/app/shared/services/comum/exportacao.service.spec.ts
PASS src/app/shared/services/comum/estado-civil.service.spec.ts
PASS src/app/shared/services/comum/exportacao/xls/exportacao-xls.service.spec.ts
PASS src/app/shared/services/comum/exportacao/csv/exportacao-csv.service.spec.ts
FAIL src/app/arquitetura/seguranca/perfil/cadastro/perfil-cadastro.component.spec.ts (5.929 s)
  ● PerfilCadastroComponent › gravar deve alterar perfil existente com sucesso

    expect(jest.fn()).toHaveBeenCalledWith(...expected)

    - Expected
    + Received

      Object {
    -   "codigo": "TESTE_ALT",
    -   "descricao": "Teste Alterado",
    +   "codigo": "TESTE",
    +   "descricao": "Teste",
        "id": 1,
      },

    Number of calls: 1

    [0m [90m 220 |[39m         component[33m.[39mgravar()[33m;[39m
     [90m 221 |[39m
    [31m[1m>[22m[39m[90m 222 |[39m         expect(perfilService[33m.[39mput)[33m.[39mtoHaveBeenCalledWith(component[33m.[39mperfil)[33m;[39m
     [90m     |[39m                                   [31m[1m^[22m[39m
     [90m 223 |[39m         expect(component[33m.[39mperfil)[33m.[39mtoEqual(perfilAtualizado)[33m;[39m
     [90m 224 |[39m         expect(messageService[33m.[39maddMsgSuccess)[33m.[39mtoHaveBeenCalledWith([32m'Perfil alterado com sucesso.'[39m)[33m;[39m
     [90m 225 |[39m     })[33m;[39m[0m

      at src/app/arquitetura/seguranca/perfil/cadastro/perfil-cadastro.component.spec.ts:222:35
      at _ZoneDelegate.Object.<anonymous>._ZoneDelegate.invoke (node_modules/zone.js/bundles/zone.umd.js:411:30)
      at ProxyZoneSpec.Object.<anonymous>.ProxyZoneSpec.onInvoke (node_modules/zone.js/bundles/zone-testing.umd.js:300:43)
      at _ZoneDelegate.Object.<anonymous>._ZoneDelegate.invoke (node_modules/zone.js/bundles/zone.umd.js:410:56)
      at Zone.Object.<anonymous>.Zone.run (node_modules/zone.js/bundles/zone.umd.js:165:47)
      at Object.wrappedFunc (node_modules/zone.js/bundles/zone-testing.umd.js:789:34)

PASS src/app/shared/services/comum/procedimento-pedido.service.spec.ts
  ● Console

    console.log
      Procedimento pedido

      at ProcedimentoPedidoService.incluirOuAtualizarPedidoProcedimento (src/app/shared/services/comum/procedimento-pedido.service.ts:31:17)

    console.log
      {}

      at ProcedimentoPedidoService.incluirOuAtualizarPedidoProcedimento (src/app/shared/services/comum/procedimento-pedido.service.ts:32:17)

PASS src/app/funcionalidades/processos/inscricao-programas-medicamentos/resumo/resumo.component.spec.ts (5.867 s)
PASS src/app/shared/services/comum/combo.service.spec.ts
PASS src/app/shared/services/comum/credenciado.service.spec.ts
PASS src/app/shared/services/comum/reembolso.service.spec.ts
PASS src/app/shared/services/comum/categoria-beneficiario.service.spec.ts
PASS src/app/shared/services/comum/reembolso-ags.service.spec.ts
PASS src/app/shared/services/comum/reembolso-saude-caixa.service.spec.ts
  ● Console

    console.log
      /siasc-api/api/reembolso/getCoparticipacoes/12345678900/1/2023/1/12345

      at ReembolsoSaudeCaixaService.getCoparticipacoes (src/app/shared/services/comum/reembolso-saude-caixa.service.ts:62:17)

PASS src/app/shared/services/comum/conselho-profissional.service.spec.ts
PASS src/app/shared/services/comum/situacao-pedido-procedimento.service.spec.ts
PASS src/app/shared/services/comum/anexo.service.spec.ts
PASS src/app/shared/services/comum/atendimento.service.spec.ts
PASS src/app/shared/services/comum/siasc-fluxo.service.spec.ts
PASS src/app/shared/services/comum/motivo-negacao.service.spec.ts
PASS src/app/shared/services/comum/carater-solicitacao.service.spec.ts
PASS src/app/shared/services/comum/beneficiario-pedido.service.spec.ts
FAIL src/app/shared/components/asc-pedido/asc-dados-contato-card/asc-dados-contato-card.component.spec.ts (6.463 s)
  ● AscDadosContatoCardComponent › deve criar o componente

    NG0302: The pipe 'telefone' could not be found in the 'AscDadosContatoCardComponent' component. Verify that it is declared or imported in this module. Find more at https://angular.io/errors/NG0302

      at getPipeDef (node_modules/@angular/core/fesm2022/core.mjs:23660:15)
      at ɵɵpipe (node_modules/@angular/core/fesm2022/core.mjs:23601:19)
      at AscDadosContatoCardComponent_div_6_Template (ng:/AscDadosContatoCardComponent.js:11:5)
      at executeTemplate (node_modules/@angular/core/fesm2022/core.mjs:12003:13)
      at renderView (node_modules/@angular/core/fesm2022/core.mjs:13201:13)
      at createAndRenderEmbeddedLView (node_modules/@angular/core/fesm2022/core.mjs:23978:5)
      at TemplateRef2.createEmbeddedViewImpl (node_modules/@angular/core/fesm2022/core.mjs:24064:31)
      at ViewContainerRef2.createEmbeddedView (node_modules/@angular/core/fesm2022/core.mjs:24372:37)
      at _NgIf._updateView (node_modules/@angular/common/fesm2022/common.mjs:3376:45)
      at _NgIf.set ngIf [as ngIf] (node_modules/@angular/common/fesm2022/common.mjs:3349:14)
      at writeToDirectiveInput (node_modules/@angular/core/fesm2022/core.mjs:12889:33)
      at setInputsForProperty (node_modules/@angular/core/fesm2022/core.mjs:13123:9)
      at elementPropertyInternal (node_modules/@angular/core/fesm2022/core.mjs:12414:9)
      at ɵɵproperty (node_modules/@angular/core/fesm2022/core.mjs:16255:9)
      at AscDadosContatoCardComponent_Template (ng:/AscDadosContatoCardComponent.js:59:9)
      at executeTemplate (node_modules/@angular/core/fesm2022/core.mjs:12003:13)
      at refreshView (node_modules/@angular/core/fesm2022/core.mjs:13498:13)
      at detectChangesInView (node_modules/@angular/core/fesm2022/core.mjs:13663:9)
      at detectChangesInComponent (node_modules/@angular/core/fesm2022/core.mjs:13638:5)
      at detectChangesInChildComponents (node_modules/@angular/core/fesm2022/core.mjs:13676:9)
      at refreshView (node_modules/@angular/core/fesm2022/core.mjs:13548:13)
      at detectChangesInternal (node_modules/@angular/core/fesm2022/core.mjs:13437:9)
      at RootViewRef.detectChanges (node_modules/@angular/core/fesm2022/core.mjs:13954:9)
      at ComponentFixture._tick (node_modules/@angular/core/fesm2022/testing.mjs:127:32)
      at node_modules/@angular/core/fesm2022/testing.mjs:140:22
      at _ZoneDelegate.Object.<anonymous>._ZoneDelegate.invoke (node_modules/zone.js/bundles/zone.umd.js:411:30)
      at ProxyZoneSpec.Object.<anonymous>.ProxyZoneSpec.onInvoke (node_modules/zone.js/bundles/zone-testing.umd.js:300:43)
      at _ZoneDelegate.Object.<anonymous>._ZoneDelegate.invoke (node_modules/zone.js/bundles/zone.umd.js:410:56)
      at Object.onInvoke (node_modules/@angular/core/fesm2022/core.mjs:11083:33)
      at _ZoneDelegate.Object.<anonymous>._ZoneDelegate.invoke (node_modules/zone.js/bundles/zone.umd.js:410:56)
      at Zone.Object.<anonymous>.Zone.run (node_modules/zone.js/bundles/zone.umd.js:165:47)
      at NgZone.run (node_modules/@angular/core/fesm2022/core.mjs:10934:28)
      at ComponentFixture.detectChanges (node_modules/@angular/core/fesm2022/testing.mjs:139:25)
      at src/app/shared/components/asc-pedido/asc-dados-contato-card/asc-dados-contato-card.component.spec.ts:47:17
      at _ZoneDelegate.Object.<anonymous>._ZoneDelegate.invoke (node_modules/zone.js/bundles/zone.umd.js:411:30)
      at ProxyZoneSpec.Object.<anonymous>.ProxyZoneSpec.onInvoke (node_modules/zone.js/bundles/zone-testing.umd.js:300:43)
      at _ZoneDelegate.Object.<anonymous>._ZoneDelegate.invoke (node_modules/zone.js/bundles/zone.umd.js:410:56)
      at Zone.Object.<anonymous>.Zone.run (node_modules/zone.js/bundles/zone.umd.js:165:47)
      at Object.wrappedFunc (node_modules/zone.js/bundles/zone-testing.umd.js:789:34)

  ● AscDadosContatoCardComponent › deve inicializar modoEdicao como false

    NG0302: The pipe 'telefone' could not be found in the 'AscDadosContatoCardComponent' component. Verify that it is declared or imported in this module. Find more at https://angular.io/errors/NG0302

      at getPipeDef (node_modules/@angular/core/fesm2022/core.mjs:23660:15)
      at ɵɵpipe (node_modules/@angular/core/fesm2022/core.mjs:23601:19)
      at AscDadosContatoCardComponent_div_6_Template (ng:/AscDadosContatoCardComponent.js:11:5)
      at executeTemplate (node_modules/@angular/core/fesm2022/core.mjs:12003:13)
      at renderView (node_modules/@angular/core/fesm2022/core.mjs:13201:13)
      at createAndRenderEmbeddedLView (node_modules/@angular/core/fesm2022/core.mjs:23978:5)
      at TemplateRef2.createEmbeddedViewImpl (node_modules/@angular/core/fesm2022/core.mjs:24064:31)
      at ViewContainerRef2.createEmbeddedView (node_modules/@angular/core/fesm2022/core.mjs:24372:37)
      at _NgIf._updateView (node_modules/@angular/common/fesm2022/common.mjs:3376:45)
      at _NgIf.set ngIf [as ngIf] (node_modules/@angular/common/fesm2022/common.mjs:3349:14)
      at writeToDirectiveInput (node_modules/@angular/core/fesm2022/core.mjs:12889:33)
      at setInputsForProperty (node_modules/@angular/core/fesm2022/core.mjs:13123:9)
      at elementPropertyInternal (node_modules/@angular/core/fesm2022/core.mjs:12414:9)
      at ɵɵproperty (node_modules/@angular/core/fesm2022/core.mjs:16255:9)
      at AscDadosContatoCardComponent_Template (ng:/AscDadosContatoCardComponent.js:59:9)
      at executeTemplate (node_modules/@angular/core/fesm2022/core.mjs:12003:13)
      at refreshView (node_modules/@angular/core/fesm2022/core.mjs:13498:13)
      at detectChangesInView (node_modules/@angular/core/fesm2022/core.mjs:13663:9)
      at detectChangesInComponent (node_modules/@angular/core/fesm2022/core.mjs:13638:5)
      at detectChangesInChildComponents (node_modules/@angular/core/fesm2022/core.mjs:13676:9)
      at refreshView (node_modules/@angular/core/fesm2022/core.mjs:13548:13)
      at detectChangesInternal (node_modules/@angular/core/fesm2022/core.mjs:13437:9)
      at RootViewRef.detectChanges (node_modules/@angular/core/fesm2022/core.mjs:13954:9)
      at ComponentFixture._tick (node_modules/@angular/core/fesm2022/testing.mjs:127:32)
      at node_modules/@angular/core/fesm2022/testing.mjs:140:22
      at _ZoneDelegate.Object.<anonymous>._ZoneDelegate.invoke (node_modules/zone.js/bundles/zone.umd.js:411:30)
      at ProxyZoneSpec.Object.<anonymous>.ProxyZoneSpec.onInvoke (node_modules/zone.js/bundles/zone-testing.umd.js:300:43)
      at _ZoneDelegate.Object.<anonymous>._ZoneDelegate.invoke (node_modules/zone.js/bundles/zone.umd.js:410:56)
      at Object.onInvoke (node_modules/@angular/core/fesm2022/core.mjs:11083:33)
      at _ZoneDelegate.Object.<anonymous>._ZoneDelegate.invoke (node_modules/zone.js/bundles/zone.umd.js:410:56)
      at Zone.Object.<anonymous>.Zone.run (node_modules/zone.js/bundles/zone.umd.js:165:47)
      at NgZone.run (node_modules/@angular/core/fesm2022/core.mjs:10934:28)
      at ComponentFixture.detectChanges (node_modules/@angular/core/fesm2022/testing.mjs:139:25)
      at src/app/shared/components/asc-pedido/asc-dados-contato-card/asc-dados-contato-card.component.spec.ts:47:17
      at _ZoneDelegate.Object.<anonymous>._ZoneDelegate.invoke (node_modules/zone.js/bundles/zone.umd.js:411:30)
      at ProxyZoneSpec.Object.<anonymous>.ProxyZoneSpec.onInvoke (node_modules/zone.js/bundles/zone-testing.umd.js:300:43)
      at _ZoneDelegate.Object.<anonymous>._ZoneDelegate.invoke (node_modules/zone.js/bundles/zone.umd.js:410:56)
      at Zone.Object.<anonymous>.Zone.run (node_modules/zone.js/bundles/zone.umd.js:165:47)
      at Object.wrappedFunc (node_modules/zone.js/bundles/zone-testing.umd.js:789:34)

  ● AscDadosContatoCardComponent › ngOnInit deve criar dadosPessoaisForm com campos corretos

    NG0302: The pipe 'telefone' could not be found in the 'AscDadosContatoCardComponent' component. Verify that it is declared or imported in this module. Find more at https://angular.io/errors/NG0302

      at getPipeDef (node_modules/@angular/core/fesm2022/core.mjs:23660:15)
      at ɵɵpipe (node_modules/@angular/core/fesm2022/core.mjs:23601:19)
      at AscDadosContatoCardComponent_div_6_Template (ng:/AscDadosContatoCardComponent.js:11:5)
      at executeTemplate (node_modules/@angular/core/fesm2022/core.mjs:12003:13)
      at renderView (node_modules/@angular/core/fesm2022/core.mjs:13201:13)
      at createAndRenderEmbeddedLView (node_modules/@angular/core/fesm2022/core.mjs:23978:5)
      at TemplateRef2.createEmbeddedViewImpl (node_modules/@angular/core/fesm2022/core.mjs:24064:31)
      at ViewContainerRef2.createEmbeddedView (node_modules/@angular/core/fesm2022/core.mjs:24372:37)
      at _NgIf._updateView (node_modules/@angular/common/fesm2022/common.mjs:3376:45)
      at _NgIf.set ngIf [as ngIf] (node_modules/@angular/common/fesm2022/common.mjs:3349:14)
      at writeToDirectiveInput (node_modules/@angular/core/fesm2022/core.mjs:12889:33)
      at setInputsForProperty (node_modules/@angular/core/fesm2022/core.mjs:13123:9)
      at elementPropertyInternal (node_modules/@angular/core/fesm2022/core.mjs:12414:9)
      at ɵɵproperty (node_modules/@angular/core/fesm2022/core.mjs:16255:9)
      at AscDadosContatoCardComponent_Template (ng:/AscDadosContatoCardComponent.js:59:9)
      at executeTemplate (node_modules/@angular/core/fesm2022/core.mjs:12003:13)
      at refreshView (node_modules/@angular/core/fesm2022/core.mjs:13498:13)
      at detectChangesInView (node_modules/@angular/core/fesm2022/core.mjs:13663:9)
      at detectChangesInComponent (node_modules/@angular/core/fesm2022/core.mjs:13638:5)
      at detectChangesInChildComponents (node_modules/@angular/core/fesm2022/core.mjs:13676:9)
      at refreshView (node_modules/@angular/core/fesm2022/core.mjs:13548:13)
      at detectChangesInternal (node_modules/@angular/core/fesm2022/core.mjs:13437:9)
      at RootViewRef.detectChanges (node_modules/@angular/core/fesm2022/core.mjs:13954:9)
      at ComponentFixture._tick (node_modules/@angular/core/fesm2022/testing.mjs:127:32)
      at node_modules/@angular/core/fesm2022/testing.mjs:140:22
      at _ZoneDelegate.Object.<anonymous>._ZoneDelegate.invoke (node_modules/zone.js/bundles/zone.umd.js:411:30)
      at ProxyZoneSpec.Object.<anonymous>.ProxyZoneSpec.onInvoke (node_modules/zone.js/bundles/zone-testing.umd.js:300:43)
      at _ZoneDelegate.Object.<anonymous>._ZoneDelegate.invoke (node_modules/zone.js/bundles/zone.umd.js:410:56)
      at Object.onInvoke (node_modules/@angular/core/fesm2022/core.mjs:11083:33)
      at _ZoneDelegate.Object.<anonymous>._ZoneDelegate.invoke (node_modules/zone.js/bundles/zone.umd.js:410:56)
      at Zone.Object.<anonymous>.Zone.run (node_modules/zone.js/bundles/zone.umd.js:165:47)
      at NgZone.run (node_modules/@angular/core/fesm2022/core.mjs:10934:28)
      at ComponentFixture.detectChanges (node_modules/@angular/core/fesm2022/testing.mjs:139:25)
      at src/app/shared/components/asc-pedido/asc-dados-contato-card/asc-dados-contato-card.component.spec.ts:47:17
      at _ZoneDelegate.Object.<anonymous>._ZoneDelegate.invoke (node_modules/zone.js/bundles/zone.umd.js:411:30)
      at ProxyZoneSpec.Object.<anonymous>.ProxyZoneSpec.onInvoke (node_modules/zone.js/bundles/zone-testing.umd.js:300:43)
      at _ZoneDelegate.Object.<anonymous>._ZoneDelegate.invoke (node_modules/zone.js/bundles/zone.umd.js:410:56)
      at Zone.Object.<anonymous>.Zone.run (node_modules/zone.js/bundles/zone.umd.js:165:47)
      at Object.wrappedFunc (node_modules/zone.js/bundles/zone-testing.umd.js:789:34)

  ● AscDadosContatoCardComponent › set processo deve carregar dependente quando processo tem id

    NG0302: The pipe 'telefone' could not be found in the 'AscDadosContatoCardComponent' component. Verify that it is declared or imported in this module. Find more at https://angular.io/errors/NG0302

      at getPipeDef (node_modules/@angular/core/fesm2022/core.mjs:23660:15)
      at ɵɵpipe (node_modules/@angular/core/fesm2022/core.mjs:23601:19)
      at AscDadosContatoCardComponent_div_6_Template (ng:/AscDadosContatoCardComponent.js:11:5)
      at executeTemplate (node_modules/@angular/core/fesm2022/core.mjs:12003:13)
      at renderView (node_modules/@angular/core/fesm2022/core.mjs:13201:13)
      at createAndRenderEmbeddedLView (node_modules/@angular/core/fesm2022/core.mjs:23978:5)
      at TemplateRef2.createEmbeddedViewImpl (node_modules/@angular/core/fesm2022/core.mjs:24064:31)
      at ViewContainerRef2.createEmbeddedView (node_modules/@angular/core/fesm2022/core.mjs:24372:37)
      at _NgIf._updateView (node_modules/@angular/common/fesm2022/common.mjs:3376:45)
      at _NgIf.set ngIf [as ngIf] (node_modules/@angular/common/fesm2022/common.mjs:3349:14)
      at writeToDirectiveInput (node_modules/@angular/core/fesm2022/core.mjs:12889:33)
      at setInputsForProperty (node_modules/@angular/core/fesm2022/core.mjs:13123:9)
      at elementPropertyInternal (node_modules/@angular/core/fesm2022/core.mjs:12414:9)
      at ɵɵproperty (node_modules/@angular/core/fesm2022/core.mjs:16255:9)
      at AscDadosContatoCardComponent_Template (ng:/AscDadosContatoCardComponent.js:59:9)
      at executeTemplate (node_modules/@angular/core/fesm2022/core.mjs:12003:13)
      at refreshView (node_modules/@angular/core/fesm2022/core.mjs:13498:13)
      at detectChangesInView (node_modules/@angular/core/fesm2022/core.mjs:13663:9)
      at detectChangesInComponent (node_modules/@angular/core/fesm2022/core.mjs:13638:5)
      at detectChangesInChildComponents (node_modules/@angular/core/fesm2022/core.mjs:13676:9)
      at refreshView (node_modules/@angular/core/fesm2022/core.mjs:13548:13)
      at detectChangesInternal (node_modules/@angular/core/fesm2022/core.mjs:13437:9)
      at RootViewRef.detectChanges (node_modules/@angular/core/fesm2022/core.mjs:13954:9)
      at ComponentFixture._tick (node_modules/@angular/core/fesm2022/testing.mjs:127:32)
      at node_modules/@angular/core/fesm2022/testing.mjs:140:22
      at _ZoneDelegate.Object.<anonymous>._ZoneDelegate.invoke (node_modules/zone.js/bundles/zone.umd.js:411:30)
      at ProxyZoneSpec.Object.<anonymous>.ProxyZoneSpec.onInvoke (node_modules/zone.js/bundles/zone-testing.umd.js:300:43)
      at _ZoneDelegate.Object.<anonymous>._ZoneDelegate.invoke (node_modules/zone.js/bundles/zone.umd.js:410:56)
      at Object.onInvoke (node_modules/@angular/core/fesm2022/core.mjs:11083:33)
      at _ZoneDelegate.Object.<anonymous>._ZoneDelegate.invoke (node_modules/zone.js/bundles/zone.umd.js:410:56)
      at Zone.Object.<anonymous>.Zone.run (node_modules/zone.js/bundles/zone.umd.js:165:47)
      at NgZone.run (node_modules/@angular/core/fesm2022/core.mjs:10934:28)
      at ComponentFixture.detectChanges (node_modules/@angular/core/fesm2022/testing.mjs:139:25)
      at src/app/shared/components/asc-pedido/asc-dados-contato-card/asc-dados-contato-card.component.spec.ts:47:17
      at _ZoneDelegate.Object.<anonymous>._ZoneDelegate.invoke (node_modules/zone.js/bundles/zone.umd.js:411:30)
      at ProxyZoneSpec.Object.<anonymous>.ProxyZoneSpec.onInvoke (node_modules/zone.js/bundles/zone-testing.umd.js:300:43)
      at _ZoneDelegate.Object.<anonymous>._ZoneDelegate.invoke (node_modules/zone.js/bundles/zone.umd.js:410:56)
      at Zone.Object.<anonymous>.Zone.run (node_modules/zone.js/bundles/zone.umd.js:165:47)
      at Object.wrappedFunc (node_modules/zone.js/bundles/zone-testing.umd.js:789:34)

  ● AscDadosContatoCardComponent › set processo não deve carregar dependente quando processo não tem id

    NG0302: The pipe 'telefone' could not be found in the 'AscDadosContatoCardComponent' component. Verify that it is declared or imported in this module. Find more at https://angular.io/errors/NG0302

      at getPipeDef (node_modules/@angular/core/fesm2022/core.mjs:23660:15)
      at ɵɵpipe (node_modules/@angular/core/fesm2022/core.mjs:23601:19)
      at AscDadosContatoCardComponent_div_6_Template (ng:/AscDadosContatoCardComponent.js:11:5)
      at executeTemplate (node_modules/@angular/core/fesm2022/core.mjs:12003:13)
      at renderView (node_modules/@angular/core/fesm2022/core.mjs:13201:13)
      at createAndRenderEmbeddedLView (node_modules/@angular/core/fesm2022/core.mjs:23978:5)
      at TemplateRef2.createEmbeddedViewImpl (node_modules/@angular/core/fesm2022/core.mjs:24064:31)
      at ViewContainerRef2.createEmbeddedView (node_modules/@angular/core/fesm2022/core.mjs:24372:37)
      at _NgIf._updateView (node_modules/@angular/common/fesm2022/common.mjs:3376:45)
      at _NgIf.set ngIf [as ngIf] (node_modules/@angular/common/fesm2022/common.mjs:3349:14)
      at writeToDirectiveInput (node_modules/@angular/core/fesm2022/core.mjs:12889:33)
      at setInputsForProperty (node_modules/@angular/core/fesm2022/core.mjs:13123:9)
      at elementPropertyInternal (node_modules/@angular/core/fesm2022/core.mjs:12414:9)
      at ɵɵproperty (node_modules/@angular/core/fesm2022/core.mjs:16255:9)
      at AscDadosContatoCardComponent_Template (ng:/AscDadosContatoCardComponent.js:59:9)
      at executeTemplate (node_modules/@angular/core/fesm2022/core.mjs:12003:13)
      at refreshView (node_modules/@angular/core/fesm2022/core.mjs:13498:13)
      at detectChangesInView (node_modules/@angular/core/fesm2022/core.mjs:13663:9)
      at detectChangesInComponent (node_modules/@angular/core/fesm2022/core.mjs:13638:5)
      at detectChangesInChildComponents (node_modules/@angular/core/fesm2022/core.mjs:13676:9)
      at refreshView (node_modules/@angular/core/fesm2022/core.mjs:13548:13)
      at detectChangesInternal (node_modules/@angular/core/fesm2022/core.mjs:13437:9)
      at RootViewRef.detectChanges (node_modules/@angular/core/fesm2022/core.mjs:13954:9)
      at ComponentFixture._tick (node_modules/@angular/core/fesm2022/testing.mjs:127:32)
      at node_modules/@angular/core/fesm2022/testing.mjs:140:22
      at _ZoneDelegate.Object.<anonymous>._ZoneDelegate.invoke (node_modules/zone.js/bundles/zone.umd.js:411:30)
      at ProxyZoneSpec.Object.<anonymous>.ProxyZoneSpec.onInvoke (node_modules/zone.js/bundles/zone-testing.umd.js:300:43)
      at _ZoneDelegate.Object.<anonymous>._ZoneDelegate.invoke (node_modules/zone.js/bundles/zone.umd.js:410:56)
      at Object.onInvoke (node_modules/@angular/core/fesm2022/core.mjs:11083:33)
      at _ZoneDelegate.Object.<anonymous>._ZoneDelegate.invoke (node_modules/zone.js/bundles/zone.umd.js:410:56)
      at Zone.Object.<anonymous>.Zone.run (node_modules/zone.js/bundles/zone.umd.js:165:47)
      at NgZone.run (node_modules/@angular/core/fesm2022/core.mjs:10934:28)
      at ComponentFixture.detectChanges (node_modules/@angular/core/fesm2022/testing.mjs:139:25)
      at src/app/shared/components/asc-pedido/asc-dados-contato-card/asc-dados-contato-card.component.spec.ts:47:17
      at _ZoneDelegate.Object.<anonymous>._ZoneDelegate.invoke (node_modules/zone.js/bundles/zone.umd.js:411:30)
      at ProxyZoneSpec.Object.<anonymous>.ProxyZoneSpec.onInvoke (node_modules/zone.js/bundles/zone-testing.umd.js:300:43)
      at _ZoneDelegate.Object.<anonymous>._ZoneDelegate.invoke (node_modules/zone.js/bundles/zone.umd.js:410:56)
      at Zone.Object.<anonymous>.Zone.run (node_modules/zone.js/bundles/zone.umd.js:165:47)
      at Object.wrappedFunc (node_modules/zone.js/bundles/zone-testing.umd.js:789:34)

  ● AscDadosContatoCardComponent › set processo deve chamar addMsgDanger em caso de erro

    NG0302: The pipe 'telefone' could not be found in the 'AscDadosContatoCardComponent' component. Verify that it is declared or imported in this module. Find more at https://angular.io/errors/NG0302

      at getPipeDef (node_modules/@angular/core/fesm2022/core.mjs:23660:15)
      at ɵɵpipe (node_modules/@angular/core/fesm2022/core.mjs:23601:19)
      at AscDadosContatoCardComponent_div_6_Template (ng:/AscDadosContatoCardComponent.js:11:5)
      at executeTemplate (node_modules/@angular/core/fesm2022/core.mjs:12003:13)
      at renderView (node_modules/@angular/core/fesm2022/core.mjs:13201:13)
      at createAndRenderEmbeddedLView (node_modules/@angular/core/fesm2022/core.mjs:23978:5)
      at TemplateRef2.createEmbeddedViewImpl (node_modules/@angular/core/fesm2022/core.mjs:24064:31)
      at ViewContainerRef2.createEmbeddedView (node_modules/@angular/core/fesm2022/core.mjs:24372:37)
      at _NgIf._updateView (node_modules/@angular/common/fesm2022/common.mjs:3376:45)
      at _NgIf.set ngIf [as ngIf] (node_modules/@angular/common/fesm2022/common.mjs:3349:14)
      at writeToDirectiveInput (node_modules/@angular/core/fesm2022/core.mjs:12889:33)
      at setInputsForProperty (node_modules/@angular/core/fesm2022/core.mjs:13123:9)
      at elementPropertyInternal (node_modules/@angular/core/fesm2022/core.mjs:12414:9)
      at ɵɵproperty (node_modules/@angular/core/fesm2022/core.mjs:16255:9)
      at AscDadosContatoCardComponent_Template (ng:/AscDadosContatoCardComponent.js:59:9)
      at executeTemplate (node_modules/@angular/core/fesm2022/core.mjs:12003:13)
      at refreshView (node_modules/@angular/core/fesm2022/core.mjs:13498:13)
      at detectChangesInView (node_modules/@angular/core/fesm2022/core.mjs:13663:9)
      at detectChangesInComponent (node_modules/@angular/core/fesm2022/core.mjs:13638:5)
      at detectChangesInChildComponents (node_modules/@angular/core/fesm2022/core.mjs:13676:9)
      at refreshView (node_modules/@angular/core/fesm2022/core.mjs:13548:13)
      at detectChangesInternal (node_modules/@angular/core/fesm2022/core.mjs:13437:9)
      at RootViewRef.detectChanges (node_modules/@angular/core/fesm2022/core.mjs:13954:9)
      at ComponentFixture._tick (node_modules/@angular/core/fesm2022/testing.mjs:127:32)
      at node_modules/@angular/core/fesm2022/testing.mjs:140:22
      at _ZoneDelegate.Object.<anonymous>._ZoneDelegate.invoke (node_modules/zone.js/bundles/zone.umd.js:411:30)
      at ProxyZoneSpec.Object.<anonymous>.ProxyZoneSpec.onInvoke (node_modules/zone.js/bundles/zone-testing.umd.js:300:43)
      at _ZoneDelegate.Object.<anonymous>._ZoneDelegate.invoke (node_modules/zone.js/bundles/zone.umd.js:410:56)
      at Object.onInvoke (node_modules/@angular/core/fesm2022/core.mjs:11083:33)
      at _ZoneDelegate.Object.<anonymous>._ZoneDelegate.invoke (node_modules/zone.js/bundles/zone.umd.js:410:56)
      at Zone.Object.<anonymous>.Zone.run (node_modules/zone.js/bundles/zone.umd.js:165:47)
      at NgZone.run (node_modules/@angular/core/fesm2022/core.mjs:10934:28)
      at ComponentFixture.detectChanges (node_modules/@angular/core/fesm2022/testing.mjs:139:25)
      at src/app/shared/components/asc-pedido/asc-dados-contato-card/asc-dados-contato-card.component.spec.ts:47:17
      at _ZoneDelegate.Object.<anonymous>._ZoneDelegate.invoke (node_modules/zone.js/bundles/zone.umd.js:411:30)
      at ProxyZoneSpec.Object.<anonymous>.ProxyZoneSpec.onInvoke (node_modules/zone.js/bundles/zone-testing.umd.js:300:43)
      at _ZoneDelegate.Object.<anonymous>._ZoneDelegate.invoke (node_modules/zone.js/bundles/zone.umd.js:410:56)
      at Zone.Object.<anonymous>.Zone.run (node_modules/zone.js/bundles/zone.umd.js:165:47)
      at Object.wrappedFunc (node_modules/zone.js/bundles/zone-testing.umd.js:789:34)

  ● AscDadosContatoCardComponent › clickAlerarDados deve ativar modo edicao quando status é true

    NG0302: The pipe 'telefone' could not be found in the 'AscDadosContatoCardComponent' component. Verify that it is declared or imported in this module. Find more at https://angular.io/errors/NG0302

      at getPipeDef (node_modules/@angular/core/fesm2022/core.mjs:23660:15)
      at ɵɵpipe (node_modules/@angular/core/fesm2022/core.mjs:23601:19)
      at AscDadosContatoCardComponent_div_6_Template (ng:/AscDadosContatoCardComponent.js:11:5)
      at executeTemplate (node_modules/@angular/core/fesm2022/core.mjs:12003:13)
      at renderView (node_modules/@angular/core/fesm2022/core.mjs:13201:13)
      at createAndRenderEmbeddedLView (node_modules/@angular/core/fesm2022/core.mjs:23978:5)
      at TemplateRef2.createEmbeddedViewImpl (node_modules/@angular/core/fesm2022/core.mjs:24064:31)
      at ViewContainerRef2.createEmbeddedView (node_modules/@angular/core/fesm2022/core.mjs:24372:37)
      at _NgIf._updateView (node_modules/@angular/common/fesm2022/common.mjs:3376:45)
      at _NgIf.set ngIf [as ngIf] (node_modules/@angular/common/fesm2022/common.mjs:3349:14)
      at writeToDirectiveInput (node_modules/@angular/core/fesm2022/core.mjs:12889:33)
      at setInputsForProperty (node_modules/@angular/core/fesm2022/core.mjs:13123:9)
      at elementPropertyInternal (node_modules/@angular/core/fesm2022/core.mjs:12414:9)
      at ɵɵproperty (node_modules/@angular/core/fesm2022/core.mjs:16255:9)
      at AscDadosContatoCardComponent_Template (ng:/AscDadosContatoCardComponent.js:59:9)
      at executeTemplate (node_modules/@angular/core/fesm2022/core.mjs:12003:13)
      at refreshView (node_modules/@angular/core/fesm2022/core.mjs:13498:13)
      at detectChangesInView (node_modules/@angular/core/fesm2022/core.mjs:13663:9)
      at detectChangesInComponent (node_modules/@angular/core/fesm2022/core.mjs:13638:5)
      at detectChangesInChildComponents (node_modules/@angular/core/fesm2022/core.mjs:13676:9)
      at refreshView (node_modules/@angular/core/fesm2022/core.mjs:13548:13)
      at detectChangesInternal (node_modules/@angular/core/fesm2022/core.mjs:13437:9)
      at RootViewRef.detectChanges (node_modules/@angular/core/fesm2022/core.mjs:13954:9)
      at ComponentFixture._tick (node_modules/@angular/core/fesm2022/testing.mjs:127:32)
      at node_modules/@angular/core/fesm2022/testing.mjs:140:22
      at _ZoneDelegate.Object.<anonymous>._ZoneDelegate.invoke (node_modules/zone.js/bundles/zone.umd.js:411:30)
      at ProxyZoneSpec.Object.<anonymous>.ProxyZoneSpec.onInvoke (node_modules/zone.js/bundles/zone-testing.umd.js:300:43)
      at _ZoneDelegate.Object.<anonymous>._ZoneDelegate.invoke (node_modules/zone.js/bundles/zone.umd.js:410:56)
      at Object.onInvoke (node_modules/@angular/core/fesm2022/core.mjs:11083:33)
      at _ZoneDelegate.Object.<anonymous>._ZoneDelegate.invoke (node_modules/zone.js/bundles/zone.umd.js:410:56)
      at Zone.Object.<anonymous>.Zone.run (node_modules/zone.js/bundles/zone.umd.js:165:47)
      at NgZone.run (node_modules/@angular/core/fesm2022/core.mjs:10934:28)
      at ComponentFixture.detectChanges (node_modules/@angular/core/fesm2022/testing.mjs:139:25)
      at src/app/shared/components/asc-pedido/asc-dados-contato-card/asc-dados-contato-card.component.spec.ts:47:17
      at _ZoneDelegate.Object.<anonymous>._ZoneDelegate.invoke (node_modules/zone.js/bundles/zone.umd.js:411:30)
      at ProxyZoneSpec.Object.<anonymous>.ProxyZoneSpec.onInvoke (node_modules/zone.js/bundles/zone-testing.umd.js:300:43)
      at _ZoneDelegate.Object.<anonymous>._ZoneDelegate.invoke (node_modules/zone.js/bundles/zone.umd.js:410:56)
      at Zone.Object.<anonymous>.Zone.run (node_modules/zone.js/bundles/zone.umd.js:165:47)
      at Object.wrappedFunc (node_modules/zone.js/bundles/zone-testing.umd.js:789:34)

  ● AscDadosContatoCardComponent › clickAlerarDados deve desativar modo edicao quando status é false

    NG0302: The pipe 'telefone' could not be found in the 'AscDadosContatoCardComponent' component. Verify that it is declared or imported in this module. Find more at https://angular.io/errors/NG0302

      at getPipeDef (node_modules/@angular/core/fesm2022/core.mjs:23660:15)
      at ɵɵpipe (node_modules/@angular/core/fesm2022/core.mjs:23601:19)
      at AscDadosContatoCardComponent_div_6_Template (ng:/AscDadosContatoCardComponent.js:11:5)
      at executeTemplate (node_modules/@angular/core/fesm2022/core.mjs:12003:13)
      at renderView (node_modules/@angular/core/fesm2022/core.mjs:13201:13)
      at createAndRenderEmbeddedLView (node_modules/@angular/core/fesm2022/core.mjs:23978:5)
      at TemplateRef2.createEmbeddedViewImpl (node_modules/@angular/core/fesm2022/core.mjs:24064:31)
      at ViewContainerRef2.createEmbeddedView (node_modules/@angular/core/fesm2022/core.mjs:24372:37)
      at _NgIf._updateView (node_modules/@angular/common/fesm2022/common.mjs:3376:45)
      at _NgIf.set ngIf [as ngIf] (node_modules/@angular/common/fesm2022/common.mjs:3349:14)
      at writeToDirectiveInput (node_modules/@angular/core/fesm2022/core.mjs:12889:33)
      at setInputsForProperty (node_modules/@angular/core/fesm2022/core.mjs:13123:9)
      at elementPropertyInternal (node_modules/@angular/core/fesm2022/core.mjs:12414:9)
      at ɵɵproperty (node_modules/@angular/core/fesm2022/core.mjs:16255:9)
      at AscDadosContatoCardComponent_Template (ng:/AscDadosContatoCardComponent.js:59:9)
      at executeTemplate (node_modules/@angular/core/fesm2022/core.mjs:12003:13)
      at refreshView (node_modules/@angular/core/fesm2022/core.mjs:13498:13)
      at detectChangesInView (node_modules/@angular/core/fesm2022/core.mjs:13663:9)
      at detectChangesInComponent (node_modules/@angular/core/fesm2022/core.mjs:13638:5)
      at detectChangesInChildComponents (node_modules/@angular/core/fesm2022/core.mjs:13676:9)
      at refreshView (node_modules/@angular/core/fesm2022/core.mjs:13548:13)
      at detectChangesInternal (node_modules/@angular/core/fesm2022/core.mjs:13437:9)
      at RootViewRef.detectChanges (node_modules/@angular/core/fesm2022/core.mjs:13954:9)
      at ComponentFixture._tick (node_modules/@angular/core/fesm2022/testing.mjs:127:32)
      at node_modules/@angular/core/fesm2022/testing.mjs:140:22
      at _ZoneDelegate.Object.<anonymous>._ZoneDelegate.invoke (node_modules/zone.js/bundles/zone.umd.js:411:30)
      at ProxyZoneSpec.Object.<anonymous>.ProxyZoneSpec.onInvoke (node_modules/zone.js/bundles/zone-testing.umd.js:300:43)
      at _ZoneDelegate.Object.<anonymous>._ZoneDelegate.invoke (node_modules/zone.js/bundles/zone.umd.js:410:56)
      at Object.onInvoke (node_modules/@angular/core/fesm2022/core.mjs:11083:33)
      at _ZoneDelegate.Object.<anonymous>._ZoneDelegate.invoke (node_modules/zone.js/bundles/zone.umd.js:410:56)
      at Zone.Object.<anonymous>.Zone.run (node_modules/zone.js/bundles/zone.umd.js:165:47)
      at NgZone.run (node_modules/@angular/core/fesm2022/core.mjs:10934:28)
      at ComponentFixture.detectChanges (node_modules/@angular/core/fesm2022/testing.mjs:139:25)
      at src/app/shared/components/asc-pedido/asc-dados-contato-card/asc-dados-contato-card.component.spec.ts:47:17
      at _ZoneDelegate.Object.<anonymous>._ZoneDelegate.invoke (node_modules/zone.js/bundles/zone.umd.js:411:30)
      at ProxyZoneSpec.Object.<anonymous>.ProxyZoneSpec.onInvoke (node_modules/zone.js/bundles/zone-testing.umd.js:300:43)
      at _ZoneDelegate.Object.<anonymous>._ZoneDelegate.invoke (node_modules/zone.js/bundles/zone.umd.js:410:56)
      at Zone.Object.<anonymous>.Zone.run (node_modules/zone.js/bundles/zone.umd.js:165:47)
      at Object.wrappedFunc (node_modules/zone.js/bundles/zone-testing.umd.js:789:34)

  ● AscDadosContatoCardComponent › clickAlerarDados deve preencher formulário quando ativa modo edicao

    NG0302: The pipe 'telefone' could not be found in the 'AscDadosContatoCardComponent' component. Verify that it is declared or imported in this module. Find more at https://angular.io/errors/NG0302

      at getPipeDef (node_modules/@angular/core/fesm2022/core.mjs:23660:15)
      at ɵɵpipe (node_modules/@angular/core/fesm2022/core.mjs:23601:19)
      at AscDadosContatoCardComponent_div_6_Template (ng:/AscDadosContatoCardComponent.js:11:5)
      at executeTemplate (node_modules/@angular/core/fesm2022/core.mjs:12003:13)
      at renderView (node_modules/@angular/core/fesm2022/core.mjs:13201:13)
      at createAndRenderEmbeddedLView (node_modules/@angular/core/fesm2022/core.mjs:23978:5)
      at TemplateRef2.createEmbeddedViewImpl (node_modules/@angular/core/fesm2022/core.mjs:24064:31)
      at ViewContainerRef2.createEmbeddedView (node_modules/@angular/core/fesm2022/core.mjs:24372:37)
      at _NgIf._updateView (node_modules/@angular/common/fesm2022/common.mjs:3376:45)
      at _NgIf.set ngIf [as ngIf] (node_modules/@angular/common/fesm2022/common.mjs:3349:14)
      at writeToDirectiveInput (node_modules/@angular/core/fesm2022/core.mjs:12889:33)
      at setInputsForProperty (node_modules/@angular/core/fesm2022/core.mjs:13123:9)
      at elementPropertyInternal (node_modules/@angular/core/fesm2022/core.mjs:12414:9)
      at ɵɵproperty (node_modules/@angular/core/fesm2022/core.mjs:16255:9)
      at AscDadosContatoCardComponent_Template (ng:/AscDadosContatoCardComponent.js:59:9)
      at executeTemplate (node_modules/@angular/core/fesm2022/core.mjs:12003:13)
      at refreshView (node_modules/@angular/core/fesm2022/core.mjs:13498:13)
      at detectChangesInView (node_modules/@angular/core/fesm2022/core.mjs:13663:9)
      at detectChangesInComponent (node_modules/@angular/core/fesm2022/core.mjs:13638:5)
      at detectChangesInChildComponents (node_modules/@angular/core/fesm2022/core.mjs:13676:9)
      at refreshView (node_modules/@angular/core/fesm2022/core.mjs:13548:13)
      at detectChangesInternal (node_modules/@angular/core/fesm2022/core.mjs:13437:9)
      at RootViewRef.detectChanges (node_modules/@angular/core/fesm2022/core.mjs:13954:9)
      at ComponentFixture._tick (node_modules/@angular/core/fesm2022/testing.mjs:127:32)
      at node_modules/@angular/core/fesm2022/testing.mjs:140:22
      at _ZoneDelegate.Object.<anonymous>._ZoneDelegate.invoke (node_modules/zone.js/bundles/zone.umd.js:411:30)
      at ProxyZoneSpec.Object.<anonymous>.ProxyZoneSpec.onInvoke (node_modules/zone.js/bundles/zone-testing.umd.js:300:43)
      at _ZoneDelegate.Object.<anonymous>._ZoneDelegate.invoke (node_modules/zone.js/bundles/zone.umd.js:410:56)
      at Object.onInvoke (node_modules/@angular/core/fesm2022/core.mjs:11083:33)
      at _ZoneDelegate.Object.<anonymous>._ZoneDelegate.invoke (node_modules/zone.js/bundles/zone.umd.js:410:56)
      at Zone.Object.<anonymous>.Zone.run (node_modules/zone.js/bundles/zone.umd.js:165:47)
      at NgZone.run (node_modules/@angular/core/fesm2022/core.mjs:10934:28)
      at ComponentFixture.detectChanges (node_modules/@angular/core/fesm2022/testing.mjs:139:25)
      at src/app/shared/components/asc-pedido/asc-dados-contato-card/asc-dados-contato-card.component.spec.ts:47:17
      at _ZoneDelegate.Object.<anonymous>._ZoneDelegate.invoke (node_modules/zone.js/bundles/zone.umd.js:411:30)
      at ProxyZoneSpec.Object.<anonymous>.ProxyZoneSpec.onInvoke (node_modules/zone.js/bundles/zone-testing.umd.js:300:43)
      at _ZoneDelegate.Object.<anonymous>._ZoneDelegate.invoke (node_modules/zone.js/bundles/zone.umd.js:410:56)
      at Zone.Object.<anonymous>.Zone.run (node_modules/zone.js/bundles/zone.umd.js:165:47)
      at Object.wrappedFunc (node_modules/zone.js/bundles/zone-testing.umd.js:789:34)

  ● AscDadosContatoCardComponent › onSubmit deve atualizar dados do dependente com valores do formulário

    NG0302: The pipe 'telefone' could not be found in the 'AscDadosContatoCardComponent' component. Verify that it is declared or imported in this module. Find more at https://angular.io/errors/NG0302

      at getPipeDef (node_modules/@angular/core/fesm2022/core.mjs:23660:15)
      at ɵɵpipe (node_modules/@angular/core/fesm2022/core.mjs:23601:19)
      at AscDadosContatoCardComponent_div_6_Template (ng:/AscDadosContatoCardComponent.js:11:5)
      at executeTemplate (node_modules/@angular/core/fesm2022/core.mjs:12003:13)
      at renderView (node_modules/@angular/core/fesm2022/core.mjs:13201:13)
      at createAndRenderEmbeddedLView (node_modules/@angular/core/fesm2022/core.mjs:23978:5)
      at TemplateRef2.createEmbeddedViewImpl (node_modules/@angular/core/fesm2022/core.mjs:24064:31)
      at ViewContainerRef2.createEmbeddedView (node_modules/@angular/core/fesm2022/core.mjs:24372:37)
      at _NgIf._updateView (node_modules/@angular/common/fesm2022/common.mjs:3376:45)
      at _NgIf.set ngIf [as ngIf] (node_modules/@angular/common/fesm2022/common.mjs:3349:14)
      at writeToDirectiveInput (node_modules/@angular/core/fesm2022/core.mjs:12889:33)
      at setInputsForProperty (node_modules/@angular/core/fesm2022/core.mjs:13123:9)
      at elementPropertyInternal (node_modules/@angular/core/fesm2022/core.mjs:12414:9)
      at ɵɵproperty (node_modules/@angular/core/fesm2022/core.mjs:16255:9)
      at AscDadosContatoCardComponent_Template (ng:/AscDadosContatoCardComponent.js:59:9)
      at executeTemplate (node_modules/@angular/core/fesm2022/core.mjs:12003:13)
      at refreshView (node_modules/@angular/core/fesm2022/core.mjs:13498:13)
      at detectChangesInView (node_modules/@angular/core/fesm2022/core.mjs:13663:9)
      at detectChangesInComponent (node_modules/@angular/core/fesm2022/core.mjs:13638:5)
      at detectChangesInChildComponents (node_modules/@angular/core/fesm2022/core.mjs:13676:9)
      at refreshView (node_modules/@angular/core/fesm2022/core.mjs:13548:13)
      at detectChangesInternal (node_modules/@angular/core/fesm2022/core.mjs:13437:9)
      at RootViewRef.detectChanges (node_modules/@angular/core/fesm2022/core.mjs:13954:9)
      at ComponentFixture._tick (node_modules/@angular/core/fesm2022/testing.mjs:127:32)
      at node_modules/@angular/core/fesm2022/testing.mjs:140:22
      at _ZoneDelegate.Object.<anonymous>._ZoneDelegate.invoke (node_modules/zone.js/bundles/zone.umd.js:411:30)
      at ProxyZoneSpec.Object.<anonymous>.ProxyZoneSpec.onInvoke (node_modules/zone.js/bundles/zone-testing.umd.js:300:43)
      at _ZoneDelegate.Object.<anonymous>._ZoneDelegate.invoke (node_modules/zone.js/bundles/zone.umd.js:410:56)
      at Object.onInvoke (node_modules/@angular/core/fesm2022/core.mjs:11083:33)
      at _ZoneDelegate.Object.<anonymous>._ZoneDelegate.invoke (node_modules/zone.js/bundles/zone.umd.js:410:56)
      at Zone.Object.<anonymous>.Zone.run (node_modules/zone.js/bundles/zone.umd.js:165:47)
      at NgZone.run (node_modules/@angular/core/fesm2022/core.mjs:10934:28)
      at ComponentFixture.detectChanges (node_modules/@angular/core/fesm2022/testing.mjs:139:25)
      at src/app/shared/components/asc-pedido/asc-dados-contato-card/asc-dados-contato-card.component.spec.ts:47:17
      at _ZoneDelegate.Object.<anonymous>._ZoneDelegate.invoke (node_modules/zone.js/bundles/zone.umd.js:411:30)
      at ProxyZoneSpec.Object.<anonymous>.ProxyZoneSpec.onInvoke (node_modules/zone.js/bundles/zone-testing.umd.js:300:43)
      at _ZoneDelegate.Object.<anonymous>._ZoneDelegate.invoke (node_modules/zone.js/bundles/zone.umd.js:410:56)
      at Zone.Object.<anonymous>.Zone.run (node_modules/zone.js/bundles/zone.umd.js:165:47)
      at Object.wrappedFunc (node_modules/zone.js/bundles/zone-testing.umd.js:789:34)

  ● AscDadosContatoCardComponent › onSubmit deve chamar put do inscricaoDependenteService

    NG0302: The pipe 'telefone' could not be found in the 'AscDadosContatoCardComponent' component. Verify that it is declared or imported in this module. Find more at https://angular.io/errors/NG0302

      at getPipeDef (node_modules/@angular/core/fesm2022/core.mjs:23660:15)
      at ɵɵpipe (node_modules/@angular/core/fesm2022/core.mjs:23601:19)
      at AscDadosContatoCardComponent_div_6_Template (ng:/AscDadosContatoCardComponent.js:11:5)
      at executeTemplate (node_modules/@angular/core/fesm2022/core.mjs:12003:13)
      at renderView (node_modules/@angular/core/fesm2022/core.mjs:13201:13)
      at createAndRenderEmbeddedLView (node_modules/@angular/core/fesm2022/core.mjs:23978:5)
      at TemplateRef2.createEmbeddedViewImpl (node_modules/@angular/core/fesm2022/core.mjs:24064:31)
      at ViewContainerRef2.createEmbeddedView (node_modules/@angular/core/fesm2022/core.mjs:24372:37)
      at _NgIf._updateView (node_modules/@angular/common/fesm2022/common.mjs:3376:45)
      at _NgIf.set ngIf [as ngIf] (node_modules/@angular/common/fesm2022/common.mjs:3349:14)
      at writeToDirectiveInput (node_modules/@angular/core/fesm2022/core.mjs:12889:33)
      at setInputsForProperty (node_modules/@angular/core/fesm2022/core.mjs:13123:9)
      at elementPropertyInternal (node_modules/@angular/core/fesm2022/core.mjs:12414:9)
      at ɵɵproperty (node_modules/@angular/core/fesm2022/core.mjs:16255:9)
      at AscDadosContatoCardComponent_Template (ng:/AscDadosContatoCardComponent.js:59:9)
      at executeTemplate (node_modules/@angular/core/fesm2022/core.mjs:12003:13)
      at refreshView (node_modules/@angular/core/fesm2022/core.mjs:13498:13)
      at detectChangesInView (node_modules/@angular/core/fesm2022/core.mjs:13663:9)
      at detectChangesInComponent (node_modules/@angular/core/fesm2022/core.mjs:13638:5)
      at detectChangesInChildComponents (node_modules/@angular/core/fesm2022/core.mjs:13676:9)
      at refreshView (node_modules/@angular/core/fesm2022/core.mjs:13548:13)
      at detectChangesInternal (node_modules/@angular/core/fesm2022/core.mjs:13437:9)
      at RootViewRef.detectChanges (node_modules/@angular/core/fesm2022/core.mjs:13954:9)
      at ComponentFixture._tick (node_modules/@angular/core/fesm2022/testing.mjs:127:32)
      at node_modules/@angular/core/fesm2022/testing.mjs:140:22
      at _ZoneDelegate.Object.<anonymous>._ZoneDelegate.invoke (node_modules/zone.js/bundles/zone.umd.js:411:30)
      at ProxyZoneSpec.Object.<anonymous>.ProxyZoneSpec.onInvoke (node_modules/zone.js/bundles/zone-testing.umd.js:300:43)
      at _ZoneDelegate.Object.<anonymous>._ZoneDelegate.invoke (node_modules/zone.js/bundles/zone.umd.js:410:56)
      at Object.onInvoke (node_modules/@angular/core/fesm2022/core.mjs:11083:33)
      at _ZoneDelegate.Object.<anonymous>._ZoneDelegate.invoke (node_modules/zone.js/bundles/zone.umd.js:410:56)
      at Zone.Object.<anonymous>.Zone.run (node_modules/zone.js/bundles/zone.umd.js:165:47)
      at NgZone.run (node_modules/@angular/core/fesm2022/core.mjs:10934:28)
      at ComponentFixture.detectChanges (node_modules/@angular/core/fesm2022/testing.mjs:139:25)
      at src/app/shared/components/asc-pedido/asc-dados-contato-card/asc-dados-contato-card.component.spec.ts:47:17
      at _ZoneDelegate.Object.<anonymous>._ZoneDelegate.invoke (node_modules/zone.js/bundles/zone.umd.js:411:30)
      at ProxyZoneSpec.Object.<anonymous>.ProxyZoneSpec.onInvoke (node_modules/zone.js/bundles/zone-testing.umd.js:300:43)
      at _ZoneDelegate.Object.<anonymous>._ZoneDelegate.invoke (node_modules/zone.js/bundles/zone.umd.js:410:56)
      at Zone.Object.<anonymous>.Zone.run (node_modules/zone.js/bundles/zone.umd.js:165:47)
      at Object.wrappedFunc (node_modules/zone.js/bundles/zone-testing.umd.js:789:34)

  ● AscDadosContatoCardComponent › onSubmit deve chamar addMsgDanger em caso de erro

    NG0302: The pipe 'telefone' could not be found in the 'AscDadosContatoCardComponent' component. Verify that it is declared or imported in this module. Find more at https://angular.io/errors/NG0302

      at getPipeDef (node_modules/@angular/core/fesm2022/core.mjs:23660:15)
      at ɵɵpipe (node_modules/@angular/core/fesm2022/core.mjs:23601:19)
      at AscDadosContatoCardComponent_div_6_Template (ng:/AscDadosContatoCardComponent.js:11:5)
      at executeTemplate (node_modules/@angular/core/fesm2022/core.mjs:12003:13)
      at renderView (node_modules/@angular/core/fesm2022/core.mjs:13201:13)
      at createAndRenderEmbeddedLView (node_modules/@angular/core/fesm2022/core.mjs:23978:5)
      at TemplateRef2.createEmbeddedViewImpl (node_modules/@angular/core/fesm2022/core.mjs:24064:31)
      at ViewContainerRef2.createEmbeddedView (node_modules/@angular/core/fesm2022/core.mjs:24372:37)
      at _NgIf._updateView (node_modules/@angular/common/fesm2022/common.mjs:3376:45)
      at _NgIf.set ngIf [as ngIf] (node_modules/@angular/common/fesm2022/common.mjs:3349:14)
      at writeToDirectiveInput (node_modules/@angular/core/fesm2022/core.mjs:12889:33)
      at setInputsForProperty (node_modules/@angular/core/fesm2022/core.mjs:13123:9)
      at elementPropertyInternal (node_modules/@angular/core/fesm2022/core.mjs:12414:9)
      at ɵɵproperty (node_modules/@angular/core/fesm2022/core.mjs:16255:9)
      at AscDadosContatoCardComponent_Template (ng:/AscDadosContatoCardComponent.js:59:9)
      at executeTemplate (node_modules/@angular/core/fesm2022/core.mjs:12003:13)
      at refreshView (node_modules/@angular/core/fesm2022/core.mjs:13498:13)
      at detectChangesInView (node_modules/@angular/core/fesm2022/core.mjs:13663:9)
      at detectChangesInComponent (node_modules/@angular/core/fesm2022/core.mjs:13638:5)
      at detectChangesInChildComponents (node_modules/@angular/core/fesm2022/core.mjs:13676:9)
      at refreshView (node_modules/@angular/core/fesm2022/core.mjs:13548:13)
      at detectChangesInternal (node_modules/@angular/core/fesm2022/core.mjs:13437:9)
      at RootViewRef.detectChanges (node_modules/@angular/core/fesm2022/core.mjs:13954:9)
      at ComponentFixture._tick (node_modules/@angular/core/fesm2022/testing.mjs:127:32)
      at node_modules/@angular/core/fesm2022/testing.mjs:140:22
      at _ZoneDelegate.Object.<anonymous>._ZoneDelegate.invoke (node_modules/zone.js/bundles/zone.umd.js:411:30)
      at ProxyZoneSpec.Object.<anonymous>.ProxyZoneSpec.onInvoke (node_modules/zone.js/bundles/zone-testing.umd.js:300:43)
      at _ZoneDelegate.Object.<anonymous>._ZoneDelegate.invoke (node_modules/zone.js/bundles/zone.umd.js:410:56)
      at Object.onInvoke (node_modules/@angular/core/fesm2022/core.mjs:11083:33)
      at _ZoneDelegate.Object.<anonymous>._ZoneDelegate.invoke (node_modules/zone.js/bundles/zone.umd.js:410:56)
      at Zone.Object.<anonymous>.Zone.run (node_modules/zone.js/bundles/zone.umd.js:165:47)
      at NgZone.run (node_modules/@angular/core/fesm2022/core.mjs:10934:28)
      at ComponentFixture.detectChanges (node_modules/@angular/core/fesm2022/testing.mjs:139:25)
      at src/app/shared/components/asc-pedido/asc-dados-contato-card/asc-dados-contato-card.component.spec.ts:47:17
      at _ZoneDelegate.Object.<anonymous>._ZoneDelegate.invoke (node_modules/zone.js/bundles/zone.umd.js:411:30)
      at ProxyZoneSpec.Object.<anonymous>.ProxyZoneSpec.onInvoke (node_modules/zone.js/bundles/zone-testing.umd.js:300:43)
      at _ZoneDelegate.Object.<anonymous>._ZoneDelegate.invoke (node_modules/zone.js/bundles/zone.umd.js:410:56)
      at Zone.Object.<anonymous>.Zone.run (node_modules/zone.js/bundles/zone.umd.js:165:47)
      at Object.wrappedFunc (node_modules/zone.js/bundles/zone-testing.umd.js:789:34)

PASS src/app/shared/services/comum/medicamento-patologia-pedido.service.spec.ts
PASS src/app/shared/components/asc-pedido/asc-steps/asc-beneficiario-pedido/asc-beneficiario-pedido.component.spec.ts
PASS src/app/shared/services/comum/perfil-usuario-externo.service.spec.ts
PASS src/app/shared/services/comum/pedido/autorizacao-previa.service.spec.ts
PASS src/app/shared/services/comum/medicamento-patologia.service.spec.ts
PASS src/app/shared/services/comum/empresa-prestador-externo.service.spec.ts
  ● Console

    console.log
      public consultarPorFiltro(filtro: any)

      at EmpresaPrestadorExternoService.consultarPorFiltro (src/app/shared/services/comum/empresa-prestador-externo.service.ts:30:17)

    console.log
      /siasc-api/api/empresas-prestadoras/filtro

      at EmpresaPrestadorExternoService.consultarPorFiltro (src/app/shared/services/comum/empresa-prestador-externo.service.ts:31:17)

    console.log
      { nome: 'Teste' }

      at EmpresaPrestadorExternoService.consultarPorFiltro (src/app/shared/services/comum/empresa-prestador-externo.service.ts:32:17)

PASS src/app/shared/services/comum/prestador-externo.service.spec.ts
PASS src/app/shared/services/comum/mensagem-enviada.service.spec.ts
PASS src/app/shared/components/asc-pedido/asc-steps/asc-documentos-requeridos-pedido/asc-documentos-requeridos-pedido.component.spec.ts
  ● Console

    console.log
      init

      at AscDocumentosRequeridosPedidoComponent.ngOnInit (src/app/shared/components/asc-pedido/asc-steps/asc-documentos-requeridos-pedido/asc-documentos-requeridos-pedido.component.ts:45:17)

PASS src/app/shared/services/comum/localidade.service.spec.ts
PASS src/app/shared/services/comum/integracao-correios.service.spec.ts
PASS src/app/shared/services/comum/laboratorio.service.spec.ts
PASS src/app/shared/components/asc-pedido/asc-resumo/asc-card-procedimento/asc-card-procedimento.component.spec.ts
PASS src/app/shared/components/asc-pedido/asc-dependentes/asc-dependentes-card/asc-dependentes-card.component.spec.ts
PASS src/app/shared/components/asc-pedido/asc-steps/procedimento/asc-procedimento-pedido.component.spec.ts
PASS src/app/funcionalidades/extrato/extrato-irpf-detalhar/extrato-irpf-detalhar.component.spec.ts
PASS src/app/shared/components/asc-pedido/asc-steps/asc-finalidade-beneficiario/asc-finalidade.component.spec.ts
  ● Console

    console.log
      init

      at AscDocumentosRequeridosPedidoComponent.ngOnInit (src/app/shared/components/asc-pedido/asc-steps/asc-documentos-requeridos-pedido/asc-documentos-requeridos-pedido.component.ts:45:17)

PASS src/app/shared/components/asc-pedido/asc-steps/asc-profissional-pedido/asc-profissional-pedido.component.spec.ts
PASS src/app/shared/components/asc-pedido/asc-resumo/asc-profissional-executante/asc-profissional-executante.component.spec.ts
PASS src/app/funcionalidades/processos/reembolso/documentos/documentos.component.spec.ts
PASS src/app/shared/components/asc-pedido/asc-modal-ocorrencia/asc-modal-ocorrencia.component.spec.ts
PASS src/app/shared/services/comum/prazo-tratamento.service.spec.ts
PASS src/app/funcionalidades/patologia/patologia-form/patologia-form.component.spec.ts
PASS src/app/shared/services/cadastrobasico/item.service.spec.ts
PASS src/app/shared/services/comum/procedimento.service.spec.ts
  ● Console

    console.log
      options

      at ProcedimentoService.consultarProcedimentosPorTipoProcesso (src/app/shared/services/comum/procedimento.service.ts:35:17)

    console.log
      {
        headers: HttpHeaders {
          normalizedNames: Map(0) {},
          lazyUpdate: null,
          headers: Map(0) {}
        },
        responseType: 'json',
        withCredentials: true,
        params: HttpParams {
          updates: [ [Object] ],
          cloneFrom: HttpParams {
            updates: null,
            cloneFrom: null,
            encoder: HttpUrlEncodingCodec {},
            map: null
          },
          encoder: HttpUrlEncodingCodec {},
          map: null
        }
      }

      at ProcedimentoService.consultarProcedimentosPorTipoProcesso (src/app/shared/services/comum/procedimento.service.ts:36:17)

PASS src/app/shared/components/asc-pedido/asc-resumo/asc-card-beneficiario/asc-card-beneficiario.component.spec.ts
PASS src/app/funcionalidades/empresa-prestador-externo/empresa-prestador-externo-form/empresa-prestador-externo-form.component.spec.ts
PASS src/app/shared/services/comum/pedido/medicamento.service.spec.ts
PASS src/app/funcionalidades/pesquisar-processos-credenciado/resultado-pesquisa-processos-credenciado/resultado-pesquisa-processos-credenciado.component.spec.ts
PASS src/app/funcionalidades/email-situacao/email-situacao-form/email-situacao-form.component.spec.ts
PASS src/app/funcionalidades/parametrizacao-documento-processo/parametrizacao-documento-processo-form/parametrizacao-documento-processo-form.component.spec.ts
PASS src/app/funcionalidades/dependente/renovar/pagina-inicial/pagina-inicial.component.spec.ts
PASS src/app/funcionalidades/dependente/cadastro/pagina-inicial-alterar/pagina-inicial-alterar.component.spec.ts
PASS src/app/funcionalidades/adesao-titular/pagina-inicial/pagina-inicial-adesao-titular.component.spec.ts
PASS src/app/funcionalidades/patologia/patologia-home/patologia-home.component.spec.ts
PASS src/app/funcionalidades/patologia/patologia-listar/patologia-listar.component.spec.ts
PASS src/app/funcionalidades/mensagens/detalhar-mensagens/detalhar-mensagens.component.spec.ts
PASS src/app/funcionalidades/dados-cadastrais/dependente-detail/dependente-detail.component.spec.ts
  ● Console

    console.log
      idBeneficiario: 123

      at DependenteDetailComponent.ngOnInit (src/app/funcionalidades/dados-cadastrais/dependente-detail/dependente-detail.component.ts:32:15)

    console.log
      idBeneficiario: 123

      at DependenteDetailComponent.ngOnInit (src/app/funcionalidades/dados-cadastrais/dependente-detail/dependente-detail.component.ts:32:15)

    console.log
      idBeneficiario: 123

      at DependenteDetailComponent.ngOnInit (src/app/funcionalidades/dados-cadastrais/dependente-detail/dependente-detail.component.ts:32:15)

    console.log
      idBeneficiario: 123

      at DependenteDetailComponent.ngOnInit (src/app/funcionalidades/dados-cadastrais/dependente-detail/dependente-detail.component.ts:32:15)

    console.log
      idBeneficiario: 123

      at DependenteDetailComponent.ngOnInit (src/app/funcionalidades/dados-cadastrais/dependente-detail/dependente-detail.component.ts:32:15)

    console.log
      idBeneficiario: 123

      at DependenteDetailComponent.ngOnInit (src/app/funcionalidades/dados-cadastrais/dependente-detail/dependente-detail.component.ts:32:15)

    console.log
      idBeneficiario: 123

      at DependenteDetailComponent.ngOnInit (src/app/funcionalidades/dados-cadastrais/dependente-detail/dependente-detail.component.ts:32:15)

    console.log
      idBeneficiario: 123

      at DependenteDetailComponent.ngOnInit (src/app/funcionalidades/dados-cadastrais/dependente-detail/dependente-detail.component.ts:32:15)

    console.log
      idBeneficiario: 123

      at DependenteDetailComponent.ngOnInit (src/app/funcionalidades/dados-cadastrais/dependente-detail/dependente-detail.component.ts:32:15)

    console.log
      idBeneficiario: 123

      at DependenteDetailComponent.ngOnInit (src/app/funcionalidades/dados-cadastrais/dependente-detail/dependente-detail.component.ts:32:15)

    console.log
      idBeneficiario: 123

      at DependenteDetailComponent.ngOnInit (src/app/funcionalidades/dados-cadastrais/dependente-detail/dependente-detail.component.ts:32:15)

    console.log
      idBeneficiario: 123

      at DependenteDetailComponent.ngOnInit (src/app/funcionalidades/dados-cadastrais/dependente-detail/dependente-detail.component.ts:32:15)

    console.log
      idBeneficiario: 123

      at DependenteDetailComponent.ngOnInit (src/app/funcionalidades/dados-cadastrais/dependente-detail/dependente-detail.component.ts:32:15)

    console.log
      idBeneficiario: 123

      at DependenteDetailComponent.ngOnInit (src/app/funcionalidades/dados-cadastrais/dependente-detail/dependente-detail.component.ts:32:15)

    console.log
      idBeneficiario: 123

      at DependenteDetailComponent.ngOnInit (src/app/funcionalidades/dados-cadastrais/dependente-detail/dependente-detail.component.ts:32:15)

    console.log
      idBeneficiario: 123

      at DependenteDetailComponent.ngOnInit (src/app/funcionalidades/dados-cadastrais/dependente-detail/dependente-detail.component.ts:32:15)

    console.log
      idBeneficiario: 123

      at DependenteDetailComponent.ngOnInit (src/app/funcionalidades/dados-cadastrais/dependente-detail/dependente-detail.component.ts:32:15)

    console.log
      idBeneficiario: 123

      at DependenteDetailComponent.ngOnInit (src/app/funcionalidades/dados-cadastrais/dependente-detail/dependente-detail.component.ts:32:15)

    console.log
      idBeneficiario: 123

      at DependenteDetailComponent.ngOnInit (src/app/funcionalidades/dados-cadastrais/dependente-detail/dependente-detail.component.ts:32:15)

    console.log
      idBeneficiario: 123

      at DependenteDetailComponent.ngOnInit (src/app/funcionalidades/dados-cadastrais/dependente-detail/dependente-detail.component.ts:32:15)

PASS src/app/funcionalidades/processos/autorizacao-previa/detalhar-processo/detalhar-autorizacao-previa.component.spec.ts
PASS src/app/funcionalidades/pesquisar-processo-reembolso/pesquisar-processo-reembolso-home/pesquisar-processo-reembolso-home.component.spec.ts
  ● Console

    console.log
      this.route.snapshot.queryParams['idsEmpresasAuditoria']

      at Object.next (src/app/funcionalidades/pesquisar-processo-reembolso/pesquisar-processo-reembolso-home/pesquisar-processo-reembolso-home.component.ts:121:25)

    console.log
      undefined

      at Object.next (src/app/funcionalidades/pesquisar-processo-reembolso/pesquisar-processo-reembolso-home/pesquisar-processo-reembolso-home.component.ts:122:25)

    console.log
      this.route.snapshot.queryParams['idsEmpresasAuditoria']

      at Object.next (src/app/funcionalidades/pesquisar-processo-reembolso/pesquisar-processo-reembolso-home/pesquisar-processo-reembolso-home.component.ts:121:25)

    console.log
      undefined

      at Object.next (src/app/funcionalidades/pesquisar-processo-reembolso/pesquisar-processo-reembolso-home/pesquisar-processo-reembolso-home.component.ts:122:25)

    console.log
      this.route.snapshot.queryParams['idsEmpresasAuditoria']

      at Object.next (src/app/funcionalidades/pesquisar-processo-reembolso/pesquisar-processo-reembolso-home/pesquisar-processo-reembolso-home.component.ts:121:25)

    console.log
      undefined

      at Object.next (src/app/funcionalidades/pesquisar-processo-reembolso/pesquisar-processo-reembolso-home/pesquisar-processo-reembolso-home.component.ts:122:25)

    console.log
      this.formulario.get('empresasAuditoria').value ===============

      at PesquisarProcessoReembolsoHomeComponent.pesquisar (src/app/funcionalidades/pesquisar-processo-reembolso/pesquisar-processo-reembolso-home/pesquisar-processo-reembolso-home.component.ts:261:21)

    console.log
      []

      at PesquisarProcessoReembolsoHomeComponent.pesquisar (src/app/funcionalidades/pesquisar-processo-reembolso/pesquisar-processo-reembolso-home/pesquisar-processo-reembolso-home.component.ts:262:21)

    console.log
      strData = 01/01/2024 = 10

      at PesquisarProcessoReembolsoHomeComponent.formatarData (src/app/funcionalidades/pesquisar-processo-reembolso/pesquisar-processo-reembolso-home/pesquisar-processo-reembolso-home.component.ts:355:17)

    console.log
      strData = 31/12/2024 = 10

      at PesquisarProcessoReembolsoHomeComponent.formatarData (src/app/funcionalidades/pesquisar-processo-reembolso/pesquisar-processo-reembolso-home/pesquisar-processo-reembolso-home.component.ts:355:17)

    console.log
      strData = 01/01/2024 = 10

      at PesquisarProcessoReembolsoHomeComponent.formatarData (src/app/funcionalidades/pesquisar-processo-reembolso/pesquisar-processo-reembolso-home/pesquisar-processo-reembolso-home.component.ts:355:17)

    console.log
      this.route.snapshot.queryParams['idsEmpresasAuditoria']

      at Object.next (src/app/funcionalidades/pesquisar-processo-reembolso/pesquisar-processo-reembolso-home/pesquisar-processo-reembolso-home.component.ts:121:25)

    console.log
      undefined

      at Object.next (src/app/funcionalidades/pesquisar-processo-reembolso/pesquisar-processo-reembolso-home/pesquisar-processo-reembolso-home.component.ts:122:25)

PASS src/app/funcionalidades/pesquisar-processo-reembolso/pesquisar-processo-reembolso-form/pesquisar-processo-reembolso-form.component.spec.ts
PASS src/app/funcionalidades/pesquisar-processo-reembolso/pesquisar-processo-reembolso-listar/pesquisar-processo-reembolso-listar.component.spec.ts
PASS src/app/funcionalidades/processos/autorizacao-previa/resumo/resumo.component.spec.ts
PASS src/app/funcionalidades/parametrizacao-prazos/parametrizacao-prazos-form/parametrizacao-prazos-form.component.spec.ts
PASS src/app/funcionalidades/processos/autorizacao-previa/autorizacao-previa-base/autorizacao-previa-base.component.spec.ts
PASS src/app/shared/components/asc-pedido/asc-documentos/documento-card/asc-documento-card.component.spec.ts
PASS src/app/funcionalidades/mensagens/lista-mensagens/lista-mensagens.component.spec.ts
PASS src/app/funcionalidades/dependente/cadastro/pagina-inicial/pagina-inicial.component.spec.ts
PASS src/app/shared/services/comum/processo.service.spec.ts
  ● Console

    console.log
      1

      at ProcessoService.consultarPaginado (src/app/shared/services/comum/processo.service.ts:65:17)

    console.log
      2

      at ProcessoService.consultar (src/app/shared/services/comum/processo.service.ts:70:17)

    console.log
      /siasc-api/api/pedidos/pedidos-reembolso

      at ProcessoService.consultarProcessosReembolso (src/app/shared/services/comum/processo.service.ts:86:17)

    console.log
      {}

      at ProcessoService.consultarProcessosReembolso (src/app/shared/services/comum/processo.service.ts:87:17)

PASS src/app/arquitetura/seguranca/perfil/consulta/perfil-consulta.component.spec.ts
PASS src/app/funcionalidades/dependente/cadastro/etapa-resumo-alterar/etapa-resumo-alterar.component.spec.ts
PASS src/app/funcionalidades/dependente/cancelar/etapa-resumo-cancelar/etapa-resumo-cancelar.component.spec.ts
  ● Console

    console.log
      dataOcorrencia = undefined

      at EtapaResumoCancelarComponent.ngOnInit (src/app/funcionalidades/dependente/cancelar/etapa-resumo-cancelar/etapa-resumo-cancelar.component.ts:57:17)

    console.log
      motivoCancelamento = undefined

      at EtapaResumoCancelarComponent.ngOnInit (src/app/funcionalidades/dependente/cancelar/etapa-resumo-cancelar/etapa-resumo-cancelar.component.ts:58:17)

PASS src/app/funcionalidades/dependente/cancelar/etapa-motivo-beneficiario/etapa-motivo-beneficiario.component.spec.ts
PASS src/app/funcionalidades/medicamentos/listar-procedimentos-com-medicamento.component.spec.ts
PASS src/app/funcionalidades/parametrizacao-prazos/parametrizacao-prazos-listar/parametrizacao-prazos-listar.component.spec.ts
PASS src/app/funcionalidades/novo-pedido-credenciado/novo-pedido-credenciado.component.spec.ts
PASS src/app/funcionalidades/perfil-usuario-externo/perfil-usuario-externo-form/perfil-usuario-externo-form.component.spec.ts
PASS src/app/funcionalidades/processos/autorizacao-previa/validar-procedimentos/validar-procedimentos.component.spec.ts
PASS src/app/funcionalidades/acompanhamento/profissional-card/profissional-card.component.spec.ts
PASS src/app/shared/components/asc-pedido/asc-tipo-procedimento-form/asc-formulario-reembolso-consulta/asc-formulario-reembolso-consulta.component.spec.ts
PASS src/app/funcionalidades/documentos-tipo-processo/result/documentos-tipo-processo-result.component.spec.ts
PASS src/app/funcionalidades/dependente/cancelar/pagina-inicial/pagina-inicial.component.spec.ts
PASS src/app/funcionalidades/processos/autorizacao-previa/profissional/profissional.component.spec.ts
PASS src/app/funcionalidades/processos/autorizacao-previa/acompanhamento-apr/acompanhamento-apr/acompanhamento-apr.component.spec.ts
PASS src/app/funcionalidades/pesquisar-processos-credenciado/pesquisar-processos-v2/pesquisar-processos-v2.component.spec.ts
PASS src/app/funcionalidades/documentos-tipo-processo/param/documentos-tipo-processo-param.component.spec.ts
PASS src/app/funcionalidades/pesquisar-processos/pesquisar-processos-listar/pesquisar-processos-listar.component.spec.ts
PASS src/app/funcionalidades/perfil-usuario-externo/perfil-usuario-externo-buscar/perfil-usuario-externo-buscar.component.spec.ts
PASS src/app/funcionalidades/pesquisar-processos-credenciado/pesquisar-processos-lista-v2/pesquisar-processos-lista-v2.component.spec.ts
PASS src/app/funcionalidades/parametrizacao-documentos/parametrizacao-documentos-from/parametrizacao-documentos-from.component.spec.ts
PASS src/app/funcionalidades/beneficiario-pedido/beneficiario-pedido-form/beneficiario-pedido-form.component.spec.ts
PASS src/app/funcionalidades/acompanhamento/listagem/listagem.component.spec.ts
  ● Console

    console.log


      at new ListagemComponent (src/app/funcionalidades/acompanhamento/listagem/listagem.component.ts:10:27)

    console.log


      at ListagemComponent.ngOnInit (src/app/funcionalidades/acompanhamento/listagem/listagem.component.ts:12:24)

    console.log


      at new ListagemComponent (src/app/funcionalidades/acompanhamento/listagem/listagem.component.ts:10:27)

    console.log


      at ListagemComponent.ngOnInit (src/app/funcionalidades/acompanhamento/listagem/listagem.component.ts:12:24)

    console.log


      at new ListagemComponent (src/app/funcionalidades/acompanhamento/listagem/listagem.component.ts:10:27)

    console.log


      at ListagemComponent.ngOnInit (src/app/funcionalidades/acompanhamento/listagem/listagem.component.ts:12:24)

    console.log


      at new ListagemComponent (src/app/funcionalidades/acompanhamento/listagem/listagem.component.ts:10:27)

    console.log


      at ListagemComponent.ngOnInit (src/app/funcionalidades/acompanhamento/listagem/listagem.component.ts:12:24)

    console.log


      at new ListagemComponent (src/app/funcionalidades/acompanhamento/listagem/listagem.component.ts:10:27)

    console.log


      at ListagemComponent.ngOnInit (src/app/funcionalidades/acompanhamento/listagem/listagem.component.ts:12:24)

PASS src/app/funcionalidades/parametrizacao-documentos/parametrizacao-documentos-listar/parametrizacao-documentos-listar.component.spec.ts
PASS src/app/funcionalidades/processos/autorizacao-previa/pagina-inicial/pagina-inicial-apr.component.spec.ts
PASS src/app/funcionalidades/processos/autorizacao-previa/documentos/documentos.component.spec.ts
PASS src/app/funcionalidades/extrato/extrato-irpf/extrato-irpf.component.spec.ts
PASS src/app/funcionalidades/dependente/cancelar/pagina-inicial/cancelar-dependente.module.spec.ts
PASS src/app/shared/components/apresentador/apresentador.component.spec.ts
PASS src/app/funcionalidades/processos/autorizacao-previa/solicitacao/solicitacao.component.spec.ts
PASS src/app/shared/components/asc-pedido/asc-autorizacao-previa-components/procedimento-form/asc-procedimento-autorizacao-previa-form.component.spec.ts
PASS src/app/funcionalidades/beneficiario-pedido/beneficiario-pedido-listar/beneficiario-pedido-listar.component.spec.ts
PASS src/app/shared/components/asc-file/asc-file-selector/asc-file-selector.component.spec.ts
PASS src/app/app.component.spec.ts
PASS src/app/shared/services/comum/trilha-auditoria.service.spec.ts
PASS src/app/shared/services/comum/tipo-validacao.service.spec.ts
PASS src/app/shared/components/asc-file/custom-card-documento/custom-card-documento.component.spec.ts
PASS src/app/shared/services/comum/situacao-processo.service.spec.ts
PASS src/app/funcionalidades/acompanhamento/procedimento-pedido-card/procedimento-pedido-card.component.spec.ts
PASS src/app/shared/components/asc-buttons/asc-button-third/asc-button-third.component.spec.ts
PASS src/app/shared/components/asc-buttons/asc-button-secondary/asc-button-secondary.component.spec.ts
PASS src/app/arquitetura/home/home.component.spec.ts
PASS src/app/funcionalidades/pesquisar-processos-credenciado/pesquisar-processos-credenciado-listar/pesquisar-processos-credenciado-listar.component.spec.ts
PASS src/app/shared/services/comum/situacao-pedido.service.spec.ts
PASS src/app/funcionalidades/credenciados/credenciados/credenciados.component.spec.ts
PASS src/app/shared/services/comum/tipo-processo.service.spec.ts
PASS src/app/shared/services/comum/tipo-ocorrencia.service.spec.ts
PASS src/app/shared/components/base-layout/base-layout-home/base-layout-home.component.spec.ts
PASS src/app/shared/services/comum/tipo-deficiencia.service.spec.ts
PASS src/app/shared/components/asc-card/asc-card-component/asc-card-component.component.spec.ts
PASS src/app/shared/services/comum/tipo-beneficiario.service.spec.ts
PASS src/app/shared/services/comum/pedido/especialidade.service.spec.ts
PASS src/app/arquitetura/shared/templates/pagina-nao-encontrada.component.spec.ts
PASS src/app/shared/components/base-layout/base-layout-form/base-layout-form.component.spec.ts
PASS src/app/shared/services/comum/tipo-destinatario.service.spec.ts
PASS src/app/shared/components/asc-buttons/asc-button-primary/asc-button-primary.component.spec.ts
PASS src/app/shared/services/comum/tipo-dependente.service.spec.ts
PASS src/app/shared/components/asc-pedido/asc-resumo/asc-card-documento-fiscal/asc-card-documento-fiscal.component.spec.ts
PASS src/app/shared/services/cadastrobasico/lista.restritiva.service.spec.ts
PASS src/app/shared/components/asc-pedido/asc-dados-endereco-card/asc-dados-endereco-card.component.spec.ts
PASS src/app/funcionalidades/meus-dados/visualizar-dados-titular/dados-titular.component.spec.ts
PASS src/app/shared/components/asc-pedido/asc-resumo/asc-card-info-adicional/asc-card-info-adicional.component.spec.ts
PASS src/app/shared/components/asc-pedido/asc-documentos/documento-complementar/asc-documento-complementar-card.component.spec.ts
PASS src/app/shared/components/asc-pedido/asc-resumo/asc-card-dados-processo/asc-card-dados-processo.component.spec.ts
PASS src/app/shared/services/comum/patologia.service.spec.ts
PASS src/app/shared/services/comum/motivo-cancelamento.service.spec.ts
PASS src/app/shared/components/asc-pedido/asc-documentos/modal-visualizar-documento/asc-modal-visualizar-documento.component.spec.ts
PASS src/app/shared/services/comum/motivo-solicitacao.service.spec.ts
PASS src/app/shared/services/comum/profissional-executante.service.spec.ts
FAIL src/app/funcionalidades/processos/reembolso/reembolso-base/reembolso-base.component.spec.ts
  ● Test suite failed to run

    [96msrc/app/funcionalidades/processos/reembolso/reembolso-base/reembolso-base.component.spec.ts[0m:[93m140[0m:[93m3[0m - [91merror[0m[90m TS2554: [0mExpected 2 arguments, but got 3.

    [7m140[0m   beforeEach(async () => {
    [7m   [0m [91m  ~~~~~~~~~~~~~~~~~~~~~~~~[0m
    [7m141[0m     await TestBed.configureTestingModule({
    [7m   [0m [91m~~~~~~~~~~~~~~~~~~~~~~~~~~~~~~~~~~~~~~~~~~[0m
    [7m...[0m 
    [7m191[0m     }).compileComponents();
    [7m   [0m [91m~~~~~~~~~~~~~~~~~~~~~~~~~~~[0m
    [7m192[0m     });
    [7m   [0m [91m~~~~~~[0m
    [96msrc/app/funcionalidades/processos/reembolso/reembolso-base/reembolso-base.component.spec.ts[0m:[93m155[0m:[93m46[0m - [91merror[0m[90m TS2552: [0mCannot find name 'messageServiceSpy'. Did you mean 'MessageService'?

    [7m155[0m         { provide: MessageService, useValue: messageServiceSpy },
    [7m   [0m [91m                                             ~~~~~~~~~~~~~~~~~[0m
    [96msrc/app/funcionalidades/processos/reembolso/reembolso-base/reembolso-base.component.spec.ts[0m:[93m156[0m:[93m62[0m - [91merror[0m[90m TS2552: [0mCannot find name 'empresaPrestadorExternoServiceSpy'. Did you mean 'EmpresaPrestadorExternoService'?

    [7m156[0m         { provide: EmpresaPrestadorExternoService, useValue: empresaPrestadorExternoServiceSpy },
    [7m   [0m [91m                                                             ~~~~~~~~~~~~~~~~~~~~~~~~~~~~~~~~~[0m
    [96msrc/app/funcionalidades/processos/reembolso/reembolso-base/reembolso-base.component.spec.ts[0m:[93m157[0m:[93m46[0m - [91merror[0m[90m TS2552: [0mCannot find name 'activatedRouteSpy'. Did you mean 'ActivatedRoute'?

    [7m157[0m         { provide: ActivatedRoute, useValue: activatedRouteSpy },
    [7m   [0m [91m                                             ~~~~~~~~~~~~~~~~~[0m
    [96msrc/app/funcionalidades/processos/reembolso/reembolso-base/reembolso-base.component.spec.ts[0m:[93m158[0m:[93m38[0m - [91merror[0m[90m TS2552: [0mCannot find name 'routerSpy'. Did you mean 'Router'?

    [7m158[0m         { provide: Router, useValue: routerSpy },
    [7m   [0m [91m                                     ~~~~~~~~~[0m
    [96msrc/app/funcionalidades/processos/reembolso/reembolso-base/reembolso-base.component.spec.ts[0m:[93m159[0m:[93m40[0m - [91merror[0m[90m TS2552: [0mCannot find name 'locationSpy'. Did you mean 'location'?

    [7m159[0m         { provide: Location, useValue: locationSpy },
    [7m   [0m [91m                                       ~~~~~~~~~~~[0m

      [96mnode_modules/typescript/lib/lib.dom.d.ts[0m:[93m27014[0m:[93m13[0m
        [7m27014[0m declare var location: Location;
        [7m     [0m [96m            ~~~~~~~~[0m
        'location' is declared here.
    [96msrc/app/funcionalidades/processos/reembolso/reembolso-base/reembolso-base.component.spec.ts[0m:[93m160[0m:[93m44[0m - [91merror[0m[90m TS2304: [0mCannot find name 'comboServiceSpy'.

    [7m160[0m         { provide: ComboService, useValue: comboServiceSpy },
    [7m   [0m [91m                                           ~~~~~~~~~~~~~~~[0m
    [96msrc/app/funcionalidades/processos/reembolso/reembolso-base/reembolso-base.component.spec.ts[0m:[93m161[0m:[93m52[0m - [91merror[0m[90m TS2304: [0mCannot find name 'tipoDocumentoServiceSpy'.

    [7m161[0m         { provide: TipoDocumentoService, useValue: tipoDocumentoServiceSpy },
    [7m   [0m [91m                                                   ~~~~~~~~~~~~~~~~~~~~~~~[0m
    [96msrc/app/funcionalidades/processos/reembolso/reembolso-base/reembolso-base.component.spec.ts[0m:[93m162[0m:[93m48[0m - [91merror[0m[90m TS2304: [0mCannot find name 'documentoServiceSpy'.

    [7m162[0m         { provide: DocumentoService, useValue: documentoServiceSpy },
    [7m   [0m [91m                                               ~~~~~~~~~~~~~~~~~~~[0m
    [96msrc/app/funcionalidades/processos/reembolso/reembolso-base/reembolso-base.component.spec.ts[0m:[93m163[0m:[93m54[0m - [91merror[0m[90m TS2304: [0mCannot find name 'prazoTratamentoServiceSpy'.

    [7m163[0m         { provide: PrazoTratamentoService, useValue: prazoTratamentoServiceSpy },
    [7m   [0m [91m                                                     ~~~~~~~~~~~~~~~~~~~~~~~~~[0m
    [96msrc/app/funcionalidades/processos/reembolso/reembolso-base/reembolso-base.component.spec.ts[0m:[93m164[0m:[93m55[0m - [91merror[0m[90m TS2304: [0mCannot find name 'tipoBeneficiarioServiceSpy'.

    [7m164[0m         { provide: TipoBeneficiarioService, useValue: tipoBeneficiarioServiceSpy },
    [7m   [0m [91m                                                      ~~~~~~~~~~~~~~~~~~~~~~~~~~[0m
    [96msrc/app/funcionalidades/processos/reembolso/reembolso-base/reembolso-base.component.spec.ts[0m:[93m165[0m:[93m55[0m - [91merror[0m[90m TS2304: [0mCannot find name 'situacaoProcessoServiceSpy'.

    [7m165[0m         { provide: SituacaoProcessoService, useValue: situacaoProcessoServiceSpy },
    [7m   [0m [91m                                                      ~~~~~~~~~~~~~~~~~~~~~~~~~~[0m
    [96msrc/app/funcionalidades/processos/reembolso/reembolso-base/reembolso-base.component.spec.ts[0m:[93m166[0m:[93m48[0m - [91merror[0m[90m TS2304: [0mCannot find name 'patologiaServiceSpy'.

    [7m166[0m         { provide: PatologiaService, useValue: patologiaServiceSpy },
    [7m   [0m [91m                                               ~~~~~~~~~~~~~~~~~~~[0m
    [96msrc/app/funcionalidades/processos/reembolso/reembolso-base/reembolso-base.component.spec.ts[0m:[93m167[0m:[93m51[0m - [91merror[0m[90m TS2304: [0mCannot find name 'tipoProcessoServiceSpy'.

    [7m167[0m         { provide: TipoProcessoService, useValue: tipoProcessoServiceSpy },
    [7m   [0m [91m                                                  ~~~~~~~~~~~~~~~~~~~~~~[0m
    [96msrc/app/funcionalidades/processos/reembolso/reembolso-base/reembolso-base.component.spec.ts[0m:[93m168[0m:[93m45[0m - [91merror[0m[90m TS2304: [0mCannot find name 'sessaoServiceSpy'.

    [7m168[0m         { provide: SessaoService, useValue: sessaoServiceSpy },
    [7m   [0m [91m                                            ~~~~~~~~~~~~~~~~[0m
    [96msrc/app/funcionalidades/processos/reembolso/reembolso-base/reembolso-base.component.spec.ts[0m:[93m169[0m:[93m55[0m - [91merror[0m[90m TS2304: [0mCannot find name 'prestadorExternoServiceSpy'.

    [7m169[0m         { provide: PrestadorExternoService, useValue: prestadorExternoServiceSpy },
    [7m   [0m [91m                                                      ~~~~~~~~~~~~~~~~~~~~~~~~~~[0m
    [96msrc/app/funcionalidades/processos/reembolso/reembolso-base/reembolso-base.component.spec.ts[0m:[93m170[0m:[93m47[0m - [91merror[0m[90m TS2304: [0mCannot find name 'processoServiceSpy'.

    [7m170[0m         { provide: ProcessoService, useValue: processoServiceSpy },
    [7m   [0m [91m                                              ~~~~~~~~~~~~~~~~~~[0m
    [96msrc/app/funcionalidades/processos/reembolso/reembolso-base/reembolso-base.component.spec.ts[0m:[93m171[0m:[93m49[0m - [91merror[0m[90m TS2304: [0mCannot find name 'sIASCFluxoServiceSpy'.

    [7m171[0m         { provide: SIASCFluxoService, useValue: sIASCFluxoServiceSpy },
    [7m   [0m [91m                                                ~~~~~~~~~~~~~~~~~~~~[0m
    [96msrc/app/funcionalidades/processos/reembolso/reembolso-base/reembolso-base.component.spec.ts[0m:[93m172[0m:[93m56[0m - [91merror[0m[90m TS2304: [0mCannot find name 'autorizacaoPreviaServiceSpy'.

    [7m172[0m         { provide: AutorizacaoPreviaService, useValue: autorizacaoPreviaServiceSpy },
    [7m   [0m [91m                                                       ~~~~~~~~~~~~~~~~~~~~~~~~~~~[0m
    [96msrc/app/funcionalidades/processos/reembolso/reembolso-base/reembolso-base.component.spec.ts[0m:[93m173[0m:[93m51[0m - [91merror[0m[90m TS2304: [0mCannot find name 'procedimentoServiceeSpy'.

    [7m173[0m         { provide: ProcedimentoService, useValue: procedimentoServiceeSpy },
    [7m   [0m [91m                                                  ~~~~~~~~~~~~~~~~~~~~~~~[0m
    [96msrc/app/funcionalidades/processos/reembolso/reembolso-base/reembolso-base.component.spec.ts[0m:[93m174[0m:[93m57[0m - [91merror[0m[90m TS2304: [0mCannot find name 'caraterSolicitacaoServiceSpy'.

    [7m174[0m         { provide: CaraterSolicitacaoService, useValue: caraterSolicitacaoServiceSpy },
    [7m   [0m [91m                                                        ~~~~~~~~~~~~~~~~~~~~~~~~~~~~[0m
    [96msrc/app/funcionalidades/processos/reembolso/reembolso-base/reembolso-base.component.spec.ts[0m:[93m175[0m:[93m56[0m - [91merror[0m[90m TS2304: [0mCannot find name 'motivoSolicitacaoServiceSpy'.

    [7m175[0m         { provide: MotivoSolicitacaoService, useValue: motivoSolicitacaoServiceSpy },
    [7m   [0m [91m                                                       ~~~~~~~~~~~~~~~~~~~~~~~~~~~[0m
    [96msrc/app/funcionalidades/processos/reembolso/reembolso-base/reembolso-base.component.spec.ts[0m:[93m176[0m:[93m52[0m - [91merror[0m[90m TS2304: [0mCannot find name 'motivoNegacaoServiceSpy'.

    [7m176[0m         { provide: MotivoNegacaoService, useValue: motivoNegacaoServiceSpy },
    [7m   [0m [91m                                                   ~~~~~~~~~~~~~~~~~~~~~~~[0m
    [96msrc/app/funcionalidades/processos/reembolso/reembolso-base/reembolso-base.component.spec.ts[0m:[93m177[0m:[93m53[0m - [91merror[0m[90m TS2304: [0mCannot find name 'tipoOcorrenciaServiceSpy'.

    [7m177[0m         { provide: TipoOcorrenciaService, useValue: tipoOcorrenciaServiceSpy },
    [7m   [0m [91m                                                    ~~~~~~~~~~~~~~~~~~~~~~~~[0m
    [96msrc/app/funcionalidades/processos/reembolso/reembolso-base/reembolso-base.component.spec.ts[0m:[93m178[0m:[93m57[0m - [91merror[0m[90m TS2304: [0mCannot find name 'procedimentoPedidoServiceSpy'.

    [7m178[0m         { provide: ProcedimentoPedidoService, useValue: procedimentoPedidoServiceSpy },
    [7m   [0m [91m                                                        ~~~~~~~~~~~~~~~~~~~~~~~~~~~~[0m
    [96msrc/app/funcionalidades/processos/reembolso/reembolso-base/reembolso-base.component.spec.ts[0m:[93m179[0m:[93m51[0m - [91merror[0m[90m TS2304: [0mCannot find name 'beneficiarioServiceSpy'.

    [7m179[0m         { provide: BeneficiarioService, useValue: beneficiarioServiceSpy },
    [7m   [0m [91m                                                  ~~~~~~~~~~~~~~~~~~~~~~[0m
    [96msrc/app/funcionalidades/processos/reembolso/reembolso-base/reembolso-base.component.spec.ts[0m:[93m180[0m:[93m49[0m - [91merror[0m[90m TS2304: [0mCannot find name 'fileUploadServiceSpy'.

    [7m180[0m         { provide: FileUploadService, useValue: fileUploadServiceSpy },
    [7m   [0m [91m                                                ~~~~~~~~~~~~~~~~~~~~[0m
    [96msrc/app/funcionalidades/processos/reembolso/reembolso-base/reembolso-base.component.spec.ts[0m:[93m181[0m:[93m65[0m - [91merror[0m[90m TS2304: [0mCannot find name 'situacaoPedidoProcedimentoServiceSpy'.

    [7m181[0m         { provide: SituacaoPedidoProcedimentoService, useValue: situacaoPedidoProcedimentoServiceSpy },
    [7m   [0m [91m                                                                ~~~~~~~~~~~~~~~~~~~~~~~~~~~~~~~~~~~~[0m
    [96msrc/app/funcionalidades/processos/reembolso/reembolso-base/reembolso-base.component.spec.ts[0m:[93m182[0m:[93m50[0m - [91merror[0m[90m TS2304: [0mCannot find name 'medicamentoServiceSpy'.

    [7m182[0m         { provide: MedicamentoService, useValue: medicamentoServiceSpy },
    [7m   [0m [91m                                                 ~~~~~~~~~~~~~~~~~~~~~[0m
    [96msrc/app/funcionalidades/processos/reembolso/reembolso-base/reembolso-base.component.spec.ts[0m:[93m183[0m:[93m65[0m - [91merror[0m[90m TS2304: [0mCannot find name 'medicamentoPatologiaPedidoServiceSpy'.

    [7m183[0m         { provide: MedicamentoPatologiaPedidoService, useValue: medicamentoPatologiaPedidoServiceSpy },
    [7m   [0m [91m                                                                ~~~~~~~~~~~~~~~~~~~~~~~~~~~~~~~~~~~~[0m
    [96msrc/app/funcionalidades/processos/reembolso/reembolso-base/reembolso-base.component.spec.ts[0m:[93m184[0m:[93m54[0m - [91merror[0m[90m TS2304: [0mCannot find name 'documentoPedidoServiceSpy'.

    [7m184[0m         { provide: DocumentoPedidoService, useValue: documentoPedidoServiceSpy },
    [7m   [0m [91m                                                     ~~~~~~~~~~~~~~~~~~~~~~~~~[0m
    [96msrc/app/funcionalidades/processos/reembolso/reembolso-base/reembolso-base.component.spec.ts[0m:[93m185[0m:[93m69[0m - [91merror[0m[90m TS2304: [0mCannot find name 'documentoPedidoServiceSpy'.

    [7m185[0m         { provide: InscricaoProgramasMedicamentosService, useValue: documentoPedidoServiceSpy },
    [7m   [0m [91m                                                                    ~~~~~~~~~~~~~~~~~~~~~~~~~[0m
    [96msrc/app/funcionalidades/processos/reembolso/reembolso-base/reembolso-base.component.spec.ts[0m:[93m186[0m:[93m49[0m - [91merror[0m[90m TS2304: [0mCannot find name 'documentoPedidoServiceSpy'.

    [7m186[0m         { provide: LocalidadeService, useValue: documentoPedidoServiceSpy },
    [7m   [0m [91m                                                ~~~~~~~~~~~~~~~~~~~~~~~~~[0m
    [96msrc/app/funcionalidades/processos/reembolso/reembolso-base/reembolso-base.component.spec.ts[0m:[93m195[0m:[93m5[0m - [91merror[0m[90m TS2304: [0mCannot find name 'fixture'.

    [7m195[0m     fixture = TestBed.createComponent(ReembolsoBaseComponent);
    [7m   [0m [91m    ~~~~~~~[0m
    [96msrc/app/funcionalidades/processos/reembolso/reembolso-base/reembolso-base.component.spec.ts[0m:[93m196[0m:[93m5[0m - [91merror[0m[90m TS2304: [0mCannot find name 'component'.

    [7m196[0m     component = fixture.componentInstance;
    [7m   [0m [91m    ~~~~~~~~~[0m
    [96msrc/app/funcionalidades/processos/reembolso/reembolso-base/reembolso-base.component.spec.ts[0m:[93m196[0m:[93m17[0m - [91merror[0m[90m TS2304: [0mCannot find name 'fixture'.

    [7m196[0m     component = fixture.componentInstance;
    [7m   [0m [91m                ~~~~~~~[0m
    [96msrc/app/funcionalidades/processos/reembolso/reembolso-base/reembolso-base.component.spec.ts[0m:[93m197[0m:[93m5[0m - [91merror[0m[90m TS2304: [0mCannot find name 'fixture'.

    [7m197[0m     fixture.detectChanges();
    [7m   [0m [91m    ~~~~~~~[0m
    [96msrc/app/funcionalidades/processos/reembolso/reembolso-base/reembolso-base.component.spec.ts[0m:[93m201[0m:[93m12[0m - [91merror[0m[90m TS2304: [0mCannot find name 'component'.

    [7m201[0m     expect(component).toBeTruthy();
    [7m   [0m [91m           ~~~~~~~~~[0m
    [96msrc/app/funcionalidades/processos/reembolso/reembolso-base/reembolso-base.component.spec.ts[0m:[93m140[0m:[93m3[0m - [91merror[0m[90m TS1005: [0m',' expected.

    [7m140[0m   beforeEach(async () => {
    [7m   [0m [91m  ~~~~~~~~~~[0m
    [96msrc/app/funcionalidades/processos/reembolso/reembolso-base/reembolso-base.component.spec.ts[0m:[93m192[0m:[93m7[0m - [91merror[0m[90m TS1005: [0m')' expected.

    [7m192[0m     });
    [7m   [0m [91m      ~[0m
    [96msrc/app/funcionalidades/processos/reembolso/reembolso-base/reembolso-base.component.spec.ts[0m:[93m204[0m:[93m1[0m - [91merror[0m[90m TS1128: [0mDeclaration or statement expected.

    [7m204[0m });
    [7m   [0m [91m~[0m
    [96msrc/app/funcionalidades/processos/reembolso/reembolso-base/reembolso-base.component.spec.ts[0m:[93m204[0m:[93m2[0m - [91merror[0m[90m TS1128: [0mDeclaration or statement expected.

    [7m204[0m });
    [7m   [0m [91m ~[0m

FAIL src/app/funcionalidades/processos/reembolso/acompanhamento-reembolso/acompanhamento/acompanhamento.component.spec.ts
  ● Test suite failed to run

    [96msrc/app/funcionalidades/processos/reembolso/acompanhamento-reembolso/acompanhamento/acompanhamento.component.spec.ts[0m:[93m141[0m:[93m3[0m - [91merror[0m[90m TS2554: [0mExpected 2 arguments, but got 3.

    [7m141[0m   beforeEach(async () => {
    [7m   [0m [91m  ~~~~~~~~~~~~~~~~~~~~~~~~[0m
    [7m142[0m     await TestBed.configureTestingModule({
    [7m   [0m [91m~~~~~~~~~~~~~~~~~~~~~~~~~~~~~~~~~~~~~~~~~~[0m
    [7m...[0m 
    [7m191[0m     }).compileComponents();
    [7m   [0m [91m~~~~~~~~~~~~~~~~~~~~~~~~~~~[0m
    [7m192[0m     });
    [7m   [0m [91m~~~~~~[0m
    [96msrc/app/funcionalidades/processos/reembolso/acompanhamento-reembolso/acompanhamento/acompanhamento.component.spec.ts[0m:[93m156[0m:[93m46[0m - [91merror[0m[90m TS2552: [0mCannot find name 'messageServiceSpy'. Did you mean 'MessageService'?

    [7m156[0m         { provide: MessageService, useValue: messageServiceSpy },
    [7m   [0m [91m                                             ~~~~~~~~~~~~~~~~~[0m
    [96msrc/app/funcionalidades/processos/reembolso/acompanhamento-reembolso/acompanhamento/acompanhamento.component.spec.ts[0m:[93m157[0m:[93m62[0m - [91merror[0m[90m TS2552: [0mCannot find name 'empresaPrestadorExternoServiceSpy'. Did you mean 'EmpresaPrestadorExternoService'?

    [7m157[0m         { provide: EmpresaPrestadorExternoService, useValue: empresaPrestadorExternoServiceSpy },
    [7m   [0m [91m                                                             ~~~~~~~~~~~~~~~~~~~~~~~~~~~~~~~~~[0m
    [96msrc/app/funcionalidades/processos/reembolso/acompanhamento-reembolso/acompanhamento/acompanhamento.component.spec.ts[0m:[93m158[0m:[93m46[0m - [91merror[0m[90m TS2552: [0mCannot find name 'activatedRouteSpy'. Did you mean 'ActivatedRoute'?

    [7m158[0m         { provide: ActivatedRoute, useValue: activatedRouteSpy },
    [7m   [0m [91m                                             ~~~~~~~~~~~~~~~~~[0m
    [96msrc/app/funcionalidades/processos/reembolso/acompanhamento-reembolso/acompanhamento/acompanhamento.component.spec.ts[0m:[93m159[0m:[93m38[0m - [91merror[0m[90m TS2552: [0mCannot find name 'routerSpy'. Did you mean 'Router'?

    [7m159[0m         { provide: Router, useValue: routerSpy },
    [7m   [0m [91m                                     ~~~~~~~~~[0m
    [96msrc/app/funcionalidades/processos/reembolso/acompanhamento-reembolso/acompanhamento/acompanhamento.component.spec.ts[0m:[93m160[0m:[93m40[0m - [91merror[0m[90m TS2552: [0mCannot find name 'locationSpy'. Did you mean 'location'?

    [7m160[0m         { provide: Location, useValue: locationSpy },
    [7m   [0m [91m                                       ~~~~~~~~~~~[0m

      [96mnode_modules/typescript/lib/lib.dom.d.ts[0m:[93m27014[0m:[93m13[0m
        [7m27014[0m declare var location: Location;
        [7m     [0m [96m            ~~~~~~~~[0m
        'location' is declared here.
    [96msrc/app/funcionalidades/processos/reembolso/acompanhamento-reembolso/acompanhamento/acompanhamento.component.spec.ts[0m:[93m161[0m:[93m44[0m - [91merror[0m[90m TS2304: [0mCannot find name 'comboServiceSpy'.

    [7m161[0m         { provide: ComboService, useValue: comboServiceSpy },
    [7m   [0m [91m                                           ~~~~~~~~~~~~~~~[0m
    [96msrc/app/funcionalidades/processos/reembolso/acompanhamento-reembolso/acompanhamento/acompanhamento.component.spec.ts[0m:[93m162[0m:[93m52[0m - [91merror[0m[90m TS2304: [0mCannot find name 'tipoDocumentoServiceSpy'.

    [7m162[0m         { provide: TipoDocumentoService, useValue: tipoDocumentoServiceSpy },
    [7m   [0m [91m                                                   ~~~~~~~~~~~~~~~~~~~~~~~[0m
    [96msrc/app/funcionalidades/processos/reembolso/acompanhamento-reembolso/acompanhamento/acompanhamento.component.spec.ts[0m:[93m163[0m:[93m48[0m - [91merror[0m[90m TS2304: [0mCannot find name 'documentoServiceSpy'.

    [7m163[0m         { provide: DocumentoService, useValue: documentoServiceSpy },
    [7m   [0m [91m                                               ~~~~~~~~~~~~~~~~~~~[0m
    [96msrc/app/funcionalidades/processos/reembolso/acompanhamento-reembolso/acompanhamento/acompanhamento.component.spec.ts[0m:[93m164[0m:[93m54[0m - [91merror[0m[90m TS2304: [0mCannot find name 'prazoTratamentoServiceSpy'.

    [7m164[0m         { provide: PrazoTratamentoService, useValue: prazoTratamentoServiceSpy },
    [7m   [0m [91m                                                     ~~~~~~~~~~~~~~~~~~~~~~~~~[0m
    [96msrc/app/funcionalidades/processos/reembolso/acompanhamento-reembolso/acompanhamento/acompanhamento.component.spec.ts[0m:[93m165[0m:[93m55[0m - [91merror[0m[90m TS2304: [0mCannot find name 'tipoBeneficiarioServiceSpy'.

    [7m165[0m         { provide: TipoBeneficiarioService, useValue: tipoBeneficiarioServiceSpy },
    [7m   [0m [91m                                                      ~~~~~~~~~~~~~~~~~~~~~~~~~~[0m
    [96msrc/app/funcionalidades/processos/reembolso/acompanhamento-reembolso/acompanhamento/acompanhamento.component.spec.ts[0m:[93m166[0m:[93m55[0m - [91merror[0m[90m TS2304: [0mCannot find name 'situacaoProcessoServiceSpy'.

    [7m166[0m         { provide: SituacaoProcessoService, useValue: situacaoProcessoServiceSpy },
    [7m   [0m [91m                                                      ~~~~~~~~~~~~~~~~~~~~~~~~~~[0m
    [96msrc/app/funcionalidades/processos/reembolso/acompanhamento-reembolso/acompanhamento/acompanhamento.component.spec.ts[0m:[93m167[0m:[93m48[0m - [91merror[0m[90m TS2304: [0mCannot find name 'patologiaServiceSpy'.

    [7m167[0m         { provide: PatologiaService, useValue: patologiaServiceSpy },
    [7m   [0m [91m                                               ~~~~~~~~~~~~~~~~~~~[0m
    [96msrc/app/funcionalidades/processos/reembolso/acompanhamento-reembolso/acompanhamento/acompanhamento.component.spec.ts[0m:[93m168[0m:[93m51[0m - [91merror[0m[90m TS2304: [0mCannot find name 'tipoProcessoServiceSpy'.

    [7m168[0m         { provide: TipoProcessoService, useValue: tipoProcessoServiceSpy },
    [7m   [0m [91m                                                  ~~~~~~~~~~~~~~~~~~~~~~[0m
    [96msrc/app/funcionalidades/processos/reembolso/acompanhamento-reembolso/acompanhamento/acompanhamento.component.spec.ts[0m:[93m169[0m:[93m45[0m - [91merror[0m[90m TS2304: [0mCannot find name 'sessaoServiceSpy'.

    [7m169[0m         { provide: SessaoService, useValue: sessaoServiceSpy },
    [7m   [0m [91m                                            ~~~~~~~~~~~~~~~~[0m
    [96msrc/app/funcionalidades/processos/reembolso/acompanhamento-reembolso/acompanhamento/acompanhamento.component.spec.ts[0m:[93m170[0m:[93m55[0m - [91merror[0m[90m TS2304: [0mCannot find name 'prestadorExternoServiceSpy'.

    [7m170[0m         { provide: PrestadorExternoService, useValue: prestadorExternoServiceSpy },
    [7m   [0m [91m                                                      ~~~~~~~~~~~~~~~~~~~~~~~~~~[0m
    [96msrc/app/funcionalidades/processos/reembolso/acompanhamento-reembolso/acompanhamento/acompanhamento.component.spec.ts[0m:[93m171[0m:[93m47[0m - [91merror[0m[90m TS2304: [0mCannot find name 'processoServiceSpy'.

    [7m171[0m         { provide: ProcessoService, useValue: processoServiceSpy },
    [7m   [0m [91m                                              ~~~~~~~~~~~~~~~~~~[0m
    [96msrc/app/funcionalidades/processos/reembolso/acompanhamento-reembolso/acompanhamento/acompanhamento.component.spec.ts[0m:[93m172[0m:[93m49[0m - [91merror[0m[90m TS2304: [0mCannot find name 'sIASCFluxoServiceSpy'.

    [7m172[0m         { provide: SIASCFluxoService, useValue: sIASCFluxoServiceSpy },
    [7m   [0m [91m                                                ~~~~~~~~~~~~~~~~~~~~[0m
    [96msrc/app/funcionalidades/processos/reembolso/acompanhamento-reembolso/acompanhamento/acompanhamento.component.spec.ts[0m:[93m173[0m:[93m56[0m - [91merror[0m[90m TS2304: [0mCannot find name 'autorizacaoPreviaServiceSpy'.

    [7m173[0m         { provide: AutorizacaoPreviaService, useValue: autorizacaoPreviaServiceSpy },
    [7m   [0m [91m                                                       ~~~~~~~~~~~~~~~~~~~~~~~~~~~[0m
    [96msrc/app/funcionalidades/processos/reembolso/acompanhamento-reembolso/acompanhamento/acompanhamento.component.spec.ts[0m:[93m174[0m:[93m51[0m - [91merror[0m[90m TS2304: [0mCannot find name 'procedimentoServiceeSpy'.

    [7m174[0m         { provide: ProcedimentoService, useValue: procedimentoServiceeSpy },
    [7m   [0m [91m                                                  ~~~~~~~~~~~~~~~~~~~~~~~[0m
    [96msrc/app/funcionalidades/processos/reembolso/acompanhamento-reembolso/acompanhamento/acompanhamento.component.spec.ts[0m:[93m175[0m:[93m57[0m - [91merror[0m[90m TS2304: [0mCannot find name 'caraterSolicitacaoServiceSpy'.

    [7m175[0m         { provide: CaraterSolicitacaoService, useValue: caraterSolicitacaoServiceSpy },
    [7m   [0m [91m                                                        ~~~~~~~~~~~~~~~~~~~~~~~~~~~~[0m
    [96msrc/app/funcionalidades/processos/reembolso/acompanhamento-reembolso/acompanhamento/acompanhamento.component.spec.ts[0m:[93m176[0m:[93m56[0m - [91merror[0m[90m TS2304: [0mCannot find name 'motivoSolicitacaoServiceSpy'.

    [7m176[0m         { provide: MotivoSolicitacaoService, useValue: motivoSolicitacaoServiceSpy },
    [7m   [0m [91m                                                       ~~~~~~~~~~~~~~~~~~~~~~~~~~~[0m
    [96msrc/app/funcionalidades/processos/reembolso/acompanhamento-reembolso/acompanhamento/acompanhamento.component.spec.ts[0m:[93m177[0m:[93m52[0m - [91merror[0m[90m TS2304: [0mCannot find name 'motivoNegacaoServiceSpy'.

    [7m177[0m         { provide: MotivoNegacaoService, useValue: motivoNegacaoServiceSpy },
    [7m   [0m [91m                                                   ~~~~~~~~~~~~~~~~~~~~~~~[0m
    [96msrc/app/funcionalidades/processos/reembolso/acompanhamento-reembolso/acompanhamento/acompanhamento.component.spec.ts[0m:[93m178[0m:[93m53[0m - [91merror[0m[90m TS2304: [0mCannot find name 'tipoOcorrenciaServiceSpy'.

    [7m178[0m         { provide: TipoOcorrenciaService, useValue: tipoOcorrenciaServiceSpy },
    [7m   [0m [91m                                                    ~~~~~~~~~~~~~~~~~~~~~~~~[0m
    [96msrc/app/funcionalidades/processos/reembolso/acompanhamento-reembolso/acompanhamento/acompanhamento.component.spec.ts[0m:[93m179[0m:[93m57[0m - [91merror[0m[90m TS2304: [0mCannot find name 'procedimentoPedidoServiceSpy'.

    [7m179[0m         { provide: ProcedimentoPedidoService, useValue: procedimentoPedidoServiceSpy },
    [7m   [0m [91m                                                        ~~~~~~~~~~~~~~~~~~~~~~~~~~~~[0m
    [96msrc/app/funcionalidades/processos/reembolso/acompanhamento-reembolso/acompanhamento/acompanhamento.component.spec.ts[0m:[93m180[0m:[93m51[0m - [91merror[0m[90m TS2304: [0mCannot find name 'beneficiarioServiceSpy'.

    [7m180[0m         { provide: BeneficiarioService, useValue: beneficiarioServiceSpy },
    [7m   [0m [91m                                                  ~~~~~~~~~~~~~~~~~~~~~~[0m
    [96msrc/app/funcionalidades/processos/reembolso/acompanhamento-reembolso/acompanhamento/acompanhamento.component.spec.ts[0m:[93m181[0m:[93m49[0m - [91merror[0m[90m TS2304: [0mCannot find name 'fileUploadServiceSpy'.

    [7m181[0m         { provide: FileUploadService, useValue: fileUploadServiceSpy },
    [7m   [0m [91m                                                ~~~~~~~~~~~~~~~~~~~~[0m
    [96msrc/app/funcionalidades/processos/reembolso/acompanhamento-reembolso/acompanhamento/acompanhamento.component.spec.ts[0m:[93m182[0m:[93m65[0m - [91merror[0m[90m TS2304: [0mCannot find name 'situacaoPedidoProcedimentoServiceSpy'.

    [7m182[0m         { provide: SituacaoPedidoProcedimentoService, useValue: situacaoPedidoProcedimentoServiceSpy },
    [7m   [0m [91m                                                                ~~~~~~~~~~~~~~~~~~~~~~~~~~~~~~~~~~~~[0m
    [96msrc/app/funcionalidades/processos/reembolso/acompanhamento-reembolso/acompanhamento/acompanhamento.component.spec.ts[0m:[93m183[0m:[93m50[0m - [91merror[0m[90m TS2304: [0mCannot find name 'medicamentoServiceSpy'.

    [7m183[0m         { provide: MedicamentoService, useValue: medicamentoServiceSpy },
    [7m   [0m [91m                                                 ~~~~~~~~~~~~~~~~~~~~~[0m
    [96msrc/app/funcionalidades/processos/reembolso/acompanhamento-reembolso/acompanhamento/acompanhamento.component.spec.ts[0m:[93m184[0m:[93m65[0m - [91merror[0m[90m TS2304: [0mCannot find name 'medicamentoPatologiaPedidoServiceSpy'.

    [7m184[0m         { provide: MedicamentoPatologiaPedidoService, useValue: medicamentoPatologiaPedidoServiceSpy },
    [7m   [0m [91m                                                                ~~~~~~~~~~~~~~~~~~~~~~~~~~~~~~~~~~~~[0m
    [96msrc/app/funcionalidades/processos/reembolso/acompanhamento-reembolso/acompanhamento/acompanhamento.component.spec.ts[0m:[93m185[0m:[93m54[0m - [91merror[0m[90m TS2304: [0mCannot find name 'documentoPedidoServiceSpy'.

    [7m185[0m         { provide: DocumentoPedidoService, useValue: documentoPedidoServiceSpy },
    [7m   [0m [91m                                                     ~~~~~~~~~~~~~~~~~~~~~~~~~[0m
    [96msrc/app/funcionalidades/processos/reembolso/acompanhamento-reembolso/acompanhamento/acompanhamento.component.spec.ts[0m:[93m186[0m:[93m69[0m - [91merror[0m[90m TS2304: [0mCannot find name 'documentoPedidoServiceSpy'.

    [7m186[0m         { provide: InscricaoProgramasMedicamentosService, useValue: documentoPedidoServiceSpy },
    [7m   [0m [91m                                                                    ~~~~~~~~~~~~~~~~~~~~~~~~~[0m
    [96msrc/app/funcionalidades/processos/reembolso/acompanhamento-reembolso/acompanhamento/acompanhamento.component.spec.ts[0m:[93m195[0m:[93m5[0m - [91merror[0m[90m TS2304: [0mCannot find name 'fixture'.

    [7m195[0m     fixture = TestBed.createComponent(AcompanhamentoComponent);
    [7m   [0m [91m    ~~~~~~~[0m
    [96msrc/app/funcionalidades/processos/reembolso/acompanhamento-reembolso/acompanhamento/acompanhamento.component.spec.ts[0m:[93m196[0m:[93m5[0m - [91merror[0m[90m TS2304: [0mCannot find name 'component'.

    [7m196[0m     component = fixture.componentInstance;
    [7m   [0m [91m    ~~~~~~~~~[0m
    [96msrc/app/funcionalidades/processos/reembolso/acompanhamento-reembolso/acompanhamento/acompanhamento.component.spec.ts[0m:[93m196[0m:[93m17[0m - [91merror[0m[90m TS2304: [0mCannot find name 'fixture'.

    [7m196[0m     component = fixture.componentInstance;
    [7m   [0m [91m                ~~~~~~~[0m
    [96msrc/app/funcionalidades/processos/reembolso/acompanhamento-reembolso/acompanhamento/acompanhamento.component.spec.ts[0m:[93m197[0m:[93m5[0m - [91merror[0m[90m TS2304: [0mCannot find name 'fixture'.

    [7m197[0m     fixture.detectChanges();
    [7m   [0m [91m    ~~~~~~~[0m
    [96msrc/app/funcionalidades/processos/reembolso/acompanhamento-reembolso/acompanhamento/acompanhamento.component.spec.ts[0m:[93m201[0m:[93m12[0m - [91merror[0m[90m TS2304: [0mCannot find name 'component'.

    [7m201[0m     expect(component).toBeTruthy();
    [7m   [0m [91m           ~~~~~~~~~[0m
    [96msrc/app/funcionalidades/processos/reembolso/acompanhamento-reembolso/acompanhamento/acompanhamento.component.spec.ts[0m:[93m141[0m:[93m3[0m - [91merror[0m[90m TS1005: [0m',' expected.

    [7m141[0m   beforeEach(async () => {
    [7m   [0m [91m  ~~~~~~~~~~[0m
    [96msrc/app/funcionalidades/processos/reembolso/acompanhamento-reembolso/acompanhamento/acompanhamento.component.spec.ts[0m:[93m192[0m:[93m7[0m - [91merror[0m[90m TS1005: [0m')' expected.

    [7m192[0m     });
    [7m   [0m [91m      ~[0m
    [96msrc/app/funcionalidades/processos/reembolso/acompanhamento-reembolso/acompanhamento/acompanhamento.component.spec.ts[0m:[93m204[0m:[93m1[0m - [91merror[0m[90m TS1128: [0mDeclaration or statement expected.

    [7m204[0m });
    [7m   [0m [91m~[0m
    [96msrc/app/funcionalidades/processos/reembolso/acompanhamento-reembolso/acompanhamento/acompanhamento.component.spec.ts[0m:[93m204[0m:[93m2[0m - [91merror[0m[90m TS1128: [0mDeclaration or statement expected.

    [7m204[0m });
    [7m   [0m [91m ~[0m

FAIL src/app/funcionalidades/processos/reembolso/recibo/recibo.component.spec.ts
  ● Test suite failed to run

    [96msrc/app/funcionalidades/processos/reembolso/recibo/recibo.component.spec.ts[0m:[93m30[0m:[93m29[0m - [91merror[0m[90m TS2352: [0mConversion of type '{ getDescription: jest.Mock<any, any, any>; }' to type 'Mocked<Partial<ActivatedRoute>>' may be a mistake because neither type sufficiently overlaps with the other. If this was intentional, convert the expression to 'unknown' first.
      Type '{ getDescription: jest.Mock<any, any, any>; }' is not comparable to type '{ outlet?: string; component?: MockedClass<Type<any>>; snapshot?: ActivatedRouteSnapshot; readonly title?: Observable<string>; ... 13 more ...; toString?: MockInstance<...>; }'.
        Types of property 'toString' are incompatible.
          Type '() => string' is not comparable to type 'MockInstance<string, [], unknown>'.

    [7m30[0m   const activatedRouteSpy = {
    [7m  [0m [91m                            ~[0m
    [7m31[0m     getDescription: jest.fn()
    [7m  [0m [91m~~~~~~~~~~~~~~~~~~~~~~~~~~~~~[0m
    [7m32[0m   } as jest.Mocked<Partial<ActivatedRoute>>;
    [7m  [0m [91m~~~~~~~~~~~~~~~~~~~~~~~~~~~~~~~~~~~~~~~~~~~[0m
    [96msrc/app/funcionalidades/processos/reembolso/recibo/recibo.component.spec.ts[0m:[93m36[0m:[93m23[0m - [91merror[0m[90m TS2352: [0mConversion of type '{ getDescription: jest.Mock<any, any, any>; }' to type 'Mocked<Partial<Location>>' may be a mistake because neither type sufficiently overlaps with the other. If this was intentional, convert the expression to 'unknown' first.
      Type '{ getDescription: jest.Mock<any, any, any>; }' is not comparable to type '{ readonly ancestorOrigins?: DOMStringList; hash?: string; host?: string; hostname?: string; href?: string; toString?: MockInstance<string, [], unknown>; readonly origin?: string; ... 6 more ...; replace?: MockInstance<...>; }'.
        Types of property 'toString' are incompatible.
          Type '() => string' is not comparable to type 'MockInstance<string, [], unknown>'.

    [7m36[0m   const locationSpy = {
    [7m  [0m [91m                      ~[0m
    [7m37[0m     getDescription: jest.fn()
    [7m  [0m [91m~~~~~~~~~~~~~~~~~~~~~~~~~~~~~[0m
    [7m38[0m   } as jest.Mocked<Partial<Location>>;
    [7m  [0m [91m~~~~~~~~~~~~~~~~~~~~~~~~~~~~~~~~~~~~~[0m
    [96msrc/app/funcionalidades/processos/reembolso/recibo/recibo.component.spec.ts[0m:[93m119[0m:[93m3[0m - [91merror[0m[90m TS2322: [0mType 'Observable<{}>' is not assignable to type 'MockInstance<Observable<any>, [filtro: FiltroConsultaPrestadorExterno], unknown> & ((filtro: FiltroConsultaPrestadorExterno) => Observable<...>)'.
      Type 'Observable<{}>' is missing the following properties from type 'MockInstance<Observable<any>, [filtro: FiltroConsultaPrestadorExterno], unknown>': getMockName, mock, mockClear, mockReset, and 13 more.

    [7m119[0m   prestadorExternoServiceSpy.consultarUsuarioExternoPorFiltro = of({})
    [7m   [0m [91m  ~~~~~~~~~~~~~~~~~~~~~~~~~~~~~~~~~~~~~~~~~~~~~~~~~~~~~~~~~~~[0m
    [96msrc/app/funcionalidades/processos/reembolso/recibo/recibo.component.spec.ts[0m:[93m121[0m:[93m75[0m - [91merror[0m[90m TS2345: [0mArgument of type 'Observable<{}>' is not assignable to parameter of type 'Observable<DadoComboDTO[]>'.
      Type '{}' is missing the following properties from type 'DadoComboDTO[]': length, pop, push, concat, and 29 more.

    [7m121[0m   comboServiceSpy.consultarComboPerfisPrestadoresExternos.mockReturnValue(of({}));
    [7m   [0m [91m                                                                          ~~~~~~[0m
    [96msrc/app/funcionalidades/processos/reembolso/recibo/recibo.component.spec.ts[0m:[93m122[0m:[93m62[0m - [91merror[0m[90m TS2345: [0mArgument of type 'Observable<{}>' is not assignable to parameter of type 'Observable<DadoComboDTO[]>'.
      Type '{}' is missing the following properties from type 'DadoComboDTO[]': length, pop, push, concat, and 29 more.

    [7m122[0m   comboServiceSpy.consultarComboTiposAuditor.mockReturnValue(of({}));
    [7m   [0m [91m                                                             ~~~~~~[0m
    [96msrc/app/funcionalidades/processos/reembolso/recibo/recibo.component.spec.ts[0m:[93m123[0m:[93m58[0m - [91merror[0m[90m TS2345: [0mArgument of type 'Observable<{}>' is not assignable to parameter of type 'Observable<TipoDocumento[]>'.
      Type '{}' is missing the following properties from type 'TipoDocumento[]': length, pop, push, concat, and 29 more.

    [7m123[0m   tipoDocumentoServiceSpy.consultarTodos.mockReturnValue(of({}));
    [7m   [0m [91m                                                         ~~~~~~[0m
    [96msrc/app/funcionalidades/processos/reembolso/recibo/recibo.component.spec.ts[0m:[93m124[0m:[93m43[0m - [91merror[0m[90m TS2345: [0mArgument of type 'Observable<{}>' is not assignable to parameter of type 'Observable<Documento | Documento[]>'.
      Type '{}' is not assignable to type 'Documento | Documento[]'.

    [7m124[0m   documentoServiceSpy.get.mockReturnValue(of({}));
    [7m   [0m [91m                                          ~~~~~~[0m
    [96msrc/app/funcionalidades/processos/reembolso/recibo/recibo.component.spec.ts[0m:[93m125[0m:[93m64[0m - [91merror[0m[90m TS2345: [0mArgument of type 'Observable<{}>' is not assignable to parameter of type 'Observable<Documento[]>'.
      Type '{}' is missing the following properties from type 'Documento[]': length, pop, push, concat, and 29 more.

    [7m125[0m   prazoTratamentoServiceSpy.consultarPorFiltro.mockReturnValue(of({}));
    [7m   [0m [91m                                                               ~~~~~~[0m
    [96msrc/app/funcionalidades/processos/reembolso/recibo/recibo.component.spec.ts[0m:[93m126[0m:[93m78[0m - [91merror[0m[90m TS2345: [0mArgument of type 'Observable<{}>' is not assignable to parameter of type 'Observable<SituacaoProcesso[]>'.
      Type '{}' is missing the following properties from type 'SituacaoProcesso[]': length, pop, push, concat, and 29 more.

    [7m126[0m   situacaoProcessoServiceSpy.consultarTodasTransicoesManuais.mockReturnValue(of({}));
    [7m   [0m [91m                                                                             ~~~~~~[0m
    [96msrc/app/funcionalidades/processos/reembolso/recibo/recibo.component.spec.ts[0m:[93m127[0m:[93m57[0m - [91merror[0m[90m TS2345: [0mArgument of type 'Observable<{}>' is not assignable to parameter of type 'Observable<Patologia>'.
      Property 'id' is missing in type '{}' but required in type 'Patologia'.

    [7m127[0m   patologiaServiceSpy.consultarDTOPorId.mockReturnValue(of({}));
    [7m   [0m [91m                                                        ~~~~~~[0m

      [96msrc/app/shared/models/comum/patologia.ts[0m:[93m17[0m:[93m21[0m
        [7m17[0m     public override id: number;
        [7m  [0m [96m                    ~~[0m
        'id' is declared here.
    [96msrc/app/funcionalidades/processos/reembolso/recibo/recibo.component.spec.ts[0m:[93m128[0m:[93m74[0m - [91merror[0m[90m TS2345: [0mArgument of type 'Observable<{}>' is not assignable to parameter of type 'Observable<PermissoesSituacaoProcesso>'.
      Type '{}' is missing the following properties from type 'PermissoesSituacaoProcesso': perfil, status, acessar, editar, and 4 more.

    [7m128[0m   sIASCFluxoServiceSpy.consultarPermissoesFluxoPorPedido.mockReturnValue(of({}));
    [7m   [0m [91m                                                                         ~~~~~~[0m
    [96msrc/app/funcionalidades/processos/reembolso/recibo/recibo.component.spec.ts[0m:[93m129[0m:[93m74[0m - [91merror[0m[90m TS2345: [0mArgument of type 'Observable<{}>' is not assignable to parameter of type 'Observable<PermissoesSituacaoProcesso>'.
      Type '{}' is missing the following properties from type 'PermissoesSituacaoProcesso': perfil, status, acessar, editar, and 4 more.

    [7m129[0m   sIASCFluxoServiceSpy.consultarPermissoesFluxoPorPedido.mockReturnValue(of({}));
    [7m   [0m [91m                                                                         ~~~~~~[0m
    [96msrc/app/funcionalidades/processos/reembolso/recibo/recibo.component.spec.ts[0m:[93m131[0m:[93m3[0m - [91merror[0m[90m TS2322: [0mType 'Observable<{}>' is not assignable to type 'MockInstance<EventEmitter<boolean>, [isAsync?: boolean], EventEmitter<boolean>> & { prototype: any; } & EventEmitter<boolean>'.
      Type 'Observable<{}>' is missing the following properties from type 'MockInstance<EventEmitter<boolean>, [isAsync?: boolean], EventEmitter<boolean>>': getMockName, mock, mockClear, mockReset, and 13 more.

    [7m131[0m   documentoPedidoServiceSpy.avisoSituacaoPedido = of({});
    [7m   [0m [91m  ~~~~~~~~~~~~~~~~~~~~~~~~~~~~~~~~~~~~~~~~~~~~~[0m
    [96msrc/app/funcionalidades/processos/reembolso/recibo/recibo.component.spec.ts[0m:[93m133[0m:[93m3[0m - [91merror[0m[90m TS2740: [0mType '{ params: { id: number; }; queryParams: {}; }' is missing the following properties from type 'ActivatedRouteSnapshot': url, fragment, data, outlet, and 10 more.

    [7m133[0m   activatedRouteSpy.snapshot = {
    [7m   [0m [91m  ~~~~~~~~~~~~~~~~~~~~~~~~~~[0m
    [96msrc/app/funcionalidades/processos/reembolso/recibo/recibo.component.spec.ts[0m:[93m142[0m:[93m21[0m - [91merror[0m[90m TS2540: [0mCannot assign to 'paramMap' because it is a read-only property.

    [7m142[0m   activatedRouteSpy.paramMap = of({});
    [7m   [0m [91m                    ~~~~~~~~[0m

FAIL src/app/funcionalidades/relatorios/procedimentos-solicitados-por-profissional/procedimentos-solicitados-por-profissional-listar/procedimentos-solicitados-por-profissional-listar.component.spec.ts
  ● Test suite failed to run

    [96msrc/app/funcionalidades/relatorios/procedimentos-solicitados-por-profissional/procedimentos-solicitados-por-profissional-listar/procedimentos-solicitados-por-profissional-listar.component.spec.ts[0m:[93m31[0m:[93m29[0m - [91merror[0m[90m TS2352: [0mConversion of type '{ getDescription: jest.Mock<any, any, any>; }' to type 'Mocked<Partial<ActivatedRoute>>' may be a mistake because neither type sufficiently overlaps with the other. If this was intentional, convert the expression to 'unknown' first.
      Type '{ getDescription: jest.Mock<any, any, any>; }' is not comparable to type '{ outlet?: string; component?: MockedClass<Type<any>>; snapshot?: ActivatedRouteSnapshot; readonly title?: Observable<string>; ... 13 more ...; toString?: MockInstance<...>; }'.
        Types of property 'toString' are incompatible.
          Type '() => string' is not comparable to type 'MockInstance<string, [], unknown>'.

    [7m31[0m   const activatedRouteSpy = {
    [7m  [0m [91m                            ~[0m
    [7m32[0m     getDescription: jest.fn()
    [7m  [0m [91m~~~~~~~~~~~~~~~~~~~~~~~~~~~~~[0m
    [7m33[0m   } as jest.Mocked<Partial<ActivatedRoute>>;
    [7m  [0m [91m~~~~~~~~~~~~~~~~~~~~~~~~~~~~~~~~~~~~~~~~~~~[0m
    [96msrc/app/funcionalidades/relatorios/procedimentos-solicitados-por-profissional/procedimentos-solicitados-por-profissional-listar/procedimentos-solicitados-por-profissional-listar.component.spec.ts[0m:[93m37[0m:[93m23[0m - [91merror[0m[90m TS2352: [0mConversion of type '{ getDescription: jest.Mock<any, any, any>; }' to type 'Mocked<Partial<Location>>' may be a mistake because neither type sufficiently overlaps with the other. If this was intentional, convert the expression to 'unknown' first.
      Type '{ getDescription: jest.Mock<any, any, any>; }' is not comparable to type '{ readonly ancestorOrigins?: DOMStringList; hash?: string; host?: string; hostname?: string; href?: string; toString?: MockInstance<string, [], unknown>; readonly origin?: string; ... 6 more ...; replace?: MockInstance<...>; }'.
        Types of property 'toString' are incompatible.
          Type '() => string' is not comparable to type 'MockInstance<string, [], unknown>'.

    [7m37[0m   const locationSpy = {
    [7m  [0m [91m                      ~[0m
    [7m38[0m     getDescription: jest.fn()
    [7m  [0m [91m~~~~~~~~~~~~~~~~~~~~~~~~~~~~~[0m
    [7m39[0m   } as jest.Mocked<Partial<Location>>;
    [7m  [0m [91m~~~~~~~~~~~~~~~~~~~~~~~~~~~~~~~~~~~~~[0m
    [96msrc/app/funcionalidades/relatorios/procedimentos-solicitados-por-profissional/procedimentos-solicitados-por-profissional-listar/procedimentos-solicitados-por-profissional-listar.component.spec.ts[0m:[93m128[0m:[93m75[0m - [91merror[0m[90m TS2345: [0mArgument of type 'Observable<{}>' is not assignable to parameter of type 'Observable<DadoComboDTO[]>'.
      Type '{}' is missing the following properties from type 'DadoComboDTO[]': length, pop, push, concat, and 29 more.

    [7m128[0m   comboServiceSpy.consultarComboPerfisPrestadoresExternos.mockReturnValue(of({}));
    [7m   [0m [91m                                                                          ~~~~~~[0m
    [96msrc/app/funcionalidades/relatorios/procedimentos-solicitados-por-profissional/procedimentos-solicitados-por-profissional-listar/procedimentos-solicitados-por-profissional-listar.component.spec.ts[0m:[93m129[0m:[93m62[0m - [91merror[0m[90m TS2345: [0mArgument of type 'Observable<{}>' is not assignable to parameter of type 'Observable<DadoComboDTO[]>'.
      Type '{}' is missing the following properties from type 'DadoComboDTO[]': length, pop, push, concat, and 29 more.

    [7m129[0m   comboServiceSpy.consultarComboTiposAuditor.mockReturnValue(of({}));
    [7m   [0m [91m                                                             ~~~~~~[0m
    [96msrc/app/funcionalidades/relatorios/procedimentos-solicitados-por-profissional/procedimentos-solicitados-por-profissional-listar/procedimentos-solicitados-por-profissional-listar.component.spec.ts[0m:[93m130[0m:[93m58[0m - [91merror[0m[90m TS2345: [0mArgument of type 'Observable<{}>' is not assignable to parameter of type 'Observable<TipoDocumento[]>'.
      Type '{}' is missing the following properties from type 'TipoDocumento[]': length, pop, push, concat, and 29 more.

    [7m130[0m   tipoDocumentoServiceSpy.consultarTodos.mockReturnValue(of({}));
    [7m   [0m [91m                                                         ~~~~~~[0m
    [96msrc/app/funcionalidades/relatorios/procedimentos-solicitados-por-profissional/procedimentos-solicitados-por-profissional-listar/procedimentos-solicitados-por-profissional-listar.component.spec.ts[0m:[93m131[0m:[93m43[0m - [91merror[0m[90m TS2345: [0mArgument of type 'Observable<{}>' is not assignable to parameter of type 'Observable<Documento | Documento[]>'.
      Type '{}' is not assignable to type 'Documento | Documento[]'.

    [7m131[0m   documentoServiceSpy.get.mockReturnValue(of({}));
    [7m   [0m [91m                                          ~~~~~~[0m
    [96msrc/app/funcionalidades/relatorios/procedimentos-solicitados-por-profissional/procedimentos-solicitados-por-profissional-listar/procedimentos-solicitados-por-profissional-listar.component.spec.ts[0m:[93m132[0m:[93m64[0m - [91merror[0m[90m TS2345: [0mArgument of type 'Observable<{}>' is not assignable to parameter of type 'Observable<Documento[]>'.
      Type '{}' is missing the following properties from type 'Documento[]': length, pop, push, concat, and 29 more.

    [7m132[0m   prazoTratamentoServiceSpy.consultarPorFiltro.mockReturnValue(of({}));
    [7m   [0m [91m                                                               ~~~~~~[0m
    [96msrc/app/funcionalidades/relatorios/procedimentos-solicitados-por-profissional/procedimentos-solicitados-por-profissional-listar/procedimentos-solicitados-por-profissional-listar.component.spec.ts[0m:[93m133[0m:[93m78[0m - [91merror[0m[90m TS2345: [0mArgument of type 'Observable<{}>' is not assignable to parameter of type 'Observable<SituacaoProcesso[]>'.
      Type '{}' is missing the following properties from type 'SituacaoProcesso[]': length, pop, push, concat, and 29 more.

    [7m133[0m   situacaoProcessoServiceSpy.consultarTodasTransicoesManuais.mockReturnValue(of({}));
    [7m   [0m [91m                                                                             ~~~~~~[0m
    [96msrc/app/funcionalidades/relatorios/procedimentos-solicitados-por-profissional/procedimentos-solicitados-por-profissional-listar/procedimentos-solicitados-por-profissional-listar.component.spec.ts[0m:[93m134[0m:[93m57[0m - [91merror[0m[90m TS2345: [0mArgument of type 'Observable<{}>' is not assignable to parameter of type 'Observable<Patologia>'.
      Property 'id' is missing in type '{}' but required in type 'Patologia'.

    [7m134[0m   patologiaServiceSpy.consultarDTOPorId.mockReturnValue(of({}));
    [7m   [0m [91m                                                        ~~~~~~[0m

      [96msrc/app/shared/models/comum/patologia.ts[0m:[93m17[0m:[93m21[0m
        [7m17[0m     public override id: number;
        [7m  [0m [96m                    ~~[0m
        'id' is declared here.
    [96msrc/app/funcionalidades/relatorios/procedimentos-solicitados-por-profissional/procedimentos-solicitados-por-profissional-listar/procedimentos-solicitados-por-profissional-listar.component.spec.ts[0m:[93m135[0m:[93m74[0m - [91merror[0m[90m TS2345: [0mArgument of type 'Observable<{}>' is not assignable to parameter of type 'Observable<PermissoesSituacaoProcesso>'.
      Type '{}' is missing the following properties from type 'PermissoesSituacaoProcesso': perfil, status, acessar, editar, and 4 more.

    [7m135[0m   sIASCFluxoServiceSpy.consultarPermissoesFluxoPorPedido.mockReturnValue(of({}));
    [7m   [0m [91m                                                                         ~~~~~~[0m
    [96msrc/app/funcionalidades/relatorios/procedimentos-solicitados-por-profissional/procedimentos-solicitados-por-profissional-listar/procedimentos-solicitados-por-profissional-listar.component.spec.ts[0m:[93m136[0m:[93m82[0m - [91merror[0m[90m TS2345: [0mArgument of type 'Observable<{}>' is not assignable to parameter of type 'Observable<TipoProcesso[]>'.
      Type '{}' is missing the following properties from type 'TipoProcesso[]': length, pop, push, concat, and 29 more.

    [7m136[0m   tipoProcessoServiceSpy.consultarTiposProcessoAutorizacaoPrevia.mockReturnValue(of({}));
    [7m   [0m [91m                                                                                 ~~~~~~[0m
    [96msrc/app/funcionalidades/relatorios/procedimentos-solicitados-por-profissional/procedimentos-solicitados-por-profissional-listar/procedimentos-solicitados-por-profissional-listar.component.spec.ts[0m:[93m138[0m:[93m3[0m - [91merror[0m[90m TS2322: [0mType 'Observable<{}>' is not assignable to type 'MockInstance<EventEmitter<boolean>, [isAsync?: boolean], EventEmitter<boolean>> & { prototype: any; } & EventEmitter<boolean>'.
      Type 'Observable<{}>' is missing the following properties from type 'MockInstance<EventEmitter<boolean>, [isAsync?: boolean], EventEmitter<boolean>>': getMockName, mock, mockClear, mockReset, and 13 more.

    [7m138[0m   documentoPedidoServiceSpy.avisoSituacaoPedido = of({});
    [7m   [0m [91m  ~~~~~~~~~~~~~~~~~~~~~~~~~~~~~~~~~~~~~~~~~~~~~[0m
    [96msrc/app/funcionalidades/relatorios/procedimentos-solicitados-por-profissional/procedimentos-solicitados-por-profissional-listar/procedimentos-solicitados-por-profissional-listar.component.spec.ts[0m:[93m140[0m:[93m3[0m - [91merror[0m[90m TS2740: [0mType '{ params: { id: number; }; queryParams: {}; }' is missing the following properties from type 'ActivatedRouteSnapshot': url, fragment, data, outlet, and 10 more.

    [7m140[0m   activatedRouteSpy.snapshot = {
    [7m   [0m [91m  ~~~~~~~~~~~~~~~~~~~~~~~~~~[0m
    [96msrc/app/funcionalidades/relatorios/procedimentos-solicitados-por-profissional/procedimentos-solicitados-por-profissional-listar/procedimentos-solicitados-por-profissional-listar.component.spec.ts[0m:[93m149[0m:[93m21[0m - [91merror[0m[90m TS2540: [0mCannot assign to 'paramMap' because it is a read-only property.

    [7m149[0m   activatedRouteSpy.paramMap = of({});
    [7m   [0m [91m                    ~~~~~~~~[0m

FAIL src/app/funcionalidades/relatorios/junta-medica-odontologica/junta-medica-odontologica-listar/junta-medica-odontologica-listar.component.spec.ts
  ● Test suite failed to run

    [96msrc/app/funcionalidades/relatorios/junta-medica-odontologica/junta-medica-odontologica-listar/junta-medica-odontologica-listar.component.spec.ts[0m:[93m31[0m:[93m29[0m - [91merror[0m[90m TS2352: [0mConversion of type '{ getDescription: jest.Mock<any, any, any>; }' to type 'Mocked<Partial<ActivatedRoute>>' may be a mistake because neither type sufficiently overlaps with the other. If this was intentional, convert the expression to 'unknown' first.
      Type '{ getDescription: jest.Mock<any, any, any>; }' is not comparable to type '{ outlet?: string; component?: MockedClass<Type<any>>; snapshot?: ActivatedRouteSnapshot; readonly title?: Observable<string>; ... 13 more ...; toString?: MockInstance<...>; }'.
        Types of property 'toString' are incompatible.
          Type '() => string' is not comparable to type 'MockInstance<string, [], unknown>'.

    [7m31[0m   const activatedRouteSpy = {
    [7m  [0m [91m                            ~[0m
    [7m32[0m     getDescription: jest.fn()
    [7m  [0m [91m~~~~~~~~~~~~~~~~~~~~~~~~~~~~~[0m
    [7m33[0m   } as jest.Mocked<Partial<ActivatedRoute>>;
    [7m  [0m [91m~~~~~~~~~~~~~~~~~~~~~~~~~~~~~~~~~~~~~~~~~~~[0m
    [96msrc/app/funcionalidades/relatorios/junta-medica-odontologica/junta-medica-odontologica-listar/junta-medica-odontologica-listar.component.spec.ts[0m:[93m37[0m:[93m23[0m - [91merror[0m[90m TS2352: [0mConversion of type '{ getDescription: jest.Mock<any, any, any>; }' to type 'Mocked<Partial<Location>>' may be a mistake because neither type sufficiently overlaps with the other. If this was intentional, convert the expression to 'unknown' first.
      Type '{ getDescription: jest.Mock<any, any, any>; }' is not comparable to type '{ readonly ancestorOrigins?: DOMStringList; hash?: string; host?: string; hostname?: string; href?: string; toString?: MockInstance<string, [], unknown>; readonly origin?: string; ... 6 more ...; replace?: MockInstance<...>; }'.
        Types of property 'toString' are incompatible.
          Type '() => string' is not comparable to type 'MockInstance<string, [], unknown>'.

    [7m37[0m   const locationSpy = {
    [7m  [0m [91m                      ~[0m
    [7m38[0m     getDescription: jest.fn()
    [7m  [0m [91m~~~~~~~~~~~~~~~~~~~~~~~~~~~~~[0m
    [7m39[0m   } as jest.Mocked<Partial<Location>>;
    [7m  [0m [91m~~~~~~~~~~~~~~~~~~~~~~~~~~~~~~~~~~~~~[0m
    [96msrc/app/funcionalidades/relatorios/junta-medica-odontologica/junta-medica-odontologica-listar/junta-medica-odontologica-listar.component.spec.ts[0m:[93m129[0m:[93m3[0m - [91merror[0m[90m TS2322: [0mType 'Observable<{}>' is not assignable to type 'MockInstance<Observable<any>, [filtro: FiltroConsultaPrestadorExterno], unknown> & ((filtro: FiltroConsultaPrestadorExterno) => Observable<...>)'.
      Type 'Observable<{}>' is missing the following properties from type 'MockInstance<Observable<any>, [filtro: FiltroConsultaPrestadorExterno], unknown>': getMockName, mock, mockClear, mockReset, and 13 more.

    [7m129[0m   prestadorExternoServiceSpy.consultarUsuarioExternoPorFiltro = of({})
    [7m   [0m [91m  ~~~~~~~~~~~~~~~~~~~~~~~~~~~~~~~~~~~~~~~~~~~~~~~~~~~~~~~~~~~[0m
    [96msrc/app/funcionalidades/relatorios/junta-medica-odontologica/junta-medica-odontologica-listar/junta-medica-odontologica-listar.component.spec.ts[0m:[93m131[0m:[93m75[0m - [91merror[0m[90m TS2345: [0mArgument of type 'Observable<{}>' is not assignable to parameter of type 'Observable<DadoComboDTO[]>'.
      Type '{}' is missing the following properties from type 'DadoComboDTO[]': length, pop, push, concat, and 29 more.

    [7m131[0m   comboServiceSpy.consultarComboPerfisPrestadoresExternos.mockReturnValue(of({}));
    [7m   [0m [91m                                                                          ~~~~~~[0m
    [96msrc/app/funcionalidades/relatorios/junta-medica-odontologica/junta-medica-odontologica-listar/junta-medica-odontologica-listar.component.spec.ts[0m:[93m132[0m:[93m62[0m - [91merror[0m[90m TS2345: [0mArgument of type 'Observable<{}>' is not assignable to parameter of type 'Observable<DadoComboDTO[]>'.
      Type '{}' is missing the following properties from type 'DadoComboDTO[]': length, pop, push, concat, and 29 more.

    [7m132[0m   comboServiceSpy.consultarComboTiposAuditor.mockReturnValue(of({}));
    [7m   [0m [91m                                                             ~~~~~~[0m
    [96msrc/app/funcionalidades/relatorios/junta-medica-odontologica/junta-medica-odontologica-listar/junta-medica-odontologica-listar.component.spec.ts[0m:[93m133[0m:[93m58[0m - [91merror[0m[90m TS2345: [0mArgument of type 'Observable<{}>' is not assignable to parameter of type 'Observable<TipoDocumento[]>'.
      Type '{}' is missing the following properties from type 'TipoDocumento[]': length, pop, push, concat, and 29 more.

    [7m133[0m   tipoDocumentoServiceSpy.consultarTodos.mockReturnValue(of({}));
    [7m   [0m [91m                                                         ~~~~~~[0m
    [96msrc/app/funcionalidades/relatorios/junta-medica-odontologica/junta-medica-odontologica-listar/junta-medica-odontologica-listar.component.spec.ts[0m:[93m134[0m:[93m43[0m - [91merror[0m[90m TS2345: [0mArgument of type 'Observable<{}>' is not assignable to parameter of type 'Observable<Documento | Documento[]>'.
      Type '{}' is not assignable to type 'Documento | Documento[]'.

    [7m134[0m   documentoServiceSpy.get.mockReturnValue(of({}));
    [7m   [0m [91m                                          ~~~~~~[0m
    [96msrc/app/funcionalidades/relatorios/junta-medica-odontologica/junta-medica-odontologica-listar/junta-medica-odontologica-listar.component.spec.ts[0m:[93m135[0m:[93m64[0m - [91merror[0m[90m TS2345: [0mArgument of type 'Observable<{}>' is not assignable to parameter of type 'Observable<Documento[]>'.
      Type '{}' is missing the following properties from type 'Documento[]': length, pop, push, concat, and 29 more.

    [7m135[0m   prazoTratamentoServiceSpy.consultarPorFiltro.mockReturnValue(of({}));
    [7m   [0m [91m                                                               ~~~~~~[0m
    [96msrc/app/funcionalidades/relatorios/junta-medica-odontologica/junta-medica-odontologica-listar/junta-medica-odontologica-listar.component.spec.ts[0m:[93m136[0m:[93m78[0m - [91merror[0m[90m TS2345: [0mArgument of type 'Observable<{}>' is not assignable to parameter of type 'Observable<SituacaoProcesso[]>'.
      Type '{}' is missing the following properties from type 'SituacaoProcesso[]': length, pop, push, concat, and 29 more.

    [7m136[0m   situacaoProcessoServiceSpy.consultarTodasTransicoesManuais.mockReturnValue(of({}));
    [7m   [0m [91m                                                                             ~~~~~~[0m
    [96msrc/app/funcionalidades/relatorios/junta-medica-odontologica/junta-medica-odontologica-listar/junta-medica-odontologica-listar.component.spec.ts[0m:[93m137[0m:[93m57[0m - [91merror[0m[90m TS2345: [0mArgument of type 'Observable<{}>' is not assignable to parameter of type 'Observable<Patologia>'.
      Property 'id' is missing in type '{}' but required in type 'Patologia'.

    [7m137[0m   patologiaServiceSpy.consultarDTOPorId.mockReturnValue(of({}));
    [7m   [0m [91m                                                        ~~~~~~[0m

      [96msrc/app/shared/models/comum/patologia.ts[0m:[93m17[0m:[93m21[0m
        [7m17[0m     public override id: number;
        [7m  [0m [96m                    ~~[0m
        'id' is declared here.
    [96msrc/app/funcionalidades/relatorios/junta-medica-odontologica/junta-medica-odontologica-listar/junta-medica-odontologica-listar.component.spec.ts[0m:[93m138[0m:[93m74[0m - [91merror[0m[90m TS2345: [0mArgument of type 'Observable<{}>' is not assignable to parameter of type 'Observable<PermissoesSituacaoProcesso>'.
      Type '{}' is missing the following properties from type 'PermissoesSituacaoProcesso': perfil, status, acessar, editar, and 4 more.

    [7m138[0m   sIASCFluxoServiceSpy.consultarPermissoesFluxoPorPedido.mockReturnValue(of({}));
    [7m   [0m [91m                                                                         ~~~~~~[0m
    [96msrc/app/funcionalidades/relatorios/junta-medica-odontologica/junta-medica-odontologica-listar/junta-medica-odontologica-listar.component.spec.ts[0m:[93m139[0m:[93m74[0m - [91merror[0m[90m TS2345: [0mArgument of type 'Observable<{}>' is not assignable to parameter of type 'Observable<PermissoesSituacaoProcesso>'.
      Type '{}' is missing the following properties from type 'PermissoesSituacaoProcesso': perfil, status, acessar, editar, and 4 more.

    [7m139[0m   sIASCFluxoServiceSpy.consultarPermissoesFluxoPorPedido.mockReturnValue(of({}));
    [7m   [0m [91m                                                                         ~~~~~~[0m
    [96msrc/app/funcionalidades/relatorios/junta-medica-odontologica/junta-medica-odontologica-listar/junta-medica-odontologica-listar.component.spec.ts[0m:[93m141[0m:[93m3[0m - [91merror[0m[90m TS2322: [0mType 'Observable<{}>' is not assignable to type 'MockInstance<EventEmitter<boolean>, [isAsync?: boolean], EventEmitter<boolean>> & { prototype: any; } & EventEmitter<boolean>'.
      Type 'Observable<{}>' is missing the following properties from type 'MockInstance<EventEmitter<boolean>, [isAsync?: boolean], EventEmitter<boolean>>': getMockName, mock, mockClear, mockReset, and 13 more.

    [7m141[0m   documentoPedidoServiceSpy.avisoSituacaoPedido = of({});
    [7m   [0m [91m  ~~~~~~~~~~~~~~~~~~~~~~~~~~~~~~~~~~~~~~~~~~~~~[0m
    [96msrc/app/funcionalidades/relatorios/junta-medica-odontologica/junta-medica-odontologica-listar/junta-medica-odontologica-listar.component.spec.ts[0m:[93m143[0m:[93m3[0m - [91merror[0m[90m TS2740: [0mType '{ params: { id: number; }; queryParams: {}; }' is missing the following properties from type 'ActivatedRouteSnapshot': url, fragment, data, outlet, and 10 more.

    [7m143[0m   activatedRouteSpy.snapshot = {
    [7m   [0m [91m  ~~~~~~~~~~~~~~~~~~~~~~~~~~[0m
    [96msrc/app/funcionalidades/relatorios/junta-medica-odontologica/junta-medica-odontologica-listar/junta-medica-odontologica-listar.component.spec.ts[0m:[93m152[0m:[93m21[0m - [91merror[0m[90m TS2540: [0mCannot assign to 'paramMap' because it is a read-only property.

    [7m152[0m   activatedRouteSpy.paramMap = of({});
    [7m   [0m [91m                    ~~~~~~~~[0m

FAIL src/app/funcionalidades/relatorios/analitico/analitico-listar/analitico-listar.component.spec.ts
  ● Test suite failed to run

    [96msrc/app/funcionalidades/relatorios/analitico/analitico-listar/analitico-listar.component.spec.ts[0m:[93m31[0m:[93m29[0m - [91merror[0m[90m TS2352: [0mConversion of type '{ getDescription: jest.Mock<any, any, any>; }' to type 'Mocked<Partial<ActivatedRoute>>' may be a mistake because neither type sufficiently overlaps with the other. If this was intentional, convert the expression to 'unknown' first.
      Type '{ getDescription: jest.Mock<any, any, any>; }' is not comparable to type '{ outlet?: string; component?: MockedClass<Type<any>>; snapshot?: ActivatedRouteSnapshot; readonly title?: Observable<string>; ... 13 more ...; toString?: MockInstance<...>; }'.
        Types of property 'toString' are incompatible.
          Type '() => string' is not comparable to type 'MockInstance<string, [], unknown>'.

    [7m31[0m   const activatedRouteSpy = {
    [7m  [0m [91m                            ~[0m
    [7m32[0m     getDescription: jest.fn()
    [7m  [0m [91m~~~~~~~~~~~~~~~~~~~~~~~~~~~~~[0m
    [7m33[0m   } as jest.Mocked<Partial<ActivatedRoute>>;
    [7m  [0m [91m~~~~~~~~~~~~~~~~~~~~~~~~~~~~~~~~~~~~~~~~~~~[0m
    [96msrc/app/funcionalidades/relatorios/analitico/analitico-listar/analitico-listar.component.spec.ts[0m:[93m37[0m:[93m23[0m - [91merror[0m[90m TS2352: [0mConversion of type '{ getDescription: jest.Mock<any, any, any>; }' to type 'Mocked<Partial<Location>>' may be a mistake because neither type sufficiently overlaps with the other. If this was intentional, convert the expression to 'unknown' first.
      Type '{ getDescription: jest.Mock<any, any, any>; }' is not comparable to type '{ readonly ancestorOrigins?: DOMStringList; hash?: string; host?: string; hostname?: string; href?: string; toString?: MockInstance<string, [], unknown>; readonly origin?: string; ... 6 more ...; replace?: MockInstance<...>; }'.
        Types of property 'toString' are incompatible.
          Type '() => string' is not comparable to type 'MockInstance<string, [], unknown>'.

    [7m37[0m   const locationSpy = {
    [7m  [0m [91m                      ~[0m
    [7m38[0m     getDescription: jest.fn()
    [7m  [0m [91m~~~~~~~~~~~~~~~~~~~~~~~~~~~~~[0m
    [7m39[0m   } as jest.Mocked<Partial<Location>>;
    [7m  [0m [91m~~~~~~~~~~~~~~~~~~~~~~~~~~~~~~~~~~~~~[0m
    [96msrc/app/funcionalidades/relatorios/analitico/analitico-listar/analitico-listar.component.spec.ts[0m:[93m129[0m:[93m3[0m - [91merror[0m[90m TS2322: [0mType 'Observable<{}>' is not assignable to type 'MockInstance<Observable<any>, [filtro: FiltroConsultaPrestadorExterno], unknown> & ((filtro: FiltroConsultaPrestadorExterno) => Observable<...>)'.
      Type 'Observable<{}>' is missing the following properties from type 'MockInstance<Observable<any>, [filtro: FiltroConsultaPrestadorExterno], unknown>': getMockName, mock, mockClear, mockReset, and 13 more.

    [7m129[0m   prestadorExternoServiceSpy.consultarUsuarioExternoPorFiltro = of({})
    [7m   [0m [91m  ~~~~~~~~~~~~~~~~~~~~~~~~~~~~~~~~~~~~~~~~~~~~~~~~~~~~~~~~~~~[0m
    [96msrc/app/funcionalidades/relatorios/analitico/analitico-listar/analitico-listar.component.spec.ts[0m:[93m131[0m:[93m75[0m - [91merror[0m[90m TS2345: [0mArgument of type 'Observable<{}>' is not assignable to parameter of type 'Observable<DadoComboDTO[]>'.
      Type '{}' is missing the following properties from type 'DadoComboDTO[]': length, pop, push, concat, and 29 more.

    [7m131[0m   comboServiceSpy.consultarComboPerfisPrestadoresExternos.mockReturnValue(of({}));
    [7m   [0m [91m                                                                          ~~~~~~[0m
    [96msrc/app/funcionalidades/relatorios/analitico/analitico-listar/analitico-listar.component.spec.ts[0m:[93m132[0m:[93m62[0m - [91merror[0m[90m TS2345: [0mArgument of type 'Observable<{}>' is not assignable to parameter of type 'Observable<DadoComboDTO[]>'.
      Type '{}' is missing the following properties from type 'DadoComboDTO[]': length, pop, push, concat, and 29 more.

    [7m132[0m   comboServiceSpy.consultarComboTiposAuditor.mockReturnValue(of({}));
    [7m   [0m [91m                                                             ~~~~~~[0m
    [96msrc/app/funcionalidades/relatorios/analitico/analitico-listar/analitico-listar.component.spec.ts[0m:[93m133[0m:[93m58[0m - [91merror[0m[90m TS2345: [0mArgument of type 'Observable<{}>' is not assignable to parameter of type 'Observable<TipoDocumento[]>'.
      Type '{}' is missing the following properties from type 'TipoDocumento[]': length, pop, push, concat, and 29 more.

    [7m133[0m   tipoDocumentoServiceSpy.consultarTodos.mockReturnValue(of({}));
    [7m   [0m [91m                                                         ~~~~~~[0m
    [96msrc/app/funcionalidades/relatorios/analitico/analitico-listar/analitico-listar.component.spec.ts[0m:[93m134[0m:[93m43[0m - [91merror[0m[90m TS2345: [0mArgument of type 'Observable<{}>' is not assignable to parameter of type 'Observable<Documento | Documento[]>'.
      Type '{}' is not assignable to type 'Documento | Documento[]'.

    [7m134[0m   documentoServiceSpy.get.mockReturnValue(of({}));
    [7m   [0m [91m                                          ~~~~~~[0m
    [96msrc/app/funcionalidades/relatorios/analitico/analitico-listar/analitico-listar.component.spec.ts[0m:[93m135[0m:[93m64[0m - [91merror[0m[90m TS2345: [0mArgument of type 'Observable<{}>' is not assignable to parameter of type 'Observable<Documento[]>'.
      Type '{}' is missing the following properties from type 'Documento[]': length, pop, push, concat, and 29 more.

    [7m135[0m   prazoTratamentoServiceSpy.consultarPorFiltro.mockReturnValue(of({}));
    [7m   [0m [91m                                                               ~~~~~~[0m
    [96msrc/app/funcionalidades/relatorios/analitico/analitico-listar/analitico-listar.component.spec.ts[0m:[93m136[0m:[93m78[0m - [91merror[0m[90m TS2345: [0mArgument of type 'Observable<{}>' is not assignable to parameter of type 'Observable<SituacaoProcesso[]>'.
      Type '{}' is missing the following properties from type 'SituacaoProcesso[]': length, pop, push, concat, and 29 more.

    [7m136[0m   situacaoProcessoServiceSpy.consultarTodasTransicoesManuais.mockReturnValue(of({}));
    [7m   [0m [91m                                                                             ~~~~~~[0m
    [96msrc/app/funcionalidades/relatorios/analitico/analitico-listar/analitico-listar.component.spec.ts[0m:[93m137[0m:[93m57[0m - [91merror[0m[90m TS2345: [0mArgument of type 'Observable<{}>' is not assignable to parameter of type 'Observable<Patologia>'.
      Property 'id' is missing in type '{}' but required in type 'Patologia'.

    [7m137[0m   patologiaServiceSpy.consultarDTOPorId.mockReturnValue(of({}));
    [7m   [0m [91m                                                        ~~~~~~[0m

      [96msrc/app/shared/models/comum/patologia.ts[0m:[93m17[0m:[93m21[0m
        [7m17[0m     public override id: number;
        [7m  [0m [96m                    ~~[0m
        'id' is declared here.
    [96msrc/app/funcionalidades/relatorios/analitico/analitico-listar/analitico-listar.component.spec.ts[0m:[93m138[0m:[93m74[0m - [91merror[0m[90m TS2345: [0mArgument of type 'Observable<{}>' is not assignable to parameter of type 'Observable<PermissoesSituacaoProcesso>'.
      Type '{}' is missing the following properties from type 'PermissoesSituacaoProcesso': perfil, status, acessar, editar, and 4 more.

    [7m138[0m   sIASCFluxoServiceSpy.consultarPermissoesFluxoPorPedido.mockReturnValue(of({}));
    [7m   [0m [91m                                                                         ~~~~~~[0m
    [96msrc/app/funcionalidades/relatorios/analitico/analitico-listar/analitico-listar.component.spec.ts[0m:[93m139[0m:[93m74[0m - [91merror[0m[90m TS2345: [0mArgument of type 'Observable<{}>' is not assignable to parameter of type 'Observable<PermissoesSituacaoProcesso>'.
      Type '{}' is missing the following properties from type 'PermissoesSituacaoProcesso': perfil, status, acessar, editar, and 4 more.

    [7m139[0m   sIASCFluxoServiceSpy.consultarPermissoesFluxoPorPedido.mockReturnValue(of({}));
    [7m   [0m [91m                                                                         ~~~~~~[0m
    [96msrc/app/funcionalidades/relatorios/analitico/analitico-listar/analitico-listar.component.spec.ts[0m:[93m141[0m:[93m3[0m - [91merror[0m[90m TS2322: [0mType 'Observable<{}>' is not assignable to type 'MockInstance<EventEmitter<boolean>, [isAsync?: boolean], EventEmitter<boolean>> & { prototype: any; } & EventEmitter<boolean>'.
      Type 'Observable<{}>' is missing the following properties from type 'MockInstance<EventEmitter<boolean>, [isAsync?: boolean], EventEmitter<boolean>>': getMockName, mock, mockClear, mockReset, and 13 more.

    [7m141[0m   documentoPedidoServiceSpy.avisoSituacaoPedido = of({});
    [7m   [0m [91m  ~~~~~~~~~~~~~~~~~~~~~~~~~~~~~~~~~~~~~~~~~~~~~[0m
    [96msrc/app/funcionalidades/relatorios/analitico/analitico-listar/analitico-listar.component.spec.ts[0m:[93m143[0m:[93m3[0m - [91merror[0m[90m TS2740: [0mType '{ params: { id: number; }; queryParams: {}; }' is missing the following properties from type 'ActivatedRouteSnapshot': url, fragment, data, outlet, and 10 more.

    [7m143[0m   activatedRouteSpy.snapshot = {
    [7m   [0m [91m  ~~~~~~~~~~~~~~~~~~~~~~~~~~[0m
    [96msrc/app/funcionalidades/relatorios/analitico/analitico-listar/analitico-listar.component.spec.ts[0m:[93m152[0m:[93m21[0m - [91merror[0m[90m TS2540: [0mCannot assign to 'paramMap' because it is a read-only property.

    [7m152[0m   activatedRouteSpy.paramMap = of({});
    [7m   [0m [91m                    ~~~~~~~~[0m

FAIL src/app/funcionalidades/relatorios/controle-prazos-processos/controle-prazos-processos-listar/controle-prazos-processos-listar.component.spec.ts
  ● Test suite failed to run

    [96msrc/app/funcionalidades/relatorios/controle-prazos-processos/controle-prazos-processos-listar/controle-prazos-processos-listar.component.spec.ts[0m:[93m31[0m:[93m29[0m - [91merror[0m[90m TS2352: [0mConversion of type '{ getDescription: jest.Mock<any, any, any>; }' to type 'Mocked<Partial<ActivatedRoute>>' may be a mistake because neither type sufficiently overlaps with the other. If this was intentional, convert the expression to 'unknown' first.
      Type '{ getDescription: jest.Mock<any, any, any>; }' is not comparable to type '{ outlet?: string; component?: MockedClass<Type<any>>; snapshot?: ActivatedRouteSnapshot; readonly title?: Observable<string>; ... 13 more ...; toString?: MockInstance<...>; }'.
        Types of property 'toString' are incompatible.
          Type '() => string' is not comparable to type 'MockInstance<string, [], unknown>'.

    [7m31[0m   const activatedRouteSpy = {
    [7m  [0m [91m                            ~[0m
    [7m32[0m     getDescription: jest.fn()
    [7m  [0m [91m~~~~~~~~~~~~~~~~~~~~~~~~~~~~~[0m
    [7m33[0m   } as jest.Mocked<Partial<ActivatedRoute>>;
    [7m  [0m [91m~~~~~~~~~~~~~~~~~~~~~~~~~~~~~~~~~~~~~~~~~~~[0m
    [96msrc/app/funcionalidades/relatorios/controle-prazos-processos/controle-prazos-processos-listar/controle-prazos-processos-listar.component.spec.ts[0m:[93m37[0m:[93m23[0m - [91merror[0m[90m TS2352: [0mConversion of type '{ getDescription: jest.Mock<any, any, any>; }' to type 'Mocked<Partial<Location>>' may be a mistake because neither type sufficiently overlaps with the other. If this was intentional, convert the expression to 'unknown' first.
      Type '{ getDescription: jest.Mock<any, any, any>; }' is not comparable to type '{ readonly ancestorOrigins?: DOMStringList; hash?: string; host?: string; hostname?: string; href?: string; toString?: MockInstance<string, [], unknown>; readonly origin?: string; ... 6 more ...; replace?: MockInstance<...>; }'.
        Types of property 'toString' are incompatible.
          Type '() => string' is not comparable to type 'MockInstance<string, [], unknown>'.

    [7m37[0m   const locationSpy = {
    [7m  [0m [91m                      ~[0m
    [7m38[0m     getDescription: jest.fn()
    [7m  [0m [91m~~~~~~~~~~~~~~~~~~~~~~~~~~~~~[0m
    [7m39[0m   } as jest.Mocked<Partial<Location>>;
    [7m  [0m [91m~~~~~~~~~~~~~~~~~~~~~~~~~~~~~~~~~~~~~[0m
    [96msrc/app/funcionalidades/relatorios/controle-prazos-processos/controle-prazos-processos-listar/controle-prazos-processos-listar.component.spec.ts[0m:[93m129[0m:[93m3[0m - [91merror[0m[90m TS2322: [0mType 'Observable<{}>' is not assignable to type 'MockInstance<Observable<any>, [filtro: FiltroConsultaPrestadorExterno], unknown> & ((filtro: FiltroConsultaPrestadorExterno) => Observable<...>)'.
      Type 'Observable<{}>' is missing the following properties from type 'MockInstance<Observable<any>, [filtro: FiltroConsultaPrestadorExterno], unknown>': getMockName, mock, mockClear, mockReset, and 13 more.

    [7m129[0m   prestadorExternoServiceSpy.consultarUsuarioExternoPorFiltro = of({})
    [7m   [0m [91m  ~~~~~~~~~~~~~~~~~~~~~~~~~~~~~~~~~~~~~~~~~~~~~~~~~~~~~~~~~~~[0m
    [96msrc/app/funcionalidades/relatorios/controle-prazos-processos/controle-prazos-processos-listar/controle-prazos-processos-listar.component.spec.ts[0m:[93m131[0m:[93m75[0m - [91merror[0m[90m TS2345: [0mArgument of type 'Observable<{}>' is not assignable to parameter of type 'Observable<DadoComboDTO[]>'.
      Type '{}' is missing the following properties from type 'DadoComboDTO[]': length, pop, push, concat, and 29 more.

    [7m131[0m   comboServiceSpy.consultarComboPerfisPrestadoresExternos.mockReturnValue(of({}));
    [7m   [0m [91m                                                                          ~~~~~~[0m
    [96msrc/app/funcionalidades/relatorios/controle-prazos-processos/controle-prazos-processos-listar/controle-prazos-processos-listar.component.spec.ts[0m:[93m132[0m:[93m62[0m - [91merror[0m[90m TS2345: [0mArgument of type 'Observable<{}>' is not assignable to parameter of type 'Observable<DadoComboDTO[]>'.
      Type '{}' is missing the following properties from type 'DadoComboDTO[]': length, pop, push, concat, and 29 more.

    [7m132[0m   comboServiceSpy.consultarComboTiposAuditor.mockReturnValue(of({}));
    [7m   [0m [91m                                                             ~~~~~~[0m
    [96msrc/app/funcionalidades/relatorios/controle-prazos-processos/controle-prazos-processos-listar/controle-prazos-processos-listar.component.spec.ts[0m:[93m133[0m:[93m58[0m - [91merror[0m[90m TS2345: [0mArgument of type 'Observable<{}>' is not assignable to parameter of type 'Observable<TipoDocumento[]>'.
      Type '{}' is missing the following properties from type 'TipoDocumento[]': length, pop, push, concat, and 29 more.

    [7m133[0m   tipoDocumentoServiceSpy.consultarTodos.mockReturnValue(of({}));
    [7m   [0m [91m                                                         ~~~~~~[0m
    [96msrc/app/funcionalidades/relatorios/controle-prazos-processos/controle-prazos-processos-listar/controle-prazos-processos-listar.component.spec.ts[0m:[93m134[0m:[93m43[0m - [91merror[0m[90m TS2345: [0mArgument of type 'Observable<{}>' is not assignable to parameter of type 'Observable<Documento | Documento[]>'.
      Type '{}' is not assignable to type 'Documento | Documento[]'.

    [7m134[0m   documentoServiceSpy.get.mockReturnValue(of({}));
    [7m   [0m [91m                                          ~~~~~~[0m
    [96msrc/app/funcionalidades/relatorios/controle-prazos-processos/controle-prazos-processos-listar/controle-prazos-processos-listar.component.spec.ts[0m:[93m135[0m:[93m64[0m - [91merror[0m[90m TS2345: [0mArgument of type 'Observable<{}>' is not assignable to parameter of type 'Observable<Documento[]>'.
      Type '{}' is missing the following properties from type 'Documento[]': length, pop, push, concat, and 29 more.

    [7m135[0m   prazoTratamentoServiceSpy.consultarPorFiltro.mockReturnValue(of({}));
    [7m   [0m [91m                                                               ~~~~~~[0m
    [96msrc/app/funcionalidades/relatorios/controle-prazos-processos/controle-prazos-processos-listar/controle-prazos-processos-listar.component.spec.ts[0m:[93m136[0m:[93m78[0m - [91merror[0m[90m TS2345: [0mArgument of type 'Observable<{}>' is not assignable to parameter of type 'Observable<SituacaoProcesso[]>'.
      Type '{}' is missing the following properties from type 'SituacaoProcesso[]': length, pop, push, concat, and 29 more.

    [7m136[0m   situacaoProcessoServiceSpy.consultarTodasTransicoesManuais.mockReturnValue(of({}));
    [7m   [0m [91m                                                                             ~~~~~~[0m
    [96msrc/app/funcionalidades/relatorios/controle-prazos-processos/controle-prazos-processos-listar/controle-prazos-processos-listar.component.spec.ts[0m:[93m137[0m:[93m57[0m - [91merror[0m[90m TS2345: [0mArgument of type 'Observable<{}>' is not assignable to parameter of type 'Observable<Patologia>'.
      Property 'id' is missing in type '{}' but required in type 'Patologia'.

    [7m137[0m   patologiaServiceSpy.consultarDTOPorId.mockReturnValue(of({}));
    [7m   [0m [91m                                                        ~~~~~~[0m

      [96msrc/app/shared/models/comum/patologia.ts[0m:[93m17[0m:[93m21[0m
        [7m17[0m     public override id: number;
        [7m  [0m [96m                    ~~[0m
        'id' is declared here.
    [96msrc/app/funcionalidades/relatorios/controle-prazos-processos/controle-prazos-processos-listar/controle-prazos-processos-listar.component.spec.ts[0m:[93m138[0m:[93m74[0m - [91merror[0m[90m TS2345: [0mArgument of type 'Observable<{}>' is not assignable to parameter of type 'Observable<PermissoesSituacaoProcesso>'.
      Type '{}' is missing the following properties from type 'PermissoesSituacaoProcesso': perfil, status, acessar, editar, and 4 more.

    [7m138[0m   sIASCFluxoServiceSpy.consultarPermissoesFluxoPorPedido.mockReturnValue(of({}));
    [7m   [0m [91m                                                                         ~~~~~~[0m
    [96msrc/app/funcionalidades/relatorios/controle-prazos-processos/controle-prazos-processos-listar/controle-prazos-processos-listar.component.spec.ts[0m:[93m139[0m:[93m74[0m - [91merror[0m[90m TS2345: [0mArgument of type 'Observable<{}>' is not assignable to parameter of type 'Observable<PermissoesSituacaoProcesso>'.
      Type '{}' is missing the following properties from type 'PermissoesSituacaoProcesso': perfil, status, acessar, editar, and 4 more.

    [7m139[0m   sIASCFluxoServiceSpy.consultarPermissoesFluxoPorPedido.mockReturnValue(of({}));
    [7m   [0m [91m                                                                         ~~~~~~[0m
    [96msrc/app/funcionalidades/relatorios/controle-prazos-processos/controle-prazos-processos-listar/controle-prazos-processos-listar.component.spec.ts[0m:[93m141[0m:[93m3[0m - [91merror[0m[90m TS2322: [0mType 'Observable<{}>' is not assignable to type 'MockInstance<EventEmitter<boolean>, [isAsync?: boolean], EventEmitter<boolean>> & { prototype: any; } & EventEmitter<boolean>'.
      Type 'Observable<{}>' is missing the following properties from type 'MockInstance<EventEmitter<boolean>, [isAsync?: boolean], EventEmitter<boolean>>': getMockName, mock, mockClear, mockReset, and 13 more.

    [7m141[0m   documentoPedidoServiceSpy.avisoSituacaoPedido = of({});
    [7m   [0m [91m  ~~~~~~~~~~~~~~~~~~~~~~~~~~~~~~~~~~~~~~~~~~~~~[0m
    [96msrc/app/funcionalidades/relatorios/controle-prazos-processos/controle-prazos-processos-listar/controle-prazos-processos-listar.component.spec.ts[0m:[93m143[0m:[93m3[0m - [91merror[0m[90m TS2740: [0mType '{ params: { id: number; }; queryParams: {}; }' is missing the following properties from type 'ActivatedRouteSnapshot': url, fragment, data, outlet, and 10 more.

    [7m143[0m   activatedRouteSpy.snapshot = {
    [7m   [0m [91m  ~~~~~~~~~~~~~~~~~~~~~~~~~~[0m
    [96msrc/app/funcionalidades/relatorios/controle-prazos-processos/controle-prazos-processos-listar/controle-prazos-processos-listar.component.spec.ts[0m:[93m152[0m:[93m21[0m - [91merror[0m[90m TS2540: [0mCannot assign to 'paramMap' because it is a read-only property.

    [7m152[0m   activatedRouteSpy.paramMap = of({});
    [7m   [0m [91m                    ~~~~~~~~[0m

FAIL src/app/funcionalidades/relatorios/tempo-medio-processos/tempo-medio-processos-listar/tempo-medio-processos-listar.component.spec.ts
  ● Test suite failed to run

    [96msrc/app/funcionalidades/relatorios/tempo-medio-processos/tempo-medio-processos-listar/tempo-medio-processos-listar.component.spec.ts[0m:[93m31[0m:[93m29[0m - [91merror[0m[90m TS2352: [0mConversion of type '{ getDescription: jest.Mock<any, any, any>; }' to type 'Mocked<Partial<ActivatedRoute>>' may be a mistake because neither type sufficiently overlaps with the other. If this was intentional, convert the expression to 'unknown' first.
      Type '{ getDescription: jest.Mock<any, any, any>; }' is not comparable to type '{ outlet?: string; component?: MockedClass<Type<any>>; snapshot?: ActivatedRouteSnapshot; readonly title?: Observable<string>; ... 13 more ...; toString?: MockInstance<...>; }'.
        Types of property 'toString' are incompatible.
          Type '() => string' is not comparable to type 'MockInstance<string, [], unknown>'.

    [7m31[0m   const activatedRouteSpy = {
    [7m  [0m [91m                            ~[0m
    [7m32[0m     getDescription: jest.fn()
    [7m  [0m [91m~~~~~~~~~~~~~~~~~~~~~~~~~~~~~[0m
    [7m33[0m   } as jest.Mocked<Partial<ActivatedRoute>>;
    [7m  [0m [91m~~~~~~~~~~~~~~~~~~~~~~~~~~~~~~~~~~~~~~~~~~~[0m
    [96msrc/app/funcionalidades/relatorios/tempo-medio-processos/tempo-medio-processos-listar/tempo-medio-processos-listar.component.spec.ts[0m:[93m37[0m:[93m23[0m - [91merror[0m[90m TS2352: [0mConversion of type '{ getDescription: jest.Mock<any, any, any>; }' to type 'Mocked<Partial<Location>>' may be a mistake because neither type sufficiently overlaps with the other. If this was intentional, convert the expression to 'unknown' first.
      Type '{ getDescription: jest.Mock<any, any, any>; }' is not comparable to type '{ readonly ancestorOrigins?: DOMStringList; hash?: string; host?: string; hostname?: string; href?: string; toString?: MockInstance<string, [], unknown>; readonly origin?: string; ... 6 more ...; replace?: MockInstance<...>; }'.
        Types of property 'toString' are incompatible.
          Type '() => string' is not comparable to type 'MockInstance<string, [], unknown>'.

    [7m37[0m   const locationSpy = {
    [7m  [0m [91m                      ~[0m
    [7m38[0m     getDescription: jest.fn()
    [7m  [0m [91m~~~~~~~~~~~~~~~~~~~~~~~~~~~~~[0m
    [7m39[0m   } as jest.Mocked<Partial<Location>>;
    [7m  [0m [91m~~~~~~~~~~~~~~~~~~~~~~~~~~~~~~~~~~~~~[0m
    [96msrc/app/funcionalidades/relatorios/tempo-medio-processos/tempo-medio-processos-listar/tempo-medio-processos-listar.component.spec.ts[0m:[93m129[0m:[93m3[0m - [91merror[0m[90m TS2322: [0mType 'Observable<{}>' is not assignable to type 'MockInstance<Observable<any>, [filtro: FiltroConsultaPrestadorExterno], unknown> & ((filtro: FiltroConsultaPrestadorExterno) => Observable<...>)'.
      Type 'Observable<{}>' is missing the following properties from type 'MockInstance<Observable<any>, [filtro: FiltroConsultaPrestadorExterno], unknown>': getMockName, mock, mockClear, mockReset, and 13 more.

    [7m129[0m   prestadorExternoServiceSpy.consultarUsuarioExternoPorFiltro = of({})
    [7m   [0m [91m  ~~~~~~~~~~~~~~~~~~~~~~~~~~~~~~~~~~~~~~~~~~~~~~~~~~~~~~~~~~~[0m
    [96msrc/app/funcionalidades/relatorios/tempo-medio-processos/tempo-medio-processos-listar/tempo-medio-processos-listar.component.spec.ts[0m:[93m131[0m:[93m75[0m - [91merror[0m[90m TS2345: [0mArgument of type 'Observable<{}>' is not assignable to parameter of type 'Observable<DadoComboDTO[]>'.
      Type '{}' is missing the following properties from type 'DadoComboDTO[]': length, pop, push, concat, and 29 more.

    [7m131[0m   comboServiceSpy.consultarComboPerfisPrestadoresExternos.mockReturnValue(of({}));
    [7m   [0m [91m                                                                          ~~~~~~[0m
    [96msrc/app/funcionalidades/relatorios/tempo-medio-processos/tempo-medio-processos-listar/tempo-medio-processos-listar.component.spec.ts[0m:[93m132[0m:[93m62[0m - [91merror[0m[90m TS2345: [0mArgument of type 'Observable<{}>' is not assignable to parameter of type 'Observable<DadoComboDTO[]>'.
      Type '{}' is missing the following properties from type 'DadoComboDTO[]': length, pop, push, concat, and 29 more.

    [7m132[0m   comboServiceSpy.consultarComboTiposAuditor.mockReturnValue(of({}));
    [7m   [0m [91m                                                             ~~~~~~[0m
    [96msrc/app/funcionalidades/relatorios/tempo-medio-processos/tempo-medio-processos-listar/tempo-medio-processos-listar.component.spec.ts[0m:[93m133[0m:[93m58[0m - [91merror[0m[90m TS2345: [0mArgument of type 'Observable<{}>' is not assignable to parameter of type 'Observable<TipoDocumento[]>'.
      Type '{}' is missing the following properties from type 'TipoDocumento[]': length, pop, push, concat, and 29 more.

    [7m133[0m   tipoDocumentoServiceSpy.consultarTodos.mockReturnValue(of({}));
    [7m   [0m [91m                                                         ~~~~~~[0m
    [96msrc/app/funcionalidades/relatorios/tempo-medio-processos/tempo-medio-processos-listar/tempo-medio-processos-listar.component.spec.ts[0m:[93m134[0m:[93m43[0m - [91merror[0m[90m TS2345: [0mArgument of type 'Observable<{}>' is not assignable to parameter of type 'Observable<Documento | Documento[]>'.
      Type '{}' is not assignable to type 'Documento | Documento[]'.

    [7m134[0m   documentoServiceSpy.get.mockReturnValue(of({}));
    [7m   [0m [91m                                          ~~~~~~[0m
    [96msrc/app/funcionalidades/relatorios/tempo-medio-processos/tempo-medio-processos-listar/tempo-medio-processos-listar.component.spec.ts[0m:[93m135[0m:[93m64[0m - [91merror[0m[90m TS2345: [0mArgument of type 'Observable<{}>' is not assignable to parameter of type 'Observable<Documento[]>'.
      Type '{}' is missing the following properties from type 'Documento[]': length, pop, push, concat, and 29 more.

    [7m135[0m   prazoTratamentoServiceSpy.consultarPorFiltro.mockReturnValue(of({}));
    [7m   [0m [91m                                                               ~~~~~~[0m
    [96msrc/app/funcionalidades/relatorios/tempo-medio-processos/tempo-medio-processos-listar/tempo-medio-processos-listar.component.spec.ts[0m:[93m136[0m:[93m78[0m - [91merror[0m[90m TS2345: [0mArgument of type 'Observable<{}>' is not assignable to parameter of type 'Observable<SituacaoProcesso[]>'.
      Type '{}' is missing the following properties from type 'SituacaoProcesso[]': length, pop, push, concat, and 29 more.

    [7m136[0m   situacaoProcessoServiceSpy.consultarTodasTransicoesManuais.mockReturnValue(of({}));
    [7m   [0m [91m                                                                             ~~~~~~[0m
    [96msrc/app/funcionalidades/relatorios/tempo-medio-processos/tempo-medio-processos-listar/tempo-medio-processos-listar.component.spec.ts[0m:[93m137[0m:[93m57[0m - [91merror[0m[90m TS2345: [0mArgument of type 'Observable<{}>' is not assignable to parameter of type 'Observable<Patologia>'.
      Property 'id' is missing in type '{}' but required in type 'Patologia'.

    [7m137[0m   patologiaServiceSpy.consultarDTOPorId.mockReturnValue(of({}));
    [7m   [0m [91m                                                        ~~~~~~[0m

      [96msrc/app/shared/models/comum/patologia.ts[0m:[93m17[0m:[93m21[0m
        [7m17[0m     public override id: number;
        [7m  [0m [96m                    ~~[0m
        'id' is declared here.
    [96msrc/app/funcionalidades/relatorios/tempo-medio-processos/tempo-medio-processos-listar/tempo-medio-processos-listar.component.spec.ts[0m:[93m138[0m:[93m74[0m - [91merror[0m[90m TS2345: [0mArgument of type 'Observable<{}>' is not assignable to parameter of type 'Observable<PermissoesSituacaoProcesso>'.
      Type '{}' is missing the following properties from type 'PermissoesSituacaoProcesso': perfil, status, acessar, editar, and 4 more.

    [7m138[0m   sIASCFluxoServiceSpy.consultarPermissoesFluxoPorPedido.mockReturnValue(of({}));
    [7m   [0m [91m                                                                         ~~~~~~[0m
    [96msrc/app/funcionalidades/relatorios/tempo-medio-processos/tempo-medio-processos-listar/tempo-medio-processos-listar.component.spec.ts[0m:[93m139[0m:[93m82[0m - [91merror[0m[90m TS2345: [0mArgument of type 'Observable<{}>' is not assignable to parameter of type 'Observable<TipoProcesso[]>'.
      Type '{}' is missing the following properties from type 'TipoProcesso[]': length, pop, push, concat, and 29 more.

    [7m139[0m   tipoProcessoServiceSpy.consultarTiposProcessoAutorizacaoPrevia.mockReturnValue(of({}));
    [7m   [0m [91m                                                                                 ~~~~~~[0m
    [96msrc/app/funcionalidades/relatorios/tempo-medio-processos/tempo-medio-processos-listar/tempo-medio-processos-listar.component.spec.ts[0m:[93m141[0m:[93m3[0m - [91merror[0m[90m TS2322: [0mType 'Observable<{}>' is not assignable to type 'MockInstance<EventEmitter<boolean>, [isAsync?: boolean], EventEmitter<boolean>> & { prototype: any; } & EventEmitter<boolean>'.
      Type 'Observable<{}>' is missing the following properties from type 'MockInstance<EventEmitter<boolean>, [isAsync?: boolean], EventEmitter<boolean>>': getMockName, mock, mockClear, mockReset, and 13 more.

    [7m141[0m   documentoPedidoServiceSpy.avisoSituacaoPedido = of({});
    [7m   [0m [91m  ~~~~~~~~~~~~~~~~~~~~~~~~~~~~~~~~~~~~~~~~~~~~~[0m
    [96msrc/app/funcionalidades/relatorios/tempo-medio-processos/tempo-medio-processos-listar/tempo-medio-processos-listar.component.spec.ts[0m:[93m143[0m:[93m3[0m - [91merror[0m[90m TS2740: [0mType '{ params: { id: number; }; queryParams: {}; }' is missing the following properties from type 'ActivatedRouteSnapshot': url, fragment, data, outlet, and 10 more.

    [7m143[0m   activatedRouteSpy.snapshot = {
    [7m   [0m [91m  ~~~~~~~~~~~~~~~~~~~~~~~~~~[0m
    [96msrc/app/funcionalidades/relatorios/tempo-medio-processos/tempo-medio-processos-listar/tempo-medio-processos-listar.component.spec.ts[0m:[93m152[0m:[93m21[0m - [91merror[0m[90m TS2540: [0mCannot assign to 'paramMap' because it is a read-only property.

    [7m152[0m   activatedRouteSpy.paramMap = of({});
    [7m   [0m [91m                    ~~~~~~~~[0m

FAIL src/app/funcionalidades/processos/reembolso/pagina-inicial/pagina-inicial.component.spec.ts
  ● Test suite failed to run

    [96msrc/app/funcionalidades/processos/reembolso/pagina-inicial/pagina-inicial.component.spec.ts[0m:[93m30[0m:[93m29[0m - [91merror[0m[90m TS2352: [0mConversion of type '{ getDescription: jest.Mock<any, any, any>; }' to type 'Mocked<Partial<ActivatedRoute>>' may be a mistake because neither type sufficiently overlaps with the other. If this was intentional, convert the expression to 'unknown' first.
      Type '{ getDescription: jest.Mock<any, any, any>; }' is not comparable to type '{ outlet?: string; component?: MockedClass<Type<any>>; snapshot?: ActivatedRouteSnapshot; readonly title?: Observable<string>; ... 13 more ...; toString?: MockInstance<...>; }'.
        Types of property 'toString' are incompatible.
          Type '() => string' is not comparable to type 'MockInstance<string, [], unknown>'.

    [7m30[0m   const activatedRouteSpy = {
    [7m  [0m [91m                            ~[0m
    [7m31[0m     getDescription: jest.fn()
    [7m  [0m [91m~~~~~~~~~~~~~~~~~~~~~~~~~~~~~[0m
    [7m32[0m   } as jest.Mocked<Partial<ActivatedRoute>>;
    [7m  [0m [91m~~~~~~~~~~~~~~~~~~~~~~~~~~~~~~~~~~~~~~~~~~~[0m
    [96msrc/app/funcionalidades/processos/reembolso/pagina-inicial/pagina-inicial.component.spec.ts[0m:[93m36[0m:[93m23[0m - [91merror[0m[90m TS2352: [0mConversion of type '{ getDescription: jest.Mock<any, any, any>; }' to type 'Mocked<Partial<Location>>' may be a mistake because neither type sufficiently overlaps with the other. If this was intentional, convert the expression to 'unknown' first.
      Type '{ getDescription: jest.Mock<any, any, any>; }' is not comparable to type '{ readonly ancestorOrigins?: DOMStringList; hash?: string; host?: string; hostname?: string; href?: string; toString?: MockInstance<string, [], unknown>; readonly origin?: string; ... 6 more ...; replace?: MockInstance<...>; }'.
        Types of property 'toString' are incompatible.
          Type '() => string' is not comparable to type 'MockInstance<string, [], unknown>'.

    [7m36[0m   const locationSpy = {
    [7m  [0m [91m                      ~[0m
    [7m37[0m     getDescription: jest.fn()
    [7m  [0m [91m~~~~~~~~~~~~~~~~~~~~~~~~~~~~~[0m
    [7m38[0m   } as jest.Mocked<Partial<Location>>;
    [7m  [0m [91m~~~~~~~~~~~~~~~~~~~~~~~~~~~~~~~~~~~~~[0m
    [96msrc/app/funcionalidades/processos/reembolso/pagina-inicial/pagina-inicial.component.spec.ts[0m:[93m118[0m:[93m3[0m - [91merror[0m[90m TS2322: [0mType 'Observable<{}>' is not assignable to type 'MockInstance<Observable<any>, [filtro: FiltroConsultaPrestadorExterno], unknown> & ((filtro: FiltroConsultaPrestadorExterno) => Observable<...>)'.
      Type 'Observable<{}>' is missing the following properties from type 'MockInstance<Observable<any>, [filtro: FiltroConsultaPrestadorExterno], unknown>': getMockName, mock, mockClear, mockReset, and 13 more.

    [7m118[0m   prestadorExternoServiceSpy.consultarUsuarioExternoPorFiltro = of({})
    [7m   [0m [91m  ~~~~~~~~~~~~~~~~~~~~~~~~~~~~~~~~~~~~~~~~~~~~~~~~~~~~~~~~~~~[0m
    [96msrc/app/funcionalidades/processos/reembolso/pagina-inicial/pagina-inicial.component.spec.ts[0m:[93m121[0m:[93m75[0m - [91merror[0m[90m TS2345: [0mArgument of type 'Observable<{}>' is not assignable to parameter of type 'Observable<DadoComboDTO[]>'.
      Type '{}' is missing the following properties from type 'DadoComboDTO[]': length, pop, push, concat, and 29 more.

    [7m121[0m   comboServiceSpy.consultarComboPerfisPrestadoresExternos.mockReturnValue(of({}));
    [7m   [0m [91m                                                                          ~~~~~~[0m
    [96msrc/app/funcionalidades/processos/reembolso/pagina-inicial/pagina-inicial.component.spec.ts[0m:[93m122[0m:[93m62[0m - [91merror[0m[90m TS2345: [0mArgument of type 'Observable<{}>' is not assignable to parameter of type 'Observable<DadoComboDTO[]>'.
      Type '{}' is missing the following properties from type 'DadoComboDTO[]': length, pop, push, concat, and 29 more.

    [7m122[0m   comboServiceSpy.consultarComboTiposAuditor.mockReturnValue(of({}));
    [7m   [0m [91m                                                             ~~~~~~[0m
    [96msrc/app/funcionalidades/processos/reembolso/pagina-inicial/pagina-inicial.component.spec.ts[0m:[93m123[0m:[93m58[0m - [91merror[0m[90m TS2345: [0mArgument of type 'Observable<{}>' is not assignable to parameter of type 'Observable<TipoDocumento[]>'.
      Type '{}' is missing the following properties from type 'TipoDocumento[]': length, pop, push, concat, and 29 more.

    [7m123[0m   tipoDocumentoServiceSpy.consultarTodos.mockReturnValue(of({}));
    [7m   [0m [91m                                                         ~~~~~~[0m
    [96msrc/app/funcionalidades/processos/reembolso/pagina-inicial/pagina-inicial.component.spec.ts[0m:[93m124[0m:[93m43[0m - [91merror[0m[90m TS2345: [0mArgument of type 'Observable<{}>' is not assignable to parameter of type 'Observable<Documento | Documento[]>'.
      Type '{}' is not assignable to type 'Documento | Documento[]'.

    [7m124[0m   documentoServiceSpy.get.mockReturnValue(of({}));
    [7m   [0m [91m                                          ~~~~~~[0m
    [96msrc/app/funcionalidades/processos/reembolso/pagina-inicial/pagina-inicial.component.spec.ts[0m:[93m125[0m:[93m64[0m - [91merror[0m[90m TS2345: [0mArgument of type 'Observable<{}>' is not assignable to parameter of type 'Observable<Documento[]>'.
      Type '{}' is missing the following properties from type 'Documento[]': length, pop, push, concat, and 29 more.

    [7m125[0m   prazoTratamentoServiceSpy.consultarPorFiltro.mockReturnValue(of({}));
    [7m   [0m [91m                                                               ~~~~~~[0m
    [96msrc/app/funcionalidades/processos/reembolso/pagina-inicial/pagina-inicial.component.spec.ts[0m:[93m126[0m:[93m78[0m - [91merror[0m[90m TS2345: [0mArgument of type 'Observable<{}>' is not assignable to parameter of type 'Observable<SituacaoProcesso[]>'.
      Type '{}' is missing the following properties from type 'SituacaoProcesso[]': length, pop, push, concat, and 29 more.

    [7m126[0m   situacaoProcessoServiceSpy.consultarTodasTransicoesManuais.mockReturnValue(of({}));
    [7m   [0m [91m                                                                             ~~~~~~[0m
    [96msrc/app/funcionalidades/processos/reembolso/pagina-inicial/pagina-inicial.component.spec.ts[0m:[93m127[0m:[93m57[0m - [91merror[0m[90m TS2345: [0mArgument of type 'Observable<{}>' is not assignable to parameter of type 'Observable<Patologia>'.
      Property 'id' is missing in type '{}' but required in type 'Patologia'.

    [7m127[0m   patologiaServiceSpy.consultarDTOPorId.mockReturnValue(of({}));
    [7m   [0m [91m                                                        ~~~~~~[0m

      [96msrc/app/shared/models/comum/patologia.ts[0m:[93m17[0m:[93m21[0m
        [7m17[0m     public override id: number;
        [7m  [0m [96m                    ~~[0m
        'id' is declared here.
    [96msrc/app/funcionalidades/processos/reembolso/pagina-inicial/pagina-inicial.component.spec.ts[0m:[93m128[0m:[93m74[0m - [91merror[0m[90m TS2345: [0mArgument of type 'Observable<{}>' is not assignable to parameter of type 'Observable<PermissoesSituacaoProcesso>'.
      Type '{}' is missing the following properties from type 'PermissoesSituacaoProcesso': perfil, status, acessar, editar, and 4 more.

    [7m128[0m   sIASCFluxoServiceSpy.consultarPermissoesFluxoPorPedido.mockReturnValue(of({}));
    [7m   [0m [91m                                                                         ~~~~~~[0m
    [96msrc/app/funcionalidades/processos/reembolso/pagina-inicial/pagina-inicial.component.spec.ts[0m:[93m129[0m:[93m74[0m - [91merror[0m[90m TS2345: [0mArgument of type 'Observable<{}>' is not assignable to parameter of type 'Observable<PermissoesSituacaoProcesso>'.
      Type '{}' is missing the following properties from type 'PermissoesSituacaoProcesso': perfil, status, acessar, editar, and 4 more.

    [7m129[0m   sIASCFluxoServiceSpy.consultarPermissoesFluxoPorPedido.mockReturnValue(of({}));
    [7m   [0m [91m                                                                         ~~~~~~[0m
    [96msrc/app/funcionalidades/processos/reembolso/pagina-inicial/pagina-inicial.component.spec.ts[0m:[93m131[0m:[93m3[0m - [91merror[0m[90m TS2322: [0mType 'Observable<{}>' is not assignable to type 'MockInstance<EventEmitter<boolean>, [isAsync?: boolean], EventEmitter<boolean>> & { prototype: any; } & EventEmitter<boolean>'.
      Type 'Observable<{}>' is missing the following properties from type 'MockInstance<EventEmitter<boolean>, [isAsync?: boolean], EventEmitter<boolean>>': getMockName, mock, mockClear, mockReset, and 13 more.

    [7m131[0m   documentoPedidoServiceSpy.avisoSituacaoPedido = of({});
    [7m   [0m [91m  ~~~~~~~~~~~~~~~~~~~~~~~~~~~~~~~~~~~~~~~~~~~~~[0m
    [96msrc/app/funcionalidades/processos/reembolso/pagina-inicial/pagina-inicial.component.spec.ts[0m:[93m133[0m:[93m3[0m - [91merror[0m[90m TS2740: [0mType '{ params: { id: number; }; queryParams: {}; }' is missing the following properties from type 'ActivatedRouteSnapshot': url, fragment, data, outlet, and 10 more.

    [7m133[0m   activatedRouteSpy.snapshot = {
    [7m   [0m [91m  ~~~~~~~~~~~~~~~~~~~~~~~~~~[0m
    [96msrc/app/funcionalidades/processos/reembolso/pagina-inicial/pagina-inicial.component.spec.ts[0m:[93m142[0m:[93m21[0m - [91merror[0m[90m TS2540: [0mCannot assign to 'paramMap' because it is a read-only property.

    [7m142[0m   activatedRouteSpy.paramMap = of({});
    [7m   [0m [91m                    ~~~~~~~~[0m

FAIL src/app/funcionalidades/processos/reembolso/procedimento/procedimento.component.spec.ts
  ● Test suite failed to run

    [96msrc/app/funcionalidades/processos/reembolso/procedimento/procedimento.component.spec.ts[0m:[93m30[0m:[93m29[0m - [91merror[0m[90m TS2352: [0mConversion of type '{ getDescription: jest.Mock<any, any, any>; }' to type 'Mocked<Partial<ActivatedRoute>>' may be a mistake because neither type sufficiently overlaps with the other. If this was intentional, convert the expression to 'unknown' first.
      Type '{ getDescription: jest.Mock<any, any, any>; }' is not comparable to type '{ outlet?: string; component?: MockedClass<Type<any>>; snapshot?: ActivatedRouteSnapshot; readonly title?: Observable<string>; ... 13 more ...; toString?: MockInstance<...>; }'.
        Types of property 'toString' are incompatible.
          Type '() => string' is not comparable to type 'MockInstance<string, [], unknown>'.

    [7m30[0m   const activatedRouteSpy = {
    [7m  [0m [91m                            ~[0m
    [7m31[0m     getDescription: jest.fn()
    [7m  [0m [91m~~~~~~~~~~~~~~~~~~~~~~~~~~~~~[0m
    [7m32[0m   } as jest.Mocked<Partial<ActivatedRoute>>;
    [7m  [0m [91m~~~~~~~~~~~~~~~~~~~~~~~~~~~~~~~~~~~~~~~~~~~[0m
    [96msrc/app/funcionalidades/processos/reembolso/procedimento/procedimento.component.spec.ts[0m:[93m36[0m:[93m23[0m - [91merror[0m[90m TS2352: [0mConversion of type '{ getDescription: jest.Mock<any, any, any>; }' to type 'Mocked<Partial<Location>>' may be a mistake because neither type sufficiently overlaps with the other. If this was intentional, convert the expression to 'unknown' first.
      Type '{ getDescription: jest.Mock<any, any, any>; }' is not comparable to type '{ readonly ancestorOrigins?: DOMStringList; hash?: string; host?: string; hostname?: string; href?: string; toString?: MockInstance<string, [], unknown>; readonly origin?: string; ... 6 more ...; replace?: MockInstance<...>; }'.
        Types of property 'toString' are incompatible.
          Type '() => string' is not comparable to type 'MockInstance<string, [], unknown>'.

    [7m36[0m   const locationSpy = {
    [7m  [0m [91m                      ~[0m
    [7m37[0m     getDescription: jest.fn()
    [7m  [0m [91m~~~~~~~~~~~~~~~~~~~~~~~~~~~~~[0m
    [7m38[0m   } as jest.Mocked<Partial<Location>>;
    [7m  [0m [91m~~~~~~~~~~~~~~~~~~~~~~~~~~~~~~~~~~~~~[0m
    [96msrc/app/funcionalidades/processos/reembolso/procedimento/procedimento.component.spec.ts[0m:[93m119[0m:[93m3[0m - [91merror[0m[90m TS2322: [0mType 'Observable<{}>' is not assignable to type 'MockInstance<Observable<any>, [filtro: FiltroConsultaPrestadorExterno], unknown> & ((filtro: FiltroConsultaPrestadorExterno) => Observable<...>)'.
      Type 'Observable<{}>' is missing the following properties from type 'MockInstance<Observable<any>, [filtro: FiltroConsultaPrestadorExterno], unknown>': getMockName, mock, mockClear, mockReset, and 13 more.

    [7m119[0m   prestadorExternoServiceSpy.consultarUsuarioExternoPorFiltro = of({})
    [7m   [0m [91m  ~~~~~~~~~~~~~~~~~~~~~~~~~~~~~~~~~~~~~~~~~~~~~~~~~~~~~~~~~~~[0m
    [96msrc/app/funcionalidades/processos/reembolso/procedimento/procedimento.component.spec.ts[0m:[93m121[0m:[93m75[0m - [91merror[0m[90m TS2345: [0mArgument of type 'Observable<{}>' is not assignable to parameter of type 'Observable<DadoComboDTO[]>'.
      Type '{}' is missing the following properties from type 'DadoComboDTO[]': length, pop, push, concat, and 29 more.

    [7m121[0m   comboServiceSpy.consultarComboPerfisPrestadoresExternos.mockReturnValue(of({}));
    [7m   [0m [91m                                                                          ~~~~~~[0m
    [96msrc/app/funcionalidades/processos/reembolso/procedimento/procedimento.component.spec.ts[0m:[93m122[0m:[93m62[0m - [91merror[0m[90m TS2345: [0mArgument of type 'Observable<{}>' is not assignable to parameter of type 'Observable<DadoComboDTO[]>'.
      Type '{}' is missing the following properties from type 'DadoComboDTO[]': length, pop, push, concat, and 29 more.

    [7m122[0m   comboServiceSpy.consultarComboTiposAuditor.mockReturnValue(of({}));
    [7m   [0m [91m                                                             ~~~~~~[0m
    [96msrc/app/funcionalidades/processos/reembolso/procedimento/procedimento.component.spec.ts[0m:[93m123[0m:[93m58[0m - [91merror[0m[90m TS2345: [0mArgument of type 'Observable<{}>' is not assignable to parameter of type 'Observable<TipoDocumento[]>'.
      Type '{}' is missing the following properties from type 'TipoDocumento[]': length, pop, push, concat, and 29 more.

    [7m123[0m   tipoDocumentoServiceSpy.consultarTodos.mockReturnValue(of({}));
    [7m   [0m [91m                                                         ~~~~~~[0m
    [96msrc/app/funcionalidades/processos/reembolso/procedimento/procedimento.component.spec.ts[0m:[93m124[0m:[93m43[0m - [91merror[0m[90m TS2345: [0mArgument of type 'Observable<{}>' is not assignable to parameter of type 'Observable<Documento | Documento[]>'.
      Type '{}' is not assignable to type 'Documento | Documento[]'.

    [7m124[0m   documentoServiceSpy.get.mockReturnValue(of({}));
    [7m   [0m [91m                                          ~~~~~~[0m
    [96msrc/app/funcionalidades/processos/reembolso/procedimento/procedimento.component.spec.ts[0m:[93m125[0m:[93m64[0m - [91merror[0m[90m TS2345: [0mArgument of type 'Observable<{}>' is not assignable to parameter of type 'Observable<Documento[]>'.
      Type '{}' is missing the following properties from type 'Documento[]': length, pop, push, concat, and 29 more.

    [7m125[0m   prazoTratamentoServiceSpy.consultarPorFiltro.mockReturnValue(of({}));
    [7m   [0m [91m                                                               ~~~~~~[0m
    [96msrc/app/funcionalidades/processos/reembolso/procedimento/procedimento.component.spec.ts[0m:[93m126[0m:[93m78[0m - [91merror[0m[90m TS2345: [0mArgument of type 'Observable<{}>' is not assignable to parameter of type 'Observable<SituacaoProcesso[]>'.
      Type '{}' is missing the following properties from type 'SituacaoProcesso[]': length, pop, push, concat, and 29 more.

    [7m126[0m   situacaoProcessoServiceSpy.consultarTodasTransicoesManuais.mockReturnValue(of({}));
    [7m   [0m [91m                                                                             ~~~~~~[0m
    [96msrc/app/funcionalidades/processos/reembolso/procedimento/procedimento.component.spec.ts[0m:[93m127[0m:[93m57[0m - [91merror[0m[90m TS2345: [0mArgument of type 'Observable<{}>' is not assignable to parameter of type 'Observable<Patologia>'.
      Property 'id' is missing in type '{}' but required in type 'Patologia'.

    [7m127[0m   patologiaServiceSpy.consultarDTOPorId.mockReturnValue(of({}));
    [7m   [0m [91m                                                        ~~~~~~[0m

      [96msrc/app/shared/models/comum/patologia.ts[0m:[93m17[0m:[93m21[0m
        [7m17[0m     public override id: number;
        [7m  [0m [96m                    ~~[0m
        'id' is declared here.
    [96msrc/app/funcionalidades/processos/reembolso/procedimento/procedimento.component.spec.ts[0m:[93m128[0m:[93m74[0m - [91merror[0m[90m TS2345: [0mArgument of type 'Observable<{}>' is not assignable to parameter of type 'Observable<PermissoesSituacaoProcesso>'.
      Type '{}' is missing the following properties from type 'PermissoesSituacaoProcesso': perfil, status, acessar, editar, and 4 more.

    [7m128[0m   sIASCFluxoServiceSpy.consultarPermissoesFluxoPorPedido.mockReturnValue(of({}));
    [7m   [0m [91m                                                                         ~~~~~~[0m
    [96msrc/app/funcionalidades/processos/reembolso/procedimento/procedimento.component.spec.ts[0m:[93m129[0m:[93m74[0m - [91merror[0m[90m TS2345: [0mArgument of type 'Observable<{}>' is not assignable to parameter of type 'Observable<PermissoesSituacaoProcesso>'.
      Type '{}' is missing the following properties from type 'PermissoesSituacaoProcesso': perfil, status, acessar, editar, and 4 more.

    [7m129[0m   sIASCFluxoServiceSpy.consultarPermissoesFluxoPorPedido.mockReturnValue(of({}));
    [7m   [0m [91m                                                                         ~~~~~~[0m
    [96msrc/app/funcionalidades/processos/reembolso/procedimento/procedimento.component.spec.ts[0m:[93m131[0m:[93m3[0m - [91merror[0m[90m TS2322: [0mType 'Observable<{}>' is not assignable to type 'MockInstance<EventEmitter<boolean>, [isAsync?: boolean], EventEmitter<boolean>> & { prototype: any; } & EventEmitter<boolean>'.
      Type 'Observable<{}>' is missing the following properties from type 'MockInstance<EventEmitter<boolean>, [isAsync?: boolean], EventEmitter<boolean>>': getMockName, mock, mockClear, mockReset, and 13 more.

    [7m131[0m   documentoPedidoServiceSpy.avisoSituacaoPedido = of({});
    [7m   [0m [91m  ~~~~~~~~~~~~~~~~~~~~~~~~~~~~~~~~~~~~~~~~~~~~~[0m
    [96msrc/app/funcionalidades/processos/reembolso/procedimento/procedimento.component.spec.ts[0m:[93m133[0m:[93m3[0m - [91merror[0m[90m TS2740: [0mType '{ params: { id: number; }; queryParams: {}; }' is missing the following properties from type 'ActivatedRouteSnapshot': url, fragment, data, outlet, and 10 more.

    [7m133[0m   activatedRouteSpy.snapshot = {
    [7m   [0m [91m  ~~~~~~~~~~~~~~~~~~~~~~~~~~[0m
    [96msrc/app/funcionalidades/processos/reembolso/procedimento/procedimento.component.spec.ts[0m:[93m142[0m:[93m21[0m - [91merror[0m[90m TS2540: [0mCannot assign to 'paramMap' because it is a read-only property.

    [7m142[0m   activatedRouteSpy.paramMap = of({});
    [7m   [0m [91m                    ~~~~~~~~[0m

FAIL src/app/funcionalidades/processos/reembolso/resumo/resumo.component.spec.ts
  ● Test suite failed to run

    [96msrc/app/funcionalidades/processos/reembolso/resumo/resumo.component.spec.ts[0m:[93m31[0m:[93m29[0m - [91merror[0m[90m TS2352: [0mConversion of type '{ getDescription: jest.Mock<any, any, any>; }' to type 'Mocked<Partial<ActivatedRoute>>' may be a mistake because neither type sufficiently overlaps with the other. If this was intentional, convert the expression to 'unknown' first.
      Type '{ getDescription: jest.Mock<any, any, any>; }' is not comparable to type '{ outlet?: string; component?: MockedClass<Type<any>>; snapshot?: ActivatedRouteSnapshot; readonly title?: Observable<string>; ... 13 more ...; toString?: MockInstance<...>; }'.
        Types of property 'toString' are incompatible.
          Type '() => string' is not comparable to type 'MockInstance<string, [], unknown>'.

    [7m31[0m   const activatedRouteSpy = {
    [7m  [0m [91m                            ~[0m
    [7m32[0m     getDescription: jest.fn()
    [7m  [0m [91m~~~~~~~~~~~~~~~~~~~~~~~~~~~~~[0m
    [7m33[0m   } as jest.Mocked<Partial<ActivatedRoute>>;
    [7m  [0m [91m~~~~~~~~~~~~~~~~~~~~~~~~~~~~~~~~~~~~~~~~~~~[0m
    [96msrc/app/funcionalidades/processos/reembolso/resumo/resumo.component.spec.ts[0m:[93m37[0m:[93m23[0m - [91merror[0m[90m TS2352: [0mConversion of type '{ getDescription: jest.Mock<any, any, any>; }' to type 'Mocked<Partial<Location>>' may be a mistake because neither type sufficiently overlaps with the other. If this was intentional, convert the expression to 'unknown' first.
      Type '{ getDescription: jest.Mock<any, any, any>; }' is not comparable to type '{ readonly ancestorOrigins?: DOMStringList; hash?: string; host?: string; hostname?: string; href?: string; toString?: MockInstance<string, [], unknown>; readonly origin?: string; ... 6 more ...; replace?: MockInstance<...>; }'.
        Types of property 'toString' are incompatible.
          Type '() => string' is not comparable to type 'MockInstance<string, [], unknown>'.

    [7m37[0m   const locationSpy = {
    [7m  [0m [91m                      ~[0m
    [7m38[0m     getDescription: jest.fn()
    [7m  [0m [91m~~~~~~~~~~~~~~~~~~~~~~~~~~~~~[0m
    [7m39[0m   } as jest.Mocked<Partial<Location>>;
    [7m  [0m [91m~~~~~~~~~~~~~~~~~~~~~~~~~~~~~~~~~~~~~[0m
    [96msrc/app/funcionalidades/processos/reembolso/resumo/resumo.component.spec.ts[0m:[93m129[0m:[93m3[0m - [91merror[0m[90m TS2322: [0mType 'Observable<{}>' is not assignable to type 'MockInstance<Observable<any>, [filtro: FiltroConsultaPrestadorExterno], unknown> & ((filtro: FiltroConsultaPrestadorExterno) => Observable<...>)'.
      Type 'Observable<{}>' is missing the following properties from type 'MockInstance<Observable<any>, [filtro: FiltroConsultaPrestadorExterno], unknown>': getMockName, mock, mockClear, mockReset, and 13 more.

    [7m129[0m   prestadorExternoServiceSpy.consultarUsuarioExternoPorFiltro = of({})
    [7m   [0m [91m  ~~~~~~~~~~~~~~~~~~~~~~~~~~~~~~~~~~~~~~~~~~~~~~~~~~~~~~~~~~~[0m
    [96msrc/app/funcionalidades/processos/reembolso/resumo/resumo.component.spec.ts[0m:[93m131[0m:[93m75[0m - [91merror[0m[90m TS2345: [0mArgument of type 'Observable<{}>' is not assignable to parameter of type 'Observable<DadoComboDTO[]>'.
      Type '{}' is missing the following properties from type 'DadoComboDTO[]': length, pop, push, concat, and 29 more.

    [7m131[0m   comboServiceSpy.consultarComboPerfisPrestadoresExternos.mockReturnValue(of({}));
    [7m   [0m [91m                                                                          ~~~~~~[0m
    [96msrc/app/funcionalidades/processos/reembolso/resumo/resumo.component.spec.ts[0m:[93m132[0m:[93m62[0m - [91merror[0m[90m TS2345: [0mArgument of type 'Observable<{}>' is not assignable to parameter of type 'Observable<DadoComboDTO[]>'.
      Type '{}' is missing the following properties from type 'DadoComboDTO[]': length, pop, push, concat, and 29 more.

    [7m132[0m   comboServiceSpy.consultarComboTiposAuditor.mockReturnValue(of({}));
    [7m   [0m [91m                                                             ~~~~~~[0m
    [96msrc/app/funcionalidades/processos/reembolso/resumo/resumo.component.spec.ts[0m:[93m133[0m:[93m58[0m - [91merror[0m[90m TS2345: [0mArgument of type 'Observable<{}>' is not assignable to parameter of type 'Observable<TipoDocumento[]>'.
      Type '{}' is missing the following properties from type 'TipoDocumento[]': length, pop, push, concat, and 29 more.

    [7m133[0m   tipoDocumentoServiceSpy.consultarTodos.mockReturnValue(of({}));
    [7m   [0m [91m                                                         ~~~~~~[0m
    [96msrc/app/funcionalidades/processos/reembolso/resumo/resumo.component.spec.ts[0m:[93m134[0m:[93m43[0m - [91merror[0m[90m TS2345: [0mArgument of type 'Observable<{}>' is not assignable to parameter of type 'Observable<Documento | Documento[]>'.
      Type '{}' is not assignable to type 'Documento | Documento[]'.

    [7m134[0m   documentoServiceSpy.get.mockReturnValue(of({}));
    [7m   [0m [91m                                          ~~~~~~[0m
    [96msrc/app/funcionalidades/processos/reembolso/resumo/resumo.component.spec.ts[0m:[93m135[0m:[93m64[0m - [91merror[0m[90m TS2345: [0mArgument of type 'Observable<{}>' is not assignable to parameter of type 'Observable<Documento[]>'.
      Type '{}' is missing the following properties from type 'Documento[]': length, pop, push, concat, and 29 more.

    [7m135[0m   prazoTratamentoServiceSpy.consultarPorFiltro.mockReturnValue(of({}));
    [7m   [0m [91m                                                               ~~~~~~[0m
    [96msrc/app/funcionalidades/processos/reembolso/resumo/resumo.component.spec.ts[0m:[93m136[0m:[93m78[0m - [91merror[0m[90m TS2345: [0mArgument of type 'Observable<{}>' is not assignable to parameter of type 'Observable<SituacaoProcesso[]>'.
      Type '{}' is missing the following properties from type 'SituacaoProcesso[]': length, pop, push, concat, and 29 more.

    [7m136[0m   situacaoProcessoServiceSpy.consultarTodasTransicoesManuais.mockReturnValue(of({}));
    [7m   [0m [91m                                                                             ~~~~~~[0m
    [96msrc/app/funcionalidades/processos/reembolso/resumo/resumo.component.spec.ts[0m:[93m137[0m:[93m57[0m - [91merror[0m[90m TS2345: [0mArgument of type 'Observable<{}>' is not assignable to parameter of type 'Observable<Patologia>'.
      Property 'id' is missing in type '{}' but required in type 'Patologia'.

    [7m137[0m   patologiaServiceSpy.consultarDTOPorId.mockReturnValue(of({}));
    [7m   [0m [91m                                                        ~~~~~~[0m

      [96msrc/app/shared/models/comum/patologia.ts[0m:[93m17[0m:[93m21[0m
        [7m17[0m     public override id: number;
        [7m  [0m [96m                    ~~[0m
        'id' is declared here.
    [96msrc/app/funcionalidades/processos/reembolso/resumo/resumo.component.spec.ts[0m:[93m138[0m:[93m74[0m - [91merror[0m[90m TS2345: [0mArgument of type 'Observable<{}>' is not assignable to parameter of type 'Observable<PermissoesSituacaoProcesso>'.
      Type '{}' is missing the following properties from type 'PermissoesSituacaoProcesso': perfil, status, acessar, editar, and 4 more.

    [7m138[0m   sIASCFluxoServiceSpy.consultarPermissoesFluxoPorPedido.mockReturnValue(of({}));
    [7m   [0m [91m                                                                         ~~~~~~[0m
    [96msrc/app/funcionalidades/processos/reembolso/resumo/resumo.component.spec.ts[0m:[93m139[0m:[93m74[0m - [91merror[0m[90m TS2345: [0mArgument of type 'Observable<{}>' is not assignable to parameter of type 'Observable<PermissoesSituacaoProcesso>'.
      Type '{}' is missing the following properties from type 'PermissoesSituacaoProcesso': perfil, status, acessar, editar, and 4 more.

    [7m139[0m   sIASCFluxoServiceSpy.consultarPermissoesFluxoPorPedido.mockReturnValue(of({}));
    [7m   [0m [91m                                                                         ~~~~~~[0m
    [96msrc/app/funcionalidades/processos/reembolso/resumo/resumo.component.spec.ts[0m:[93m141[0m:[93m3[0m - [91merror[0m[90m TS2322: [0mType 'Observable<{}>' is not assignable to type 'MockInstance<EventEmitter<boolean>, [isAsync?: boolean], EventEmitter<boolean>> & { prototype: any; } & EventEmitter<boolean>'.
      Type 'Observable<{}>' is missing the following properties from type 'MockInstance<EventEmitter<boolean>, [isAsync?: boolean], EventEmitter<boolean>>': getMockName, mock, mockClear, mockReset, and 13 more.

    [7m141[0m   documentoPedidoServiceSpy.avisoSituacaoPedido = of({});
    [7m   [0m [91m  ~~~~~~~~~~~~~~~~~~~~~~~~~~~~~~~~~~~~~~~~~~~~~[0m
    [96msrc/app/funcionalidades/processos/reembolso/resumo/resumo.component.spec.ts[0m:[93m143[0m:[93m3[0m - [91merror[0m[90m TS2740: [0mType '{ params: { id: number; }; queryParams: {}; }' is missing the following properties from type 'ActivatedRouteSnapshot': url, fragment, data, outlet, and 10 more.

    [7m143[0m   activatedRouteSpy.snapshot = {
    [7m   [0m [91m  ~~~~~~~~~~~~~~~~~~~~~~~~~~[0m
    [96msrc/app/funcionalidades/processos/reembolso/resumo/resumo.component.spec.ts[0m:[93m152[0m:[93m21[0m - [91merror[0m[90m TS2540: [0mCannot assign to 'paramMap' because it is a read-only property.

    [7m152[0m   activatedRouteSpy.paramMap = of({});
    [7m   [0m [91m                    ~~~~~~~~[0m

FAIL src/app/funcionalidades/processos/reembolso/documentos-fiscal/documentos-fiscal.component.spec.ts
  ● Test suite failed to run

    [96msrc/app/funcionalidades/processos/reembolso/documentos-fiscal/documentos-fiscal.component.spec.ts[0m:[93m140[0m:[93m3[0m - [91merror[0m[90m TS2554: [0mExpected 2 arguments, but got 3.

    [7m140[0m   beforeEach(async () => {
    [7m   [0m [91m  ~~~~~~~~~~~~~~~~~~~~~~~~[0m
    [7m141[0m     await TestBed.configureTestingModule({
    [7m   [0m [91m~~~~~~~~~~~~~~~~~~~~~~~~~~~~~~~~~~~~~~~~~~[0m
    [7m...[0m 
    [7m191[0m     }).compileComponents();
    [7m   [0m [91m~~~~~~~~~~~~~~~~~~~~~~~~~~~[0m
    [7m192[0m     });
    [7m   [0m [91m~~~~~~[0m
    [96msrc/app/funcionalidades/processos/reembolso/documentos-fiscal/documentos-fiscal.component.spec.ts[0m:[93m155[0m:[93m46[0m - [91merror[0m[90m TS2552: [0mCannot find name 'messageServiceSpy'. Did you mean 'MessageService'?

    [7m155[0m         { provide: MessageService, useValue: messageServiceSpy },
    [7m   [0m [91m                                             ~~~~~~~~~~~~~~~~~[0m
    [96msrc/app/funcionalidades/processos/reembolso/documentos-fiscal/documentos-fiscal.component.spec.ts[0m:[93m156[0m:[93m62[0m - [91merror[0m[90m TS2552: [0mCannot find name 'empresaPrestadorExternoServiceSpy'. Did you mean 'EmpresaPrestadorExternoService'?

    [7m156[0m         { provide: EmpresaPrestadorExternoService, useValue: empresaPrestadorExternoServiceSpy },
    [7m   [0m [91m                                                             ~~~~~~~~~~~~~~~~~~~~~~~~~~~~~~~~~[0m
    [96msrc/app/funcionalidades/processos/reembolso/documentos-fiscal/documentos-fiscal.component.spec.ts[0m:[93m157[0m:[93m46[0m - [91merror[0m[90m TS2552: [0mCannot find name 'activatedRouteSpy'. Did you mean 'ActivatedRoute'?

    [7m157[0m         { provide: ActivatedRoute, useValue: activatedRouteSpy },
    [7m   [0m [91m                                             ~~~~~~~~~~~~~~~~~[0m
    [96msrc/app/funcionalidades/processos/reembolso/documentos-fiscal/documentos-fiscal.component.spec.ts[0m:[93m158[0m:[93m38[0m - [91merror[0m[90m TS2552: [0mCannot find name 'routerSpy'. Did you mean 'Router'?

    [7m158[0m         { provide: Router, useValue: routerSpy },
    [7m   [0m [91m                                     ~~~~~~~~~[0m
    [96msrc/app/funcionalidades/processos/reembolso/documentos-fiscal/documentos-fiscal.component.spec.ts[0m:[93m159[0m:[93m40[0m - [91merror[0m[90m TS2552: [0mCannot find name 'locationSpy'. Did you mean 'location'?

    [7m159[0m         { provide: Location, useValue: locationSpy },
    [7m   [0m [91m                                       ~~~~~~~~~~~[0m

      [96mnode_modules/typescript/lib/lib.dom.d.ts[0m:[93m27014[0m:[93m13[0m
        [7m27014[0m declare var location: Location;
        [7m     [0m [96m            ~~~~~~~~[0m
        'location' is declared here.
    [96msrc/app/funcionalidades/processos/reembolso/documentos-fiscal/documentos-fiscal.component.spec.ts[0m:[93m160[0m:[93m44[0m - [91merror[0m[90m TS2304: [0mCannot find name 'comboServiceSpy'.

    [7m160[0m         { provide: ComboService, useValue: comboServiceSpy },
    [7m   [0m [91m                                           ~~~~~~~~~~~~~~~[0m
    [96msrc/app/funcionalidades/processos/reembolso/documentos-fiscal/documentos-fiscal.component.spec.ts[0m:[93m161[0m:[93m52[0m - [91merror[0m[90m TS2304: [0mCannot find name 'tipoDocumentoServiceSpy'.

    [7m161[0m         { provide: TipoDocumentoService, useValue: tipoDocumentoServiceSpy },
    [7m   [0m [91m                                                   ~~~~~~~~~~~~~~~~~~~~~~~[0m
    [96msrc/app/funcionalidades/processos/reembolso/documentos-fiscal/documentos-fiscal.component.spec.ts[0m:[93m162[0m:[93m48[0m - [91merror[0m[90m TS2304: [0mCannot find name 'documentoServiceSpy'.

    [7m162[0m         { provide: DocumentoService, useValue: documentoServiceSpy },
    [7m   [0m [91m                                               ~~~~~~~~~~~~~~~~~~~[0m
    [96msrc/app/funcionalidades/processos/reembolso/documentos-fiscal/documentos-fiscal.component.spec.ts[0m:[93m163[0m:[93m54[0m - [91merror[0m[90m TS2304: [0mCannot find name 'prazoTratamentoServiceSpy'.

    [7m163[0m         { provide: PrazoTratamentoService, useValue: prazoTratamentoServiceSpy },
    [7m   [0m [91m                                                     ~~~~~~~~~~~~~~~~~~~~~~~~~[0m
    [96msrc/app/funcionalidades/processos/reembolso/documentos-fiscal/documentos-fiscal.component.spec.ts[0m:[93m164[0m:[93m55[0m - [91merror[0m[90m TS2304: [0mCannot find name 'tipoBeneficiarioServiceSpy'.

    [7m164[0m         { provide: TipoBeneficiarioService, useValue: tipoBeneficiarioServiceSpy },
    [7m   [0m [91m                                                      ~~~~~~~~~~~~~~~~~~~~~~~~~~[0m
    [96msrc/app/funcionalidades/processos/reembolso/documentos-fiscal/documentos-fiscal.component.spec.ts[0m:[93m165[0m:[93m55[0m - [91merror[0m[90m TS2304: [0mCannot find name 'situacaoProcessoServiceSpy'.

    [7m165[0m         { provide: SituacaoProcessoService, useValue: situacaoProcessoServiceSpy },
    [7m   [0m [91m                                                      ~~~~~~~~~~~~~~~~~~~~~~~~~~[0m
    [96msrc/app/funcionalidades/processos/reembolso/documentos-fiscal/documentos-fiscal.component.spec.ts[0m:[93m166[0m:[93m48[0m - [91merror[0m[90m TS2304: [0mCannot find name 'patologiaServiceSpy'.

    [7m166[0m         { provide: PatologiaService, useValue: patologiaServiceSpy },
    [7m   [0m [91m                                               ~~~~~~~~~~~~~~~~~~~[0m
    [96msrc/app/funcionalidades/processos/reembolso/documentos-fiscal/documentos-fiscal.component.spec.ts[0m:[93m167[0m:[93m51[0m - [91merror[0m[90m TS2304: [0mCannot find name 'tipoProcessoServiceSpy'.

    [7m167[0m         { provide: TipoProcessoService, useValue: tipoProcessoServiceSpy },
    [7m   [0m [91m                                                  ~~~~~~~~~~~~~~~~~~~~~~[0m
    [96msrc/app/funcionalidades/processos/reembolso/documentos-fiscal/documentos-fiscal.component.spec.ts[0m:[93m168[0m:[93m45[0m - [91merror[0m[90m TS2304: [0mCannot find name 'sessaoServiceSpy'.

    [7m168[0m         { provide: SessaoService, useValue: sessaoServiceSpy },
    [7m   [0m [91m                                            ~~~~~~~~~~~~~~~~[0m
    [96msrc/app/funcionalidades/processos/reembolso/documentos-fiscal/documentos-fiscal.component.spec.ts[0m:[93m169[0m:[93m55[0m - [91merror[0m[90m TS2304: [0mCannot find name 'prestadorExternoServiceSpy'.

    [7m169[0m         { provide: PrestadorExternoService, useValue: prestadorExternoServiceSpy },
    [7m   [0m [91m                                                      ~~~~~~~~~~~~~~~~~~~~~~~~~~[0m
    [96msrc/app/funcionalidades/processos/reembolso/documentos-fiscal/documentos-fiscal.component.spec.ts[0m:[93m170[0m:[93m47[0m - [91merror[0m[90m TS2304: [0mCannot find name 'processoServiceSpy'.

    [7m170[0m         { provide: ProcessoService, useValue: processoServiceSpy },
    [7m   [0m [91m                                              ~~~~~~~~~~~~~~~~~~[0m
    [96msrc/app/funcionalidades/processos/reembolso/documentos-fiscal/documentos-fiscal.component.spec.ts[0m:[93m171[0m:[93m49[0m - [91merror[0m[90m TS2304: [0mCannot find name 'sIASCFluxoServiceSpy'.

    [7m171[0m         { provide: SIASCFluxoService, useValue: sIASCFluxoServiceSpy },
    [7m   [0m [91m                                                ~~~~~~~~~~~~~~~~~~~~[0m
    [96msrc/app/funcionalidades/processos/reembolso/documentos-fiscal/documentos-fiscal.component.spec.ts[0m:[93m172[0m:[93m56[0m - [91merror[0m[90m TS2304: [0mCannot find name 'autorizacaoPreviaServiceSpy'.

    [7m172[0m         { provide: AutorizacaoPreviaService, useValue: autorizacaoPreviaServiceSpy },
    [7m   [0m [91m                                                       ~~~~~~~~~~~~~~~~~~~~~~~~~~~[0m
    [96msrc/app/funcionalidades/processos/reembolso/documentos-fiscal/documentos-fiscal.component.spec.ts[0m:[93m173[0m:[93m51[0m - [91merror[0m[90m TS2304: [0mCannot find name 'procedimentoServiceeSpy'.

    [7m173[0m         { provide: ProcedimentoService, useValue: procedimentoServiceeSpy },
    [7m   [0m [91m                                                  ~~~~~~~~~~~~~~~~~~~~~~~[0m
    [96msrc/app/funcionalidades/processos/reembolso/documentos-fiscal/documentos-fiscal.component.spec.ts[0m:[93m174[0m:[93m57[0m - [91merror[0m[90m TS2304: [0mCannot find name 'caraterSolicitacaoServiceSpy'.

    [7m174[0m         { provide: CaraterSolicitacaoService, useValue: caraterSolicitacaoServiceSpy },
    [7m   [0m [91m                                                        ~~~~~~~~~~~~~~~~~~~~~~~~~~~~[0m
    [96msrc/app/funcionalidades/processos/reembolso/documentos-fiscal/documentos-fiscal.component.spec.ts[0m:[93m175[0m:[93m56[0m - [91merror[0m[90m TS2304: [0mCannot find name 'motivoSolicitacaoServiceSpy'.

    [7m175[0m         { provide: MotivoSolicitacaoService, useValue: motivoSolicitacaoServiceSpy },
    [7m   [0m [91m                                                       ~~~~~~~~~~~~~~~~~~~~~~~~~~~[0m
    [96msrc/app/funcionalidades/processos/reembolso/documentos-fiscal/documentos-fiscal.component.spec.ts[0m:[93m176[0m:[93m52[0m - [91merror[0m[90m TS2304: [0mCannot find name 'motivoNegacaoServiceSpy'.

    [7m176[0m         { provide: MotivoNegacaoService, useValue: motivoNegacaoServiceSpy },
    [7m   [0m [91m                                                   ~~~~~~~~~~~~~~~~~~~~~~~[0m
    [96msrc/app/funcionalidades/processos/reembolso/documentos-fiscal/documentos-fiscal.component.spec.ts[0m:[93m177[0m:[93m53[0m - [91merror[0m[90m TS2304: [0mCannot find name 'tipoOcorrenciaServiceSpy'.

    [7m177[0m         { provide: TipoOcorrenciaService, useValue: tipoOcorrenciaServiceSpy },
    [7m   [0m [91m                                                    ~~~~~~~~~~~~~~~~~~~~~~~~[0m
    [96msrc/app/funcionalidades/processos/reembolso/documentos-fiscal/documentos-fiscal.component.spec.ts[0m:[93m178[0m:[93m57[0m - [91merror[0m[90m TS2304: [0mCannot find name 'procedimentoPedidoServiceSpy'.

    [7m178[0m         { provide: ProcedimentoPedidoService, useValue: procedimentoPedidoServiceSpy },
    [7m   [0m [91m                                                        ~~~~~~~~~~~~~~~~~~~~~~~~~~~~[0m
    [96msrc/app/funcionalidades/processos/reembolso/documentos-fiscal/documentos-fiscal.component.spec.ts[0m:[93m179[0m:[93m51[0m - [91merror[0m[90m TS2304: [0mCannot find name 'beneficiarioServiceSpy'.

    [7m179[0m         { provide: BeneficiarioService, useValue: beneficiarioServiceSpy },
    [7m   [0m [91m                                                  ~~~~~~~~~~~~~~~~~~~~~~[0m
    [96msrc/app/funcionalidades/processos/reembolso/documentos-fiscal/documentos-fiscal.component.spec.ts[0m:[93m180[0m:[93m49[0m - [91merror[0m[90m TS2304: [0mCannot find name 'fileUploadServiceSpy'.

    [7m180[0m         { provide: FileUploadService, useValue: fileUploadServiceSpy },
    [7m   [0m [91m                                                ~~~~~~~~~~~~~~~~~~~~[0m
    [96msrc/app/funcionalidades/processos/reembolso/documentos-fiscal/documentos-fiscal.component.spec.ts[0m:[93m181[0m:[93m65[0m - [91merror[0m[90m TS2304: [0mCannot find name 'situacaoPedidoProcedimentoServiceSpy'.

    [7m181[0m         { provide: SituacaoPedidoProcedimentoService, useValue: situacaoPedidoProcedimentoServiceSpy },
    [7m   [0m [91m                                                                ~~~~~~~~~~~~~~~~~~~~~~~~~~~~~~~~~~~~[0m
    [96msrc/app/funcionalidades/processos/reembolso/documentos-fiscal/documentos-fiscal.component.spec.ts[0m:[93m182[0m:[93m50[0m - [91merror[0m[90m TS2304: [0mCannot find name 'medicamentoServiceSpy'.

    [7m182[0m         { provide: MedicamentoService, useValue: medicamentoServiceSpy },
    [7m   [0m [91m                                                 ~~~~~~~~~~~~~~~~~~~~~[0m
    [96msrc/app/funcionalidades/processos/reembolso/documentos-fiscal/documentos-fiscal.component.spec.ts[0m:[93m183[0m:[93m65[0m - [91merror[0m[90m TS2304: [0mCannot find name 'medicamentoPatologiaPedidoServiceSpy'.

    [7m183[0m         { provide: MedicamentoPatologiaPedidoService, useValue: medicamentoPatologiaPedidoServiceSpy },
    [7m   [0m [91m                                                                ~~~~~~~~~~~~~~~~~~~~~~~~~~~~~~~~~~~~[0m
    [96msrc/app/funcionalidades/processos/reembolso/documentos-fiscal/documentos-fiscal.component.spec.ts[0m:[93m184[0m:[93m54[0m - [91merror[0m[90m TS2304: [0mCannot find name 'documentoPedidoServiceSpy'.

    [7m184[0m         { provide: DocumentoPedidoService, useValue: documentoPedidoServiceSpy },
    [7m   [0m [91m                                                     ~~~~~~~~~~~~~~~~~~~~~~~~~[0m
    [96msrc/app/funcionalidades/processos/reembolso/documentos-fiscal/documentos-fiscal.component.spec.ts[0m:[93m185[0m:[93m69[0m - [91merror[0m[90m TS2304: [0mCannot find name 'documentoPedidoServiceSpy'.

    [7m185[0m         { provide: InscricaoProgramasMedicamentosService, useValue: documentoPedidoServiceSpy },
    [7m   [0m [91m                                                                    ~~~~~~~~~~~~~~~~~~~~~~~~~[0m
    [96msrc/app/funcionalidades/processos/reembolso/documentos-fiscal/documentos-fiscal.component.spec.ts[0m:[93m186[0m:[93m49[0m - [91merror[0m[90m TS2304: [0mCannot find name 'documentoPedidoServiceSpy'.

    [7m186[0m         { provide: LocalidadeService, useValue: documentoPedidoServiceSpy },
    [7m   [0m [91m                                                ~~~~~~~~~~~~~~~~~~~~~~~~~[0m
    [96msrc/app/funcionalidades/processos/reembolso/documentos-fiscal/documentos-fiscal.component.spec.ts[0m:[93m195[0m:[93m5[0m - [91merror[0m[90m TS2304: [0mCannot find name 'fixture'.

    [7m195[0m     fixture = TestBed.createComponent(DocumentosFiscalComponent);
    [7m   [0m [91m    ~~~~~~~[0m
    [96msrc/app/funcionalidades/processos/reembolso/documentos-fiscal/documentos-fiscal.component.spec.ts[0m:[93m196[0m:[93m5[0m - [91merror[0m[90m TS2304: [0mCannot find name 'component'.

    [7m196[0m     component = fixture.componentInstance;
    [7m   [0m [91m    ~~~~~~~~~[0m
    [96msrc/app/funcionalidades/processos/reembolso/documentos-fiscal/documentos-fiscal.component.spec.ts[0m:[93m196[0m:[93m17[0m - [91merror[0m[90m TS2304: [0mCannot find name 'fixture'.

    [7m196[0m     component = fixture.componentInstance;
    [7m   [0m [91m                ~~~~~~~[0m
    [96msrc/app/funcionalidades/processos/reembolso/documentos-fiscal/documentos-fiscal.component.spec.ts[0m:[93m197[0m:[93m5[0m - [91merror[0m[90m TS2304: [0mCannot find name 'fixture'.

    [7m197[0m     fixture.detectChanges();
    [7m   [0m [91m    ~~~~~~~[0m
    [96msrc/app/funcionalidades/processos/reembolso/documentos-fiscal/documentos-fiscal.component.spec.ts[0m:[93m201[0m:[93m12[0m - [91merror[0m[90m TS2304: [0mCannot find name 'component'.

    [7m201[0m     expect(component).toBeTruthy();
    [7m   [0m [91m           ~~~~~~~~~[0m
    [96msrc/app/funcionalidades/processos/reembolso/documentos-fiscal/documentos-fiscal.component.spec.ts[0m:[93m140[0m:[93m3[0m - [91merror[0m[90m TS1005: [0m',' expected.

    [7m140[0m   beforeEach(async () => {
    [7m   [0m [91m  ~~~~~~~~~~[0m
    [96msrc/app/funcionalidades/processos/reembolso/documentos-fiscal/documentos-fiscal.component.spec.ts[0m:[93m192[0m:[93m7[0m - [91merror[0m[90m TS1005: [0m')' expected.

    [7m192[0m     });
    [7m   [0m [91m      ~[0m
    [96msrc/app/funcionalidades/processos/reembolso/documentos-fiscal/documentos-fiscal.component.spec.ts[0m:[93m204[0m:[93m1[0m - [91merror[0m[90m TS1128: [0mDeclaration or statement expected.

    [7m204[0m });
    [7m   [0m [91m~[0m
    [96msrc/app/funcionalidades/processos/reembolso/documentos-fiscal/documentos-fiscal.component.spec.ts[0m:[93m204[0m:[93m2[0m - [91merror[0m[90m TS1128: [0mDeclaration or statement expected.

    [7m204[0m });
    [7m   [0m [91m ~[0m

FAIL src/app/funcionalidades/dependente/renovar/renovar-dependente/renovar-dependente.component.spec.ts
  ● Test suite failed to run

    [96msrc/app/funcionalidades/dependente/renovar/renovar-dependente/renovar-dependente.component.spec.ts[0m:[93m21[0m:[93m29[0m - [91merror[0m[90m TS2352: [0mConversion of type '{ snapshot: { params: { idBeneficiario: number; }; }; }' to type 'Mocked<Partial<ActivatedRoute>>' may be a mistake because neither type sufficiently overlaps with the other. If this was intentional, convert the expression to 'unknown' first.
      Type '{ snapshot: { params: { idBeneficiario: number; }; }; }' is not comparable to type '{ outlet?: string; component?: MockedClass<Type<any>>; snapshot?: ActivatedRouteSnapshot; readonly title?: Observable<string>; ... 13 more ...; toString?: MockInstance<...>; }'.
        Types of property 'snapshot' are incompatible.
          Type '{ params: { idBeneficiario: number; }; }' is missing the following properties from type 'ActivatedRouteSnapshot': url, queryParams, fragment, data, and 11 more.

    [7m 21[0m   const activatedRouteSpy = {
    [7m   [0m [91m                            ~[0m
    [7m 22[0m     snapshot: {
    [7m   [0m [91m~~~~~~~~~~~~~~~[0m
    [7m...[0m 
    [7m 26[0m     }
    [7m   [0m [91m~~~~~[0m
    [7m 27[0m   } as jest.Mocked<Partial<ActivatedRoute>>;
    [7m   [0m [91m~~~~~~~~~~~~~~~~~~~~~~~~~~~~~~~~~~~~~~~~~~~[0m

FAIL src/app/funcionalidades/processos/reembolso/finalidade/finalidade.component.spec.ts
  ● Test suite failed to run

    [96msrc/app/funcionalidades/processos/reembolso/finalidade/finalidade.component.spec.ts[0m:[93m30[0m:[93m29[0m - [91merror[0m[90m TS2352: [0mConversion of type '{ getDescription: jest.Mock<any, any, any>; }' to type 'Mocked<Partial<ActivatedRoute>>' may be a mistake because neither type sufficiently overlaps with the other. If this was intentional, convert the expression to 'unknown' first.
      Type '{ getDescription: jest.Mock<any, any, any>; }' is not comparable to type '{ outlet?: string; component?: MockedClass<Type<any>>; snapshot?: ActivatedRouteSnapshot; readonly title?: Observable<string>; ... 13 more ...; toString?: MockInstance<...>; }'.
        Types of property 'toString' are incompatible.
          Type '() => string' is not comparable to type 'MockInstance<string, [], unknown>'.

    [7m30[0m   const activatedRouteSpy = {
    [7m  [0m [91m                            ~[0m
    [7m31[0m     getDescription: jest.fn()
    [7m  [0m [91m~~~~~~~~~~~~~~~~~~~~~~~~~~~~~[0m
    [7m32[0m   } as jest.Mocked<Partial<ActivatedRoute>>;
    [7m  [0m [91m~~~~~~~~~~~~~~~~~~~~~~~~~~~~~~~~~~~~~~~~~~~[0m
    [96msrc/app/funcionalidades/processos/reembolso/finalidade/finalidade.component.spec.ts[0m:[93m36[0m:[93m23[0m - [91merror[0m[90m TS2352: [0mConversion of type '{ getDescription: jest.Mock<any, any, any>; }' to type 'Mocked<Partial<Location>>' may be a mistake because neither type sufficiently overlaps with the other. If this was intentional, convert the expression to 'unknown' first.
      Type '{ getDescription: jest.Mock<any, any, any>; }' is not comparable to type '{ readonly ancestorOrigins?: DOMStringList; hash?: string; host?: string; hostname?: string; href?: string; toString?: MockInstance<string, [], unknown>; readonly origin?: string; ... 6 more ...; replace?: MockInstance<...>; }'.
        Types of property 'toString' are incompatible.
          Type '() => string' is not comparable to type 'MockInstance<string, [], unknown>'.

    [7m36[0m   const locationSpy = {
    [7m  [0m [91m                      ~[0m
    [7m37[0m     getDescription: jest.fn()
    [7m  [0m [91m~~~~~~~~~~~~~~~~~~~~~~~~~~~~~[0m
    [7m38[0m   } as jest.Mocked<Partial<Location>>;
    [7m  [0m [91m~~~~~~~~~~~~~~~~~~~~~~~~~~~~~~~~~~~~~[0m
    [96msrc/app/funcionalidades/processos/reembolso/finalidade/finalidade.component.spec.ts[0m:[93m119[0m:[93m3[0m - [91merror[0m[90m TS2322: [0mType 'Observable<{}>' is not assignable to type 'MockInstance<Observable<any>, [filtro: FiltroConsultaPrestadorExterno], unknown> & ((filtro: FiltroConsultaPrestadorExterno) => Observable<...>)'.
      Type 'Observable<{}>' is missing the following properties from type 'MockInstance<Observable<any>, [filtro: FiltroConsultaPrestadorExterno], unknown>': getMockName, mock, mockClear, mockReset, and 13 more.

    [7m119[0m   prestadorExternoServiceSpy.consultarUsuarioExternoPorFiltro = of({})
    [7m   [0m [91m  ~~~~~~~~~~~~~~~~~~~~~~~~~~~~~~~~~~~~~~~~~~~~~~~~~~~~~~~~~~~[0m
    [96msrc/app/funcionalidades/processos/reembolso/finalidade/finalidade.component.spec.ts[0m:[93m121[0m:[93m75[0m - [91merror[0m[90m TS2345: [0mArgument of type 'Observable<{}>' is not assignable to parameter of type 'Observable<DadoComboDTO[]>'.
      Type '{}' is missing the following properties from type 'DadoComboDTO[]': length, pop, push, concat, and 29 more.

    [7m121[0m   comboServiceSpy.consultarComboPerfisPrestadoresExternos.mockReturnValue(of({}));
    [7m   [0m [91m                                                                          ~~~~~~[0m
    [96msrc/app/funcionalidades/processos/reembolso/finalidade/finalidade.component.spec.ts[0m:[93m122[0m:[93m62[0m - [91merror[0m[90m TS2345: [0mArgument of type 'Observable<{}>' is not assignable to parameter of type 'Observable<DadoComboDTO[]>'.
      Type '{}' is missing the following properties from type 'DadoComboDTO[]': length, pop, push, concat, and 29 more.

    [7m122[0m   comboServiceSpy.consultarComboTiposAuditor.mockReturnValue(of({}));
    [7m   [0m [91m                                                             ~~~~~~[0m
    [96msrc/app/funcionalidades/processos/reembolso/finalidade/finalidade.component.spec.ts[0m:[93m123[0m:[93m58[0m - [91merror[0m[90m TS2345: [0mArgument of type 'Observable<{}>' is not assignable to parameter of type 'Observable<TipoDocumento[]>'.
      Type '{}' is missing the following properties from type 'TipoDocumento[]': length, pop, push, concat, and 29 more.

    [7m123[0m   tipoDocumentoServiceSpy.consultarTodos.mockReturnValue(of({}));
    [7m   [0m [91m                                                         ~~~~~~[0m
    [96msrc/app/funcionalidades/processos/reembolso/finalidade/finalidade.component.spec.ts[0m:[93m124[0m:[93m43[0m - [91merror[0m[90m TS2345: [0mArgument of type 'Observable<{}>' is not assignable to parameter of type 'Observable<Documento | Documento[]>'.
      Type '{}' is not assignable to type 'Documento | Documento[]'.

    [7m124[0m   documentoServiceSpy.get.mockReturnValue(of({}));
    [7m   [0m [91m                                          ~~~~~~[0m
    [96msrc/app/funcionalidades/processos/reembolso/finalidade/finalidade.component.spec.ts[0m:[93m125[0m:[93m64[0m - [91merror[0m[90m TS2345: [0mArgument of type 'Observable<{}>' is not assignable to parameter of type 'Observable<Documento[]>'.
      Type '{}' is missing the following properties from type 'Documento[]': length, pop, push, concat, and 29 more.

    [7m125[0m   prazoTratamentoServiceSpy.consultarPorFiltro.mockReturnValue(of({}));
    [7m   [0m [91m                                                               ~~~~~~[0m
    [96msrc/app/funcionalidades/processos/reembolso/finalidade/finalidade.component.spec.ts[0m:[93m126[0m:[93m78[0m - [91merror[0m[90m TS2345: [0mArgument of type 'Observable<{}>' is not assignable to parameter of type 'Observable<SituacaoProcesso[]>'.
      Type '{}' is missing the following properties from type 'SituacaoProcesso[]': length, pop, push, concat, and 29 more.

    [7m126[0m   situacaoProcessoServiceSpy.consultarTodasTransicoesManuais.mockReturnValue(of({}));
    [7m   [0m [91m                                                                             ~~~~~~[0m
    [96msrc/app/funcionalidades/processos/reembolso/finalidade/finalidade.component.spec.ts[0m:[93m127[0m:[93m57[0m - [91merror[0m[90m TS2345: [0mArgument of type 'Observable<{}>' is not assignable to parameter of type 'Observable<Patologia>'.
      Property 'id' is missing in type '{}' but required in type 'Patologia'.

    [7m127[0m   patologiaServiceSpy.consultarDTOPorId.mockReturnValue(of({}));
    [7m   [0m [91m                                                        ~~~~~~[0m

      [96msrc/app/shared/models/comum/patologia.ts[0m:[93m17[0m:[93m21[0m
        [7m17[0m     public override id: number;
        [7m  [0m [96m                    ~~[0m
        'id' is declared here.
    [96msrc/app/funcionalidades/processos/reembolso/finalidade/finalidade.component.spec.ts[0m:[93m128[0m:[93m74[0m - [91merror[0m[90m TS2345: [0mArgument of type 'Observable<{}>' is not assignable to parameter of type 'Observable<PermissoesSituacaoProcesso>'.
      Type '{}' is missing the following properties from type 'PermissoesSituacaoProcesso': perfil, status, acessar, editar, and 4 more.

    [7m128[0m   sIASCFluxoServiceSpy.consultarPermissoesFluxoPorPedido.mockReturnValue(of({}));
    [7m   [0m [91m                                                                         ~~~~~~[0m
    [96msrc/app/funcionalidades/processos/reembolso/finalidade/finalidade.component.spec.ts[0m:[93m129[0m:[93m74[0m - [91merror[0m[90m TS2345: [0mArgument of type 'Observable<{}>' is not assignable to parameter of type 'Observable<PermissoesSituacaoProcesso>'.
      Type '{}' is missing the following properties from type 'PermissoesSituacaoProcesso': perfil, status, acessar, editar, and 4 more.

    [7m129[0m   sIASCFluxoServiceSpy.consultarPermissoesFluxoPorPedido.mockReturnValue(of({}));
    [7m   [0m [91m                                                                         ~~~~~~[0m
    [96msrc/app/funcionalidades/processos/reembolso/finalidade/finalidade.component.spec.ts[0m:[93m131[0m:[93m3[0m - [91merror[0m[90m TS2322: [0mType 'Observable<{}>' is not assignable to type 'MockInstance<EventEmitter<boolean>, [isAsync?: boolean], EventEmitter<boolean>> & { prototype: any; } & EventEmitter<boolean>'.
      Type 'Observable<{}>' is missing the following properties from type 'MockInstance<EventEmitter<boolean>, [isAsync?: boolean], EventEmitter<boolean>>': getMockName, mock, mockClear, mockReset, and 13 more.

    [7m131[0m   documentoPedidoServiceSpy.avisoSituacaoPedido = of({});
    [7m   [0m [91m  ~~~~~~~~~~~~~~~~~~~~~~~~~~~~~~~~~~~~~~~~~~~~~[0m
    [96msrc/app/funcionalidades/processos/reembolso/finalidade/finalidade.component.spec.ts[0m:[93m133[0m:[93m3[0m - [91merror[0m[90m TS2740: [0mType '{ params: { id: number; }; queryParams: {}; }' is missing the following properties from type 'ActivatedRouteSnapshot': url, fragment, data, outlet, and 10 more.

    [7m133[0m   activatedRouteSpy.snapshot = {
    [7m   [0m [91m  ~~~~~~~~~~~~~~~~~~~~~~~~~~[0m
    [96msrc/app/funcionalidades/processos/reembolso/finalidade/finalidade.component.spec.ts[0m:[93m142[0m:[93m21[0m - [91merror[0m[90m TS2540: [0mCannot assign to 'paramMap' because it is a read-only property.

    [7m142[0m   activatedRouteSpy.paramMap = of({});
    [7m   [0m [91m                    ~~~~~~~~[0m

FAIL src/app/funcionalidades/processos/reembolso/profissional/profissional.component.spec.ts
  ● Test suite failed to run

    [96msrc/app/funcionalidades/processos/reembolso/profissional/profissional.component.spec.ts[0m:[93m30[0m:[93m29[0m - [91merror[0m[90m TS2352: [0mConversion of type '{ getDescription: jest.Mock<any, any, any>; }' to type 'Mocked<Partial<ActivatedRoute>>' may be a mistake because neither type sufficiently overlaps with the other. If this was intentional, convert the expression to 'unknown' first.
      Type '{ getDescription: jest.Mock<any, any, any>; }' is not comparable to type '{ outlet?: string; component?: MockedClass<Type<any>>; snapshot?: ActivatedRouteSnapshot; readonly title?: Observable<string>; ... 13 more ...; toString?: MockInstance<...>; }'.
        Types of property 'toString' are incompatible.
          Type '() => string' is not comparable to type 'MockInstance<string, [], unknown>'.

    [7m30[0m   const activatedRouteSpy = {
    [7m  [0m [91m                            ~[0m
    [7m31[0m     getDescription: jest.fn()
    [7m  [0m [91m~~~~~~~~~~~~~~~~~~~~~~~~~~~~~[0m
    [7m32[0m   } as jest.Mocked<Partial<ActivatedRoute>>;
    [7m  [0m [91m~~~~~~~~~~~~~~~~~~~~~~~~~~~~~~~~~~~~~~~~~~~[0m
    [96msrc/app/funcionalidades/processos/reembolso/profissional/profissional.component.spec.ts[0m:[93m36[0m:[93m23[0m - [91merror[0m[90m TS2352: [0mConversion of type '{ getDescription: jest.Mock<any, any, any>; }' to type 'Mocked<Partial<Location>>' may be a mistake because neither type sufficiently overlaps with the other. If this was intentional, convert the expression to 'unknown' first.
      Type '{ getDescription: jest.Mock<any, any, any>; }' is not comparable to type '{ readonly ancestorOrigins?: DOMStringList; hash?: string; host?: string; hostname?: string; href?: string; toString?: MockInstance<string, [], unknown>; readonly origin?: string; ... 6 more ...; replace?: MockInstance<...>; }'.
        Types of property 'toString' are incompatible.
          Type '() => string' is not comparable to type 'MockInstance<string, [], unknown>'.

    [7m36[0m   const locationSpy = {
    [7m  [0m [91m                      ~[0m
    [7m37[0m     getDescription: jest.fn()
    [7m  [0m [91m~~~~~~~~~~~~~~~~~~~~~~~~~~~~~[0m
    [7m38[0m   } as jest.Mocked<Partial<Location>>;
    [7m  [0m [91m~~~~~~~~~~~~~~~~~~~~~~~~~~~~~~~~~~~~~[0m
    [96msrc/app/funcionalidades/processos/reembolso/profissional/profissional.component.spec.ts[0m:[93m119[0m:[93m3[0m - [91merror[0m[90m TS2322: [0mType 'Observable<{}>' is not assignable to type 'MockInstance<Observable<any>, [filtro: FiltroConsultaPrestadorExterno], unknown> & ((filtro: FiltroConsultaPrestadorExterno) => Observable<...>)'.
      Type 'Observable<{}>' is missing the following properties from type 'MockInstance<Observable<any>, [filtro: FiltroConsultaPrestadorExterno], unknown>': getMockName, mock, mockClear, mockReset, and 13 more.

    [7m119[0m   prestadorExternoServiceSpy.consultarUsuarioExternoPorFiltro = of({})
    [7m   [0m [91m  ~~~~~~~~~~~~~~~~~~~~~~~~~~~~~~~~~~~~~~~~~~~~~~~~~~~~~~~~~~~[0m
    [96msrc/app/funcionalidades/processos/reembolso/profissional/profissional.component.spec.ts[0m:[93m121[0m:[93m75[0m - [91merror[0m[90m TS2345: [0mArgument of type 'Observable<{}>' is not assignable to parameter of type 'Observable<DadoComboDTO[]>'.
      Type '{}' is missing the following properties from type 'DadoComboDTO[]': length, pop, push, concat, and 29 more.

    [7m121[0m   comboServiceSpy.consultarComboPerfisPrestadoresExternos.mockReturnValue(of({}));
    [7m   [0m [91m                                                                          ~~~~~~[0m
    [96msrc/app/funcionalidades/processos/reembolso/profissional/profissional.component.spec.ts[0m:[93m122[0m:[93m62[0m - [91merror[0m[90m TS2345: [0mArgument of type 'Observable<{}>' is not assignable to parameter of type 'Observable<DadoComboDTO[]>'.
      Type '{}' is missing the following properties from type 'DadoComboDTO[]': length, pop, push, concat, and 29 more.

    [7m122[0m   comboServiceSpy.consultarComboTiposAuditor.mockReturnValue(of({}));
    [7m   [0m [91m                                                             ~~~~~~[0m
    [96msrc/app/funcionalidades/processos/reembolso/profissional/profissional.component.spec.ts[0m:[93m123[0m:[93m58[0m - [91merror[0m[90m TS2345: [0mArgument of type 'Observable<{}>' is not assignable to parameter of type 'Observable<TipoDocumento[]>'.
      Type '{}' is missing the following properties from type 'TipoDocumento[]': length, pop, push, concat, and 29 more.

    [7m123[0m   tipoDocumentoServiceSpy.consultarTodos.mockReturnValue(of({}));
    [7m   [0m [91m                                                         ~~~~~~[0m
    [96msrc/app/funcionalidades/processos/reembolso/profissional/profissional.component.spec.ts[0m:[93m124[0m:[93m43[0m - [91merror[0m[90m TS2345: [0mArgument of type 'Observable<{}>' is not assignable to parameter of type 'Observable<Documento | Documento[]>'.
      Type '{}' is not assignable to type 'Documento | Documento[]'.

    [7m124[0m   documentoServiceSpy.get.mockReturnValue(of({}));
    [7m   [0m [91m                                          ~~~~~~[0m
    [96msrc/app/funcionalidades/processos/reembolso/profissional/profissional.component.spec.ts[0m:[93m125[0m:[93m64[0m - [91merror[0m[90m TS2345: [0mArgument of type 'Observable<{}>' is not assignable to parameter of type 'Observable<Documento[]>'.
      Type '{}' is missing the following properties from type 'Documento[]': length, pop, push, concat, and 29 more.

    [7m125[0m   prazoTratamentoServiceSpy.consultarPorFiltro.mockReturnValue(of({}));
    [7m   [0m [91m                                                               ~~~~~~[0m
    [96msrc/app/funcionalidades/processos/reembolso/profissional/profissional.component.spec.ts[0m:[93m126[0m:[93m78[0m - [91merror[0m[90m TS2345: [0mArgument of type 'Observable<{}>' is not assignable to parameter of type 'Observable<SituacaoProcesso[]>'.
      Type '{}' is missing the following properties from type 'SituacaoProcesso[]': length, pop, push, concat, and 29 more.

    [7m126[0m   situacaoProcessoServiceSpy.consultarTodasTransicoesManuais.mockReturnValue(of({}));
    [7m   [0m [91m                                                                             ~~~~~~[0m
    [96msrc/app/funcionalidades/processos/reembolso/profissional/profissional.component.spec.ts[0m:[93m127[0m:[93m57[0m - [91merror[0m[90m TS2345: [0mArgument of type 'Observable<{}>' is not assignable to parameter of type 'Observable<Patologia>'.
      Property 'id' is missing in type '{}' but required in type 'Patologia'.

    [7m127[0m   patologiaServiceSpy.consultarDTOPorId.mockReturnValue(of({}));
    [7m   [0m [91m                                                        ~~~~~~[0m

      [96msrc/app/shared/models/comum/patologia.ts[0m:[93m17[0m:[93m21[0m
        [7m17[0m     public override id: number;
        [7m  [0m [96m                    ~~[0m
        'id' is declared here.
    [96msrc/app/funcionalidades/processos/reembolso/profissional/profissional.component.spec.ts[0m:[93m128[0m:[93m74[0m - [91merror[0m[90m TS2345: [0mArgument of type 'Observable<{}>' is not assignable to parameter of type 'Observable<PermissoesSituacaoProcesso>'.
      Type '{}' is missing the following properties from type 'PermissoesSituacaoProcesso': perfil, status, acessar, editar, and 4 more.

    [7m128[0m   sIASCFluxoServiceSpy.consultarPermissoesFluxoPorPedido.mockReturnValue(of({}));
    [7m   [0m [91m                                                                         ~~~~~~[0m
    [96msrc/app/funcionalidades/processos/reembolso/profissional/profissional.component.spec.ts[0m:[93m129[0m:[93m74[0m - [91merror[0m[90m TS2345: [0mArgument of type 'Observable<{}>' is not assignable to parameter of type 'Observable<PermissoesSituacaoProcesso>'.
      Type '{}' is missing the following properties from type 'PermissoesSituacaoProcesso': perfil, status, acessar, editar, and 4 more.

    [7m129[0m   sIASCFluxoServiceSpy.consultarPermissoesFluxoPorPedido.mockReturnValue(of({}));
    [7m   [0m [91m                                                                         ~~~~~~[0m
    [96msrc/app/funcionalidades/processos/reembolso/profissional/profissional.component.spec.ts[0m:[93m131[0m:[93m3[0m - [91merror[0m[90m TS2322: [0mType 'Observable<{}>' is not assignable to type 'MockInstance<EventEmitter<boolean>, [isAsync?: boolean], EventEmitter<boolean>> & { prototype: any; } & EventEmitter<boolean>'.
      Type 'Observable<{}>' is missing the following properties from type 'MockInstance<EventEmitter<boolean>, [isAsync?: boolean], EventEmitter<boolean>>': getMockName, mock, mockClear, mockReset, and 13 more.

    [7m131[0m   documentoPedidoServiceSpy.avisoSituacaoPedido = of({});
    [7m   [0m [91m  ~~~~~~~~~~~~~~~~~~~~~~~~~~~~~~~~~~~~~~~~~~~~~[0m
    [96msrc/app/funcionalidades/processos/reembolso/profissional/profissional.component.spec.ts[0m:[93m133[0m:[93m3[0m - [91merror[0m[90m TS2740: [0mType '{ params: { id: number; }; queryParams: {}; }' is missing the following properties from type 'ActivatedRouteSnapshot': url, fragment, data, outlet, and 10 more.

    [7m133[0m   activatedRouteSpy.snapshot = {
    [7m   [0m [91m  ~~~~~~~~~~~~~~~~~~~~~~~~~~[0m
    [96msrc/app/funcionalidades/processos/reembolso/profissional/profissional.component.spec.ts[0m:[93m142[0m:[93m21[0m - [91merror[0m[90m TS2540: [0mCannot assign to 'paramMap' because it is a read-only property.

    [7m142[0m   activatedRouteSpy.paramMap = of({});
    [7m   [0m [91m                    ~~~~~~~~[0m

FAIL src/app/funcionalidades/dependente/cancelar/cancelar-dependente/cancelar-dependente.component.spec.ts
  ● Test suite failed to run

    [96msrc/app/funcionalidades/dependente/cancelar/cancelar-dependente/cancelar-dependente.component.spec.ts[0m:[93m23[0m:[93m29[0m - [91merror[0m[90m TS2352: [0mConversion of type '{ snapshot: { params: { id: null; }; }; }' to type 'Mocked<Partial<ActivatedRoute>>' may be a mistake because neither type sufficiently overlaps with the other. If this was intentional, convert the expression to 'unknown' first.
      Type '{ snapshot: { params: { id: null; }; }; }' is not comparable to type '{ outlet?: string; component?: MockedClass<Type<any>>; snapshot?: ActivatedRouteSnapshot; readonly title?: Observable<string>; ... 13 more ...; toString?: MockInstance<...>; }'.
        Types of property 'snapshot' are incompatible.
          Type '{ params: { id: null; }; }' is missing the following properties from type 'ActivatedRouteSnapshot': url, queryParams, fragment, data, and 11 more.

    [7m 23[0m   const activatedRouteSpy = {
    [7m   [0m [91m                            ~[0m
    [7m 24[0m     snapshot: {
    [7m   [0m [91m~~~~~~~~~~~~~~~[0m
    [7m...[0m 
    [7m 28[0m     }
    [7m   [0m [91m~~~~~[0m
    [7m 29[0m   } as jest.Mocked<Partial<ActivatedRoute>>;
    [7m   [0m [91m~~~~~~~~~~~~~~~~~~~~~~~~~~~~~~~~~~~~~~~~~~~[0m

FAIL src/app/funcionalidades/processos/inscricao-programas-medicamentos/pagina-incial/pagina-incial.component.spec.ts
  ● Test suite failed to run

    [96msrc/app/funcionalidades/processos/inscricao-programas-medicamentos/pagina-incial/pagina-incial.component.spec.ts[0m:[93m64[0m:[93m5[0m - [91merror[0m[90m TS2322: [0mType '{ snapshot: any; paramMap: any; }' is not assignable to type 'Mocked<Partial<ActivatedRoute>>'.
      Type '{ snapshot: any; paramMap: any; }' is not assignable to type '{ outlet?: string; component?: MockedClass<Type<any>>; snapshot?: ActivatedRouteSnapshot; readonly title?: Observable<string>; ... 13 more ...; toString?: MockInstance<...>; }'.
        Types of property 'toString' are incompatible.
          Type '() => string' is not assignable to type 'MockInstance<string, [], unknown>'.

    [7m64[0m     activatedRouteSpy = {
    [7m  [0m [91m    ~~~~~~~~~~~~~~~~~[0m

FAIL src/app/funcionalidades/dependente/cadastro/etapa-tipo-dependente/etapa-tipo-dependente.component.spec.ts
  ● Test suite failed to run

    [96msrc/app/funcionalidades/dependente/cadastro/etapa-tipo-dependente/etapa-tipo-dependente.component.spec.ts[0m:[93m25[0m:[93m29[0m - [91merror[0m[90m TS2352: [0mConversion of type '{ snapshot: { params: { id: null; }; }; }' to type 'Mocked<Partial<ActivatedRoute>>' may be a mistake because neither type sufficiently overlaps with the other. If this was intentional, convert the expression to 'unknown' first.
      Type '{ snapshot: { params: { id: null; }; }; }' is not comparable to type '{ outlet?: string; component?: MockedClass<Type<any>>; snapshot?: ActivatedRouteSnapshot; readonly title?: Observable<string>; ... 13 more ...; toString?: MockInstance<...>; }'.
        Types of property 'snapshot' are incompatible.
          Type '{ params: { id: null; }; }' is missing the following properties from type 'ActivatedRouteSnapshot': url, queryParams, fragment, data, and 11 more.

    [7m 25[0m   const activatedRouteSpy = {
    [7m   [0m [91m                            ~[0m
    [7m 26[0m     snapshot: {
    [7m   [0m [91m~~~~~~~~~~~~~~~[0m
    [7m...[0m 
    [7m 30[0m     }
    [7m   [0m [91m~~~~~[0m
    [7m 31[0m   } as jest.Mocked<Partial<ActivatedRoute>>;
    [7m   [0m [91m~~~~~~~~~~~~~~~~~~~~~~~~~~~~~~~~~~~~~~~~~~~[0m

FAIL src/app/funcionalidades/processos/inscricao-programas-medicamentos/acompanhamento-pmd/acompanhamento-pmd.component.spec.ts
  ● Test suite failed to run

    [96msrc/app/funcionalidades/processos/inscricao-programas-medicamentos/acompanhamento-pmd/acompanhamento-pmd.component.spec.ts[0m:[93m64[0m:[93m5[0m - [91merror[0m[90m TS2322: [0mType '{ snapshot: any; paramMap: any; }' is not assignable to type 'Mocked<Partial<ActivatedRoute>>'.
      Type '{ snapshot: any; paramMap: any; }' is not assignable to type '{ outlet?: string; component?: MockedClass<Type<any>>; snapshot?: ActivatedRouteSnapshot; readonly title?: Observable<string>; ... 13 more ...; toString?: MockInstance<...>; }'.
        Types of property 'toString' are incompatible.
          Type '() => string' is not assignable to type 'MockInstance<string, [], unknown>'.

    [7m64[0m     activatedRouteSpy = {
    [7m  [0m [91m    ~~~~~~~~~~~~~~~~~[0m

FAIL src/app/funcionalidades/processos/inscricao-programas-medicamentos/inscricao-programas-medicamentos-base/inscricao-programas-medicamentos-base.component.spec.ts
  ● Test suite failed to run

    [96msrc/app/funcionalidades/processos/inscricao-programas-medicamentos/inscricao-programas-medicamentos-base/inscricao-programas-medicamentos-base.component.spec.ts[0m:[93m64[0m:[93m5[0m - [91merror[0m[90m TS2322: [0mType '{ snapshot: any; paramMap: any; }' is not assignable to type 'Mocked<Partial<ActivatedRoute>>'.
      Type '{ snapshot: any; paramMap: any; }' is not assignable to type '{ outlet?: string; component?: MockedClass<Type<any>>; snapshot?: ActivatedRouteSnapshot; readonly title?: Observable<string>; ... 13 more ...; toString?: MockInstance<...>; }'.
        Types of property 'toString' are incompatible.
          Type '() => string' is not assignable to type 'MockInstance<string, [], unknown>'.

    [7m64[0m     activatedRouteSpy = {
    [7m  [0m [91m    ~~~~~~~~~~~~~~~~~[0m

FAIL src/app/funcionalidades/processos/inscricao-programas-medicamentos/patologia/patologia.component.spec.ts
  ● Test suite failed to run

    [96msrc/app/funcionalidades/processos/inscricao-programas-medicamentos/patologia/patologia.component.spec.ts[0m:[93m64[0m:[93m5[0m - [91merror[0m[90m TS2322: [0mType '{ snapshot: any; paramMap: any; }' is not assignable to type 'Mocked<Partial<ActivatedRoute>>'.
      Type '{ snapshot: any; paramMap: any; }' is not assignable to type '{ outlet?: string; component?: MockedClass<Type<any>>; snapshot?: ActivatedRouteSnapshot; readonly title?: Observable<string>; ... 13 more ...; toString?: MockInstance<...>; }'.
        Types of property 'toString' are incompatible.
          Type '() => string' is not assignable to type 'MockInstance<string, [], unknown>'.

    [7m64[0m     activatedRouteSpy = {
    [7m  [0m [91m    ~~~~~~~~~~~~~~~~~[0m

FAIL src/app/funcionalidades/procedimentos-cobertos/result/procedimentos-cobertos-result.component.spec.ts
  ● Test suite failed to run

    Your test suite must contain at least one test.

      at onResult (node_modules/@jest/core/build/TestScheduler.js:133:18)
      at node_modules/@jest/core/build/TestScheduler.js:254:19
      at node_modules/emittery/index.js:363:13
          at Array.map (<anonymous>)
      at Emittery.emit (node_modules/emittery/index.js:361:23)

FAIL src/app/funcionalidades/dependente/renovar/etapa-motivo-renovacao/etapa-motivo-renovacao.component.spec.ts
  ● Test suite failed to run

    [96msrc/app/funcionalidades/dependente/renovar/etapa-motivo-renovacao/etapa-motivo-renovacao.component.spec.ts[0m:[93m37[0m:[93m29[0m - [91merror[0m[90m TS2352: [0mConversion of type '{ getDescription: jest.Mock<any, any, any>; }' to type 'Mocked<Partial<ActivatedRoute>>' may be a mistake because neither type sufficiently overlaps with the other. If this was intentional, convert the expression to 'unknown' first.
      Type '{ getDescription: jest.Mock<any, any, any>; }' is not comparable to type '{ outlet?: string; component?: MockedClass<Type<any>>; snapshot?: ActivatedRouteSnapshot; readonly title?: Observable<string>; ... 13 more ...; toString?: MockInstance<...>; }'.
        Types of property 'toString' are incompatible.
          Type '() => string' is not comparable to type 'MockInstance<string, [], unknown>'.

    [7m37[0m   const sctivatedRouteSpy = {
    [7m  [0m [91m                            ~[0m
    [7m38[0m     getDescription: jest.fn()
    [7m  [0m [91m~~~~~~~~~~~~~~~~~~~~~~~~~~~~~[0m
    [7m39[0m   } as jest.Mocked<Partial<ActivatedRoute>>;
    [7m  [0m [91m~~~~~~~~~~~~~~~~~~~~~~~~~~~~~~~~~~~~~~~~~~~[0m

FAIL src/app/funcionalidades/reembolso/detail/reembolso-detail.component.spec.ts
  ● Test suite failed to run

    Your test suite must contain at least one test.

      at onResult (node_modules/@jest/core/build/TestScheduler.js:133:18)
      at node_modules/@jest/core/build/TestScheduler.js:254:19
      at node_modules/emittery/index.js:363:13
          at Array.map (<anonymous>)
      at Emittery.emit (node_modules/emittery/index.js:361:23)

FAIL src/app/funcionalidades/processos/reembolso/beneficiario/beneficiario.component.spec.ts
  ● Test suite failed to run

    [96msrc/app/funcionalidades/processos/reembolso/beneficiario/beneficiario.component.spec.ts[0m:[93m30[0m:[93m29[0m - [91merror[0m[90m TS2352: [0mConversion of type '{ getDescription: jest.Mock<any, any, any>; }' to type 'Mocked<Partial<ActivatedRoute>>' may be a mistake because neither type sufficiently overlaps with the other. If this was intentional, convert the expression to 'unknown' first.
      Type '{ getDescription: jest.Mock<any, any, any>; }' is not comparable to type '{ outlet?: string; component?: MockedClass<Type<any>>; snapshot?: ActivatedRouteSnapshot; readonly title?: Observable<string>; ... 13 more ...; toString?: MockInstance<...>; }'.
        Types of property 'toString' are incompatible.
          Type '() => string' is not comparable to type 'MockInstance<string, [], unknown>'.

    [7m30[0m   const activatedRouteSpy = {
    [7m  [0m [91m                            ~[0m
    [7m31[0m     getDescription: jest.fn()
    [7m  [0m [91m~~~~~~~~~~~~~~~~~~~~~~~~~~~~~[0m
    [7m32[0m   } as jest.Mocked<Partial<ActivatedRoute>>;
    [7m  [0m [91m~~~~~~~~~~~~~~~~~~~~~~~~~~~~~~~~~~~~~~~~~~~[0m
    [96msrc/app/funcionalidades/processos/reembolso/beneficiario/beneficiario.component.spec.ts[0m:[93m36[0m:[93m23[0m - [91merror[0m[90m TS2352: [0mConversion of type '{ getDescription: jest.Mock<any, any, any>; }' to type 'Mocked<Partial<Location>>' may be a mistake because neither type sufficiently overlaps with the other. If this was intentional, convert the expression to 'unknown' first.
      Type '{ getDescription: jest.Mock<any, any, any>; }' is not comparable to type '{ readonly ancestorOrigins?: DOMStringList; hash?: string; host?: string; hostname?: string; href?: string; toString?: MockInstance<string, [], unknown>; readonly origin?: string; ... 6 more ...; replace?: MockInstance<...>; }'.
        Types of property 'toString' are incompatible.
          Type '() => string' is not comparable to type 'MockInstance<string, [], unknown>'.

    [7m36[0m   const locationSpy = {
    [7m  [0m [91m                      ~[0m
    [7m37[0m     getDescription: jest.fn()
    [7m  [0m [91m~~~~~~~~~~~~~~~~~~~~~~~~~~~~~[0m
    [7m38[0m   } as jest.Mocked<Partial<Location>>;
    [7m  [0m [91m~~~~~~~~~~~~~~~~~~~~~~~~~~~~~~~~~~~~~[0m
    [96msrc/app/funcionalidades/processos/reembolso/beneficiario/beneficiario.component.spec.ts[0m:[93m119[0m:[93m3[0m - [91merror[0m[90m TS2322: [0mType 'Observable<{}>' is not assignable to type 'MockInstance<Observable<any>, [filtro: FiltroConsultaPrestadorExterno], unknown> & ((filtro: FiltroConsultaPrestadorExterno) => Observable<...>)'.
      Type 'Observable<{}>' is missing the following properties from type 'MockInstance<Observable<any>, [filtro: FiltroConsultaPrestadorExterno], unknown>': getMockName, mock, mockClear, mockReset, and 13 more.

    [7m119[0m   prestadorExternoServiceSpy.consultarUsuarioExternoPorFiltro = of({})
    [7m   [0m [91m  ~~~~~~~~~~~~~~~~~~~~~~~~~~~~~~~~~~~~~~~~~~~~~~~~~~~~~~~~~~~[0m
    [96msrc/app/funcionalidades/processos/reembolso/beneficiario/beneficiario.component.spec.ts[0m:[93m121[0m:[93m75[0m - [91merror[0m[90m TS2345: [0mArgument of type 'Observable<{}>' is not assignable to parameter of type 'Observable<DadoComboDTO[]>'.
      Type '{}' is missing the following properties from type 'DadoComboDTO[]': length, pop, push, concat, and 29 more.

    [7m121[0m   comboServiceSpy.consultarComboPerfisPrestadoresExternos.mockReturnValue(of({}));
    [7m   [0m [91m                                                                          ~~~~~~[0m
    [96msrc/app/funcionalidades/processos/reembolso/beneficiario/beneficiario.component.spec.ts[0m:[93m122[0m:[93m62[0m - [91merror[0m[90m TS2345: [0mArgument of type 'Observable<{}>' is not assignable to parameter of type 'Observable<DadoComboDTO[]>'.
      Type '{}' is missing the following properties from type 'DadoComboDTO[]': length, pop, push, concat, and 29 more.

    [7m122[0m   comboServiceSpy.consultarComboTiposAuditor.mockReturnValue(of({}));
    [7m   [0m [91m                                                             ~~~~~~[0m
    [96msrc/app/funcionalidades/processos/reembolso/beneficiario/beneficiario.component.spec.ts[0m:[93m123[0m:[93m58[0m - [91merror[0m[90m TS2345: [0mArgument of type 'Observable<{}>' is not assignable to parameter of type 'Observable<TipoDocumento[]>'.
      Type '{}' is missing the following properties from type 'TipoDocumento[]': length, pop, push, concat, and 29 more.

    [7m123[0m   tipoDocumentoServiceSpy.consultarTodos.mockReturnValue(of({}));
    [7m   [0m [91m                                                         ~~~~~~[0m
    [96msrc/app/funcionalidades/processos/reembolso/beneficiario/beneficiario.component.spec.ts[0m:[93m124[0m:[93m43[0m - [91merror[0m[90m TS2345: [0mArgument of type 'Observable<{}>' is not assignable to parameter of type 'Observable<Documento | Documento[]>'.
      Type '{}' is not assignable to type 'Documento | Documento[]'.

    [7m124[0m   documentoServiceSpy.get.mockReturnValue(of({}));
    [7m   [0m [91m                                          ~~~~~~[0m
    [96msrc/app/funcionalidades/processos/reembolso/beneficiario/beneficiario.component.spec.ts[0m:[93m125[0m:[93m64[0m - [91merror[0m[90m TS2345: [0mArgument of type 'Observable<{}>' is not assignable to parameter of type 'Observable<Documento[]>'.
      Type '{}' is missing the following properties from type 'Documento[]': length, pop, push, concat, and 29 more.

    [7m125[0m   prazoTratamentoServiceSpy.consultarPorFiltro.mockReturnValue(of({}));
    [7m   [0m [91m                                                               ~~~~~~[0m
    [96msrc/app/funcionalidades/processos/reembolso/beneficiario/beneficiario.component.spec.ts[0m:[93m126[0m:[93m78[0m - [91merror[0m[90m TS2345: [0mArgument of type 'Observable<{}>' is not assignable to parameter of type 'Observable<SituacaoProcesso[]>'.
      Type '{}' is missing the following properties from type 'SituacaoProcesso[]': length, pop, push, concat, and 29 more.

    [7m126[0m   situacaoProcessoServiceSpy.consultarTodasTransicoesManuais.mockReturnValue(of({}));
    [7m   [0m [91m                                                                             ~~~~~~[0m
    [96msrc/app/funcionalidades/processos/reembolso/beneficiario/beneficiario.component.spec.ts[0m:[93m127[0m:[93m57[0m - [91merror[0m[90m TS2345: [0mArgument of type 'Observable<{}>' is not assignable to parameter of type 'Observable<Patologia>'.
      Property 'id' is missing in type '{}' but required in type 'Patologia'.

    [7m127[0m   patologiaServiceSpy.consultarDTOPorId.mockReturnValue(of({}));
    [7m   [0m [91m                                                        ~~~~~~[0m

      [96msrc/app/shared/models/comum/patologia.ts[0m:[93m17[0m:[93m21[0m
        [7m17[0m     public override id: number;
        [7m  [0m [96m                    ~~[0m
        'id' is declared here.
    [96msrc/app/funcionalidades/processos/reembolso/beneficiario/beneficiario.component.spec.ts[0m:[93m128[0m:[93m74[0m - [91merror[0m[90m TS2345: [0mArgument of type 'Observable<{}>' is not assignable to parameter of type 'Observable<PermissoesSituacaoProcesso>'.
      Type '{}' is missing the following properties from type 'PermissoesSituacaoProcesso': perfil, status, acessar, editar, and 4 more.

    [7m128[0m   sIASCFluxoServiceSpy.consultarPermissoesFluxoPorPedido.mockReturnValue(of({}));
    [7m   [0m [91m                                                                         ~~~~~~[0m
    [96msrc/app/funcionalidades/processos/reembolso/beneficiario/beneficiario.component.spec.ts[0m:[93m129[0m:[93m74[0m - [91merror[0m[90m TS2345: [0mArgument of type 'Observable<{}>' is not assignable to parameter of type 'Observable<PermissoesSituacaoProcesso>'.
      Type '{}' is missing the following properties from type 'PermissoesSituacaoProcesso': perfil, status, acessar, editar, and 4 more.

    [7m129[0m   sIASCFluxoServiceSpy.consultarPermissoesFluxoPorPedido.mockReturnValue(of({}));
    [7m   [0m [91m                                                                         ~~~~~~[0m
    [96msrc/app/funcionalidades/processos/reembolso/beneficiario/beneficiario.component.spec.ts[0m:[93m131[0m:[93m3[0m - [91merror[0m[90m TS2322: [0mType 'Observable<{}>' is not assignable to type 'MockInstance<EventEmitter<boolean>, [isAsync?: boolean], EventEmitter<boolean>> & { prototype: any; } & EventEmitter<boolean>'.
      Type 'Observable<{}>' is missing the following properties from type 'MockInstance<EventEmitter<boolean>, [isAsync?: boolean], EventEmitter<boolean>>': getMockName, mock, mockClear, mockReset, and 13 more.

    [7m131[0m   documentoPedidoServiceSpy.avisoSituacaoPedido = of({});
    [7m   [0m [91m  ~~~~~~~~~~~~~~~~~~~~~~~~~~~~~~~~~~~~~~~~~~~~~[0m
    [96msrc/app/funcionalidades/processos/reembolso/beneficiario/beneficiario.component.spec.ts[0m:[93m133[0m:[93m3[0m - [91merror[0m[90m TS2740: [0mType '{ params: { id: number; }; queryParams: {}; }' is missing the following properties from type 'ActivatedRouteSnapshot': url, fragment, data, outlet, and 10 more.

    [7m133[0m   activatedRouteSpy.snapshot = {
    [7m   [0m [91m  ~~~~~~~~~~~~~~~~~~~~~~~~~~[0m
    [96msrc/app/funcionalidades/processos/reembolso/beneficiario/beneficiario.component.spec.ts[0m:[93m144[0m:[93m21[0m - [91merror[0m[90m TS2540: [0mCannot assign to 'paramMap' because it is a read-only property.

    [7m144[0m   activatedRouteSpy.paramMap = of({});
    [7m   [0m [91m                    ~~~~~~~~[0m

FAIL src/app/funcionalidades/dependente/cadastro/etapa-selecao-dependente/etapa-selecao-dependente.component.spec.ts
  ● Test suite failed to run

    [96msrc/app/funcionalidades/dependente/cadastro/etapa-selecao-dependente/etapa-selecao-dependente.component.spec.ts[0m:[93m25[0m:[93m29[0m - [91merror[0m[90m TS2352: [0mConversion of type '{ snapshot: { params: { id: null; }; }; }' to type 'Mocked<Partial<ActivatedRoute>>' may be a mistake because neither type sufficiently overlaps with the other. If this was intentional, convert the expression to 'unknown' first.
      Type '{ snapshot: { params: { id: null; }; }; }' is not comparable to type '{ outlet?: string; component?: MockedClass<Type<any>>; snapshot?: ActivatedRouteSnapshot; readonly title?: Observable<string>; ... 13 more ...; toString?: MockInstance<...>; }'.
        Types of property 'snapshot' are incompatible.
          Type '{ params: { id: null; }; }' is missing the following properties from type 'ActivatedRouteSnapshot': url, queryParams, fragment, data, and 11 more.

    [7m 25[0m   const activatedRouteSpy = {
    [7m   [0m [91m                            ~[0m
    [7m 26[0m     snapshot: {
    [7m   [0m [91m~~~~~~~~~~~~~~~[0m
    [7m...[0m 
    [7m 30[0m     }
    [7m   [0m [91m~~~~~[0m
    [7m 31[0m   } as jest.Mocked<Partial<ActivatedRoute>>;
    [7m   [0m [91m~~~~~~~~~~~~~~~~~~~~~~~~~~~~~~~~~~~~~~~~~~~[0m

FAIL src/app/funcionalidades/procedimentos-cobertos/param/procedimentos-cobertos-param.component.spec.ts
  ● Test suite failed to run

    Your test suite must contain at least one test.

      at onResult (node_modules/@jest/core/build/TestScheduler.js:133:18)
      at node_modules/@jest/core/build/TestScheduler.js:254:19
      at node_modules/emittery/index.js:363:13
          at Array.map (<anonymous>)
      at Emittery.emit (node_modules/emittery/index.js:361:23)

FAIL src/app/funcionalidades/dependente/cadastro/etapa-complemento-dependente/etapa-complemento-dependente.component.spec.ts
  ● Test suite failed to run

    [96msrc/app/funcionalidades/dependente/cadastro/etapa-complemento-dependente/etapa-complemento-dependente.component.spec.ts[0m:[93m26[0m:[93m29[0m - [91merror[0m[90m TS2352: [0mConversion of type '{ snapshot: { params: { id: null; }; }; }' to type 'Mocked<Partial<ActivatedRoute>>' may be a mistake because neither type sufficiently overlaps with the other. If this was intentional, convert the expression to 'unknown' first.
      Type '{ snapshot: { params: { id: null; }; }; }' is not comparable to type '{ outlet?: string; component?: MockedClass<Type<any>>; snapshot?: ActivatedRouteSnapshot; readonly title?: Observable<string>; ... 13 more ...; toString?: MockInstance<...>; }'.
        Types of property 'snapshot' are incompatible.
          Type '{ params: { id: null; }; }' is missing the following properties from type 'ActivatedRouteSnapshot': url, queryParams, fragment, data, and 11 more.

    [7m 26[0m   const activatedRouteSpy = {
    [7m   [0m [91m                            ~[0m
    [7m 27[0m     snapshot: {
    [7m   [0m [91m~~~~~~~~~~~~~~~[0m
    [7m...[0m 
    [7m 31[0m     }
    [7m   [0m [91m~~~~~[0m
    [7m 32[0m   } as jest.Mocked<Partial<ActivatedRoute>>;
    [7m   [0m [91m~~~~~~~~~~~~~~~~~~~~~~~~~~~~~~~~~~~~~~~~~~~[0m
    [96msrc/app/funcionalidades/dependente/cadastro/etapa-complemento-dependente/etapa-complemento-dependente.component.spec.ts[0m:[93m64[0m:[93m37[0m - [91merror[0m[90m TS2352: [0mConversion of type '{ getDocumentoPedido: jest.Mock<any, any, any>; avisoSituacaoPedido: Observable<{}>; }' to type 'Mocked<Partial<DocumentoPedidoService>>' may be a mistake because neither type sufficiently overlaps with the other. If this was intentional, convert the expression to 'unknown' first.
      Type '{ getDocumentoPedido: jest.Mock<any, any, any>; avisoSituacaoPedido: Observable<{}>; }' is not comparable to type '{ avisoParaBotao?: MockedClass<EventEmitter<string>>; avisoSituacaoPedido?: MockedClass<EventEmitter<boolean>>; avisoSituacaoPedidoComplementares?: MockedClass<...>; ... 20 more ...; queryParams?: any; }'.
        Types of property 'avisoSituacaoPedido' are incompatible.
          Type 'Observable<{}>' is not comparable to type 'MockedClass<EventEmitter<boolean>>'.
            Type 'Observable<{}>' is missing the following properties from type 'MockInstance<EventEmitter<boolean>, [isAsync?: boolean], EventEmitter<boolean>>': getMockName, mock, mockClear, mockReset, and 13 more.

    [7m64[0m   const documentoPedidoServiceSpy = {
    [7m  [0m [91m                                    ~[0m
    [7m65[0m     getDocumentoPedido: jest.fn(),
    [7m  [0m [91m~~~~~~~~~~~~~~~~~~~~~~~~~~~~~~~~~~[0m
    [7m66[0m     avisoSituacaoPedido: of({})
    [7m  [0m [91m~~~~~~~~~~~~~~~~~~~~~~~~~~~~~~~[0m
    [7m67[0m   } as jest.Mocked<Partial<DocumentoPedidoService>>;
    [7m  [0m [91m~~~~~~~~~~~~~~~~~~~~~~~~~~~~~~~~~~~~~~~~~~~~~~~~~~~[0m

FAIL src/app/funcionalidades/dependente/cadastro/cadastro-dependente/cadastro-dependente.component.spec.ts
  ● Test suite failed to run

    [96msrc/app/funcionalidades/dependente/cadastro/cadastro-dependente/cadastro-dependente.component.spec.ts[0m:[93m26[0m:[93m29[0m - [91merror[0m[90m TS2352: [0mConversion of type '{ snapshot: { params: { id: null; }; }; }' to type 'Mocked<Partial<ActivatedRoute>>' may be a mistake because neither type sufficiently overlaps with the other. If this was intentional, convert the expression to 'unknown' first.
      Type '{ snapshot: { params: { id: null; }; }; }' is not comparable to type '{ outlet?: string; component?: MockedClass<Type<any>>; snapshot?: ActivatedRouteSnapshot; readonly title?: Observable<string>; ... 13 more ...; toString?: MockInstance<...>; }'.
        Types of property 'snapshot' are incompatible.
          Type '{ params: { id: null; }; }' is missing the following properties from type 'ActivatedRouteSnapshot': url, queryParams, fragment, data, and 11 more.

    [7m 26[0m   const activatedRouteSpy = {
    [7m   [0m [91m                            ~[0m
    [7m 27[0m     snapshot: {
    [7m   [0m [91m~~~~~~~~~~~~~~~[0m
    [7m...[0m 
    [7m 31[0m     }
    [7m   [0m [91m~~~~~[0m
    [7m 32[0m   } as jest.Mocked<Partial<ActivatedRoute>>;
    [7m   [0m [91m~~~~~~~~~~~~~~~~~~~~~~~~~~~~~~~~~~~~~~~~~~~[0m
    [96msrc/app/funcionalidades/dependente/cadastro/cadastro-dependente/cadastro-dependente.component.spec.ts[0m:[93m66[0m:[93m37[0m - [91merror[0m[90m TS2352: [0mConversion of type '{ getDocumentoPedido: jest.Mock<any, any, any>; avisoSituacaoPedido: Observable<{}>; }' to type 'Mocked<Partial<DocumentoPedidoService>>' may be a mistake because neither type sufficiently overlaps with the other. If this was intentional, convert the expression to 'unknown' first.
      Type '{ getDocumentoPedido: jest.Mock<any, any, any>; avisoSituacaoPedido: Observable<{}>; }' is not comparable to type '{ avisoParaBotao?: MockedClass<EventEmitter<string>>; avisoSituacaoPedido?: MockedClass<EventEmitter<boolean>>; avisoSituacaoPedidoComplementares?: MockedClass<...>; ... 20 more ...; queryParams?: any; }'.
        Types of property 'avisoSituacaoPedido' are incompatible.
          Type 'Observable<{}>' is not comparable to type 'MockedClass<EventEmitter<boolean>>'.
            Type 'Observable<{}>' is missing the following properties from type 'MockInstance<EventEmitter<boolean>, [isAsync?: boolean], EventEmitter<boolean>>': getMockName, mock, mockClear, mockReset, and 13 more.

    [7m66[0m   const documentoPedidoServiceSpy = {
    [7m  [0m [91m                                    ~[0m
    [7m67[0m     getDocumentoPedido: jest.fn(),
    [7m  [0m [91m~~~~~~~~~~~~~~~~~~~~~~~~~~~~~~~~~~[0m
    [7m68[0m     avisoSituacaoPedido: of({})
    [7m  [0m [91m~~~~~~~~~~~~~~~~~~~~~~~~~~~~~~~[0m
    [7m69[0m   } as jest.Mocked<Partial<DocumentoPedidoService>>;
    [7m  [0m [91m~~~~~~~~~~~~~~~~~~~~~~~~~~~~~~~~~~~~~~~~~~~~~~~~~~~[0m

FAIL src/app/funcionalidades/procedimentos/listar-autorizacao-previa/procedimentos-listar-autorizacao-previa.component.spec.ts
  ● Test suite failed to run

    Your test suite must contain at least one test.

      at onResult (node_modules/@jest/core/build/TestScheduler.js:133:18)
      at node_modules/@jest/core/build/TestScheduler.js:254:19
      at node_modules/emittery/index.js:363:13
          at Array.map (<anonymous>)
      at Emittery.emit (node_modules/emittery/index.js:361:23)

FAIL src/app/funcionalidades/dependente/cadastro/etapa-resumo-incluir/etapa-resumo-incluir.component.spec.ts
  ● Test suite failed to run

    [96msrc/app/funcionalidades/dependente/cadastro/etapa-resumo-incluir/etapa-resumo-incluir.component.spec.ts[0m:[93m23[0m:[93m29[0m - [91merror[0m[90m TS2352: [0mConversion of type '{ snapshot: { params: { id: null; }; }; }' to type 'Mocked<Partial<ActivatedRoute>>' may be a mistake because neither type sufficiently overlaps with the other. If this was intentional, convert the expression to 'unknown' first.
      Type '{ snapshot: { params: { id: null; }; }; }' is not comparable to type '{ outlet?: string; component?: MockedClass<Type<any>>; snapshot?: ActivatedRouteSnapshot; readonly title?: Observable<string>; ... 13 more ...; toString?: MockInstance<...>; }'.
        Types of property 'snapshot' are incompatible.
          Type '{ params: { id: null; }; }' is missing the following properties from type 'ActivatedRouteSnapshot': url, queryParams, fragment, data, and 11 more.

    [7m 23[0m   const activatedRouteSpy = {
    [7m   [0m [91m                            ~[0m
    [7m 24[0m     snapshot: {
    [7m   [0m [91m~~~~~~~~~~~~~~~[0m
    [7m...[0m 
    [7m 28[0m     }
    [7m   [0m [91m~~~~~[0m
    [7m 29[0m   } as jest.Mocked<Partial<ActivatedRoute>>;
    [7m   [0m [91m~~~~~~~~~~~~~~~~~~~~~~~~~~~~~~~~~~~~~~~~~~~[0m

FAIL src/app/funcionalidades/dependente/cadastro/etapa-dados-dependente/etapa-dados-dependente.component.spec.ts
  ● Test suite failed to run

    [96msrc/app/funcionalidades/dependente/cadastro/etapa-dados-dependente/etapa-dados-dependente.component.spec.ts[0m:[93m147[0m:[93m40[0m - [91merror[0m[90m TS2339: [0mProperty 'toBeTrue' does not exist on type 'JestMatchers<boolean>'.

    [7m147[0m     expect(component.isMenorIdade(13)).toBeTrue();
    [7m   [0m [91m                                       ~~~~~~~~[0m
    [96msrc/app/funcionalidades/dependente/cadastro/etapa-dados-dependente/etapa-dados-dependente.component.spec.ts[0m:[93m158[0m:[93m43[0m - [91merror[0m[90m TS2551: [0mProperty 'toBeFalse' does not exist on type 'JestMatchers<boolean>'. Did you mean 'toBeFalsy'?

    [7m158[0m     expect(component.idadeIncompativel()).toBeFalse;
    [7m   [0m [91m                                          ~~~~~~~~~[0m

      [96mnode_modules/@types/jest/index.d.ts[0m:[93m887[0m:[93m9[0m
        [7m887[0m         toBeFalsy(): R;
        [7m   [0m [96m        ~~~~~~~~~~~~~~~[0m
        'toBeFalsy' is declared here.

FAIL src/app/funcionalidades/procedimentos-cobertos/listar-procedimentos-com-reembolso/listar-procedimentos-com-reembolso.component.spec.ts
  ● Test suite failed to run

    [96msrc/app/funcionalidades/procedimentos-cobertos/listar-procedimentos-com-reembolso/listar-procedimentos-com-reembolso.component.spec.ts[0m:[93m21[0m:[93m5[0m - [91merror[0m[90m TS2322: [0mType 'Observable<{}>' is not assignable to type 'MockInstance<Observable<any>, [filtro: FiltroConsultaPrestadorExterno], unknown> & ((filtro: FiltroConsultaPrestadorExterno) => Observable<...>)'.
      Type 'Observable<{}>' is missing the following properties from type 'MockInstance<Observable<any>, [filtro: FiltroConsultaPrestadorExterno], unknown>': getMockName, mock, mockClear, mockReset, and 13 more.

    [7m21[0m     prestadorExternoServiceSpy.consultarUsuarioExternoPorFiltro = of({})
    [7m  [0m [91m    ~~~~~~~~~~~~~~~~~~~~~~~~~~~~~~~~~~~~~~~~~~~~~~~~~~~~~~~~~~~[0m

FAIL src/app/funcionalidades/portabilidade/detail/portabilidade-detail.component.spec.ts
  ● Test suite failed to run

    Your test suite must contain at least one test.

      at onResult (node_modules/@jest/core/build/TestScheduler.js:133:18)
      at node_modules/@jest/core/build/TestScheduler.js:254:19
      at node_modules/emittery/index.js:363:13
          at Array.map (<anonymous>)
      at Emittery.emit (node_modules/emittery/index.js:361:23)

FAIL src/app/funcionalidades/preposto-credenciado/preposto-credenciado-home/empresa-credenciada-home.component.spec.ts
  ● Test suite failed to run

    [96msrc/app/funcionalidades/preposto-credenciado/preposto-credenciado-home/empresa-credenciada-home.component.spec.ts[0m:[93m15[0m:[93m55[0m - [91merror[0m[90m TS2554: [0mExpected 0-1 arguments, but got 2.

    [7m15[0m   const messageServiceMock = jest.fn('MessageService',['getDescription', 'fromResourceBundle']);
    [7m  [0m [91m                                                      ~~~~~~~~~~~~~~~~~~~~~~~~~~~~~~~~~~~~~~~~[0m
    [96msrc/app/funcionalidades/preposto-credenciado/preposto-credenciado-home/empresa-credenciada-home.component.spec.ts[0m:[93m16[0m:[93m87[0m - [91merror[0m[90m TS2554: [0mExpected 0-1 arguments, but got 2.

    [7m16[0m   const empresaPrestadorExternoServiceMock = jest.fn('EmpresaPrestadorExternoService',['consultarEmpresaPorId', 'consultarFiliais']);
    [7m  [0m [91m                                                                                      ~~~~~~~~~~~~~~~~~~~~~~~~~~~~~~~~~~~~~~~~~~~~~[0m
    [96msrc/app/funcionalidades/preposto-credenciado/preposto-credenciado-home/empresa-credenciada-home.component.spec.ts[0m:[93m17[0m:[93m55[0m - [91merror[0m[90m TS2554: [0mExpected 0-1 arguments, but got 2.

    [7m17[0m   const activatedRouteMock = jest.fn('ActivatedRoute',['getDescription']);
    [7m  [0m [91m                                                      ~~~~~~~~~~~~~~~~~~[0m
    [96msrc/app/funcionalidades/preposto-credenciado/preposto-credenciado-home/empresa-credenciada-home.component.spec.ts[0m:[93m18[0m:[93m39[0m - [91merror[0m[90m TS2554: [0mExpected 0-1 arguments, but got 2.

    [7m18[0m   const routerMock = jest.fn('Router',['getDescription']);
    [7m  [0m [91m                                      ~~~~~~~~~~~~~~~~~~[0m
    [96msrc/app/funcionalidades/preposto-credenciado/preposto-credenciado-home/empresa-credenciada-home.component.spec.ts[0m:[93m19[0m:[93m43[0m - [91merror[0m[90m TS2554: [0mExpected 0-1 arguments, but got 2.

    [7m19[0m   const locationMock = jest.fn('Location',['getDescription']);
    [7m  [0m [91m                                          ~~~~~~~~~~~~~~~~~~[0m
    [96msrc/app/funcionalidades/preposto-credenciado/preposto-credenciado-home/empresa-credenciada-home.component.spec.ts[0m:[93m20[0m:[93m51[0m - [91merror[0m[90m TS2554: [0mExpected 0-1 arguments, but got 2.

    [7m20[0m   const comboServiceMock = jest.fn('ComboService',['consultarComboUF']);
    [7m  [0m [91m                                                  ~~~~~~~~~~~~~~~~~~~~[0m
    [96msrc/app/funcionalidades/preposto-credenciado/preposto-credenciado-home/empresa-credenciada-home.component.spec.ts[0m:[93m21[0m:[93m67[0m - [91merror[0m[90m TS2554: [0mExpected 0-1 arguments, but got 2.

    [7m21[0m   const tipoDocumentoServiceMock = jest.fn('TipoDocumentoService',['consultarTodos']);
    [7m  [0m [91m                                                                  ~~~~~~~~~~~~~~~~~~[0m
    [96msrc/app/funcionalidades/preposto-credenciado/preposto-credenciado-home/empresa-credenciada-home.component.spec.ts[0m:[93m22[0m:[93m59[0m - [91merror[0m[90m TS2554: [0mExpected 0-1 arguments, but got 2.

    [7m22[0m   const documentoServiceMock = jest.fn('DocumentoService',['get']);
    [7m  [0m [91m                                                          ~~~~~~~[0m
    [96msrc/app/funcionalidades/preposto-credenciado/preposto-credenciado-home/empresa-credenciada-home.component.spec.ts[0m:[93m23[0m:[93m65[0m - [91merror[0m[90m TS2554: [0mExpected 0-1 arguments, but got 2.

    [7m23[0m   const prazoTratamentoServiceMock = jest.fn('DocumentoService',['consultarPorFiltro']);
    [7m  [0m [91m                                                                ~~~~~~~~~~~~~~~~~~~~~~[0m
    [96msrc/app/funcionalidades/preposto-credenciado/preposto-credenciado-home/empresa-credenciada-home.component.spec.ts[0m:[93m24[0m:[93m69[0m - [91merror[0m[90m TS2554: [0mExpected 0-1 arguments, but got 2.

    [7m24[0m   const tipoBeneficiarioServiceMock = jest.fn('DocumentoServ   ice',['get']);
    [7m  [0m [91m                                                                    ~~~~~~~[0m
    [96msrc/app/funcionalidades/preposto-credenciado/preposto-credenciado-home/empresa-credenciada-home.component.spec.ts[0m:[93m25[0m:[93m73[0m - [91merror[0m[90m TS2554: [0mExpected 0-1 arguments, but got 2.

    [7m25[0m   const situacaoProcessoServiceMock = jest.fn('SituacaoProcessoService',['consultarTodasTransicoesManuais']);
    [7m  [0m [91m                                                                        ~~~~~~~~~~~~~~~~~~~~~~~~~~~~~~~~~~~[0m
    [96msrc/app/funcionalidades/preposto-credenciado/preposto-credenciado-home/empresa-credenciada-home.component.spec.ts[0m:[93m26[0m:[93m59[0m - [91merror[0m[90m TS2554: [0mExpected 0-1 arguments, but got 2.

    [7m26[0m   const patologiaServiceMock = jest.fn('PatologiaService',['consultarDTOPorId']);
    [7m  [0m [91m                                                          ~~~~~~~~~~~~~~~~~~~~~[0m
    [96msrc/app/funcionalidades/preposto-credenciado/preposto-credenciado-home/empresa-credenciada-home.component.spec.ts[0m:[93m27[0m:[93m65[0m - [91merror[0m[90m TS2554: [0mExpected 0-1 arguments, but got 2.

    [7m27[0m   const tipoProcessoServiceMock = jest.fn('TipoProcessoService',['get']);
    [7m  [0m [91m                                                                ~~~~~~~[0m
    [96msrc/app/funcionalidades/preposto-credenciado/preposto-credenciado-home/empresa-credenciada-home.component.spec.ts[0m:[93m28[0m:[93m53[0m - [91merror[0m[90m TS2554: [0mExpected 0-1 arguments, but got 2.

    [7m28[0m   const sessaoServiceMock = jest.fn('SessaoService',['get']);
    [7m  [0m [91m                                                    ~~~~~~~[0m
    [96msrc/app/funcionalidades/preposto-credenciado/preposto-credenciado-home/empresa-credenciada-home.component.spec.ts[0m:[93m29[0m:[93m73[0m - [91merror[0m[90m TS2554: [0mExpected 0-1 arguments, but got 2.

    [7m29[0m   const prestadorExternoServiceMock = jest.fn('PrestadorExternoService',['get','consultarUsuarioExternoPorFiltro']);
    [7m  [0m [91m                                                                        ~~~~~~~~~~~~~~~~~~~~~~~~~~~~~~~~~~~~~~~~~~[0m
    [96msrc/app/funcionalidades/preposto-credenciado/preposto-credenciado-home/empresa-credenciada-home.component.spec.ts[0m:[93m30[0m:[93m57[0m - [91merror[0m[90m TS2554: [0mExpected 0-1 arguments, but got 2.

    [7m30[0m   const processoServiceMock = jest.fn('ProcessoService',['get']);
    [7m  [0m [91m                                                        ~~~~~~~[0m
    [96msrc/app/funcionalidades/preposto-credenciado/preposto-credenciado-home/empresa-credenciada-home.component.spec.ts[0m:[93m31[0m:[93m61[0m - [91merror[0m[90m TS2554: [0mExpected 0-1 arguments, but got 2.

    [7m31[0m   const sIASCFluxoServiceMock = jest.fn('SIASCFluxoService',['get']);
    [7m  [0m [91m                                                            ~~~~~~~[0m
    [96msrc/app/funcionalidades/preposto-credenciado/preposto-credenciado-home/empresa-credenciada-home.component.spec.ts[0m:[93m32[0m:[93m75[0m - [91merror[0m[90m TS2554: [0mExpected 0-1 arguments, but got 2.

    [7m32[0m   const autorizacaoPreviaServiceMock = jest.fn('AutorizacaoPreviaService',['get']);
    [7m  [0m [91m                                                                          ~~~~~~~[0m
    [96msrc/app/funcionalidades/preposto-credenciado/preposto-credenciado-home/empresa-credenciada-home.component.spec.ts[0m:[93m34[0m:[93m38[0m - [91merror[0m[90m TS2339: [0mProperty 'consultarFiliais' does not exist on type 'Mock<unknown, any[], any>'.

    [7m34[0m   empresaPrestadorExternoServiceMock.consultarFiliais.mockReturnValue(of({}));
    [7m  [0m [91m                                     ~~~~~~~~~~~~~~~~[0m
    [96msrc/app/funcionalidades/preposto-credenciado/preposto-credenciado-home/empresa-credenciada-home.component.spec.ts[0m:[93m35[0m:[93m31[0m - [91merror[0m[90m TS2339: [0mProperty 'consultarUsuarioExternoPorFiltro' does not exist on type 'Mock<unknown, any[], any>'.

    [7m35[0m   prestadorExternoServiceMock.consultarUsuarioExternoPorFiltro .mockReturnValue(of({}));
    [7m  [0m [91m                              ~~~~~~~~~~~~~~~~~~~~~~~~~~~~~~~~[0m
    [96msrc/app/funcionalidades/preposto-credenciado/preposto-credenciado-home/empresa-credenciada-home.component.spec.ts[0m:[93m37[0m:[93m20[0m - [91merror[0m[90m TS2339: [0mProperty 'consultarComboUF' does not exist on type 'Mock<unknown, any[], any>'.

    [7m37[0m   comboServiceMock.consultarComboUF.mockReturnValue(of({}));
    [7m  [0m [91m                   ~~~~~~~~~~~~~~~~[0m
    [96msrc/app/funcionalidades/preposto-credenciado/preposto-credenciado-home/empresa-credenciada-home.component.spec.ts[0m:[93m38[0m:[93m28[0m - [91merror[0m[90m TS2339: [0mProperty 'consultarTodos' does not exist on type 'Mock<unknown, any[], any>'.

    [7m38[0m   tipoDocumentoServiceMock.consultarTodos.mockReturnValue(of({}));
    [7m  [0m [91m                           ~~~~~~~~~~~~~~[0m
    [96msrc/app/funcionalidades/preposto-credenciado/preposto-credenciado-home/empresa-credenciada-home.component.spec.ts[0m:[93m39[0m:[93m24[0m - [91merror[0m[90m TS2339: [0mProperty 'get' does not exist on type 'Mock<unknown, any[], any>'.

    [7m39[0m   documentoServiceMock.get.mockReturnValue(of({}));
    [7m  [0m [91m                       ~~~[0m
    [96msrc/app/funcionalidades/preposto-credenciado/preposto-credenciado-home/empresa-credenciada-home.component.spec.ts[0m:[93m40[0m:[93m30[0m - [91merror[0m[90m TS2339: [0mProperty 'consultarPorFiltro' does not exist on type 'Mock<unknown, any[], any>'.

    [7m40[0m   prazoTratamentoServiceMock.consultarPorFiltro.mockReturnValue(of({}));
    [7m  [0m [91m                             ~~~~~~~~~~~~~~~~~~[0m
    [96msrc/app/funcionalidades/preposto-credenciado/preposto-credenciado-home/empresa-credenciada-home.component.spec.ts[0m:[93m41[0m:[93m31[0m - [91merror[0m[90m TS2339: [0mProperty 'consultarTodasTransicoesManuais' does not exist on type 'Mock<unknown, any[], any>'.

    [7m41[0m   situacaoProcessoServiceMock.consultarTodasTransicoesManuais.mockReturnValue(of({}));
    [7m  [0m [91m                              ~~~~~~~~~~~~~~~~~~~~~~~~~~~~~~~[0m
    [96msrc/app/funcionalidades/preposto-credenciado/preposto-credenciado-home/empresa-credenciada-home.component.spec.ts[0m:[93m42[0m:[93m24[0m - [91merror[0m[90m TS2339: [0mProperty 'consultarDTOPorId' does not exist on type 'Mock<unknown, any[], any>'.

    [7m42[0m   patologiaServiceMock.consultarDTOPorId.mockReturnValue(of({}));
    [7m  [0m [91m                       ~~~~~~~~~~~~~~~~~[0m
    [96msrc/app/funcionalidades/preposto-credenciado/preposto-credenciado-home/empresa-credenciada-home.component.spec.ts[0m:[93m44[0m:[93m22[0m - [91merror[0m[90m TS2339: [0mProperty 'snapshot' does not exist on type 'Mock<unknown, any[], any>'.

    [7m44[0m   activatedRouteMock.snapshot = {
    [7m  [0m [91m                     ~~~~~~~~[0m

FAIL src/app/funcionalidades/vinc-med-patologia/vinc-med-patologia-home/vinc-med-patologia-home.component.spec.ts
  ● Test suite failed to run

    [96msrc/app/funcionalidades/vinc-med-patologia/vinc-med-patologia-home/vinc-med-patologia-home.component.spec.ts[0m:[93m32[0m:[93m29[0m - [91merror[0m[90m TS2352: [0mConversion of type '{ getDescription: jest.Mock<any, any, any>; }' to type 'Mocked<Partial<ActivatedRoute>>' may be a mistake because neither type sufficiently overlaps with the other. If this was intentional, convert the expression to 'unknown' first.
      Type '{ getDescription: jest.Mock<any, any, any>; }' is not comparable to type '{ outlet?: string; component?: MockedClass<Type<any>>; snapshot?: ActivatedRouteSnapshot; readonly title?: Observable<string>; ... 13 more ...; toString?: MockInstance<...>; }'.
        Types of property 'toString' are incompatible.
          Type '() => string' is not comparable to type 'MockInstance<string, [], unknown>'.

    [7m32[0m   const activatedRouteSpy = {
    [7m  [0m [91m                            ~[0m
    [7m33[0m     getDescription: jest.fn()
    [7m  [0m [91m~~~~~~~~~~~~~~~~~~~~~~~~~~~~~[0m
    [7m34[0m   } as jest.Mocked<Partial<ActivatedRoute>>;
    [7m  [0m [91m~~~~~~~~~~~~~~~~~~~~~~~~~~~~~~~~~~~~~~~~~~~[0m
    [96msrc/app/funcionalidades/vinc-med-patologia/vinc-med-patologia-home/vinc-med-patologia-home.component.spec.ts[0m:[93m38[0m:[93m23[0m - [91merror[0m[90m TS2352: [0mConversion of type '{ getDescription: jest.Mock<any, any, any>; }' to type 'Mocked<Partial<Location>>' may be a mistake because neither type sufficiently overlaps with the other. If this was intentional, convert the expression to 'unknown' first.
      Type '{ getDescription: jest.Mock<any, any, any>; }' is not comparable to type '{ readonly ancestorOrigins?: DOMStringList; hash?: string; host?: string; hostname?: string; href?: string; toString?: MockInstance<string, [], unknown>; readonly origin?: string; ... 6 more ...; replace?: MockInstance<...>; }'.
        Types of property 'toString' are incompatible.
          Type '() => string' is not comparable to type 'MockInstance<string, [], unknown>'.

    [7m38[0m   const locationSpy = {
    [7m  [0m [91m                      ~[0m
    [7m39[0m     getDescription: jest.fn()
    [7m  [0m [91m~~~~~~~~~~~~~~~~~~~~~~~~~~~~~[0m
    [7m40[0m   } as jest.Mocked<Partial<Location>>;
    [7m  [0m [91m~~~~~~~~~~~~~~~~~~~~~~~~~~~~~~~~~~~~~[0m
    [96msrc/app/funcionalidades/vinc-med-patologia/vinc-med-patologia-home/vinc-med-patologia-home.component.spec.ts[0m:[93m134[0m:[93m3[0m - [91merror[0m[90m TS2322: [0mType 'Observable<{}>' is not assignable to type 'MockInstance<Observable<any>, [filtro: FiltroConsultaPrestadorExterno], unknown> & ((filtro: FiltroConsultaPrestadorExterno) => Observable<...>)'.
      Type 'Observable<{}>' is missing the following properties from type 'MockInstance<Observable<any>, [filtro: FiltroConsultaPrestadorExterno], unknown>': getMockName, mock, mockClear, mockReset, and 13 more.

    [7m134[0m   prestadorExternoServiceSpy.consultarUsuarioExternoPorFiltro = of({})
    [7m   [0m [91m  ~~~~~~~~~~~~~~~~~~~~~~~~~~~~~~~~~~~~~~~~~~~~~~~~~~~~~~~~~~~[0m
    [96msrc/app/funcionalidades/vinc-med-patologia/vinc-med-patologia-home/vinc-med-patologia-home.component.spec.ts[0m:[93m136[0m:[93m75[0m - [91merror[0m[90m TS2345: [0mArgument of type 'Observable<{}>' is not assignable to parameter of type 'Observable<DadoComboDTO[]>'.
      Type '{}' is missing the following properties from type 'DadoComboDTO[]': length, pop, push, concat, and 29 more.

    [7m136[0m   comboServiceSpy.consultarComboPerfisPrestadoresExternos.mockReturnValue(of({}));
    [7m   [0m [91m                                                                          ~~~~~~[0m
    [96msrc/app/funcionalidades/vinc-med-patologia/vinc-med-patologia-home/vinc-med-patologia-home.component.spec.ts[0m:[93m137[0m:[93m62[0m - [91merror[0m[90m TS2345: [0mArgument of type 'Observable<{}>' is not assignable to parameter of type 'Observable<DadoComboDTO[]>'.
      Type '{}' is missing the following properties from type 'DadoComboDTO[]': length, pop, push, concat, and 29 more.

    [7m137[0m   comboServiceSpy.consultarComboTiposAuditor.mockReturnValue(of({}));
    [7m   [0m [91m                                                             ~~~~~~[0m
    [96msrc/app/funcionalidades/vinc-med-patologia/vinc-med-patologia-home/vinc-med-patologia-home.component.spec.ts[0m:[93m138[0m:[93m58[0m - [91merror[0m[90m TS2345: [0mArgument of type 'Observable<{}>' is not assignable to parameter of type 'Observable<TipoDocumento[]>'.
      Type '{}' is missing the following properties from type 'TipoDocumento[]': length, pop, push, concat, and 29 more.

    [7m138[0m   tipoDocumentoServiceSpy.consultarTodos.mockReturnValue(of({}));
    [7m   [0m [91m                                                         ~~~~~~[0m
    [96msrc/app/funcionalidades/vinc-med-patologia/vinc-med-patologia-home/vinc-med-patologia-home.component.spec.ts[0m:[93m139[0m:[93m43[0m - [91merror[0m[90m TS2345: [0mArgument of type 'Observable<{}>' is not assignable to parameter of type 'Observable<Documento | Documento[]>'.
      Type '{}' is not assignable to type 'Documento | Documento[]'.

    [7m139[0m   documentoServiceSpy.get.mockReturnValue(of({}));
    [7m   [0m [91m                                          ~~~~~~[0m
    [96msrc/app/funcionalidades/vinc-med-patologia/vinc-med-patologia-home/vinc-med-patologia-home.component.spec.ts[0m:[93m140[0m:[93m64[0m - [91merror[0m[90m TS2345: [0mArgument of type 'Observable<{}>' is not assignable to parameter of type 'Observable<Documento[]>'.
      Type '{}' is missing the following properties from type 'Documento[]': length, pop, push, concat, and 29 more.

    [7m140[0m   prazoTratamentoServiceSpy.consultarPorFiltro.mockReturnValue(of({}));
    [7m   [0m [91m                                                               ~~~~~~[0m
    [96msrc/app/funcionalidades/vinc-med-patologia/vinc-med-patologia-home/vinc-med-patologia-home.component.spec.ts[0m:[93m141[0m:[93m78[0m - [91merror[0m[90m TS2345: [0mArgument of type 'Observable<{}>' is not assignable to parameter of type 'Observable<SituacaoProcesso[]>'.
      Type '{}' is missing the following properties from type 'SituacaoProcesso[]': length, pop, push, concat, and 29 more.

    [7m141[0m   situacaoProcessoServiceSpy.consultarTodasTransicoesManuais.mockReturnValue(of({}));
    [7m   [0m [91m                                                                             ~~~~~~[0m
    [96msrc/app/funcionalidades/vinc-med-patologia/vinc-med-patologia-home/vinc-med-patologia-home.component.spec.ts[0m:[93m142[0m:[93m57[0m - [91merror[0m[90m TS2345: [0mArgument of type 'Observable<{}>' is not assignable to parameter of type 'Observable<Patologia>'.
      Property 'id' is missing in type '{}' but required in type 'Patologia'.

    [7m142[0m   patologiaServiceSpy.consultarDTOPorId.mockReturnValue(of({}));
    [7m   [0m [91m                                                        ~~~~~~[0m

      [96msrc/app/shared/models/comum/patologia.ts[0m:[93m17[0m:[93m21[0m
        [7m17[0m     public override id: number;
        [7m  [0m [96m                    ~~[0m
        'id' is declared here.
    [96msrc/app/funcionalidades/vinc-med-patologia/vinc-med-patologia-home/vinc-med-patologia-home.component.spec.ts[0m:[93m143[0m:[93m54[0m - [91merror[0m[90m TS2345: [0mArgument of type 'Observable<{}>' is not assignable to parameter of type 'Observable<Patologia[]>'.
      Type '{}' is missing the following properties from type 'Patologia[]': length, pop, push, concat, and 29 more.

    [7m143[0m   patologiaServiceSpy.consultarTodos.mockReturnValue(of({}));
    [7m   [0m [91m                                                     ~~~~~~[0m
    [96msrc/app/funcionalidades/vinc-med-patologia/vinc-med-patologia-home/vinc-med-patologia-home.component.spec.ts[0m:[93m144[0m:[93m74[0m - [91merror[0m[90m TS2345: [0mArgument of type 'Observable<{}>' is not assignable to parameter of type 'Observable<PermissoesSituacaoProcesso>'.
      Type '{}' is missing the following properties from type 'PermissoesSituacaoProcesso': perfil, status, acessar, editar, and 4 more.

    [7m144[0m   sIASCFluxoServiceSpy.consultarPermissoesFluxoPorPedido.mockReturnValue(of({}));
    [7m   [0m [91m                                                                         ~~~~~~[0m
    [96msrc/app/funcionalidades/vinc-med-patologia/vinc-med-patologia-home/vinc-med-patologia-home.component.spec.ts[0m:[93m145[0m:[93m82[0m - [91merror[0m[90m TS2345: [0mArgument of type 'Observable<{}>' is not assignable to parameter of type 'Observable<TipoProcesso[]>'.
      Type '{}' is missing the following properties from type 'TipoProcesso[]': length, pop, push, concat, and 29 more.

    [7m145[0m   tipoProcessoServiceSpy.consultarTiposProcessoAutorizacaoPrevia.mockReturnValue(of({}));
    [7m   [0m [91m                                                                                 ~~~~~~[0m
    [96msrc/app/funcionalidades/vinc-med-patologia/vinc-med-patologia-home/vinc-med-patologia-home.component.spec.ts[0m:[93m148[0m:[93m3[0m - [91merror[0m[90m TS2322: [0mType 'Observable<{}>' is not assignable to type 'MockInstance<EventEmitter<boolean>, [isAsync?: boolean], EventEmitter<boolean>> & { prototype: any; } & EventEmitter<boolean>'.
      Type 'Observable<{}>' is missing the following properties from type 'MockInstance<EventEmitter<boolean>, [isAsync?: boolean], EventEmitter<boolean>>': getMockName, mock, mockClear, mockReset, and 13 more.

    [7m148[0m   documentoPedidoServiceSpy.avisoSituacaoPedido = of({});
    [7m   [0m [91m  ~~~~~~~~~~~~~~~~~~~~~~~~~~~~~~~~~~~~~~~~~~~~~[0m
    [96msrc/app/funcionalidades/vinc-med-patologia/vinc-med-patologia-home/vinc-med-patologia-home.component.spec.ts[0m:[93m150[0m:[93m3[0m - [91merror[0m[90m TS2740: [0mType '{ params: { id: number; }; queryParams: {}; }' is missing the following properties from type 'ActivatedRouteSnapshot': url, fragment, data, outlet, and 10 more.

    [7m150[0m   activatedRouteSpy.snapshot = {
    [7m   [0m [91m  ~~~~~~~~~~~~~~~~~~~~~~~~~~[0m
    [96msrc/app/funcionalidades/vinc-med-patologia/vinc-med-patologia-home/vinc-med-patologia-home.component.spec.ts[0m:[93m159[0m:[93m21[0m - [91merror[0m[90m TS2540: [0mCannot assign to 'paramMap' because it is a read-only property.

    [7m159[0m   activatedRouteSpy.paramMap = of({});
    [7m   [0m [91m                    ~~~~~~~~[0m

FAIL src/app/funcionalidades/preposto-credenciado/preposto-credenciado-listar/empresa-credenciada-listar.component.spec.ts
  ● Test suite failed to run

    [96msrc/app/funcionalidades/preposto-credenciado/preposto-credenciado-listar/empresa-credenciada-listar.component.spec.ts[0m:[93m24[0m:[93m29[0m - [91merror[0m[90m TS2352: [0mConversion of type '{ getDescription: jest.Mock<any, any, any>; }' to type 'Mocked<Partial<ActivatedRoute>>' may be a mistake because neither type sufficiently overlaps with the other. If this was intentional, convert the expression to 'unknown' first.
      Type '{ getDescription: jest.Mock<any, any, any>; }' is not comparable to type '{ outlet?: string; component?: MockedClass<Type<any>>; snapshot?: ActivatedRouteSnapshot; readonly title?: Observable<string>; ... 13 more ...; toString?: MockInstance<...>; }'.
        Types of property 'toString' are incompatible.
          Type '() => string' is not comparable to type 'MockInstance<string, [], unknown>'.

    [7m24[0m   const activatedRouteSpy = {
    [7m  [0m [91m                            ~[0m
    [7m25[0m     getDescription: jest.fn()
    [7m  [0m [91m~~~~~~~~~~~~~~~~~~~~~~~~~~~~~[0m
    [7m26[0m   } as jest.Mocked<Partial<ActivatedRoute>>;
    [7m  [0m [91m~~~~~~~~~~~~~~~~~~~~~~~~~~~~~~~~~~~~~~~~~~~[0m
    [96msrc/app/funcionalidades/preposto-credenciado/preposto-credenciado-listar/empresa-credenciada-listar.component.spec.ts[0m:[93m30[0m:[93m23[0m - [91merror[0m[90m TS2352: [0mConversion of type '{ getDescription: jest.Mock<any, any, any>; }' to type 'Mocked<Partial<Location>>' may be a mistake because neither type sufficiently overlaps with the other. If this was intentional, convert the expression to 'unknown' first.
      Type '{ getDescription: jest.Mock<any, any, any>; }' is not comparable to type '{ readonly ancestorOrigins?: DOMStringList; hash?: string; host?: string; hostname?: string; href?: string; toString?: MockInstance<string, [], unknown>; readonly origin?: string; ... 6 more ...; replace?: MockInstance<...>; }'.
        Types of property 'toString' are incompatible.
          Type '() => string' is not comparable to type 'MockInstance<string, [], unknown>'.

    [7m30[0m   const locationSpy = {
    [7m  [0m [91m                      ~[0m
    [7m31[0m     getDescription: jest.fn()
    [7m  [0m [91m~~~~~~~~~~~~~~~~~~~~~~~~~~~~~[0m
    [7m32[0m   } as jest.Mocked<Partial<Location>>;
    [7m  [0m [91m~~~~~~~~~~~~~~~~~~~~~~~~~~~~~~~~~~~~~[0m
    [96msrc/app/funcionalidades/preposto-credenciado/preposto-credenciado-listar/empresa-credenciada-listar.component.spec.ts[0m:[93m74[0m:[93m72[0m - [91merror[0m[90m TS2345: [0mArgument of type 'Observable<{}>' is not assignable to parameter of type 'Observable<EmpresaPrestadora[]>'.
      Type '{}' is missing the following properties from type 'EmpresaPrestadora[]': length, pop, push, concat, and 29 more.

    [7m74[0m   empresaPrestadorExternoServiceSpy.consultarPorFiltro.mockReturnValue(of({}));
    [7m  [0m [91m                                                                       ~~~~~~[0m
    [96msrc/app/funcionalidades/preposto-credenciado/preposto-credenciado-listar/empresa-credenciada-listar.component.spec.ts[0m:[93m77[0m:[93m52[0m - [91merror[0m[90m TS2345: [0mArgument of type 'Observable<{}>' is not assignable to parameter of type 'Observable<DadoComboDTO[]>'.
      Type '{}' is missing the following properties from type 'DadoComboDTO[]': length, pop, push, concat, and 29 more.

    [7m77[0m   comboServiceSpy.consultarComboUF.mockReturnValue(of({}));
    [7m  [0m [91m                                                   ~~~~~~[0m
    [96msrc/app/funcionalidades/preposto-credenciado/preposto-credenciado-listar/empresa-credenciada-listar.component.spec.ts[0m:[93m78[0m:[93m58[0m - [91merror[0m[90m TS2345: [0mArgument of type 'Observable<{}>' is not assignable to parameter of type 'Observable<TipoDocumento[]>'.
      Type '{}' is missing the following properties from type 'TipoDocumento[]': length, pop, push, concat, and 29 more.

    [7m78[0m   tipoDocumentoServiceSpy.consultarTodos.mockReturnValue(of({}));
    [7m  [0m [91m                                                         ~~~~~~[0m
    [96msrc/app/funcionalidades/preposto-credenciado/preposto-credenciado-listar/empresa-credenciada-listar.component.spec.ts[0m:[93m79[0m:[93m43[0m - [91merror[0m[90m TS2345: [0mArgument of type 'Observable<{}>' is not assignable to parameter of type 'Observable<Documento | Documento[]>'.
      Type '{}' is not assignable to type 'Documento | Documento[]'.

    [7m79[0m   documentoServiceSpy.get.mockReturnValue(of({}));
    [7m  [0m [91m                                          ~~~~~~[0m
    [96msrc/app/funcionalidades/preposto-credenciado/preposto-credenciado-listar/empresa-credenciada-listar.component.spec.ts[0m:[93m80[0m:[93m64[0m - [91merror[0m[90m TS2345: [0mArgument of type 'Observable<{}>' is not assignable to parameter of type 'Observable<PrazoTratamento[]>'.
      Type '{}' is missing the following properties from type 'PrazoTratamento[]': length, pop, push, concat, and 29 more.

    [7m80[0m   prazoTratamentoServiceSpy.consultarPorFiltro.mockReturnValue(of({}));
    [7m  [0m [91m                                                               ~~~~~~[0m
    [96msrc/app/funcionalidades/preposto-credenciado/preposto-credenciado-listar/empresa-credenciada-listar.component.spec.ts[0m:[93m81[0m:[93m78[0m - [91merror[0m[90m TS2345: [0mArgument of type 'Observable<{}>' is not assignable to parameter of type 'Observable<SituacaoProcesso[]>'.
      Type '{}' is missing the following properties from type 'SituacaoProcesso[]': length, pop, push, concat, and 29 more.

    [7m81[0m   situacaoProcessoServiceSpy.consultarTodasTransicoesManuais.mockReturnValue(of({}));
    [7m  [0m [91m                                                                             ~~~~~~[0m
    [96msrc/app/funcionalidades/preposto-credenciado/preposto-credenciado-listar/empresa-credenciada-listar.component.spec.ts[0m:[93m82[0m:[93m57[0m - [91merror[0m[90m TS2345: [0mArgument of type 'Observable<{}>' is not assignable to parameter of type 'Observable<Patologia>'.
      Property 'id' is missing in type '{}' but required in type 'Patologia'.

    [7m82[0m   patologiaServiceSpy.consultarDTOPorId.mockReturnValue(of({}));
    [7m  [0m [91m                                                        ~~~~~~[0m

      [96msrc/app/shared/models/comum/patologia.ts[0m:[93m17[0m:[93m21[0m
        [7m17[0m     public override id: number;
        [7m  [0m [96m                    ~~[0m
        'id' is declared here.
    [96msrc/app/funcionalidades/preposto-credenciado/preposto-credenciado-listar/empresa-credenciada-listar.component.spec.ts[0m:[93m84[0m:[93m3[0m - [91merror[0m[90m TS2740: [0mType '{ params: { id: number; }; queryParams: {}; }' is missing the following properties from type 'ActivatedRouteSnapshot': url, fragment, data, outlet, and 10 more.

    [7m84[0m   activatedRouteSpy.snapshot = {
    [7m  [0m [91m  ~~~~~~~~~~~~~~~~~~~~~~~~~~[0m

FAIL src/app/funcionalidades/prestador-externo/prestador-externo-form/prestador-externo-form.component.spec.ts
  ● Test suite failed to run

    [96msrc/app/funcionalidades/prestador-externo/prestador-externo-form/prestador-externo-form.component.spec.ts[0m:[93m24[0m:[93m29[0m - [91merror[0m[90m TS2352: [0mConversion of type '{ getDescription: jest.Mock<any, any, any>; }' to type 'Mocked<Partial<ActivatedRoute>>' may be a mistake because neither type sufficiently overlaps with the other. If this was intentional, convert the expression to 'unknown' first.
      Type '{ getDescription: jest.Mock<any, any, any>; }' is not comparable to type '{ outlet?: string; component?: MockedClass<Type<any>>; snapshot?: ActivatedRouteSnapshot; readonly title?: Observable<string>; ... 13 more ...; toString?: MockInstance<...>; }'.
        Types of property 'toString' are incompatible.
          Type '() => string' is not comparable to type 'MockInstance<string, [], unknown>'.

    [7m24[0m   const activatedRouteSpy = {
    [7m  [0m [91m                            ~[0m
    [7m25[0m     getDescription: jest.fn()
    [7m  [0m [91m~~~~~~~~~~~~~~~~~~~~~~~~~~~~~[0m
    [7m26[0m   } as jest.Mocked<Partial<ActivatedRoute>>;
    [7m  [0m [91m~~~~~~~~~~~~~~~~~~~~~~~~~~~~~~~~~~~~~~~~~~~[0m
    [96msrc/app/funcionalidades/prestador-externo/prestador-externo-form/prestador-externo-form.component.spec.ts[0m:[93m30[0m:[93m23[0m - [91merror[0m[90m TS2352: [0mConversion of type '{ getDescription: jest.Mock<any, any, any>; }' to type 'Mocked<Partial<Location>>' may be a mistake because neither type sufficiently overlaps with the other. If this was intentional, convert the expression to 'unknown' first.
      Type '{ getDescription: jest.Mock<any, any, any>; }' is not comparable to type '{ readonly ancestorOrigins?: DOMStringList; hash?: string; host?: string; hostname?: string; href?: string; toString?: MockInstance<string, [], unknown>; readonly origin?: string; ... 6 more ...; replace?: MockInstance<...>; }'.
        Types of property 'toString' are incompatible.
          Type '() => string' is not comparable to type 'MockInstance<string, [], unknown>'.

    [7m30[0m   const locationSpy = {
    [7m  [0m [91m                      ~[0m
    [7m31[0m     getDescription: jest.fn()
    [7m  [0m [91m~~~~~~~~~~~~~~~~~~~~~~~~~~~~~[0m
    [7m32[0m   } as jest.Mocked<Partial<Location>>;
    [7m  [0m [91m~~~~~~~~~~~~~~~~~~~~~~~~~~~~~~~~~~~~~[0m
    [96msrc/app/funcionalidades/prestador-externo/prestador-externo-form/prestador-externo-form.component.spec.ts[0m:[93m78[0m:[93m75[0m - [91merror[0m[90m TS2345: [0mArgument of type 'Observable<{}>' is not assignable to parameter of type 'Observable<DadoComboDTO[]>'.
      Type '{}' is missing the following properties from type 'DadoComboDTO[]': length, pop, push, concat, and 29 more.

    [7m78[0m   comboServiceSpy.consultarComboPerfisPrestadoresExternos.mockReturnValue(of({}));
    [7m  [0m [91m                                                                          ~~~~~~[0m
    [96msrc/app/funcionalidades/prestador-externo/prestador-externo-form/prestador-externo-form.component.spec.ts[0m:[93m79[0m:[93m62[0m - [91merror[0m[90m TS2345: [0mArgument of type 'Observable<{}>' is not assignable to parameter of type 'Observable<DadoComboDTO[]>'.
      Type '{}' is missing the following properties from type 'DadoComboDTO[]': length, pop, push, concat, and 29 more.

    [7m79[0m   comboServiceSpy.consultarComboTiposAuditor.mockReturnValue(of({}));
    [7m  [0m [91m                                                             ~~~~~~[0m
    [96msrc/app/funcionalidades/prestador-externo/prestador-externo-form/prestador-externo-form.component.spec.ts[0m:[93m80[0m:[93m58[0m - [91merror[0m[90m TS2345: [0mArgument of type 'Observable<{}>' is not assignable to parameter of type 'Observable<TipoDocumento[]>'.
      Type '{}' is missing the following properties from type 'TipoDocumento[]': length, pop, push, concat, and 29 more.

    [7m80[0m   tipoDocumentoServiceSpy.consultarTodos.mockReturnValue(of({}));
    [7m  [0m [91m                                                         ~~~~~~[0m
    [96msrc/app/funcionalidades/prestador-externo/prestador-externo-form/prestador-externo-form.component.spec.ts[0m:[93m81[0m:[93m43[0m - [91merror[0m[90m TS2345: [0mArgument of type 'Observable<{}>' is not assignable to parameter of type 'Observable<Documento | Documento[]>'.
      Type '{}' is not assignable to type 'Documento | Documento[]'.

    [7m81[0m   documentoServiceSpy.get.mockReturnValue(of({}));
    [7m  [0m [91m                                          ~~~~~~[0m
    [96msrc/app/funcionalidades/prestador-externo/prestador-externo-form/prestador-externo-form.component.spec.ts[0m:[93m82[0m:[93m64[0m - [91merror[0m[90m TS2345: [0mArgument of type 'Observable<{}>' is not assignable to parameter of type 'Observable<PrazoTratamento[]>'.
      Type '{}' is missing the following properties from type 'PrazoTratamento[]': length, pop, push, concat, and 29 more.

    [7m82[0m   prazoTratamentoServiceSpy.consultarPorFiltro.mockReturnValue(of({}));
    [7m  [0m [91m                                                               ~~~~~~[0m
    [96msrc/app/funcionalidades/prestador-externo/prestador-externo-form/prestador-externo-form.component.spec.ts[0m:[93m83[0m:[93m78[0m - [91merror[0m[90m TS2345: [0mArgument of type 'Observable<{}>' is not assignable to parameter of type 'Observable<SituacaoProcesso[]>'.
      Type '{}' is missing the following properties from type 'SituacaoProcesso[]': length, pop, push, concat, and 29 more.

    [7m83[0m   situacaoProcessoServiceSpy.consultarTodasTransicoesManuais.mockReturnValue(of({}));
    [7m  [0m [91m                                                                             ~~~~~~[0m
    [96msrc/app/funcionalidades/prestador-externo/prestador-externo-form/prestador-externo-form.component.spec.ts[0m:[93m84[0m:[93m57[0m - [91merror[0m[90m TS2345: [0mArgument of type 'Observable<{}>' is not assignable to parameter of type 'Observable<Patologia>'.
      Property 'id' is missing in type '{}' but required in type 'Patologia'.

    [7m84[0m   patologiaServiceSpy.consultarDTOPorId.mockReturnValue(of({}));
    [7m  [0m [91m                                                        ~~~~~~[0m

      [96msrc/app/shared/models/comum/patologia.ts[0m:[93m17[0m:[93m21[0m
        [7m17[0m     public override id: number;
        [7m  [0m [96m                    ~~[0m
        'id' is declared here.
    [96msrc/app/funcionalidades/prestador-externo/prestador-externo-form/prestador-externo-form.component.spec.ts[0m:[93m86[0m:[93m3[0m - [91merror[0m[90m TS2740: [0mType '{ params: { id: number; }; queryParams: {}; }' is missing the following properties from type 'ActivatedRouteSnapshot': url, fragment, data, outlet, and 10 more.

    [7m86[0m   activatedRouteSpy.snapshot = {
    [7m  [0m [91m  ~~~~~~~~~~~~~~~~~~~~~~~~~~[0m

FAIL src/app/funcionalidades/prestador-externo/prestador-externo-listar/prestador-externo-listar.component.spec.ts
  ● Test suite failed to run

    [96msrc/app/funcionalidades/prestador-externo/prestador-externo-listar/prestador-externo-listar.component.spec.ts[0m:[93m25[0m:[93m29[0m - [91merror[0m[90m TS2352: [0mConversion of type '{ getDescription: jest.Mock<any, any, any>; }' to type 'Mocked<Partial<ActivatedRoute>>' may be a mistake because neither type sufficiently overlaps with the other. If this was intentional, convert the expression to 'unknown' first.
      Type '{ getDescription: jest.Mock<any, any, any>; }' is not comparable to type '{ outlet?: string; component?: MockedClass<Type<any>>; snapshot?: ActivatedRouteSnapshot; readonly title?: Observable<string>; ... 13 more ...; toString?: MockInstance<...>; }'.
        Types of property 'toString' are incompatible.
          Type '() => string' is not comparable to type 'MockInstance<string, [], unknown>'.

    [7m25[0m   const activatedRouteSpy = {
    [7m  [0m [91m                            ~[0m
    [7m26[0m     getDescription: jest.fn()
    [7m  [0m [91m~~~~~~~~~~~~~~~~~~~~~~~~~~~~~[0m
    [7m27[0m   } as jest.Mocked<Partial<ActivatedRoute>>;
    [7m  [0m [91m~~~~~~~~~~~~~~~~~~~~~~~~~~~~~~~~~~~~~~~~~~~[0m
    [96msrc/app/funcionalidades/prestador-externo/prestador-externo-listar/prestador-externo-listar.component.spec.ts[0m:[93m31[0m:[93m23[0m - [91merror[0m[90m TS2352: [0mConversion of type '{ getDescription: jest.Mock<any, any, any>; }' to type 'Mocked<Partial<Location>>' may be a mistake because neither type sufficiently overlaps with the other. If this was intentional, convert the expression to 'unknown' first.
      Type '{ getDescription: jest.Mock<any, any, any>; }' is not comparable to type '{ readonly ancestorOrigins?: DOMStringList; hash?: string; host?: string; hostname?: string; href?: string; toString?: MockInstance<string, [], unknown>; readonly origin?: string; ... 6 more ...; replace?: MockInstance<...>; }'.
        Types of property 'toString' are incompatible.
          Type '() => string' is not comparable to type 'MockInstance<string, [], unknown>'.

    [7m31[0m   const locationSpy = {
    [7m  [0m [91m                      ~[0m
    [7m32[0m     getDescription: jest.fn()
    [7m  [0m [91m~~~~~~~~~~~~~~~~~~~~~~~~~~~~~[0m
    [7m33[0m   } as jest.Mocked<Partial<Location>>;
    [7m  [0m [91m~~~~~~~~~~~~~~~~~~~~~~~~~~~~~~~~~~~~~[0m
    [96msrc/app/funcionalidades/prestador-externo/prestador-externo-listar/prestador-externo-listar.component.spec.ts[0m:[93m79[0m:[93m75[0m - [91merror[0m[90m TS2345: [0mArgument of type 'Observable<{}>' is not assignable to parameter of type 'Observable<DadoComboDTO[]>'.
      Type '{}' is missing the following properties from type 'DadoComboDTO[]': length, pop, push, concat, and 29 more.

    [7m79[0m   comboServiceSpy.consultarComboPerfisPrestadoresExternos.mockReturnValue(of({}));
    [7m  [0m [91m                                                                          ~~~~~~[0m
    [96msrc/app/funcionalidades/prestador-externo/prestador-externo-listar/prestador-externo-listar.component.spec.ts[0m:[93m80[0m:[93m62[0m - [91merror[0m[90m TS2345: [0mArgument of type 'Observable<{}>' is not assignable to parameter of type 'Observable<DadoComboDTO[]>'.
      Type '{}' is missing the following properties from type 'DadoComboDTO[]': length, pop, push, concat, and 29 more.

    [7m80[0m   comboServiceSpy.consultarComboTiposAuditor.mockReturnValue(of({}));
    [7m  [0m [91m                                                             ~~~~~~[0m
    [96msrc/app/funcionalidades/prestador-externo/prestador-externo-listar/prestador-externo-listar.component.spec.ts[0m:[93m81[0m:[93m58[0m - [91merror[0m[90m TS2345: [0mArgument of type 'Observable<{}>' is not assignable to parameter of type 'Observable<TipoDocumento[]>'.
      Type '{}' is missing the following properties from type 'TipoDocumento[]': length, pop, push, concat, and 29 more.

    [7m81[0m   tipoDocumentoServiceSpy.consultarTodos.mockReturnValue(of({}));
    [7m  [0m [91m                                                         ~~~~~~[0m
    [96msrc/app/funcionalidades/prestador-externo/prestador-externo-listar/prestador-externo-listar.component.spec.ts[0m:[93m82[0m:[93m43[0m - [91merror[0m[90m TS2345: [0mArgument of type 'Observable<{}>' is not assignable to parameter of type 'Observable<Documento | Documento[]>'.
      Type '{}' is not assignable to type 'Documento | Documento[]'.

    [7m82[0m   documentoServiceSpy.get.mockReturnValue(of({}));
    [7m  [0m [91m                                          ~~~~~~[0m
    [96msrc/app/funcionalidades/prestador-externo/prestador-externo-listar/prestador-externo-listar.component.spec.ts[0m:[93m83[0m:[93m64[0m - [91merror[0m[90m TS2345: [0mArgument of type 'Observable<{}>' is not assignable to parameter of type 'Observable<Documento[]>'.
      Type '{}' is missing the following properties from type 'Documento[]': length, pop, push, concat, and 29 more.

    [7m83[0m   prazoTratamentoServiceSpy.consultarPorFiltro.mockReturnValue(of({}));
    [7m  [0m [91m                                                               ~~~~~~[0m
    [96msrc/app/funcionalidades/prestador-externo/prestador-externo-listar/prestador-externo-listar.component.spec.ts[0m:[93m84[0m:[93m78[0m - [91merror[0m[90m TS2345: [0mArgument of type 'Observable<{}>' is not assignable to parameter of type 'Observable<SituacaoProcesso[]>'.
      Type '{}' is missing the following properties from type 'SituacaoProcesso[]': length, pop, push, concat, and 29 more.

    [7m84[0m   situacaoProcessoServiceSpy.consultarTodasTransicoesManuais.mockReturnValue(of({}));
    [7m  [0m [91m                                                                             ~~~~~~[0m
    [96msrc/app/funcionalidades/prestador-externo/prestador-externo-listar/prestador-externo-listar.component.spec.ts[0m:[93m85[0m:[93m57[0m - [91merror[0m[90m TS2345: [0mArgument of type 'Observable<{}>' is not assignable to parameter of type 'Observable<Patologia>'.
      Property 'id' is missing in type '{}' but required in type 'Patologia'.

    [7m85[0m   patologiaServiceSpy.consultarDTOPorId.mockReturnValue(of({}));
    [7m  [0m [91m                                                        ~~~~~~[0m

      [96msrc/app/shared/models/comum/patologia.ts[0m:[93m17[0m:[93m21[0m
        [7m17[0m     public override id: number;
        [7m  [0m [96m                    ~~[0m
        'id' is declared here.
    [96msrc/app/funcionalidades/prestador-externo/prestador-externo-listar/prestador-externo-listar.component.spec.ts[0m:[93m87[0m:[93m3[0m - [91merror[0m[90m TS2740: [0mType '{ params: { id: number; }; queryParams: { nome: string; }; }' is missing the following properties from type 'ActivatedRouteSnapshot': url, fragment, data, outlet, and 10 more.

    [7m87[0m   activatedRouteSpy.snapshot = {
    [7m  [0m [91m  ~~~~~~~~~~~~~~~~~~~~~~~~~~[0m

FAIL src/app/funcionalidades/preposto-credenciado/preposto-credenciado-form/empresa-credenciada-form.component.spec.ts
  ● Test suite failed to run

    [96msrc/app/funcionalidades/preposto-credenciado/preposto-credenciado-form/empresa-credenciada-form.component.spec.ts[0m:[93m22[0m:[93m29[0m - [91merror[0m[90m TS2352: [0mConversion of type '{ getDescription: jest.Mock<any, any, any>; }' to type 'Mocked<Partial<ActivatedRoute>>' may be a mistake because neither type sufficiently overlaps with the other. If this was intentional, convert the expression to 'unknown' first.
      Type '{ getDescription: jest.Mock<any, any, any>; }' is not comparable to type '{ outlet?: string; component?: MockedClass<Type<any>>; snapshot?: ActivatedRouteSnapshot; readonly title?: Observable<string>; ... 13 more ...; toString?: MockInstance<...>; }'.
        Types of property 'toString' are incompatible.
          Type '() => string' is not comparable to type 'MockInstance<string, [], unknown>'.

    [7m22[0m   const activatedRouteSpy = {
    [7m  [0m [91m                            ~[0m
    [7m23[0m     getDescription: jest.fn()
    [7m  [0m [91m~~~~~~~~~~~~~~~~~~~~~~~~~~~~~[0m
    [7m24[0m   } as jest.Mocked<Partial<ActivatedRoute>>;
    [7m  [0m [91m~~~~~~~~~~~~~~~~~~~~~~~~~~~~~~~~~~~~~~~~~~~[0m
    [96msrc/app/funcionalidades/preposto-credenciado/preposto-credenciado-form/empresa-credenciada-form.component.spec.ts[0m:[93m28[0m:[93m23[0m - [91merror[0m[90m TS2352: [0mConversion of type '{ getDescription: jest.Mock<any, any, any>; }' to type 'Mocked<Partial<Location>>' may be a mistake because neither type sufficiently overlaps with the other. If this was intentional, convert the expression to 'unknown' first.
      Type '{ getDescription: jest.Mock<any, any, any>; }' is not comparable to type '{ readonly ancestorOrigins?: DOMStringList; hash?: string; host?: string; hostname?: string; href?: string; toString?: MockInstance<string, [], unknown>; readonly origin?: string; ... 6 more ...; replace?: MockInstance<...>; }'.
        Types of property 'toString' are incompatible.
          Type '() => string' is not comparable to type 'MockInstance<string, [], unknown>'.

    [7m28[0m   const locationSpy = {
    [7m  [0m [91m                      ~[0m
    [7m29[0m     getDescription: jest.fn()
    [7m  [0m [91m~~~~~~~~~~~~~~~~~~~~~~~~~~~~~[0m
    [7m30[0m   } as jest.Mocked<Partial<Location>>;
    [7m  [0m [91m~~~~~~~~~~~~~~~~~~~~~~~~~~~~~~~~~~~~~[0m
    [96msrc/app/funcionalidades/preposto-credenciado/preposto-credenciado-form/empresa-credenciada-form.component.spec.ts[0m:[93m75[0m:[93m52[0m - [91merror[0m[90m TS2345: [0mArgument of type 'Observable<{}>' is not assignable to parameter of type 'Observable<DadoComboDTO[]>'.
      Type '{}' is missing the following properties from type 'DadoComboDTO[]': length, pop, push, concat, and 29 more.

    [7m75[0m   comboServiceSpy.consultarComboUF.mockReturnValue(of({}));
    [7m  [0m [91m                                                   ~~~~~~[0m
    [96msrc/app/funcionalidades/preposto-credenciado/preposto-credenciado-form/empresa-credenciada-form.component.spec.ts[0m:[93m76[0m:[93m58[0m - [91merror[0m[90m TS2345: [0mArgument of type 'Observable<{}>' is not assignable to parameter of type 'Observable<TipoDocumento[]>'.
      Type '{}' is missing the following properties from type 'TipoDocumento[]': length, pop, push, concat, and 29 more.

    [7m76[0m   tipoDocumentoServiceSpy.consultarTodos.mockReturnValue(of({}));
    [7m  [0m [91m                                                         ~~~~~~[0m
    [96msrc/app/funcionalidades/preposto-credenciado/preposto-credenciado-form/empresa-credenciada-form.component.spec.ts[0m:[93m77[0m:[93m43[0m - [91merror[0m[90m TS2345: [0mArgument of type 'Observable<{}>' is not assignable to parameter of type 'Observable<Documento | Documento[]>'.
      Type '{}' is not assignable to type 'Documento | Documento[]'.

    [7m77[0m   documentoServiceSpy.get.mockReturnValue(of({}));
    [7m  [0m [91m                                          ~~~~~~[0m
    [96msrc/app/funcionalidades/preposto-credenciado/preposto-credenciado-form/empresa-credenciada-form.component.spec.ts[0m:[93m78[0m:[93m64[0m - [91merror[0m[90m TS2345: [0mArgument of type 'Observable<{}>' is not assignable to parameter of type 'Observable<PrazoTratamento[]>'.
      Type '{}' is missing the following properties from type 'PrazoTratamento[]': length, pop, push, concat, and 29 more.

    [7m78[0m   prazoTratamentoServiceSpy.consultarPorFiltro.mockReturnValue(of({}));
    [7m  [0m [91m                                                               ~~~~~~[0m
    [96msrc/app/funcionalidades/preposto-credenciado/preposto-credenciado-form/empresa-credenciada-form.component.spec.ts[0m:[93m79[0m:[93m78[0m - [91merror[0m[90m TS2345: [0mArgument of type 'Observable<{}>' is not assignable to parameter of type 'Observable<SituacaoProcesso[]>'.
      Type '{}' is missing the following properties from type 'SituacaoProcesso[]': length, pop, push, concat, and 29 more.

    [7m79[0m   situacaoProcessoServiceSpy.consultarTodasTransicoesManuais.mockReturnValue(of({}));
    [7m  [0m [91m                                                                             ~~~~~~[0m
    [96msrc/app/funcionalidades/preposto-credenciado/preposto-credenciado-form/empresa-credenciada-form.component.spec.ts[0m:[93m80[0m:[93m57[0m - [91merror[0m[90m TS2345: [0mArgument of type 'Observable<{}>' is not assignable to parameter of type 'Observable<Patologia>'.
      Property 'id' is missing in type '{}' but required in type 'Patologia'.

    [7m80[0m   patologiaServiceSpy.consultarDTOPorId.mockReturnValue(of({}));
    [7m  [0m [91m                                                        ~~~~~~[0m

      [96msrc/app/shared/models/comum/patologia.ts[0m:[93m17[0m:[93m21[0m
        [7m17[0m     public override id: number;
        [7m  [0m [96m                    ~~[0m
        'id' is declared here.
    [96msrc/app/funcionalidades/preposto-credenciado/preposto-credenciado-form/empresa-credenciada-form.component.spec.ts[0m:[93m82[0m:[93m3[0m - [91merror[0m[90m TS2740: [0mType '{ params: { id: number; }; queryParams: {}; }' is missing the following properties from type 'ActivatedRouteSnapshot': url, fragment, data, outlet, and 10 more.

    [7m82[0m   activatedRouteSpy.snapshot = {
    [7m  [0m [91m  ~~~~~~~~~~~~~~~~~~~~~~~~~~[0m

FAIL src/app/funcionalidades/empresa-prestador-externo/empresa-prestador-externo-listar/empresa-prestador-externo-listar.component.spec.ts
  ● Test suite failed to run

    [96msrc/app/funcionalidades/empresa-prestador-externo/empresa-prestador-externo-listar/empresa-prestador-externo-listar.component.spec.ts[0m:[93m48[0m:[93m7[0m - [91merror[0m[90m TS2740: [0mType '{}' is missing the following properties from type 'ActivatedRouteSnapshot': url, params, queryParams, fragment, and 12 more.

    [7m48[0m       snapshot: {},
    [7m  [0m [91m      ~~~~~~~~[0m

      [96mnode_modules/@angular/router/index.d.ts[0m:[93m60[0m:[93m5[0m
        [7m60[0m     snapshot: ActivatedRouteSnapshot;
        [7m  [0m [96m    ~~~~~~~~[0m
        The expected type comes from property 'snapshot' which is declared here on type 'Partial<ActivatedRoute>'

FAIL src/app/funcionalidades/dados-cadastrais/informacoes-pedido-detail/informacoes-pedido-detail.component.spec.ts
  ● Test suite failed to run

    Your test suite must contain at least one test.

      at onResult (node_modules/@jest/core/build/TestScheduler.js:133:18)
      at node_modules/@jest/core/build/TestScheduler.js:254:19
      at node_modules/emittery/index.js:363:13
          at Array.map (<anonymous>)
      at Emittery.emit (node_modules/emittery/index.js:361:23)

FAIL src/app/funcionalidades/pesquisar-processos/pesquisar-processos-home/pesquisar-processos-home.component.spec.ts
  ● Test suite failed to run

    [96msrc/app/funcionalidades/pesquisar-processos/pesquisar-processos-home/pesquisar-processos-home.component.spec.ts[0m:[93m22[0m:[93m5[0m - [91merror[0m[90m TS2741: [0mProperty 'descricao' is missing in type '{ label: string; value: number; }' but required in type 'DadoComboDTO'.

    [7m22[0m     { label: 'Item 1', value: 1 },
    [7m  [0m [91m    ~~~~~~~~~~~~~~~~~~~~~~~~~~~~~[0m

      [96msrc/app/shared/models/dto/dado-combo.ts[0m:[93m5[0m:[93m10[0m
        [7m5[0m   public descricao: string;
        [7m [0m [96m         ~~~~~~~~~[0m
        'descricao' is declared here.
    [96msrc/app/funcionalidades/pesquisar-processos/pesquisar-processos-home/pesquisar-processos-home.component.spec.ts[0m:[93m23[0m:[93m5[0m - [91merror[0m[90m TS2741: [0mProperty 'descricao' is missing in type '{ label: string; value: number; }' but required in type 'DadoComboDTO'.

    [7m23[0m     { label: 'Item 2', value: 2 }
    [7m  [0m [91m    ~~~~~~~~~~~~~~~~~~~~~~~~~~~~~[0m

      [96msrc/app/shared/models/dto/dado-combo.ts[0m:[93m5[0m:[93m10[0m
        [7m5[0m   public descricao: string;
        [7m [0m [96m         ~~~~~~~~~[0m
        'descricao' is declared here.
    [96msrc/app/funcionalidades/pesquisar-processos/pesquisar-processos-home/pesquisar-processos-home.component.spec.ts[0m:[93m113[0m:[93m11[0m - [91merror[0m[90m TS2741: [0mProperty 'descricao' is missing in type '{ label: string; value: number; }' but required in type 'DadoComboDTO'.

    [7m113[0m     const uf: DadoComboDTO = { label: 'SP', value: 1 };
    [7m   [0m [91m          ~~[0m

      [96msrc/app/shared/models/dto/dado-combo.ts[0m:[93m5[0m:[93m10[0m
        [7m5[0m   public descricao: string;
        [7m [0m [96m         ~~~~~~~~~[0m
        'descricao' is declared here.
    [96msrc/app/funcionalidades/pesquisar-processos/pesquisar-processos-home/pesquisar-processos-home.component.spec.ts[0m:[93m122[0m:[93m11[0m - [91merror[0m[90m TS2741: [0mProperty 'descricao' is missing in type '{ label: string; value: number; }' but required in type 'DadoComboDTO'.

    [7m122[0m     const uf: DadoComboDTO = { label: 'SP', value: 1 };
    [7m   [0m [91m          ~~[0m

      [96msrc/app/shared/models/dto/dado-combo.ts[0m:[93m5[0m:[93m10[0m
        [7m5[0m   public descricao: string;
        [7m [0m [96m         ~~~~~~~~~[0m
        'descricao' is declared here.

FAIL src/app/funcionalidades/pesquisar-processos-credenciado/pesquisar-processos-credenciado-home/pesquisar-processos-credenciado-home.component.spec.ts
  ● Test suite failed to run

    [96msrc/app/funcionalidades/pesquisar-processos-credenciado/pesquisar-processos-credenciado-home/pesquisar-processos-credenciado-home.component.spec.ts[0m:[93m23[0m:[93m32[0m - [91merror[0m[90m TS2352: [0mConversion of type '{ cpf: string; nome: string; idCredenciadoSelecionado: number; dadosPrestadorExterno: { id: number; nome: string; }; }' to type 'Usuario' may be a mistake because neither type sufficiently overlaps with the other. If this was intentional, convert the expression to 'unknown' first.
      Type '{ cpf: string; nome: string; idCredenciadoSelecionado: number; dadosPrestadorExterno: { id: number; nome: string; }; }' is missing the following properties from type 'Usuario': login, matricula, matriculaFuncional, email, and 10 more.

    [7m 23[0m   const mockUsuario: Usuario = {
    [7m   [0m [91m                               ~[0m
    [7m 24[0m     cpf: '12345678900',
    [7m   [0m [91m~~~~~~~~~~~~~~~~~~~~~~~[0m
    [7m...[0m 
    [7m 30[0m     }
    [7m   [0m [91m~~~~~[0m
    [7m 31[0m   } as Usuario;
    [7m   [0m [91m~~~~~~~~~~~~~~[0m

FAIL src/app/funcionalidades/prestador-externo/prestador-externo-home/prestador-externo-home.component.spec.ts
  ● Test suite failed to run

    [96msrc/app/funcionalidades/prestador-externo/prestador-externo-home/prestador-externo-home.component.spec.ts[0m:[93m24[0m:[93m29[0m - [91merror[0m[90m TS2352: [0mConversion of type '{ getDescription: jest.Mock<any, any, any>; }' to type 'Mocked<Partial<ActivatedRoute>>' may be a mistake because neither type sufficiently overlaps with the other. If this was intentional, convert the expression to 'unknown' first.
      Type '{ getDescription: jest.Mock<any, any, any>; }' is not comparable to type '{ outlet?: string; component?: MockedClass<Type<any>>; snapshot?: ActivatedRouteSnapshot; readonly title?: Observable<string>; ... 13 more ...; toString?: MockInstance<...>; }'.
        Types of property 'toString' are incompatible.
          Type '() => string' is not comparable to type 'MockInstance<string, [], unknown>'.

    [7m24[0m   const activatedRouteSpy = {
    [7m  [0m [91m                            ~[0m
    [7m25[0m     getDescription: jest.fn()
    [7m  [0m [91m~~~~~~~~~~~~~~~~~~~~~~~~~~~~~[0m
    [7m26[0m   } as jest.Mocked<Partial<ActivatedRoute>>;
    [7m  [0m [91m~~~~~~~~~~~~~~~~~~~~~~~~~~~~~~~~~~~~~~~~~~~[0m
    [96msrc/app/funcionalidades/prestador-externo/prestador-externo-home/prestador-externo-home.component.spec.ts[0m:[93m30[0m:[93m23[0m - [91merror[0m[90m TS2352: [0mConversion of type '{ getDescription: jest.Mock<any, any, any>; }' to type 'Mocked<Partial<Location>>' may be a mistake because neither type sufficiently overlaps with the other. If this was intentional, convert the expression to 'unknown' first.
      Type '{ getDescription: jest.Mock<any, any, any>; }' is not comparable to type '{ readonly ancestorOrigins?: DOMStringList; hash?: string; host?: string; hostname?: string; href?: string; toString?: MockInstance<string, [], unknown>; readonly origin?: string; ... 6 more ...; replace?: MockInstance<...>; }'.
        Types of property 'toString' are incompatible.
          Type '() => string' is not comparable to type 'MockInstance<string, [], unknown>'.

    [7m30[0m   const locationSpy = {
    [7m  [0m [91m                      ~[0m
    [7m31[0m     getDescription: jest.fn()
    [7m  [0m [91m~~~~~~~~~~~~~~~~~~~~~~~~~~~~~[0m
    [7m32[0m   } as jest.Mocked<Partial<Location>>;
    [7m  [0m [91m~~~~~~~~~~~~~~~~~~~~~~~~~~~~~~~~~~~~~[0m
    [96msrc/app/funcionalidades/prestador-externo/prestador-externo-home/prestador-externo-home.component.spec.ts[0m:[93m77[0m:[93m75[0m - [91merror[0m[90m TS2345: [0mArgument of type 'Observable<{}>' is not assignable to parameter of type 'Observable<DadoComboDTO[]>'.
      Type '{}' is missing the following properties from type 'DadoComboDTO[]': length, pop, push, concat, and 29 more.

    [7m77[0m   comboServiceSpy.consultarComboPerfisPrestadoresExternos.mockReturnValue(of({}));
    [7m  [0m [91m                                                                          ~~~~~~[0m
    [96msrc/app/funcionalidades/prestador-externo/prestador-externo-home/prestador-externo-home.component.spec.ts[0m:[93m78[0m:[93m62[0m - [91merror[0m[90m TS2345: [0mArgument of type 'Observable<{}>' is not assignable to parameter of type 'Observable<DadoComboDTO[]>'.
      Type '{}' is missing the following properties from type 'DadoComboDTO[]': length, pop, push, concat, and 29 more.

    [7m78[0m   comboServiceSpy.consultarComboTiposAuditor.mockReturnValue(of({}));
    [7m  [0m [91m                                                             ~~~~~~[0m
    [96msrc/app/funcionalidades/prestador-externo/prestador-externo-home/prestador-externo-home.component.spec.ts[0m:[93m79[0m:[93m58[0m - [91merror[0m[90m TS2345: [0mArgument of type 'Observable<{}>' is not assignable to parameter of type 'Observable<TipoDocumento[]>'.
      Type '{}' is missing the following properties from type 'TipoDocumento[]': length, pop, push, concat, and 29 more.

    [7m79[0m   tipoDocumentoServiceSpy.consultarTodos.mockReturnValue(of({}));
    [7m  [0m [91m                                                         ~~~~~~[0m
    [96msrc/app/funcionalidades/prestador-externo/prestador-externo-home/prestador-externo-home.component.spec.ts[0m:[93m80[0m:[93m43[0m - [91merror[0m[90m TS2345: [0mArgument of type 'Observable<{}>' is not assignable to parameter of type 'Observable<Documento | Documento[]>'.
      Type '{}' is not assignable to type 'Documento | Documento[]'.

    [7m80[0m   documentoServiceSpy.get.mockReturnValue(of({}));
    [7m  [0m [91m                                          ~~~~~~[0m
    [96msrc/app/funcionalidades/prestador-externo/prestador-externo-home/prestador-externo-home.component.spec.ts[0m:[93m81[0m:[93m64[0m - [91merror[0m[90m TS2345: [0mArgument of type 'Observable<{}>' is not assignable to parameter of type 'Observable<PrazoTratamento[]>'.
      Type '{}' is missing the following properties from type 'PrazoTratamento[]': length, pop, push, concat, and 29 more.

    [7m81[0m   prazoTratamentoServiceSpy.consultarPorFiltro.mockReturnValue(of({}));
    [7m  [0m [91m                                                               ~~~~~~[0m
    [96msrc/app/funcionalidades/prestador-externo/prestador-externo-home/prestador-externo-home.component.spec.ts[0m:[93m82[0m:[93m78[0m - [91merror[0m[90m TS2345: [0mArgument of type 'Observable<{}>' is not assignable to parameter of type 'Observable<SituacaoProcesso[]>'.
      Type '{}' is missing the following properties from type 'SituacaoProcesso[]': length, pop, push, concat, and 29 more.

    [7m82[0m   situacaoProcessoServiceSpy.consultarTodasTransicoesManuais.mockReturnValue(of({}));
    [7m  [0m [91m                                                                             ~~~~~~[0m
    [96msrc/app/funcionalidades/prestador-externo/prestador-externo-home/prestador-externo-home.component.spec.ts[0m:[93m83[0m:[93m57[0m - [91merror[0m[90m TS2345: [0mArgument of type 'Observable<{}>' is not assignable to parameter of type 'Observable<Patologia>'.
      Property 'id' is missing in type '{}' but required in type 'Patologia'.

    [7m83[0m   patologiaServiceSpy.consultarDTOPorId.mockReturnValue(of({}));
    [7m  [0m [91m                                                        ~~~~~~[0m

      [96msrc/app/shared/models/comum/patologia.ts[0m:[93m17[0m:[93m21[0m
        [7m17[0m     public override id: number;
        [7m  [0m [96m                    ~~[0m
        'id' is declared here.
    [96msrc/app/funcionalidades/prestador-externo/prestador-externo-home/prestador-externo-home.component.spec.ts[0m:[93m85[0m:[93m3[0m - [91merror[0m[90m TS2740: [0mType '{ params: { id: number; }; queryParams: {}; }' is missing the following properties from type 'ActivatedRouteSnapshot': url, fragment, data, outlet, and 10 more.

    [7m85[0m   activatedRouteSpy.snapshot = {
    [7m  [0m [91m  ~~~~~~~~~~~~~~~~~~~~~~~~~~[0m

FAIL src/app/funcionalidades/empresa-prestador-externo/empresa-prestador-externo-home/empresa-prestador-externo-home.component.spec.ts
  ● Test suite failed to run

    [96msrc/app/funcionalidades/empresa-prestador-externo/empresa-prestador-externo-home/empresa-prestador-externo-home.component.spec.ts[0m:[93m111[0m:[93m55[0m - [91merror[0m[90m TS2345: [0mArgument of type 'Observable<{ label: string; value: number; }[]>' is not assignable to parameter of type 'Observable<DadoComboDTO[]>'.
      Type '{ label: string; value: number; }[]' is not assignable to type 'DadoComboDTO[]'.
        Property 'descricao' is missing in type '{ label: string; value: number; }' but required in type 'DadoComboDTO'.

    [7m111[0m     comboService.consultarComboFilial.mockReturnValue(of(mockFiliais));
    [7m   [0m [91m                                                      ~~~~~~~~~~~~~~~[0m

      [96msrc/app/shared/models/dto/dado-combo.ts[0m:[93m5[0m:[93m10[0m
        [7m5[0m   public descricao: string;
        [7m [0m [96m         ~~~~~~~~~[0m
        'descricao' is declared here.

FAIL src/app/funcionalidades/parametrizacao-prazos/parametrizacao-prazos-home/parametrizacao-prazos-home.component.spec.ts
  ● Test suite failed to run

    [96msrc/app/funcionalidades/parametrizacao-prazos/parametrizacao-prazos-home/parametrizacao-prazos-home.component.spec.ts[0m:[93m20[0m:[93m5[0m - [91merror[0m[90m TS2741: [0mProperty 'descricao' is missing in type '{ label: string; value: number; }' but required in type 'DadoComboDTO'.

    [7m20[0m     { label: 'Item 1', value: 1 },
    [7m  [0m [91m    ~~~~~~~~~~~~~~~~~~~~~~~~~~~~~[0m

      [96msrc/app/shared/models/dto/dado-combo.ts[0m:[93m5[0m:[93m10[0m
        [7m5[0m   public descricao: string;
        [7m [0m [96m         ~~~~~~~~~[0m
        'descricao' is declared here.
    [96msrc/app/funcionalidades/parametrizacao-prazos/parametrizacao-prazos-home/parametrizacao-prazos-home.component.spec.ts[0m:[93m21[0m:[93m5[0m - [91merror[0m[90m TS2741: [0mProperty 'descricao' is missing in type '{ label: string; value: number; }' but required in type 'DadoComboDTO'.

    [7m21[0m     { label: 'Item 2', value: 2 }
    [7m  [0m [91m    ~~~~~~~~~~~~~~~~~~~~~~~~~~~~~[0m

      [96msrc/app/shared/models/dto/dado-combo.ts[0m:[93m5[0m:[93m10[0m
        [7m5[0m   public descricao: string;
        [7m [0m [96m         ~~~~~~~~~[0m
        'descricao' is declared here.

FAIL src/app/funcionalidades/dados-cadastrais/detail/dados-cadastrais-detail.component.spec.ts
  ● Test suite failed to run

    Your test suite must contain at least one test.

      at onResult (node_modules/@jest/core/build/TestScheduler.js:133:18)
      at node_modules/@jest/core/build/TestScheduler.js:254:19
      at node_modules/emittery/index.js:363:13
          at Array.map (<anonymous>)
      at Emittery.emit (node_modules/emittery/index.js:361:23)

FAIL src/app/funcionalidades/parametrizacao-documentos/parametrizacao-documentos-home/parametrizacao-documentos-home.component.spec.ts
  ● Test suite failed to run

    [96msrc/app/funcionalidades/parametrizacao-documentos/parametrizacao-documentos-home/parametrizacao-documentos-home.component.spec.ts[0m:[93m120[0m:[93m5[0m - [91merror[0m[90m TS2322: [0mType 'boolean' is not assignable to type 'string'.

    [7m120[0m     component.filtro.opme = true;
    [7m   [0m [91m    ~~~~~~~~~~~~~~~~~~~~~[0m
    [96msrc/app/funcionalidades/parametrizacao-documentos/parametrizacao-documentos-home/parametrizacao-documentos-home.component.spec.ts[0m:[93m121[0m:[93m5[0m - [91merror[0m[90m TS2322: [0mType 'boolean' is not assignable to type 'string'.

    [7m121[0m     component.filtro.ativo = true;
    [7m   [0m [91m    ~~~~~~~~~~~~~~~~~~~~~~[0m

FAIL src/app/funcionalidades/acompanhamento/beneficiario-card/beneficiario-card.component.spec.ts
  ● Test suite failed to run

    [96msrc/app/funcionalidades/acompanhamento/beneficiario-card/beneficiario-card.component.spec.ts[0m:[93m5[0m:[93m27[0m - [91merror[0m[90m TS2307: [0mCannot find module '../../../shared/models/comum/matricula' or its corresponding type declarations.

    [7m5[0m import { Matricula } from '../../../shared/models/comum/matricula';
    [7m [0m [91m                          ~~~~~~~~~~~~~~~~~~~~~~~~~~~~~~~~~~~~~~~~[0m
    [96msrc/app/funcionalidades/acompanhamento/beneficiario-card/beneficiario-card.component.spec.ts[0m:[93m39[0m:[93m36[0m - [91merror[0m[90m TS2352: [0mConversion of type '{ id: number; numero: string; beneficiario: Beneficiario; }' to type 'Pedido' may be a mistake because neither type sufficiently overlaps with the other. If this was intentional, convert the expression to 'unknown' first.
      Type '{ id: number; numero: string; beneficiario: Beneficiario; }' is missing the following properties from type 'Pedido': isNovo, pedidoProcedimentoIsNotEmpty, temProtocoloANSValido, verificarEhTitularEPedidoEmAnalise

    [7m 39[0m         const mockPedido: Pedido = {
    [7m   [0m [91m                                   ~[0m
    [7m 40[0m             id: 1,
    [7m   [0m [91m~~~~~~~~~~~~~~~~~~[0m
    [7m...[0m 
    [7m 42[0m             beneficiario: new Beneficiario()
    [7m   [0m [91m~~~~~~~~~~~~~~~~~~~~~~~~~~~~~~~~~~~~~~~~~~~~[0m
    [7m 43[0m         } as Pedido;
    [7m   [0m [91m~~~~~~~~~~~~~~~~~~~[0m
    [96msrc/app/funcionalidades/acompanhamento/beneficiario-card/beneficiario-card.component.spec.ts[0m:[93m51[0m:[93m36[0m - [91merror[0m[90m TS2352: [0mConversion of type '{ id: number; numero: string; beneficiario: Beneficiario; }' to type 'Pedido' may be a mistake because neither type sufficiently overlaps with the other. If this was intentional, convert the expression to 'unknown' first.
      Type '{ id: number; numero: string; beneficiario: Beneficiario; }' is missing the following properties from type 'Pedido': isNovo, pedidoProcedimentoIsNotEmpty, temProtocoloANSValido, verificarEhTitularEPedidoEmAnalise

    [7m 51[0m         const mockPedido: Pedido = {
    [7m   [0m [91m                                   ~[0m
    [7m 52[0m             id: 1,
    [7m   [0m [91m~~~~~~~~~~~~~~~~~~[0m
    [7m...[0m 
    [7m 54[0m             beneficiario: new Beneficiario()
    [7m   [0m [91m~~~~~~~~~~~~~~~~~~~~~~~~~~~~~~~~~~~~~~~~~~~~[0m
    [7m 55[0m         } as Pedido;
    [7m   [0m [91m~~~~~~~~~~~~~~~~~~~[0m
    [96msrc/app/funcionalidades/acompanhamento/beneficiario-card/beneficiario-card.component.spec.ts[0m:[93m66[0m:[93m36[0m - [91merror[0m[90m TS2352: [0mConversion of type '{ id: number; numero: string; beneficiario: Beneficiario; }' to type 'Pedido' may be a mistake because neither type sufficiently overlaps with the other. If this was intentional, convert the expression to 'unknown' first.
      Type '{ id: number; numero: string; beneficiario: Beneficiario; }' is missing the following properties from type 'Pedido': isNovo, pedidoProcedimentoIsNotEmpty, temProtocoloANSValido, verificarEhTitularEPedidoEmAnalise

    [7m 66[0m         const mockPedido: Pedido = {
    [7m   [0m [91m                                   ~[0m
    [7m 67[0m             id: 1,
    [7m   [0m [91m~~~~~~~~~~~~~~~~~~[0m
    [7m...[0m 
    [7m 69[0m             beneficiario: new Beneficiario()
    [7m   [0m [91m~~~~~~~~~~~~~~~~~~~~~~~~~~~~~~~~~~~~~~~~~~~~[0m
    [7m 70[0m         } as Pedido;
    [7m   [0m [91m~~~~~~~~~~~~~~~~~~~[0m

FAIL src/app/funcionalidades/dependente/acompanhamento-dependente/acompanhamento-dependente.component.spec.ts
  ● Test suite failed to run

    [96msrc/app/funcionalidades/dependente/acompanhamento-dependente/acompanhamento-dependente.component.spec.ts[0m:[93m24[0m:[93m29[0m - [91merror[0m[90m TS2352: [0mConversion of type '{ snapshot: { params: { id: null; }; }; }' to type 'Mocked<Partial<ActivatedRoute>>' may be a mistake because neither type sufficiently overlaps with the other. If this was intentional, convert the expression to 'unknown' first.
      Type '{ snapshot: { params: { id: null; }; }; }' is not comparable to type '{ outlet?: string; component?: MockedClass<Type<any>>; snapshot?: ActivatedRouteSnapshot; readonly title?: Observable<string>; ... 13 more ...; toString?: MockInstance<...>; }'.
        Types of property 'snapshot' are incompatible.
          Type '{ params: { id: null; }; }' is missing the following properties from type 'ActivatedRouteSnapshot': url, queryParams, fragment, data, and 11 more.

    [7m 24[0m   const activatedRouteSpy = {
    [7m   [0m [91m                            ~[0m
    [7m 25[0m     snapshot: {
    [7m   [0m [91m~~~~~~~~~~~~~~~[0m
    [7m...[0m 
    [7m 29[0m     }
    [7m   [0m [91m~~~~~[0m
    [7m 30[0m   } as jest.Mocked<Partial<ActivatedRoute>>;
    [7m   [0m [91m~~~~~~~~~~~~~~~~~~~~~~~~~~~~~~~~~~~~~~~~~~~[0m
    [96msrc/app/funcionalidades/dependente/acompanhamento-dependente/acompanhamento-dependente.component.spec.ts[0m:[93m57[0m:[93m37[0m - [91merror[0m[90m TS2352: [0mConversion of type '{ getDocumentoPedido: jest.Mock<any, any, any>; avisoSituacaoPedido: Observable<{}>; avisoSituacaoPedidoComplementares: Observable<{}>; }' to type 'Mocked<Partial<DocumentoPedidoService>>' may be a mistake because neither type sufficiently overlaps with the other. If this was intentional, convert the expression to 'unknown' first.
      Type '{ getDocumentoPedido: jest.Mock<any, any, any>; avisoSituacaoPedido: Observable<{}>; avisoSituacaoPedidoComplementares: Observable<{}>; }' is not comparable to type '{ avisoParaBotao?: MockedClass<EventEmitter<string>>; avisoSituacaoPedido?: MockedClass<EventEmitter<boolean>>; avisoSituacaoPedidoComplementares?: MockedClass<...>; ... 20 more ...; queryParams?: any; }'.
        Types of property 'avisoSituacaoPedido' are incompatible.
          Type 'Observable<{}>' is not comparable to type 'MockedClass<EventEmitter<boolean>>'.
            Type 'Observable<{}>' is missing the following properties from type 'MockInstance<EventEmitter<boolean>, [isAsync?: boolean], EventEmitter<boolean>>': getMockName, mock, mockClear, mockReset, and 13 more.

    [7m 57[0m   const documentoPedidoServiceSpy = {
    [7m   [0m [91m                                    ~[0m
    [7m 58[0m     getDocumentoPedido: jest.fn(),
    [7m   [0m [91m~~~~~~~~~~~~~~~~~~~~~~~~~~~~~~~~~~[0m
    [7m...[0m 
    [7m 60[0m     avisoSituacaoPedidoComplementares: of({})
    [7m   [0m [91m~~~~~~~~~~~~~~~~~~~~~~~~~~~~~~~~~~~~~~~~~~~~~[0m
    [7m 61[0m   } as jest.Mocked<Partial<DocumentoPedidoService>>;
    [7m   [0m [91m~~~~~~~~~~~~~~~~~~~~~~~~~~~~~~~~~~~~~~~~~~~~~~~~~~~[0m

FAIL src/app/shared/services/meus-dados/meus-dados.service.spec.ts
  ● Test suite failed to run

    [96msrc/app/shared/services/meus-dados/meus-dados.service.spec.ts[0m:[93m33[0m:[93m7[0m - [91merror[0m[90m TS2322: [0mType 'Observable<{}>' is not assignable to type 'MockInstance<Observable<any>, [filtro: FiltroConsultaPrestadorExterno], unknown> & ((filtro: FiltroConsultaPrestadorExterno) => Observable<...>)'.
      Type 'Observable<{}>' is missing the following properties from type 'MockInstance<Observable<any>, [filtro: FiltroConsultaPrestadorExterno], unknown>': getMockName, mock, mockClear, mockReset, and 13 more.

    [7m33[0m       consultarUsuarioExternoPorFiltro: of({})
    [7m  [0m [91m      ~~~~~~~~~~~~~~~~~~~~~~~~~~~~~~~~[0m

      [96msrc/app/shared/services/comum/prestador-externo.service.ts[0m:[93m39[0m:[93m12[0m
        [7m39[0m     public consultarUsuarioExternoPorFiltro(filtro: FiltroConsultaPrestadorExterno): Observable<any> {
        [7m  [0m [96m           ~~~~~~~~~~~~~~~~~~~~~~~~~~~~~~~~[0m
        The expected type comes from property 'consultarUsuarioExternoPorFiltro' which is declared here on type 'Mocked<Partial<PrestadorExternoService>>'

FAIL src/test.ts
  ● Test suite failed to run

    Cannot set base providers because it has already been called

    [0m [90m 5 |[39m
     [90m 6 |[39m
    [31m[1m>[22m[39m[90m 7 |[39m getTestBed()[33m.[39minitTestEnvironment([33mBrowserDynamicTestingModule[39m[33m,[39m platformBrowserDynamicTesting()[33m,[39m {
     [90m   |[39m              [31m[1m^[22m[39m
     [90m 8 |[39m   teardown[33m:[39m { destroyAfterEach[33m:[39m [36mtrue[39m }[33m,[39m
     [90m 9 |[39m })[33m;[39m[0m

      at _TestBedImpl.initTestEnvironment (node_modules/@angular/core/fesm2022/testing.mjs:27331:19)
      at Object.<anonymous> (src/test.ts:7:14)

FAIL src/app/shared/services/cadastrobasico/fundoinvestimento.service.spec.ts
  ● Test suite failed to run

    [96msrc/app/shared/services/cadastrobasico/fundoinvestimento.service.spec.ts[0m:[93m70[0m:[93m24[0m - [91merror[0m[90m TS2339: [0mProperty 'toBeTrue' does not exist on type 'JestMatchers<boolean>'.

    [7m70[0m       expect(response).toBeTrue();
    [7m  [0m [91m                       ~~~~~~~~[0m
    [96msrc/app/shared/services/cadastrobasico/fundoinvestimento.service.spec.ts[0m:[93m94[0m:[93m24[0m - [91merror[0m[90m TS2339: [0mProperty 'toBeTrue' does not exist on type 'JestMatchers<Boolean>'.

    [7m94[0m       expect(response).toBeTrue();
    [7m  [0m [91m                       ~~~~~~~~[0m
    [96msrc/app/shared/services/cadastrobasico/fundoinvestimento.service.spec.ts[0m:[93m107[0m:[93m24[0m - [91merror[0m[90m TS2339: [0mProperty 'toBeTrue' does not exist on type 'JestMatchers<Boolean>'.

    [7m107[0m       expect(response).toBeTrue();
    [7m   [0m [91m                       ~~~~~~~~[0m

FAIL src/app/arquitetura/shared/templates/rodape-padrao.component.spec.ts
  ● Test suite failed to run

    [96msrc/app/arquitetura/shared/templates/rodape-padrao.component.spec.ts[0m:[93m34[0m:[93m16[0m - [91merror[0m[90m TS2540: [0mCannot assign to 'url' because it is a read-only property.

    [7m34[0m         router.url = '/home';
    [7m  [0m [91m               ~~~[0m
    [96msrc/app/arquitetura/shared/templates/rodape-padrao.component.spec.ts[0m:[93m42[0m:[93m16[0m - [91merror[0m[90m TS2540: [0mCannot assign to 'url' because it is a read-only property.

    [7m42[0m         router.url = '/perfil';
    [7m  [0m [91m               ~~~[0m
    [96msrc/app/arquitetura/shared/templates/rodape-padrao.component.spec.ts[0m:[93m50[0m:[93m16[0m - [91merror[0m[90m TS2540: [0mCannot assign to 'url' because it is a read-only property.

    [7m50[0m         router.url = '';
    [7m  [0m [91m               ~~~[0m
    [96msrc/app/arquitetura/shared/templates/rodape-padrao.component.spec.ts[0m:[93m58[0m:[93m16[0m - [91merror[0m[90m TS2540: [0mCannot assign to 'url' because it is a read-only property.

    [7m58[0m         router.url = '/home/perfil';
    [7m  [0m [91m               ~~~[0m
    [96msrc/app/arquitetura/shared/templates/rodape-padrao.component.spec.ts[0m:[93m66[0m:[93m16[0m - [91merror[0m[90m TS2540: [0mCannot assign to 'url' because it is a read-only property.

    [7m66[0m         router.url = '/Home';
    [7m  [0m [91m               ~~~[0m

FAIL src/app/arquitetura/shared/templates/cabecalho-padrao.component.spec.ts
  ● Test suite failed to run

    [96msrc/app/arquitetura/shared/templates/cabecalho-padrao.component.spec.ts[0m:[93m5[0m:[93m31[0m - [91merror[0m[90m TS2307: [0mCannot find module '../../services/seguranca/sessao.service' or its corresponding type declarations.

    [7m5[0m import { SessaoService } from '../../services/seguranca/sessao.service';
    [7m [0m [91m                              ~~~~~~~~~~~~~~~~~~~~~~~~~~~~~~~~~~~~~~~~~[0m
    [96msrc/app/arquitetura/shared/templates/cabecalho-padrao.component.spec.ts[0m:[93m6[0m:[93m33[0m - [91merror[0m[90m TS2307: [0mCannot find module '../../services/seguranca/keycloak.service' or its corresponding type declarations.

    [7m6[0m import { KeycloakService } from '../../services/seguranca/keycloak.service';
    [7m [0m [91m                                ~~~~~~~~~~~~~~~~~~~~~~~~~~~~~~~~~~~~~~~~~~~[0m

FAIL src/app/funcionalidades/cartoes/detail/cartoes-detail.component.spec.ts
  ● Test suite failed to run

    [96msrc/app/funcionalidades/cartoes/detail/cartoes-detail.component.ts[0m:[93m9[0m:[93m27[0m - [91merror[0m[90m TS2306: [0mFile 'D:/Projetos/tst/src/assets/fonts/vfs_fonts.js' is not a module.

    [7m9[0m import * as pdfFonts from "assets/fonts/vfs_fonts";
    [7m [0m [91m                          ~~~~~~~~~~~~~~~~~~~~~~~~[0m

FAIL src/app/funcionalidades/acompanhamento/acompanhamento.component.spec.ts
  ● Test suite failed to run

    [96msrc/app/funcionalidades/acompanhamento/acompanhamento.component.spec.ts[0m:[93m56[0m:[93m36[0m - [91merror[0m[90m TS2352: [0mConversion of type '{ id: number; numero: string; }' to type 'Pedido' may be a mistake because neither type sufficiently overlaps with the other. If this was intentional, convert the expression to 'unknown' first.
      Type '{ id: number; numero: string; }' is missing the following properties from type 'Pedido': isNovo, pedidoProcedimentoIsNotEmpty, temProtocoloANSValido, verificarEhTitularEPedidoEmAnalise

    [7m56[0m         const mockPedido: Pedido = { id: 123, numero: 'PED-001' } as Pedido;
    [7m  [0m [91m                                   ~~~~~~~~~~~~~~~~~~~~~~~~~~~~~~~~~~~~~~~~[0m
    [96msrc/app/funcionalidades/acompanhamento/acompanhamento.component.spec.ts[0m:[93m67[0m:[93m36[0m - [91merror[0m[90m TS2352: [0mConversion of type '{ id: number; numero: string; }' to type 'Pedido' may be a mistake because neither type sufficiently overlaps with the other. If this was intentional, convert the expression to 'unknown' first.
      Type '{ id: number; numero: string; }' is missing the following properties from type 'Pedido': isNovo, pedidoProcedimentoIsNotEmpty, temProtocoloANSValido, verificarEhTitularEPedidoEmAnalise

    [7m67[0m         const mockPedido: Pedido = { id: 123, numero: 'PED-001' } as Pedido;
    [7m  [0m [91m                                   ~~~~~~~~~~~~~~~~~~~~~~~~~~~~~~~~~~~~~~~~[0m

FAIL ./gerar-cronograma-leilao.component.spec.ts
  ● Test suite failed to run

    [96mgerar-cronograma-leilao.component.spec.ts[0m:[93m17[0m:[93m34[0m - [91merror[0m[90m TS2307: [0mCannot find module '@ngx-loading-bar/core' or its corresponding type declarations.

    [7m17[0m import { LoadingBarModule } from '@ngx-loading-bar/core';
    [7m  [0m [91m                                 ~~~~~~~~~~~~~~~~~~~~~~~[0m
    [96mgerar-cronograma-leilao.component.spec.ts[0m:[93m18[0m:[93m45[0m - [91merror[0m[90m TS2307: [0mCannot find module 'ngx-material-timepicker' or its corresponding type declarations.

    [7m18[0m import { NgxMaterialTimepickerModule } from 'ngx-material-timepicker';
    [7m  [0m [91m                                            ~~~~~~~~~~~~~~~~~~~~~~~~~[0m
    [96mgerar-cronograma-leilao.component.spec.ts[0m:[93m19[0m:[93m45[0m - [91merror[0m[90m TS2307: [0mCannot find module 'ngx-toastr' or its corresponding type declarations.

    [7m19[0m import { ToastrModule, ToastrService } from 'ngx-toastr';
    [7m  [0m [91m                                            ~~~~~~~~~~~~[0m
    [96mgerar-cronograma-leilao.component.spec.ts[0m:[93m21[0m:[93m41[0m - [91merror[0m[90m TS2307: [0mCannot find module 'src/app/services/cronograma-leilao.service' or its corresponding type declarations.

    [7m21[0m import { CronogramaLeilaoService } from 'src/app/services/cronograma-leilao.service';
    [7m  [0m [91m                                        ~~~~~~~~~~~~~~~~~~~~~~~~~~~~~~~~~~~~~~~~~~~~[0m
    [96mgerar-cronograma-leilao.component.spec.ts[0m:[93m22[0m:[93m36[0m - [91merror[0m[90m TS2307: [0mCannot find module 'src/app/services/data-storage-service.service' or its corresponding type declarations.

    [7m22[0m import { DataStorageService } from 'src/app/services/data-storage-service.service';
    [7m  [0m [91m                                   ~~~~~~~~~~~~~~~~~~~~~~~~~~~~~~~~~~~~~~~~~~~~~~~[0m
    [96mgerar-cronograma-leilao.component.spec.ts[0m:[93m23[0m:[93m35[0m - [91merror[0m[90m TS2307: [0mCannot find module 'src/app/shared/app-material.module' or its corresponding type declarations.

    [7m23[0m import { AppMaterialModule } from 'src/app/shared/app-material.module';
    [7m  [0m [91m                                  ~~~~~~~~~~~~~~~~~~~~~~~~~~~~~~~~~~~~[0m
    [96mgerar-cronograma-leilao.component.spec.ts[0m:[93m24[0m:[93m51[0m - [91merror[0m[90m TS2307: [0mCannot find module 'src/app/shared/model/cronograma-leilao-centralizadora-dto.model' or its corresponding type declarations.

    [7m24[0m import { CronogramaLeilaoCentralizadoraDTO } from 'src/app/shared/model/cronograma-leilao-centralizadora-dto.model';
    [7m  [0m [91m                                                  ~~~~~~~~~~~~~~~~~~~~~~~~~~~~~~~~~~~~~~~~~~~~~~~~~~~~~~~~~~~~~~~~~[0m
    [96mgerar-cronograma-leilao.component.spec.ts[0m:[93m25[0m:[93m37[0m - [91merror[0m[90m TS2307: [0mCannot find module 'src/app/shared/model/cronograma-leilao-dto.model' or its corresponding type declarations.

    [7m25[0m import { CronogramaLeilaoDTO } from 'src/app/shared/model/cronograma-leilao-dto.model';
    [7m  [0m [91m                                    ~~~~~~~~~~~~~~~~~~~~~~~~~~~~~~~~~~~~~~~~~~~~~~~~~~[0m
    [96mgerar-cronograma-leilao.component.spec.ts[0m:[93m26[0m:[93m29[0m - [91merror[0m[90m TS2307: [0mCannot find module 'src/app/shared/pipes/pipes.module' or its corresponding type declarations.

    [7m26[0m import { PipesModule } from 'src/app/shared/pipes/pipes.module';
    [7m  [0m [91m                            ~~~~~~~~~~~~~~~~~~~~~~~~~~~~~~~~~~~[0m
    [96mgerar-cronograma-leilao.component.spec.ts[0m:[93m27[0m:[93m48[0m - [91merror[0m[90m TS2307: [0mCannot find module './gerar-cronograma-leilao.component' or its corresponding type declarations.

    [7m27[0m import { GerarCronogramaLeilaoComponent } from './gerar-cronograma-leilao.component';
    [7m  [0m [91m                                               ~~~~~~~~~~~~~~~~~~~~~~~~~~~~~~~~~~~~~[0m
    [96mgerar-cronograma-leilao.component.spec.ts[0m:[93m28[0m:[93m36[0m - [91merror[0m[90m TS2307: [0mCannot find module 'sidsc-components/dsc-select' or its corresponding type declarations.

    [7m28[0m import { DscSelectComponent } from 'sidsc-components/dsc-select';
    [7m  [0m [91m                                   ~~~~~~~~~~~~~~~~~~~~~~~~~~~~~[0m
    [96mgerar-cronograma-leilao.component.spec.ts[0m:[93m29[0m:[93m35[0m - [91merror[0m[90m TS2307: [0mCannot find module 'sidsc-components/dsc-table' or its corresponding type declarations.

    [7m29[0m import { DscTableComponent } from 'sidsc-components/dsc-table';
    [7m  [0m [91m                                  ~~~~~~~~~~~~~~~~~~~~~~~~~~~~[0m
    [96mgerar-cronograma-leilao.component.spec.ts[0m:[93m30[0m:[93m39[0m - [91merror[0m[90m TS2307: [0mCannot find module 'sidsc-components/dsc-paginator' or its corresponding type declarations.

    [7m30[0m import { DscPaginatorComponent } from 'sidsc-components/dsc-paginator';
    [7m  [0m [91m                                      ~~~~~~~~~~~~~~~~~~~~~~~~~~~~~~~~[0m
    [96mgerar-cronograma-leilao.component.spec.ts[0m:[93m31[0m:[93m36[0m - [91merror[0m[90m TS2307: [0mCannot find module 'sidsc-components/dsc-button' or its corresponding type declarations.

    [7m31[0m import { DscButtonComponent } from 'sidsc-components/dsc-button';
    [7m  [0m [91m                                   ~~~~~~~~~~~~~~~~~~~~~~~~~~~~~[0m
    [96mgerar-cronograma-leilao.component.spec.ts[0m:[93m32[0m:[93m38[0m - [91merror[0m[90m TS2307: [0mCannot find module 'sidsc-components/dsc-textarea' or its corresponding type declarations.

    [7m32[0m import { DscTextareaComponent } from 'sidsc-components/dsc-textarea';
    [7m  [0m [91m                                     ~~~~~~~~~~~~~~~~~~~~~~~~~~~~~~~[0m

FAIL src/app/funcionalidades/dependente/recibo/recibo.component.spec.ts
  ● Test suite failed to run

    [96msrc/app/shared/pdf.ts[0m:[93m1[0m:[93m24[0m - [91merror[0m[90m TS2306: [0mFile 'D:/Projetos/tst/src/assets/js/kendo/kendo.all.min.js' is not a module.

    [7m1[0m import * as kendo from "../../../src/assets/js/kendo/kendo.all.min.js";
    [7m [0m [91m                       ~~~~~~~~~~~~~~~~~~~~~~~~~~~~~~~~~~~~~~~~~~~~~~~[0m

Summary of all failing tests
FAIL src/app/funcionalidades/acompanhamento/dados-processo-card/dados-processo-card.component.spec.ts
  ● DadosProcessoCardComponent › deve criar o componente

    NG0302: The pipe 'campoVazioHifen' could not be found in the 'DadosProcessoCardComponent' component. Verify that it is declared or imported in this module. Find more at https://angular.io/errors/NG0302

      at getPipeDef (node_modules/@angular/core/fesm2022/core.mjs:23660:15)
      at ɵɵpipe (node_modules/@angular/core/fesm2022/core.mjs:23601:19)
      at DadosProcessoCardComponent_Template (ng:/DadosProcessoCardComponent.js:22:9)
      at executeTemplate (node_modules/@angular/core/fesm2022/core.mjs:12003:13)
      at renderView (node_modules/@angular/core/fesm2022/core.mjs:13201:13)
      at renderComponent (node_modules/@angular/core/fesm2022/core.mjs:13148:5)
      at renderChildComponents (node_modules/@angular/core/fesm2022/core.mjs:13246:9)
      at renderView (node_modules/@angular/core/fesm2022/core.mjs:13226:13)
      at ComponentFactory.create (node_modules/@angular/core/fesm2022/core.mjs:14138:13)
      at initComponent (node_modules/@angular/core/fesm2022/testing.mjs:27492:51)
      at _ZoneDelegate.Object.<anonymous>._ZoneDelegate.invoke (node_modules/zone.js/bundles/zone.umd.js:411:30)
      at ProxyZoneSpec.Object.<anonymous>.ProxyZoneSpec.onInvoke (node_modules/zone.js/bundles/zone-testing.umd.js:300:43)
      at _ZoneDelegate.Object.<anonymous>._ZoneDelegate.invoke (node_modules/zone.js/bundles/zone.umd.js:410:56)
      at Object.onInvoke (node_modules/@angular/core/fesm2022/core.mjs:11083:33)
      at _ZoneDelegate.Object.<anonymous>._ZoneDelegate.invoke (node_modules/zone.js/bundles/zone.umd.js:410:56)
      at Zone.Object.<anonymous>.Zone.run (node_modules/zone.js/bundles/zone.umd.js:165:47)
      at NgZone.run (node_modules/@angular/core/fesm2022/core.mjs:10934:28)
      at _TestBedImpl.createComponent (node_modules/@angular/core/fesm2022/testing.mjs:27495:41)
      at Function.createComponent (node_modules/@angular/core/fesm2022/testing.mjs:27302:37)
      at src/app/funcionalidades/acompanhamento/dados-processo-card/dados-processo-card.component.spec.ts:15:27
      at _ZoneDelegate.Object.<anonymous>._ZoneDelegate.invoke (node_modules/zone.js/bundles/zone.umd.js:411:30)
      at ProxyZoneSpec.Object.<anonymous>.ProxyZoneSpec.onInvoke (node_modules/zone.js/bundles/zone-testing.umd.js:300:43)
      at _ZoneDelegate.Object.<anonymous>._ZoneDelegate.invoke (node_modules/zone.js/bundles/zone.umd.js:410:56)
      at Zone.Object.<anonymous>.Zone.run (node_modules/zone.js/bundles/zone.umd.js:165:47)
      at Object.wrappedFunc (node_modules/zone.js/bundles/zone-testing.umd.js:789:34)

  ● DadosProcessoCardComponent › deve inicializar observacao como string vazia

    NG0302: The pipe 'campoVazioHifen' could not be found in the 'DadosProcessoCardComponent' component. Verify that it is declared or imported in this module. Find more at https://angular.io/errors/NG0302

      at getPipeDef (node_modules/@angular/core/fesm2022/core.mjs:23660:15)
      at ɵɵpipe (node_modules/@angular/core/fesm2022/core.mjs:23601:19)
      at DadosProcessoCardComponent_Template (ng:/DadosProcessoCardComponent.js:22:9)
      at executeTemplate (node_modules/@angular/core/fesm2022/core.mjs:12003:13)
      at renderView (node_modules/@angular/core/fesm2022/core.mjs:13201:13)
      at renderComponent (node_modules/@angular/core/fesm2022/core.mjs:13148:5)
      at renderChildComponents (node_modules/@angular/core/fesm2022/core.mjs:13246:9)
      at renderView (node_modules/@angular/core/fesm2022/core.mjs:13226:13)
      at ComponentFactory.create (node_modules/@angular/core/fesm2022/core.mjs:14138:13)
      at initComponent (node_modules/@angular/core/fesm2022/testing.mjs:27492:51)
      at _ZoneDelegate.Object.<anonymous>._ZoneDelegate.invoke (node_modules/zone.js/bundles/zone.umd.js:411:30)
      at ProxyZoneSpec.Object.<anonymous>.ProxyZoneSpec.onInvoke (node_modules/zone.js/bundles/zone-testing.umd.js:300:43)
      at _ZoneDelegate.Object.<anonymous>._ZoneDelegate.invoke (node_modules/zone.js/bundles/zone.umd.js:410:56)
      at Object.onInvoke (node_modules/@angular/core/fesm2022/core.mjs:11083:33)
      at _ZoneDelegate.Object.<anonymous>._ZoneDelegate.invoke (node_modules/zone.js/bundles/zone.umd.js:410:56)
      at Zone.Object.<anonymous>.Zone.run (node_modules/zone.js/bundles/zone.umd.js:165:47)
      at NgZone.run (node_modules/@angular/core/fesm2022/core.mjs:10934:28)
      at _TestBedImpl.createComponent (node_modules/@angular/core/fesm2022/testing.mjs:27495:41)
      at Function.createComponent (node_modules/@angular/core/fesm2022/testing.mjs:27302:37)
      at src/app/funcionalidades/acompanhamento/dados-processo-card/dados-processo-card.component.spec.ts:15:27
      at _ZoneDelegate.Object.<anonymous>._ZoneDelegate.invoke (node_modules/zone.js/bundles/zone.umd.js:411:30)
      at ProxyZoneSpec.Object.<anonymous>.ProxyZoneSpec.onInvoke (node_modules/zone.js/bundles/zone-testing.umd.js:300:43)
      at _ZoneDelegate.Object.<anonymous>._ZoneDelegate.invoke (node_modules/zone.js/bundles/zone.umd.js:410:56)
      at Zone.Object.<anonymous>.Zone.run (node_modules/zone.js/bundles/zone.umd.js:165:47)
      at Object.wrappedFunc (node_modules/zone.js/bundles/zone-testing.umd.js:789:34)

  ● DadosProcessoCardComponent › deve aceitar processo como Input

    NG0302: The pipe 'campoVazioHifen' could not be found in the 'DadosProcessoCardComponent' component. Verify that it is declared or imported in this module. Find more at https://angular.io/errors/NG0302

      at getPipeDef (node_modules/@angular/core/fesm2022/core.mjs:23660:15)
      at ɵɵpipe (node_modules/@angular/core/fesm2022/core.mjs:23601:19)
      at DadosProcessoCardComponent_Template (ng:/DadosProcessoCardComponent.js:22:9)
      at executeTemplate (node_modules/@angular/core/fesm2022/core.mjs:12003:13)
      at renderView (node_modules/@angular/core/fesm2022/core.mjs:13201:13)
      at renderComponent (node_modules/@angular/core/fesm2022/core.mjs:13148:5)
      at renderChildComponents (node_modules/@angular/core/fesm2022/core.mjs:13246:9)
      at renderView (node_modules/@angular/core/fesm2022/core.mjs:13226:13)
      at ComponentFactory.create (node_modules/@angular/core/fesm2022/core.mjs:14138:13)
      at initComponent (node_modules/@angular/core/fesm2022/testing.mjs:27492:51)
      at _ZoneDelegate.Object.<anonymous>._ZoneDelegate.invoke (node_modules/zone.js/bundles/zone.umd.js:411:30)
      at ProxyZoneSpec.Object.<anonymous>.ProxyZoneSpec.onInvoke (node_modules/zone.js/bundles/zone-testing.umd.js:300:43)
      at _ZoneDelegate.Object.<anonymous>._ZoneDelegate.invoke (node_modules/zone.js/bundles/zone.umd.js:410:56)
      at Object.onInvoke (node_modules/@angular/core/fesm2022/core.mjs:11083:33)
      at _ZoneDelegate.Object.<anonymous>._ZoneDelegate.invoke (node_modules/zone.js/bundles/zone.umd.js:410:56)
      at Zone.Object.<anonymous>.Zone.run (node_modules/zone.js/bundles/zone.umd.js:165:47)
      at NgZone.run (node_modules/@angular/core/fesm2022/core.mjs:10934:28)
      at _TestBedImpl.createComponent (node_modules/@angular/core/fesm2022/testing.mjs:27495:41)
      at Function.createComponent (node_modules/@angular/core/fesm2022/testing.mjs:27302:37)
      at src/app/funcionalidades/acompanhamento/dados-processo-card/dados-processo-card.component.spec.ts:15:27
      at _ZoneDelegate.Object.<anonymous>._ZoneDelegate.invoke (node_modules/zone.js/bundles/zone.umd.js:411:30)
      at ProxyZoneSpec.Object.<anonymous>.ProxyZoneSpec.onInvoke (node_modules/zone.js/bundles/zone-testing.umd.js:300:43)
      at _ZoneDelegate.Object.<anonymous>._ZoneDelegate.invoke (node_modules/zone.js/bundles/zone.umd.js:410:56)
      at Zone.Object.<anonymous>.Zone.run (node_modules/zone.js/bundles/zone.umd.js:165:47)
      at Object.wrappedFunc (node_modules/zone.js/bundles/zone-testing.umd.js:789:34)

  ● DadosProcessoCardComponent › processo Input deve aceitar qualquer tipo

    NG0302: The pipe 'campoVazioHifen' could not be found in the 'DadosProcessoCardComponent' component. Verify that it is declared or imported in this module. Find more at https://angular.io/errors/NG0302

      at getPipeDef (node_modules/@angular/core/fesm2022/core.mjs:23660:15)
      at ɵɵpipe (node_modules/@angular/core/fesm2022/core.mjs:23601:19)
      at DadosProcessoCardComponent_Template (ng:/DadosProcessoCardComponent.js:22:9)
      at executeTemplate (node_modules/@angular/core/fesm2022/core.mjs:12003:13)
      at renderView (node_modules/@angular/core/fesm2022/core.mjs:13201:13)
      at renderComponent (node_modules/@angular/core/fesm2022/core.mjs:13148:5)
      at renderChildComponents (node_modules/@angular/core/fesm2022/core.mjs:13246:9)
      at renderView (node_modules/@angular/core/fesm2022/core.mjs:13226:13)
      at ComponentFactory.create (node_modules/@angular/core/fesm2022/core.mjs:14138:13)
      at initComponent (node_modules/@angular/core/fesm2022/testing.mjs:27492:51)
      at _ZoneDelegate.Object.<anonymous>._ZoneDelegate.invoke (node_modules/zone.js/bundles/zone.umd.js:411:30)
      at ProxyZoneSpec.Object.<anonymous>.ProxyZoneSpec.onInvoke (node_modules/zone.js/bundles/zone-testing.umd.js:300:43)
      at _ZoneDelegate.Object.<anonymous>._ZoneDelegate.invoke (node_modules/zone.js/bundles/zone.umd.js:410:56)
      at Object.onInvoke (node_modules/@angular/core/fesm2022/core.mjs:11083:33)
      at _ZoneDelegate.Object.<anonymous>._ZoneDelegate.invoke (node_modules/zone.js/bundles/zone.umd.js:410:56)
      at Zone.Object.<anonymous>.Zone.run (node_modules/zone.js/bundles/zone.umd.js:165:47)
      at NgZone.run (node_modules/@angular/core/fesm2022/core.mjs:10934:28)
      at _TestBedImpl.createComponent (node_modules/@angular/core/fesm2022/testing.mjs:27495:41)
      at Function.createComponent (node_modules/@angular/core/fesm2022/testing.mjs:27302:37)
      at src/app/funcionalidades/acompanhamento/dados-processo-card/dados-processo-card.component.spec.ts:15:27
      at _ZoneDelegate.Object.<anonymous>._ZoneDelegate.invoke (node_modules/zone.js/bundles/zone.umd.js:411:30)
      at ProxyZoneSpec.Object.<anonymous>.ProxyZoneSpec.onInvoke (node_modules/zone.js/bundles/zone-testing.umd.js:300:43)
      at _ZoneDelegate.Object.<anonymous>._ZoneDelegate.invoke (node_modules/zone.js/bundles/zone.umd.js:410:56)
      at Zone.Object.<anonymous>.Zone.run (node_modules/zone.js/bundles/zone.umd.js:165:47)
      at Object.wrappedFunc (node_modules/zone.js/bundles/zone-testing.umd.js:789:34)

  ● DadosProcessoCardComponent › goToTop deve chamar window.scrollTo com 0, 0

    NG0302: The pipe 'campoVazioHifen' could not be found in the 'DadosProcessoCardComponent' component. Verify that it is declared or imported in this module. Find more at https://angular.io/errors/NG0302

      at getPipeDef (node_modules/@angular/core/fesm2022/core.mjs:23660:15)
      at ɵɵpipe (node_modules/@angular/core/fesm2022/core.mjs:23601:19)
      at DadosProcessoCardComponent_Template (ng:/DadosProcessoCardComponent.js:22:9)
      at executeTemplate (node_modules/@angular/core/fesm2022/core.mjs:12003:13)
      at renderView (node_modules/@angular/core/fesm2022/core.mjs:13201:13)
      at renderComponent (node_modules/@angular/core/fesm2022/core.mjs:13148:5)
      at renderChildComponents (node_modules/@angular/core/fesm2022/core.mjs:13246:9)
      at renderView (node_modules/@angular/core/fesm2022/core.mjs:13226:13)
      at ComponentFactory.create (node_modules/@angular/core/fesm2022/core.mjs:14138:13)
      at initComponent (node_modules/@angular/core/fesm2022/testing.mjs:27492:51)
      at _ZoneDelegate.Object.<anonymous>._ZoneDelegate.invoke (node_modules/zone.js/bundles/zone.umd.js:411:30)
      at ProxyZoneSpec.Object.<anonymous>.ProxyZoneSpec.onInvoke (node_modules/zone.js/bundles/zone-testing.umd.js:300:43)
      at _ZoneDelegate.Object.<anonymous>._ZoneDelegate.invoke (node_modules/zone.js/bundles/zone.umd.js:410:56)
      at Object.onInvoke (node_modules/@angular/core/fesm2022/core.mjs:11083:33)
      at _ZoneDelegate.Object.<anonymous>._ZoneDelegate.invoke (node_modules/zone.js/bundles/zone.umd.js:410:56)
      at Zone.Object.<anonymous>.Zone.run (node_modules/zone.js/bundles/zone.umd.js:165:47)
      at NgZone.run (node_modules/@angular/core/fesm2022/core.mjs:10934:28)
      at _TestBedImpl.createComponent (node_modules/@angular/core/fesm2022/testing.mjs:27495:41)
      at Function.createComponent (node_modules/@angular/core/fesm2022/testing.mjs:27302:37)
      at src/app/funcionalidades/acompanhamento/dados-processo-card/dados-processo-card.component.spec.ts:15:27
      at _ZoneDelegate.Object.<anonymous>._ZoneDelegate.invoke (node_modules/zone.js/bundles/zone.umd.js:411:30)
      at ProxyZoneSpec.Object.<anonymous>.ProxyZoneSpec.onInvoke (node_modules/zone.js/bundles/zone-testing.umd.js:300:43)
      at _ZoneDelegate.Object.<anonymous>._ZoneDelegate.invoke (node_modules/zone.js/bundles/zone.umd.js:410:56)
      at Zone.Object.<anonymous>.Zone.run (node_modules/zone.js/bundles/zone.umd.js:165:47)
      at Object.wrappedFunc (node_modules/zone.js/bundles/zone-testing.umd.js:789:34)

  ● DadosProcessoCardComponent › goToTop deve rolar para o topo da página

    NG0302: The pipe 'campoVazioHifen' could not be found in the 'DadosProcessoCardComponent' component. Verify that it is declared or imported in this module. Find more at https://angular.io/errors/NG0302

      at getPipeDef (node_modules/@angular/core/fesm2022/core.mjs:23660:15)
      at ɵɵpipe (node_modules/@angular/core/fesm2022/core.mjs:23601:19)
      at DadosProcessoCardComponent_Template (ng:/DadosProcessoCardComponent.js:22:9)
      at executeTemplate (node_modules/@angular/core/fesm2022/core.mjs:12003:13)
      at renderView (node_modules/@angular/core/fesm2022/core.mjs:13201:13)
      at renderComponent (node_modules/@angular/core/fesm2022/core.mjs:13148:5)
      at renderChildComponents (node_modules/@angular/core/fesm2022/core.mjs:13246:9)
      at renderView (node_modules/@angular/core/fesm2022/core.mjs:13226:13)
      at ComponentFactory.create (node_modules/@angular/core/fesm2022/core.mjs:14138:13)
      at initComponent (node_modules/@angular/core/fesm2022/testing.mjs:27492:51)
      at _ZoneDelegate.Object.<anonymous>._ZoneDelegate.invoke (node_modules/zone.js/bundles/zone.umd.js:411:30)
      at ProxyZoneSpec.Object.<anonymous>.ProxyZoneSpec.onInvoke (node_modules/zone.js/bundles/zone-testing.umd.js:300:43)
      at _ZoneDelegate.Object.<anonymous>._ZoneDelegate.invoke (node_modules/zone.js/bundles/zone.umd.js:410:56)
      at Object.onInvoke (node_modules/@angular/core/fesm2022/core.mjs:11083:33)
      at _ZoneDelegate.Object.<anonymous>._ZoneDelegate.invoke (node_modules/zone.js/bundles/zone.umd.js:410:56)
      at Zone.Object.<anonymous>.Zone.run (node_modules/zone.js/bundles/zone.umd.js:165:47)
      at NgZone.run (node_modules/@angular/core/fesm2022/core.mjs:10934:28)
      at _TestBedImpl.createComponent (node_modules/@angular/core/fesm2022/testing.mjs:27495:41)
      at Function.createComponent (node_modules/@angular/core/fesm2022/testing.mjs:27302:37)
      at src/app/funcionalidades/acompanhamento/dados-processo-card/dados-processo-card.component.spec.ts:15:27
      at _ZoneDelegate.Object.<anonymous>._ZoneDelegate.invoke (node_modules/zone.js/bundles/zone.umd.js:411:30)
      at ProxyZoneSpec.Object.<anonymous>.ProxyZoneSpec.onInvoke (node_modules/zone.js/bundles/zone-testing.umd.js:300:43)
      at _ZoneDelegate.Object.<anonymous>._ZoneDelegate.invoke (node_modules/zone.js/bundles/zone.umd.js:410:56)
      at Zone.Object.<anonymous>.Zone.run (node_modules/zone.js/bundles/zone.umd.js:165:47)
      at Object.wrappedFunc (node_modules/zone.js/bundles/zone-testing.umd.js:789:34)

  ● DadosProcessoCardComponent › observacao deve permitir atualização

    NG0302: The pipe 'campoVazioHifen' could not be found in the 'DadosProcessoCardComponent' component. Verify that it is declared or imported in this module. Find more at https://angular.io/errors/NG0302

      at getPipeDef (node_modules/@angular/core/fesm2022/core.mjs:23660:15)
      at ɵɵpipe (node_modules/@angular/core/fesm2022/core.mjs:23601:19)
      at DadosProcessoCardComponent_Template (ng:/DadosProcessoCardComponent.js:22:9)
      at executeTemplate (node_modules/@angular/core/fesm2022/core.mjs:12003:13)
      at renderView (node_modules/@angular/core/fesm2022/core.mjs:13201:13)
      at renderComponent (node_modules/@angular/core/fesm2022/core.mjs:13148:5)
      at renderChildComponents (node_modules/@angular/core/fesm2022/core.mjs:13246:9)
      at renderView (node_modules/@angular/core/fesm2022/core.mjs:13226:13)
      at ComponentFactory.create (node_modules/@angular/core/fesm2022/core.mjs:14138:13)
      at initComponent (node_modules/@angular/core/fesm2022/testing.mjs:27492:51)
      at _ZoneDelegate.Object.<anonymous>._ZoneDelegate.invoke (node_modules/zone.js/bundles/zone.umd.js:411:30)
      at ProxyZoneSpec.Object.<anonymous>.ProxyZoneSpec.onInvoke (node_modules/zone.js/bundles/zone-testing.umd.js:300:43)
      at _ZoneDelegate.Object.<anonymous>._ZoneDelegate.invoke (node_modules/zone.js/bundles/zone.umd.js:410:56)
      at Object.onInvoke (node_modules/@angular/core/fesm2022/core.mjs:11083:33)
      at _ZoneDelegate.Object.<anonymous>._ZoneDelegate.invoke (node_modules/zone.js/bundles/zone.umd.js:410:56)
      at Zone.Object.<anonymous>.Zone.run (node_modules/zone.js/bundles/zone.umd.js:165:47)
      at NgZone.run (node_modules/@angular/core/fesm2022/core.mjs:10934:28)
      at _TestBedImpl.createComponent (node_modules/@angular/core/fesm2022/testing.mjs:27495:41)
      at Function.createComponent (node_modules/@angular/core/fesm2022/testing.mjs:27302:37)
      at src/app/funcionalidades/acompanhamento/dados-processo-card/dados-processo-card.component.spec.ts:15:27
      at _ZoneDelegate.Object.<anonymous>._ZoneDelegate.invoke (node_modules/zone.js/bundles/zone.umd.js:411:30)
      at ProxyZoneSpec.Object.<anonymous>.ProxyZoneSpec.onInvoke (node_modules/zone.js/bundles/zone-testing.umd.js:300:43)
      at _ZoneDelegate.Object.<anonymous>._ZoneDelegate.invoke (node_modules/zone.js/bundles/zone.umd.js:410:56)
      at Zone.Object.<anonymous>.Zone.run (node_modules/zone.js/bundles/zone.umd.js:165:47)
      at Object.wrappedFunc (node_modules/zone.js/bundles/zone-testing.umd.js:789:34)

  ● DadosProcessoCardComponent › observacao deve aceitar string vazia

    NG0302: The pipe 'campoVazioHifen' could not be found in the 'DadosProcessoCardComponent' component. Verify that it is declared or imported in this module. Find more at https://angular.io/errors/NG0302

      at getPipeDef (node_modules/@angular/core/fesm2022/core.mjs:23660:15)
      at ɵɵpipe (node_modules/@angular/core/fesm2022/core.mjs:23601:19)
      at DadosProcessoCardComponent_Template (ng:/DadosProcessoCardComponent.js:22:9)
      at executeTemplate (node_modules/@angular/core/fesm2022/core.mjs:12003:13)
      at renderView (node_modules/@angular/core/fesm2022/core.mjs:13201:13)
      at renderComponent (node_modules/@angular/core/fesm2022/core.mjs:13148:5)
      at renderChildComponents (node_modules/@angular/core/fesm2022/core.mjs:13246:9)
      at renderView (node_modules/@angular/core/fesm2022/core.mjs:13226:13)
      at ComponentFactory.create (node_modules/@angular/core/fesm2022/core.mjs:14138:13)
      at initComponent (node_modules/@angular/core/fesm2022/testing.mjs:27492:51)
      at _ZoneDelegate.Object.<anonymous>._ZoneDelegate.invoke (node_modules/zone.js/bundles/zone.umd.js:411:30)
      at ProxyZoneSpec.Object.<anonymous>.ProxyZoneSpec.onInvoke (node_modules/zone.js/bundles/zone-testing.umd.js:300:43)
      at _ZoneDelegate.Object.<anonymous>._ZoneDelegate.invoke (node_modules/zone.js/bundles/zone.umd.js:410:56)
      at Object.onInvoke (node_modules/@angular/core/fesm2022/core.mjs:11083:33)
      at _ZoneDelegate.Object.<anonymous>._ZoneDelegate.invoke (node_modules/zone.js/bundles/zone.umd.js:410:56)
      at Zone.Object.<anonymous>.Zone.run (node_modules/zone.js/bundles/zone.umd.js:165:47)
      at NgZone.run (node_modules/@angular/core/fesm2022/core.mjs:10934:28)
      at _TestBedImpl.createComponent (node_modules/@angular/core/fesm2022/testing.mjs:27495:41)
      at Function.createComponent (node_modules/@angular/core/fesm2022/testing.mjs:27302:37)
      at src/app/funcionalidades/acompanhamento/dados-processo-card/dados-processo-card.component.spec.ts:15:27
      at _ZoneDelegate.Object.<anonymous>._ZoneDelegate.invoke (node_modules/zone.js/bundles/zone.umd.js:411:30)
      at ProxyZoneSpec.Object.<anonymous>.ProxyZoneSpec.onInvoke (node_modules/zone.js/bundles/zone-testing.umd.js:300:43)
      at _ZoneDelegate.Object.<anonymous>._ZoneDelegate.invoke (node_modules/zone.js/bundles/zone.umd.js:410:56)
      at Zone.Object.<anonymous>.Zone.run (node_modules/zone.js/bundles/zone.umd.js:165:47)
      at Object.wrappedFunc (node_modules/zone.js/bundles/zone-testing.umd.js:789:34)

  ● DadosProcessoCardComponent › observacao deve aceitar strings longas

    NG0302: The pipe 'campoVazioHifen' could not be found in the 'DadosProcessoCardComponent' component. Verify that it is declared or imported in this module. Find more at https://angular.io/errors/NG0302

      at getPipeDef (node_modules/@angular/core/fesm2022/core.mjs:23660:15)
      at ɵɵpipe (node_modules/@angular/core/fesm2022/core.mjs:23601:19)
      at DadosProcessoCardComponent_Template (ng:/DadosProcessoCardComponent.js:22:9)
      at executeTemplate (node_modules/@angular/core/fesm2022/core.mjs:12003:13)
      at renderView (node_modules/@angular/core/fesm2022/core.mjs:13201:13)
      at renderComponent (node_modules/@angular/core/fesm2022/core.mjs:13148:5)
      at renderChildComponents (node_modules/@angular/core/fesm2022/core.mjs:13246:9)
      at renderView (node_modules/@angular/core/fesm2022/core.mjs:13226:13)
      at ComponentFactory.create (node_modules/@angular/core/fesm2022/core.mjs:14138:13)
      at initComponent (node_modules/@angular/core/fesm2022/testing.mjs:27492:51)
      at _ZoneDelegate.Object.<anonymous>._ZoneDelegate.invoke (node_modules/zone.js/bundles/zone.umd.js:411:30)
      at ProxyZoneSpec.Object.<anonymous>.ProxyZoneSpec.onInvoke (node_modules/zone.js/bundles/zone-testing.umd.js:300:43)
      at _ZoneDelegate.Object.<anonymous>._ZoneDelegate.invoke (node_modules/zone.js/bundles/zone.umd.js:410:56)
      at Object.onInvoke (node_modules/@angular/core/fesm2022/core.mjs:11083:33)
      at _ZoneDelegate.Object.<anonymous>._ZoneDelegate.invoke (node_modules/zone.js/bundles/zone.umd.js:410:56)
      at Zone.Object.<anonymous>.Zone.run (node_modules/zone.js/bundles/zone.umd.js:165:47)
      at NgZone.run (node_modules/@angular/core/fesm2022/core.mjs:10934:28)
      at _TestBedImpl.createComponent (node_modules/@angular/core/fesm2022/testing.mjs:27495:41)
      at Function.createComponent (node_modules/@angular/core/fesm2022/testing.mjs:27302:37)
      at src/app/funcionalidades/acompanhamento/dados-processo-card/dados-processo-card.component.spec.ts:15:27
      at _ZoneDelegate.Object.<anonymous>._ZoneDelegate.invoke (node_modules/zone.js/bundles/zone.umd.js:411:30)
      at ProxyZoneSpec.Object.<anonymous>.ProxyZoneSpec.onInvoke (node_modules/zone.js/bundles/zone-testing.umd.js:300:43)
      at _ZoneDelegate.Object.<anonymous>._ZoneDelegate.invoke (node_modules/zone.js/bundles/zone.umd.js:410:56)
      at Zone.Object.<anonymous>.Zone.run (node_modules/zone.js/bundles/zone.umd.js:165:47)
      at Object.wrappedFunc (node_modules/zone.js/bundles/zone-testing.umd.js:789:34)

FAIL src/app/funcionalidades/meus-dados/exibir-dados-beneficiario/dados-beneficiario.component.spec.ts
  ● DadosBeneficiarioComponent › ngAfterViewInit deve executar sem erros

    expect(received).not.toThrow()

    Error name:    "TypeError"
    Error message: "jQuery is not a function"

        [0m [90m 32 |[39m
         [90m 33 |[39m     [36mstatic[39m funcaoModal(idModal[33m:[39m string[33m,[39m functionName[33m:[39m string[33m,[39m callback[33m?[39m[33m:[39m () [33m=>[39m [36mvoid[39m[33m,[39m callbacke[33m?[39m[33m:[39m (e) [33m=>[39m [36mvoid[39m)[33m:[39m [36mvoid[39m {
        [31m[1m>[22m[39m[90m 34 |[39m         jQuery([36mthis[39m[33m.[39midHashtag(idModal))[33m.[39mon(functionName[33m,[39m (e) [33m=>[39m {
         [90m    |[39m         [31m[1m^[22m[39m
         [90m 35 |[39m             [36mif[39m (e[33m.[39mtarget[33m.[39mid [33m===[39m e[33m.[39mcurrentTarget[33m.[39mid) {
         [90m 36 |[39m                 [36mif[39m (callback) {
         [90m 37 |[39m                     callback()[33m;[39m[0m

      at Function.funcaoModal (src/app/shared/util/modal.ts:34:9)
      at Function.hiddenModal (src/app/shared/util/modal.ts:30:14)
      at DadosBeneficiarioComponent.ngAfterViewInit (src/app/funcionalidades/meus-dados/exibir-dados-beneficiario/dados-beneficiario.component.ts:32:13)
      at src/app/funcionalidades/meus-dados/exibir-dados-beneficiario/dados-beneficiario.component.spec.ts:191:32
      at Object.<anonymous> (node_modules/expect/build/toThrowMatchers.js:74:11)
      at Object.throwingMatcher [as toThrow] (node_modules/expect/build/index.js:320:21)
      at src/app/funcionalidades/meus-dados/exibir-dados-beneficiario/dados-beneficiario.component.spec.ts:191:55
      at _ZoneDelegate.Object.<anonymous>._ZoneDelegate.invoke (node_modules/zone.js/bundles/zone.umd.js:411:30)
      at ProxyZoneSpec.Object.<anonymous>.ProxyZoneSpec.onInvoke (node_modules/zone.js/bundles/zone-testing.umd.js:300:43)
      at _ZoneDelegate.Object.<anonymous>._ZoneDelegate.invoke (node_modules/zone.js/bundles/zone.umd.js:410:56)
      at Zone.Object.<anonymous>.Zone.run (node_modules/zone.js/bundles/zone.umd.js:165:47)
      at Object.wrappedFunc (node_modules/zone.js/bundles/zone-testing.umd.js:789:34)
      at src/app/funcionalidades/meus-dados/exibir-dados-beneficiario/dados-beneficiario.component.spec.ts:191:55
      at _ZoneDelegate.Object.<anonymous>._ZoneDelegate.invoke (node_modules/zone.js/bundles/zone.umd.js:411:30)
      at ProxyZoneSpec.Object.<anonymous>.ProxyZoneSpec.onInvoke (node_modules/zone.js/bundles/zone-testing.umd.js:300:43)
      at _ZoneDelegate.Object.<anonymous>._ZoneDelegate.invoke (node_modules/zone.js/bundles/zone.umd.js:410:56)
      at Zone.Object.<anonymous>.Zone.run (node_modules/zone.js/bundles/zone.umd.js:165:47)
      at Object.wrappedFunc (node_modules/zone.js/bundles/zone-testing.umd.js:789:34)

FAIL src/app/funcionalidades/beneficiario-pedido/beneficiario-pedido-home/beneficiario-pedido-home.component.spec.ts (5.562 s)
  ● BeneficiarioPedidoHomeComponent › deve criar o componente

    NG01203: No value accessor for form control name: 'somenteAtivos'. Find more at https://angular.io/errors/NG01203

    [0m [90m 62 |[39m         fixture [33m=[39m [33mTestBed[39m[33m.[39mcreateComponent([33mBeneficiarioPedidoHomeComponent[39m)[33m;[39m
     [90m 63 |[39m         component [33m=[39m fixture[33m.[39mcomponentInstance[33m;[39m
    [31m[1m>[22m[39m[90m 64 |[39m         fixture[33m.[39mdetectChanges()[33m;[39m
     [90m    |[39m                 [31m[1m^[22m[39m
     [90m 65 |[39m     })[33m;[39m
     [90m 66 |[39m
     [90m 67 |[39m     it([32m'deve criar o componente'[39m[33m,[39m () [33m=>[39m {[0m

      at _throwMissingValueAccessorError (node_modules/@angular/forms/fesm2022/forms.mjs:3162:11)
      at setUpControl (node_modules/@angular/forms/fesm2022/forms.mjs:2935:13)
      at _FormGroupDirective.addControl (node_modules/@angular/forms/fesm2022/forms.mjs:4782:9)
      at _FormControlName._setUpControl (node_modules/@angular/forms/fesm2022/forms.mjs:5370:43)
      at _FormControlName.ngOnChanges (node_modules/@angular/forms/fesm2022/forms.mjs:5315:18)
      at _FormControlName.rememberChangeHistoryAndInvokeOnChangesHook (node_modules/@angular/core/fesm2022/core.mjs:3032:14)
      at callHookInternal (node_modules/@angular/core/fesm2022/core.mjs:4024:14)
      at callHook (node_modules/@angular/core/fesm2022/core.mjs:4055:9)
      at callHooks (node_modules/@angular/core/fesm2022/core.mjs:4006:17)
      at executeInitAndCheckHooks (node_modules/@angular/core/fesm2022/core.mjs:3956:9)
      at refreshView (node_modules/@angular/core/fesm2022/core.mjs:13513:21)
      at detectChangesInView (node_modules/@angular/core/fesm2022/core.mjs:13663:9)
      at detectChangesInComponent (node_modules/@angular/core/fesm2022/core.mjs:13638:5)
      at detectChangesInChildComponents (node_modules/@angular/core/fesm2022/core.mjs:13676:9)
      at refreshView (node_modules/@angular/core/fesm2022/core.mjs:13548:13)
      at detectChangesInternal (node_modules/@angular/core/fesm2022/core.mjs:13437:9)
      at RootViewRef.detectChanges (node_modules/@angular/core/fesm2022/core.mjs:13954:9)
      at ComponentFixture._tick (node_modules/@angular/core/fesm2022/testing.mjs:127:32)
      at node_modules/@angular/core/fesm2022/testing.mjs:140:22
      at _ZoneDelegate.Object.<anonymous>._ZoneDelegate.invoke (node_modules/zone.js/bundles/zone.umd.js:411:30)
      at ProxyZoneSpec.Object.<anonymous>.ProxyZoneSpec.onInvoke (node_modules/zone.js/bundles/zone-testing.umd.js:300:43)
      at _ZoneDelegate.Object.<anonymous>._ZoneDelegate.invoke (node_modules/zone.js/bundles/zone.umd.js:410:56)
      at Object.onInvoke (node_modules/@angular/core/fesm2022/core.mjs:11083:33)
      at _ZoneDelegate.Object.<anonymous>._ZoneDelegate.invoke (node_modules/zone.js/bundles/zone.umd.js:410:56)
      at Zone.Object.<anonymous>.Zone.run (node_modules/zone.js/bundles/zone.umd.js:165:47)
      at NgZone.run (node_modules/@angular/core/fesm2022/core.mjs:10934:28)
      at ComponentFixture.detectChanges (node_modules/@angular/core/fesm2022/testing.mjs:139:25)
      at src/app/funcionalidades/beneficiario-pedido/beneficiario-pedido-home/beneficiario-pedido-home.component.spec.ts:64:17
      at _ZoneDelegate.Object.<anonymous>._ZoneDelegate.invoke (node_modules/zone.js/bundles/zone.umd.js:411:30)
      at ProxyZoneSpec.Object.<anonymous>.ProxyZoneSpec.onInvoke (node_modules/zone.js/bundles/zone-testing.umd.js:300:43)
      at _ZoneDelegate.Object.<anonymous>._ZoneDelegate.invoke (node_modules/zone.js/bundles/zone.umd.js:410:56)
      at Zone.Object.<anonymous>.Zone.run (node_modules/zone.js/bundles/zone.umd.js:165:47)
      at Object.wrappedFunc (node_modules/zone.js/bundles/zone-testing.umd.js:789:34)

  ● BeneficiarioPedidoHomeComponent › ngOnInit deve carregar titulo do serviço

    NG01203: No value accessor for form control name: 'somenteAtivos'. Find more at https://angular.io/errors/NG01203

    [0m [90m 62 |[39m         fixture [33m=[39m [33mTestBed[39m[33m.[39mcreateComponent([33mBeneficiarioPedidoHomeComponent[39m)[33m;[39m
     [90m 63 |[39m         component [33m=[39m fixture[33m.[39mcomponentInstance[33m;[39m
    [31m[1m>[22m[39m[90m 64 |[39m         fixture[33m.[39mdetectChanges()[33m;[39m
     [90m    |[39m                 [31m[1m^[22m[39m
     [90m 65 |[39m     })[33m;[39m
     [90m 66 |[39m
     [90m 67 |[39m     it([32m'deve criar o componente'[39m[33m,[39m () [33m=>[39m {[0m

      at _throwMissingValueAccessorError (node_modules/@angular/forms/fesm2022/forms.mjs:3162:11)
      at setUpControl (node_modules/@angular/forms/fesm2022/forms.mjs:2935:13)
      at _FormGroupDirective.addControl (node_modules/@angular/forms/fesm2022/forms.mjs:4782:9)
      at _FormControlName._setUpControl (node_modules/@angular/forms/fesm2022/forms.mjs:5370:43)
      at _FormControlName.ngOnChanges (node_modules/@angular/forms/fesm2022/forms.mjs:5315:18)
      at _FormControlName.rememberChangeHistoryAndInvokeOnChangesHook (node_modules/@angular/core/fesm2022/core.mjs:3032:14)
      at callHookInternal (node_modules/@angular/core/fesm2022/core.mjs:4024:14)
      at callHook (node_modules/@angular/core/fesm2022/core.mjs:4055:9)
      at callHooks (node_modules/@angular/core/fesm2022/core.mjs:4006:17)
      at executeInitAndCheckHooks (node_modules/@angular/core/fesm2022/core.mjs:3956:9)
      at refreshView (node_modules/@angular/core/fesm2022/core.mjs:13513:21)
      at detectChangesInView (node_modules/@angular/core/fesm2022/core.mjs:13663:9)
      at detectChangesInComponent (node_modules/@angular/core/fesm2022/core.mjs:13638:5)
      at detectChangesInChildComponents (node_modules/@angular/core/fesm2022/core.mjs:13676:9)
      at refreshView (node_modules/@angular/core/fesm2022/core.mjs:13548:13)
      at detectChangesInternal (node_modules/@angular/core/fesm2022/core.mjs:13437:9)
      at RootViewRef.detectChanges (node_modules/@angular/core/fesm2022/core.mjs:13954:9)
      at ComponentFixture._tick (node_modules/@angular/core/fesm2022/testing.mjs:127:32)
      at node_modules/@angular/core/fesm2022/testing.mjs:140:22
      at _ZoneDelegate.Object.<anonymous>._ZoneDelegate.invoke (node_modules/zone.js/bundles/zone.umd.js:411:30)
      at ProxyZoneSpec.Object.<anonymous>.ProxyZoneSpec.onInvoke (node_modules/zone.js/bundles/zone-testing.umd.js:300:43)
      at _ZoneDelegate.Object.<anonymous>._ZoneDelegate.invoke (node_modules/zone.js/bundles/zone.umd.js:410:56)
      at Object.onInvoke (node_modules/@angular/core/fesm2022/core.mjs:11083:33)
      at _ZoneDelegate.Object.<anonymous>._ZoneDelegate.invoke (node_modules/zone.js/bundles/zone.umd.js:410:56)
      at Zone.Object.<anonymous>.Zone.run (node_modules/zone.js/bundles/zone.umd.js:165:47)
      at NgZone.run (node_modules/@angular/core/fesm2022/core.mjs:10934:28)
      at ComponentFixture.detectChanges (node_modules/@angular/core/fesm2022/testing.mjs:139:25)
      at src/app/funcionalidades/beneficiario-pedido/beneficiario-pedido-home/beneficiario-pedido-home.component.spec.ts:64:17
      at _ZoneDelegate.Object.<anonymous>._ZoneDelegate.invoke (node_modules/zone.js/bundles/zone.umd.js:411:30)
      at ProxyZoneSpec.Object.<anonymous>.ProxyZoneSpec.onInvoke (node_modules/zone.js/bundles/zone-testing.umd.js:300:43)
      at _ZoneDelegate.Object.<anonymous>._ZoneDelegate.invoke (node_modules/zone.js/bundles/zone.umd.js:410:56)
      at Zone.Object.<anonymous>.Zone.run (node_modules/zone.js/bundles/zone.umd.js:165:47)
      at Object.wrappedFunc (node_modules/zone.js/bundles/zone-testing.umd.js:789:34)

  ● BeneficiarioPedidoHomeComponent › ngOnInit deve carregar baseURL do serviço

    NG01203: No value accessor for form control name: 'somenteAtivos'. Find more at https://angular.io/errors/NG01203

    [0m [90m 62 |[39m         fixture [33m=[39m [33mTestBed[39m[33m.[39mcreateComponent([33mBeneficiarioPedidoHomeComponent[39m)[33m;[39m
     [90m 63 |[39m         component [33m=[39m fixture[33m.[39mcomponentInstance[33m;[39m
    [31m[1m>[22m[39m[90m 64 |[39m         fixture[33m.[39mdetectChanges()[33m;[39m
     [90m    |[39m                 [31m[1m^[22m[39m
     [90m 65 |[39m     })[33m;[39m
     [90m 66 |[39m
     [90m 67 |[39m     it([32m'deve criar o componente'[39m[33m,[39m () [33m=>[39m {[0m

      at _throwMissingValueAccessorError (node_modules/@angular/forms/fesm2022/forms.mjs:3162:11)
      at setUpControl (node_modules/@angular/forms/fesm2022/forms.mjs:2935:13)
      at _FormGroupDirective.addControl (node_modules/@angular/forms/fesm2022/forms.mjs:4782:9)
      at _FormControlName._setUpControl (node_modules/@angular/forms/fesm2022/forms.mjs:5370:43)
      at _FormControlName.ngOnChanges (node_modules/@angular/forms/fesm2022/forms.mjs:5315:18)
      at _FormControlName.rememberChangeHistoryAndInvokeOnChangesHook (node_modules/@angular/core/fesm2022/core.mjs:3032:14)
      at callHookInternal (node_modules/@angular/core/fesm2022/core.mjs:4024:14)
      at callHook (node_modules/@angular/core/fesm2022/core.mjs:4055:9)
      at callHooks (node_modules/@angular/core/fesm2022/core.mjs:4006:17)
      at executeInitAndCheckHooks (node_modules/@angular/core/fesm2022/core.mjs:3956:9)
      at refreshView (node_modules/@angular/core/fesm2022/core.mjs:13513:21)
      at detectChangesInView (node_modules/@angular/core/fesm2022/core.mjs:13663:9)
      at detectChangesInComponent (node_modules/@angular/core/fesm2022/core.mjs:13638:5)
      at detectChangesInChildComponents (node_modules/@angular/core/fesm2022/core.mjs:13676:9)
      at refreshView (node_modules/@angular/core/fesm2022/core.mjs:13548:13)
      at detectChangesInternal (node_modules/@angular/core/fesm2022/core.mjs:13437:9)
      at RootViewRef.detectChanges (node_modules/@angular/core/fesm2022/core.mjs:13954:9)
      at ComponentFixture._tick (node_modules/@angular/core/fesm2022/testing.mjs:127:32)
      at node_modules/@angular/core/fesm2022/testing.mjs:140:22
      at _ZoneDelegate.Object.<anonymous>._ZoneDelegate.invoke (node_modules/zone.js/bundles/zone.umd.js:411:30)
      at ProxyZoneSpec.Object.<anonymous>.ProxyZoneSpec.onInvoke (node_modules/zone.js/bundles/zone-testing.umd.js:300:43)
      at _ZoneDelegate.Object.<anonymous>._ZoneDelegate.invoke (node_modules/zone.js/bundles/zone.umd.js:410:56)
      at Object.onInvoke (node_modules/@angular/core/fesm2022/core.mjs:11083:33)
      at _ZoneDelegate.Object.<anonymous>._ZoneDelegate.invoke (node_modules/zone.js/bundles/zone.umd.js:410:56)
      at Zone.Object.<anonymous>.Zone.run (node_modules/zone.js/bundles/zone.umd.js:165:47)
      at NgZone.run (node_modules/@angular/core/fesm2022/core.mjs:10934:28)
      at ComponentFixture.detectChanges (node_modules/@angular/core/fesm2022/testing.mjs:139:25)
      at src/app/funcionalidades/beneficiario-pedido/beneficiario-pedido-home/beneficiario-pedido-home.component.spec.ts:64:17
      at _ZoneDelegate.Object.<anonymous>._ZoneDelegate.invoke (node_modules/zone.js/bundles/zone.umd.js:411:30)
      at ProxyZoneSpec.Object.<anonymous>.ProxyZoneSpec.onInvoke (node_modules/zone.js/bundles/zone-testing.umd.js:300:43)
      at _ZoneDelegate.Object.<anonymous>._ZoneDelegate.invoke (node_modules/zone.js/bundles/zone.umd.js:410:56)
      at Zone.Object.<anonymous>.Zone.run (node_modules/zone.js/bundles/zone.umd.js:165:47)
      at Object.wrappedFunc (node_modules/zone.js/bundles/zone-testing.umd.js:789:34)

  ● BeneficiarioPedidoHomeComponent › ngOnInit deve chamar inicializarCombos

    NG01203: No value accessor for form control name: 'somenteAtivos'. Find more at https://angular.io/errors/NG01203

    [0m [90m 62 |[39m         fixture [33m=[39m [33mTestBed[39m[33m.[39mcreateComponent([33mBeneficiarioPedidoHomeComponent[39m)[33m;[39m
     [90m 63 |[39m         component [33m=[39m fixture[33m.[39mcomponentInstance[33m;[39m
    [31m[1m>[22m[39m[90m 64 |[39m         fixture[33m.[39mdetectChanges()[33m;[39m
     [90m    |[39m                 [31m[1m^[22m[39m
     [90m 65 |[39m     })[33m;[39m
     [90m 66 |[39m
     [90m 67 |[39m     it([32m'deve criar o componente'[39m[33m,[39m () [33m=>[39m {[0m

      at _throwMissingValueAccessorError (node_modules/@angular/forms/fesm2022/forms.mjs:3162:11)
      at setUpControl (node_modules/@angular/forms/fesm2022/forms.mjs:2935:13)
      at _FormGroupDirective.addControl (node_modules/@angular/forms/fesm2022/forms.mjs:4782:9)
      at _FormControlName._setUpControl (node_modules/@angular/forms/fesm2022/forms.mjs:5370:43)
      at _FormControlName.ngOnChanges (node_modules/@angular/forms/fesm2022/forms.mjs:5315:18)
      at _FormControlName.rememberChangeHistoryAndInvokeOnChangesHook (node_modules/@angular/core/fesm2022/core.mjs:3032:14)
      at callHookInternal (node_modules/@angular/core/fesm2022/core.mjs:4024:14)
      at callHook (node_modules/@angular/core/fesm2022/core.mjs:4055:9)
      at callHooks (node_modules/@angular/core/fesm2022/core.mjs:4006:17)
      at executeInitAndCheckHooks (node_modules/@angular/core/fesm2022/core.mjs:3956:9)
      at refreshView (node_modules/@angular/core/fesm2022/core.mjs:13513:21)
      at detectChangesInView (node_modules/@angular/core/fesm2022/core.mjs:13663:9)
      at detectChangesInComponent (node_modules/@angular/core/fesm2022/core.mjs:13638:5)
      at detectChangesInChildComponents (node_modules/@angular/core/fesm2022/core.mjs:13676:9)
      at refreshView (node_modules/@angular/core/fesm2022/core.mjs:13548:13)
      at detectChangesInternal (node_modules/@angular/core/fesm2022/core.mjs:13437:9)
      at RootViewRef.detectChanges (node_modules/@angular/core/fesm2022/core.mjs:13954:9)
      at ComponentFixture._tick (node_modules/@angular/core/fesm2022/testing.mjs:127:32)
      at node_modules/@angular/core/fesm2022/testing.mjs:140:22
      at _ZoneDelegate.Object.<anonymous>._ZoneDelegate.invoke (node_modules/zone.js/bundles/zone.umd.js:411:30)
      at ProxyZoneSpec.Object.<anonymous>.ProxyZoneSpec.onInvoke (node_modules/zone.js/bundles/zone-testing.umd.js:300:43)
      at _ZoneDelegate.Object.<anonymous>._ZoneDelegate.invoke (node_modules/zone.js/bundles/zone.umd.js:410:56)
      at Object.onInvoke (node_modules/@angular/core/fesm2022/core.mjs:11083:33)
      at _ZoneDelegate.Object.<anonymous>._ZoneDelegate.invoke (node_modules/zone.js/bundles/zone.umd.js:410:56)
      at Zone.Object.<anonymous>.Zone.run (node_modules/zone.js/bundles/zone.umd.js:165:47)
      at NgZone.run (node_modules/@angular/core/fesm2022/core.mjs:10934:28)
      at ComponentFixture.detectChanges (node_modules/@angular/core/fesm2022/testing.mjs:139:25)
      at src/app/funcionalidades/beneficiario-pedido/beneficiario-pedido-home/beneficiario-pedido-home.component.spec.ts:64:17
      at _ZoneDelegate.Object.<anonymous>._ZoneDelegate.invoke (node_modules/zone.js/bundles/zone.umd.js:411:30)
      at ProxyZoneSpec.Object.<anonymous>.ProxyZoneSpec.onInvoke (node_modules/zone.js/bundles/zone-testing.umd.js:300:43)
      at _ZoneDelegate.Object.<anonymous>._ZoneDelegate.invoke (node_modules/zone.js/bundles/zone.umd.js:410:56)
      at Zone.Object.<anonymous>.Zone.run (node_modules/zone.js/bundles/zone.umd.js:165:47)
      at Object.wrappedFunc (node_modules/zone.js/bundles/zone-testing.umd.js:789:34)

  ● BeneficiarioPedidoHomeComponent › novoPrazo deve navegar para rota de novo

    NG01203: No value accessor for form control name: 'somenteAtivos'. Find more at https://angular.io/errors/NG01203

    [0m [90m 62 |[39m         fixture [33m=[39m [33mTestBed[39m[33m.[39mcreateComponent([33mBeneficiarioPedidoHomeComponent[39m)[33m;[39m
     [90m 63 |[39m         component [33m=[39m fixture[33m.[39mcomponentInstance[33m;[39m
    [31m[1m>[22m[39m[90m 64 |[39m         fixture[33m.[39mdetectChanges()[33m;[39m
     [90m    |[39m                 [31m[1m^[22m[39m
     [90m 65 |[39m     })[33m;[39m
     [90m 66 |[39m
     [90m 67 |[39m     it([32m'deve criar o componente'[39m[33m,[39m () [33m=>[39m {[0m

      at _throwMissingValueAccessorError (node_modules/@angular/forms/fesm2022/forms.mjs:3162:11)
      at setUpControl (node_modules/@angular/forms/fesm2022/forms.mjs:2935:13)
      at _FormGroupDirective.addControl (node_modules/@angular/forms/fesm2022/forms.mjs:4782:9)
      at _FormControlName._setUpControl (node_modules/@angular/forms/fesm2022/forms.mjs:5370:43)
      at _FormControlName.ngOnChanges (node_modules/@angular/forms/fesm2022/forms.mjs:5315:18)
      at _FormControlName.rememberChangeHistoryAndInvokeOnChangesHook (node_modules/@angular/core/fesm2022/core.mjs:3032:14)
      at callHookInternal (node_modules/@angular/core/fesm2022/core.mjs:4024:14)
      at callHook (node_modules/@angular/core/fesm2022/core.mjs:4055:9)
      at callHooks (node_modules/@angular/core/fesm2022/core.mjs:4006:17)
      at executeInitAndCheckHooks (node_modules/@angular/core/fesm2022/core.mjs:3956:9)
      at refreshView (node_modules/@angular/core/fesm2022/core.mjs:13513:21)
      at detectChangesInView (node_modules/@angular/core/fesm2022/core.mjs:13663:9)
      at detectChangesInComponent (node_modules/@angular/core/fesm2022/core.mjs:13638:5)
      at detectChangesInChildComponents (node_modules/@angular/core/fesm2022/core.mjs:13676:9)
      at refreshView (node_modules/@angular/core/fesm2022/core.mjs:13548:13)
      at detectChangesInternal (node_modules/@angular/core/fesm2022/core.mjs:13437:9)
      at RootViewRef.detectChanges (node_modules/@angular/core/fesm2022/core.mjs:13954:9)
      at ComponentFixture._tick (node_modules/@angular/core/fesm2022/testing.mjs:127:32)
      at node_modules/@angular/core/fesm2022/testing.mjs:140:22
      at _ZoneDelegate.Object.<anonymous>._ZoneDelegate.invoke (node_modules/zone.js/bundles/zone.umd.js:411:30)
      at ProxyZoneSpec.Object.<anonymous>.ProxyZoneSpec.onInvoke (node_modules/zone.js/bundles/zone-testing.umd.js:300:43)
      at _ZoneDelegate.Object.<anonymous>._ZoneDelegate.invoke (node_modules/zone.js/bundles/zone.umd.js:410:56)
      at Object.onInvoke (node_modules/@angular/core/fesm2022/core.mjs:11083:33)
      at _ZoneDelegate.Object.<anonymous>._ZoneDelegate.invoke (node_modules/zone.js/bundles/zone.umd.js:410:56)
      at Zone.Object.<anonymous>.Zone.run (node_modules/zone.js/bundles/zone.umd.js:165:47)
      at NgZone.run (node_modules/@angular/core/fesm2022/core.mjs:10934:28)
      at ComponentFixture.detectChanges (node_modules/@angular/core/fesm2022/testing.mjs:139:25)
      at src/app/funcionalidades/beneficiario-pedido/beneficiario-pedido-home/beneficiario-pedido-home.component.spec.ts:64:17
      at _ZoneDelegate.Object.<anonymous>._ZoneDelegate.invoke (node_modules/zone.js/bundles/zone.umd.js:411:30)
      at ProxyZoneSpec.Object.<anonymous>.ProxyZoneSpec.onInvoke (node_modules/zone.js/bundles/zone-testing.umd.js:300:43)
      at _ZoneDelegate.Object.<anonymous>._ZoneDelegate.invoke (node_modules/zone.js/bundles/zone.umd.js:410:56)
      at Zone.Object.<anonymous>.Zone.run (node_modules/zone.js/bundles/zone.umd.js:165:47)
      at Object.wrappedFunc (node_modules/zone.js/bundles/zone-testing.umd.js:789:34)

  ● BeneficiarioPedidoHomeComponent › voltar deve chamar location.back

    NG01203: No value accessor for form control name: 'somenteAtivos'. Find more at https://angular.io/errors/NG01203

    [0m [90m 62 |[39m         fixture [33m=[39m [33mTestBed[39m[33m.[39mcreateComponent([33mBeneficiarioPedidoHomeComponent[39m)[33m;[39m
     [90m 63 |[39m         component [33m=[39m fixture[33m.[39mcomponentInstance[33m;[39m
    [31m[1m>[22m[39m[90m 64 |[39m         fixture[33m.[39mdetectChanges()[33m;[39m
     [90m    |[39m                 [31m[1m^[22m[39m
     [90m 65 |[39m     })[33m;[39m
     [90m 66 |[39m
     [90m 67 |[39m     it([32m'deve criar o componente'[39m[33m,[39m () [33m=>[39m {[0m

      at _throwMissingValueAccessorError (node_modules/@angular/forms/fesm2022/forms.mjs:3162:11)
      at setUpControl (node_modules/@angular/forms/fesm2022/forms.mjs:2935:13)
      at _FormGroupDirective.addControl (node_modules/@angular/forms/fesm2022/forms.mjs:4782:9)
      at _FormControlName._setUpControl (node_modules/@angular/forms/fesm2022/forms.mjs:5370:43)
      at _FormControlName.ngOnChanges (node_modules/@angular/forms/fesm2022/forms.mjs:5315:18)
      at _FormControlName.rememberChangeHistoryAndInvokeOnChangesHook (node_modules/@angular/core/fesm2022/core.mjs:3032:14)
      at callHookInternal (node_modules/@angular/core/fesm2022/core.mjs:4024:14)
      at callHook (node_modules/@angular/core/fesm2022/core.mjs:4055:9)
      at callHooks (node_modules/@angular/core/fesm2022/core.mjs:4006:17)
      at executeInitAndCheckHooks (node_modules/@angular/core/fesm2022/core.mjs:3956:9)
      at refreshView (node_modules/@angular/core/fesm2022/core.mjs:13513:21)
      at detectChangesInView (node_modules/@angular/core/fesm2022/core.mjs:13663:9)
      at detectChangesInComponent (node_modules/@angular/core/fesm2022/core.mjs:13638:5)
      at detectChangesInChildComponents (node_modules/@angular/core/fesm2022/core.mjs:13676:9)
      at refreshView (node_modules/@angular/core/fesm2022/core.mjs:13548:13)
      at detectChangesInternal (node_modules/@angular/core/fesm2022/core.mjs:13437:9)
      at RootViewRef.detectChanges (node_modules/@angular/core/fesm2022/core.mjs:13954:9)
      at ComponentFixture._tick (node_modules/@angular/core/fesm2022/testing.mjs:127:32)
      at node_modules/@angular/core/fesm2022/testing.mjs:140:22
      at _ZoneDelegate.Object.<anonymous>._ZoneDelegate.invoke (node_modules/zone.js/bundles/zone.umd.js:411:30)
      at ProxyZoneSpec.Object.<anonymous>.ProxyZoneSpec.onInvoke (node_modules/zone.js/bundles/zone-testing.umd.js:300:43)
      at _ZoneDelegate.Object.<anonymous>._ZoneDelegate.invoke (node_modules/zone.js/bundles/zone.umd.js:410:56)
      at Object.onInvoke (node_modules/@angular/core/fesm2022/core.mjs:11083:33)
      at _ZoneDelegate.Object.<anonymous>._ZoneDelegate.invoke (node_modules/zone.js/bundles/zone.umd.js:410:56)
      at Zone.Object.<anonymous>.Zone.run (node_modules/zone.js/bundles/zone.umd.js:165:47)
      at NgZone.run (node_modules/@angular/core/fesm2022/core.mjs:10934:28)
      at ComponentFixture.detectChanges (node_modules/@angular/core/fesm2022/testing.mjs:139:25)
      at src/app/funcionalidades/beneficiario-pedido/beneficiario-pedido-home/beneficiario-pedido-home.component.spec.ts:64:17
      at _ZoneDelegate.Object.<anonymous>._ZoneDelegate.invoke (node_modules/zone.js/bundles/zone.umd.js:411:30)
      at ProxyZoneSpec.Object.<anonymous>.ProxyZoneSpec.onInvoke (node_modules/zone.js/bundles/zone-testing.umd.js:300:43)
      at _ZoneDelegate.Object.<anonymous>._ZoneDelegate.invoke (node_modules/zone.js/bundles/zone.umd.js:410:56)
      at Zone.Object.<anonymous>.Zone.run (node_modules/zone.js/bundles/zone.umd.js:165:47)
      at Object.wrappedFunc (node_modules/zone.js/bundles/zone-testing.umd.js:789:34)

  ● BeneficiarioPedidoHomeComponent › limparCampos deve resetar o formulário

    NG01203: No value accessor for form control name: 'somenteAtivos'. Find more at https://angular.io/errors/NG01203

    [0m [90m 62 |[39m         fixture [33m=[39m [33mTestBed[39m[33m.[39mcreateComponent([33mBeneficiarioPedidoHomeComponent[39m)[33m;[39m
     [90m 63 |[39m         component [33m=[39m fixture[33m.[39mcomponentInstance[33m;[39m
    [31m[1m>[22m[39m[90m 64 |[39m         fixture[33m.[39mdetectChanges()[33m;[39m
     [90m    |[39m                 [31m[1m^[22m[39m
     [90m 65 |[39m     })[33m;[39m
     [90m 66 |[39m
     [90m 67 |[39m     it([32m'deve criar o componente'[39m[33m,[39m () [33m=>[39m {[0m

      at _throwMissingValueAccessorError (node_modules/@angular/forms/fesm2022/forms.mjs:3162:11)
      at setUpControl (node_modules/@angular/forms/fesm2022/forms.mjs:2935:13)
      at _FormGroupDirective.addControl (node_modules/@angular/forms/fesm2022/forms.mjs:4782:9)
      at _FormControlName._setUpControl (node_modules/@angular/forms/fesm2022/forms.mjs:5370:43)
      at _FormControlName.ngOnChanges (node_modules/@angular/forms/fesm2022/forms.mjs:5315:18)
      at _FormControlName.rememberChangeHistoryAndInvokeOnChangesHook (node_modules/@angular/core/fesm2022/core.mjs:3032:14)
      at callHookInternal (node_modules/@angular/core/fesm2022/core.mjs:4024:14)
      at callHook (node_modules/@angular/core/fesm2022/core.mjs:4055:9)
      at callHooks (node_modules/@angular/core/fesm2022/core.mjs:4006:17)
      at executeInitAndCheckHooks (node_modules/@angular/core/fesm2022/core.mjs:3956:9)
      at refreshView (node_modules/@angular/core/fesm2022/core.mjs:13513:21)
      at detectChangesInView (node_modules/@angular/core/fesm2022/core.mjs:13663:9)
      at detectChangesInComponent (node_modules/@angular/core/fesm2022/core.mjs:13638:5)
      at detectChangesInChildComponents (node_modules/@angular/core/fesm2022/core.mjs:13676:9)
      at refreshView (node_modules/@angular/core/fesm2022/core.mjs:13548:13)
      at detectChangesInternal (node_modules/@angular/core/fesm2022/core.mjs:13437:9)
      at RootViewRef.detectChanges (node_modules/@angular/core/fesm2022/core.mjs:13954:9)
      at ComponentFixture._tick (node_modules/@angular/core/fesm2022/testing.mjs:127:32)
      at node_modules/@angular/core/fesm2022/testing.mjs:140:22
      at _ZoneDelegate.Object.<anonymous>._ZoneDelegate.invoke (node_modules/zone.js/bundles/zone.umd.js:411:30)
      at ProxyZoneSpec.Object.<anonymous>.ProxyZoneSpec.onInvoke (node_modules/zone.js/bundles/zone-testing.umd.js:300:43)
      at _ZoneDelegate.Object.<anonymous>._ZoneDelegate.invoke (node_modules/zone.js/bundles/zone.umd.js:410:56)
      at Object.onInvoke (node_modules/@angular/core/fesm2022/core.mjs:11083:33)
      at _ZoneDelegate.Object.<anonymous>._ZoneDelegate.invoke (node_modules/zone.js/bundles/zone.umd.js:410:56)
      at Zone.Object.<anonymous>.Zone.run (node_modules/zone.js/bundles/zone.umd.js:165:47)
      at NgZone.run (node_modules/@angular/core/fesm2022/core.mjs:10934:28)
      at ComponentFixture.detectChanges (node_modules/@angular/core/fesm2022/testing.mjs:139:25)
      at src/app/funcionalidades/beneficiario-pedido/beneficiario-pedido-home/beneficiario-pedido-home.component.spec.ts:64:17
      at _ZoneDelegate.Object.<anonymous>._ZoneDelegate.invoke (node_modules/zone.js/bundles/zone.umd.js:411:30)
      at ProxyZoneSpec.Object.<anonymous>.ProxyZoneSpec.onInvoke (node_modules/zone.js/bundles/zone-testing.umd.js:300:43)
      at _ZoneDelegate.Object.<anonymous>._ZoneDelegate.invoke (node_modules/zone.js/bundles/zone.umd.js:410:56)
      at Zone.Object.<anonymous>.Zone.run (node_modules/zone.js/bundles/zone.umd.js:165:47)
      at Object.wrappedFunc (node_modules/zone.js/bundles/zone-testing.umd.js:789:34)

  ● BeneficiarioPedidoHomeComponent › limparCampos deve marcar formulário como pristine

    NG01203: No value accessor for form control name: 'somenteAtivos'. Find more at https://angular.io/errors/NG01203

    [0m [90m 62 |[39m         fixture [33m=[39m [33mTestBed[39m[33m.[39mcreateComponent([33mBeneficiarioPedidoHomeComponent[39m)[33m;[39m
     [90m 63 |[39m         component [33m=[39m fixture[33m.[39mcomponentInstance[33m;[39m
    [31m[1m>[22m[39m[90m 64 |[39m         fixture[33m.[39mdetectChanges()[33m;[39m
     [90m    |[39m                 [31m[1m^[22m[39m
     [90m 65 |[39m     })[33m;[39m
     [90m 66 |[39m
     [90m 67 |[39m     it([32m'deve criar o componente'[39m[33m,[39m () [33m=>[39m {[0m

      at _throwMissingValueAccessorError (node_modules/@angular/forms/fesm2022/forms.mjs:3162:11)
      at setUpControl (node_modules/@angular/forms/fesm2022/forms.mjs:2935:13)
      at _FormGroupDirective.addControl (node_modules/@angular/forms/fesm2022/forms.mjs:4782:9)
      at _FormControlName._setUpControl (node_modules/@angular/forms/fesm2022/forms.mjs:5370:43)
      at _FormControlName.ngOnChanges (node_modules/@angular/forms/fesm2022/forms.mjs:5315:18)
      at _FormControlName.rememberChangeHistoryAndInvokeOnChangesHook (node_modules/@angular/core/fesm2022/core.mjs:3032:14)
      at callHookInternal (node_modules/@angular/core/fesm2022/core.mjs:4024:14)
      at callHook (node_modules/@angular/core/fesm2022/core.mjs:4055:9)
      at callHooks (node_modules/@angular/core/fesm2022/core.mjs:4006:17)
      at executeInitAndCheckHooks (node_modules/@angular/core/fesm2022/core.mjs:3956:9)
      at refreshView (node_modules/@angular/core/fesm2022/core.mjs:13513:21)
      at detectChangesInView (node_modules/@angular/core/fesm2022/core.mjs:13663:9)
      at detectChangesInComponent (node_modules/@angular/core/fesm2022/core.mjs:13638:5)
      at detectChangesInChildComponents (node_modules/@angular/core/fesm2022/core.mjs:13676:9)
      at refreshView (node_modules/@angular/core/fesm2022/core.mjs:13548:13)
      at detectChangesInternal (node_modules/@angular/core/fesm2022/core.mjs:13437:9)
      at RootViewRef.detectChanges (node_modules/@angular/core/fesm2022/core.mjs:13954:9)
      at ComponentFixture._tick (node_modules/@angular/core/fesm2022/testing.mjs:127:32)
      at node_modules/@angular/core/fesm2022/testing.mjs:140:22
      at _ZoneDelegate.Object.<anonymous>._ZoneDelegate.invoke (node_modules/zone.js/bundles/zone.umd.js:411:30)
      at ProxyZoneSpec.Object.<anonymous>.ProxyZoneSpec.onInvoke (node_modules/zone.js/bundles/zone-testing.umd.js:300:43)
      at _ZoneDelegate.Object.<anonymous>._ZoneDelegate.invoke (node_modules/zone.js/bundles/zone.umd.js:410:56)
      at Object.onInvoke (node_modules/@angular/core/fesm2022/core.mjs:11083:33)
      at _ZoneDelegate.Object.<anonymous>._ZoneDelegate.invoke (node_modules/zone.js/bundles/zone.umd.js:410:56)
      at Zone.Object.<anonymous>.Zone.run (node_modules/zone.js/bundles/zone.umd.js:165:47)
      at NgZone.run (node_modules/@angular/core/fesm2022/core.mjs:10934:28)
      at ComponentFixture.detectChanges (node_modules/@angular/core/fesm2022/testing.mjs:139:25)
      at src/app/funcionalidades/beneficiario-pedido/beneficiario-pedido-home/beneficiario-pedido-home.component.spec.ts:64:17
      at _ZoneDelegate.Object.<anonymous>._ZoneDelegate.invoke (node_modules/zone.js/bundles/zone.umd.js:411:30)
      at ProxyZoneSpec.Object.<anonymous>.ProxyZoneSpec.onInvoke (node_modules/zone.js/bundles/zone-testing.umd.js:300:43)
      at _ZoneDelegate.Object.<anonymous>._ZoneDelegate.invoke (node_modules/zone.js/bundles/zone.umd.js:410:56)
      at Zone.Object.<anonymous>.Zone.run (node_modules/zone.js/bundles/zone.umd.js:165:47)
      at Object.wrappedFunc (node_modules/zone.js/bundles/zone-testing.umd.js:789:34)

  ● BeneficiarioPedidoHomeComponent › limparCampos deve marcar formulário como untouched

    NG01203: No value accessor for form control name: 'somenteAtivos'. Find more at https://angular.io/errors/NG01203

    [0m [90m 62 |[39m         fixture [33m=[39m [33mTestBed[39m[33m.[39mcreateComponent([33mBeneficiarioPedidoHomeComponent[39m)[33m;[39m
     [90m 63 |[39m         component [33m=[39m fixture[33m.[39mcomponentInstance[33m;[39m
    [31m[1m>[22m[39m[90m 64 |[39m         fixture[33m.[39mdetectChanges()[33m;[39m
     [90m    |[39m                 [31m[1m^[22m[39m
     [90m 65 |[39m     })[33m;[39m
     [90m 66 |[39m
     [90m 67 |[39m     it([32m'deve criar o componente'[39m[33m,[39m () [33m=>[39m {[0m

      at _throwMissingValueAccessorError (node_modules/@angular/forms/fesm2022/forms.mjs:3162:11)
      at setUpControl (node_modules/@angular/forms/fesm2022/forms.mjs:2935:13)
      at _FormGroupDirective.addControl (node_modules/@angular/forms/fesm2022/forms.mjs:4782:9)
      at _FormControlName._setUpControl (node_modules/@angular/forms/fesm2022/forms.mjs:5370:43)
      at _FormControlName.ngOnChanges (node_modules/@angular/forms/fesm2022/forms.mjs:5315:18)
      at _FormControlName.rememberChangeHistoryAndInvokeOnChangesHook (node_modules/@angular/core/fesm2022/core.mjs:3032:14)
      at callHookInternal (node_modules/@angular/core/fesm2022/core.mjs:4024:14)
      at callHook (node_modules/@angular/core/fesm2022/core.mjs:4055:9)
      at callHooks (node_modules/@angular/core/fesm2022/core.mjs:4006:17)
      at executeInitAndCheckHooks (node_modules/@angular/core/fesm2022/core.mjs:3956:9)
      at refreshView (node_modules/@angular/core/fesm2022/core.mjs:13513:21)
      at detectChangesInView (node_modules/@angular/core/fesm2022/core.mjs:13663:9)
      at detectChangesInComponent (node_modules/@angular/core/fesm2022/core.mjs:13638:5)
      at detectChangesInChildComponents (node_modules/@angular/core/fesm2022/core.mjs:13676:9)
      at refreshView (node_modules/@angular/core/fesm2022/core.mjs:13548:13)
      at detectChangesInternal (node_modules/@angular/core/fesm2022/core.mjs:13437:9)
      at RootViewRef.detectChanges (node_modules/@angular/core/fesm2022/core.mjs:13954:9)
      at ComponentFixture._tick (node_modules/@angular/core/fesm2022/testing.mjs:127:32)
      at node_modules/@angular/core/fesm2022/testing.mjs:140:22
      at _ZoneDelegate.Object.<anonymous>._ZoneDelegate.invoke (node_modules/zone.js/bundles/zone.umd.js:411:30)
      at ProxyZoneSpec.Object.<anonymous>.ProxyZoneSpec.onInvoke (node_modules/zone.js/bundles/zone-testing.umd.js:300:43)
      at _ZoneDelegate.Object.<anonymous>._ZoneDelegate.invoke (node_modules/zone.js/bundles/zone.umd.js:410:56)
      at Object.onInvoke (node_modules/@angular/core/fesm2022/core.mjs:11083:33)
      at _ZoneDelegate.Object.<anonymous>._ZoneDelegate.invoke (node_modules/zone.js/bundles/zone.umd.js:410:56)
      at Zone.Object.<anonymous>.Zone.run (node_modules/zone.js/bundles/zone.umd.js:165:47)
      at NgZone.run (node_modules/@angular/core/fesm2022/core.mjs:10934:28)
      at ComponentFixture.detectChanges (node_modules/@angular/core/fesm2022/testing.mjs:139:25)
      at src/app/funcionalidades/beneficiario-pedido/beneficiario-pedido-home/beneficiario-pedido-home.component.spec.ts:64:17
      at _ZoneDelegate.Object.<anonymous>._ZoneDelegate.invoke (node_modules/zone.js/bundles/zone.umd.js:411:30)
      at ProxyZoneSpec.Object.<anonymous>.ProxyZoneSpec.onInvoke (node_modules/zone.js/bundles/zone-testing.umd.js:300:43)
      at _ZoneDelegate.Object.<anonymous>._ZoneDelegate.invoke (node_modules/zone.js/bundles/zone.umd.js:410:56)
      at Zone.Object.<anonymous>.Zone.run (node_modules/zone.js/bundles/zone.umd.js:165:47)
      at Object.wrappedFunc (node_modules/zone.js/bundles/zone-testing.umd.js:789:34)

  ● BeneficiarioPedidoHomeComponent › onChangeInativo deve existir como método

    NG01203: No value accessor for form control name: 'somenteAtivos'. Find more at https://angular.io/errors/NG01203

    [0m [90m 62 |[39m         fixture [33m=[39m [33mTestBed[39m[33m.[39mcreateComponent([33mBeneficiarioPedidoHomeComponent[39m)[33m;[39m
     [90m 63 |[39m         component [33m=[39m fixture[33m.[39mcomponentInstance[33m;[39m
    [31m[1m>[22m[39m[90m 64 |[39m         fixture[33m.[39mdetectChanges()[33m;[39m
     [90m    |[39m                 [31m[1m^[22m[39m
     [90m 65 |[39m     })[33m;[39m
     [90m 66 |[39m
     [90m 67 |[39m     it([32m'deve criar o componente'[39m[33m,[39m () [33m=>[39m {[0m

      at _throwMissingValueAccessorError (node_modules/@angular/forms/fesm2022/forms.mjs:3162:11)
      at setUpControl (node_modules/@angular/forms/fesm2022/forms.mjs:2935:13)
      at _FormGroupDirective.addControl (node_modules/@angular/forms/fesm2022/forms.mjs:4782:9)
      at _FormControlName._setUpControl (node_modules/@angular/forms/fesm2022/forms.mjs:5370:43)
      at _FormControlName.ngOnChanges (node_modules/@angular/forms/fesm2022/forms.mjs:5315:18)
      at _FormControlName.rememberChangeHistoryAndInvokeOnChangesHook (node_modules/@angular/core/fesm2022/core.mjs:3032:14)
      at callHookInternal (node_modules/@angular/core/fesm2022/core.mjs:4024:14)
      at callHook (node_modules/@angular/core/fesm2022/core.mjs:4055:9)
      at callHooks (node_modules/@angular/core/fesm2022/core.mjs:4006:17)
      at executeInitAndCheckHooks (node_modules/@angular/core/fesm2022/core.mjs:3956:9)
      at refreshView (node_modules/@angular/core/fesm2022/core.mjs:13513:21)
      at detectChangesInView (node_modules/@angular/core/fesm2022/core.mjs:13663:9)
      at detectChangesInComponent (node_modules/@angular/core/fesm2022/core.mjs:13638:5)
      at detectChangesInChildComponents (node_modules/@angular/core/fesm2022/core.mjs:13676:9)
      at refreshView (node_modules/@angular/core/fesm2022/core.mjs:13548:13)
      at detectChangesInternal (node_modules/@angular/core/fesm2022/core.mjs:13437:9)
      at RootViewRef.detectChanges (node_modules/@angular/core/fesm2022/core.mjs:13954:9)
      at ComponentFixture._tick (node_modules/@angular/core/fesm2022/testing.mjs:127:32)
      at node_modules/@angular/core/fesm2022/testing.mjs:140:22
      at _ZoneDelegate.Object.<anonymous>._ZoneDelegate.invoke (node_modules/zone.js/bundles/zone.umd.js:411:30)
      at ProxyZoneSpec.Object.<anonymous>.ProxyZoneSpec.onInvoke (node_modules/zone.js/bundles/zone-testing.umd.js:300:43)
      at _ZoneDelegate.Object.<anonymous>._ZoneDelegate.invoke (node_modules/zone.js/bundles/zone.umd.js:410:56)
      at Object.onInvoke (node_modules/@angular/core/fesm2022/core.mjs:11083:33)
      at _ZoneDelegate.Object.<anonymous>._ZoneDelegate.invoke (node_modules/zone.js/bundles/zone.umd.js:410:56)
      at Zone.Object.<anonymous>.Zone.run (node_modules/zone.js/bundles/zone.umd.js:165:47)
      at NgZone.run (node_modules/@angular/core/fesm2022/core.mjs:10934:28)
      at ComponentFixture.detectChanges (node_modules/@angular/core/fesm2022/testing.mjs:139:25)
      at src/app/funcionalidades/beneficiario-pedido/beneficiario-pedido-home/beneficiario-pedido-home.component.spec.ts:64:17
      at _ZoneDelegate.Object.<anonymous>._ZoneDelegate.invoke (node_modules/zone.js/bundles/zone.umd.js:411:30)
      at ProxyZoneSpec.Object.<anonymous>.ProxyZoneSpec.onInvoke (node_modules/zone.js/bundles/zone-testing.umd.js:300:43)
      at _ZoneDelegate.Object.<anonymous>._ZoneDelegate.invoke (node_modules/zone.js/bundles/zone.umd.js:410:56)
      at Zone.Object.<anonymous>.Zone.run (node_modules/zone.js/bundles/zone.umd.js:165:47)
      at Object.wrappedFunc (node_modules/zone.js/bundles/zone-testing.umd.js:789:34)

  ● BeneficiarioPedidoHomeComponent › onChangeInativo deve executar sem erros

    NG01203: No value accessor for form control name: 'somenteAtivos'. Find more at https://angular.io/errors/NG01203

    [0m [90m 62 |[39m         fixture [33m=[39m [33mTestBed[39m[33m.[39mcreateComponent([33mBeneficiarioPedidoHomeComponent[39m)[33m;[39m
     [90m 63 |[39m         component [33m=[39m fixture[33m.[39mcomponentInstance[33m;[39m
    [31m[1m>[22m[39m[90m 64 |[39m         fixture[33m.[39mdetectChanges()[33m;[39m
     [90m    |[39m                 [31m[1m^[22m[39m
     [90m 65 |[39m     })[33m;[39m
     [90m 66 |[39m
     [90m 67 |[39m     it([32m'deve criar o componente'[39m[33m,[39m () [33m=>[39m {[0m

      at _throwMissingValueAccessorError (node_modules/@angular/forms/fesm2022/forms.mjs:3162:11)
      at setUpControl (node_modules/@angular/forms/fesm2022/forms.mjs:2935:13)
      at _FormGroupDirective.addControl (node_modules/@angular/forms/fesm2022/forms.mjs:4782:9)
      at _FormControlName._setUpControl (node_modules/@angular/forms/fesm2022/forms.mjs:5370:43)
      at _FormControlName.ngOnChanges (node_modules/@angular/forms/fesm2022/forms.mjs:5315:18)
      at _FormControlName.rememberChangeHistoryAndInvokeOnChangesHook (node_modules/@angular/core/fesm2022/core.mjs:3032:14)
      at callHookInternal (node_modules/@angular/core/fesm2022/core.mjs:4024:14)
      at callHook (node_modules/@angular/core/fesm2022/core.mjs:4055:9)
      at callHooks (node_modules/@angular/core/fesm2022/core.mjs:4006:17)
      at executeInitAndCheckHooks (node_modules/@angular/core/fesm2022/core.mjs:3956:9)
      at refreshView (node_modules/@angular/core/fesm2022/core.mjs:13513:21)
      at detectChangesInView (node_modules/@angular/core/fesm2022/core.mjs:13663:9)
      at detectChangesInComponent (node_modules/@angular/core/fesm2022/core.mjs:13638:5)
      at detectChangesInChildComponents (node_modules/@angular/core/fesm2022/core.mjs:13676:9)
      at refreshView (node_modules/@angular/core/fesm2022/core.mjs:13548:13)
      at detectChangesInternal (node_modules/@angular/core/fesm2022/core.mjs:13437:9)
      at RootViewRef.detectChanges (node_modules/@angular/core/fesm2022/core.mjs:13954:9)
      at ComponentFixture._tick (node_modules/@angular/core/fesm2022/testing.mjs:127:32)
      at node_modules/@angular/core/fesm2022/testing.mjs:140:22
      at _ZoneDelegate.Object.<anonymous>._ZoneDelegate.invoke (node_modules/zone.js/bundles/zone.umd.js:411:30)
      at ProxyZoneSpec.Object.<anonymous>.ProxyZoneSpec.onInvoke (node_modules/zone.js/bundles/zone-testing.umd.js:300:43)
      at _ZoneDelegate.Object.<anonymous>._ZoneDelegate.invoke (node_modules/zone.js/bundles/zone.umd.js:410:56)
      at Object.onInvoke (node_modules/@angular/core/fesm2022/core.mjs:11083:33)
      at _ZoneDelegate.Object.<anonymous>._ZoneDelegate.invoke (node_modules/zone.js/bundles/zone.umd.js:410:56)
      at Zone.Object.<anonymous>.Zone.run (node_modules/zone.js/bundles/zone.umd.js:165:47)
      at NgZone.run (node_modules/@angular/core/fesm2022/core.mjs:10934:28)
      at ComponentFixture.detectChanges (node_modules/@angular/core/fesm2022/testing.mjs:139:25)
      at src/app/funcionalidades/beneficiario-pedido/beneficiario-pedido-home/beneficiario-pedido-home.component.spec.ts:64:17
      at _ZoneDelegate.Object.<anonymous>._ZoneDelegate.invoke (node_modules/zone.js/bundles/zone.umd.js:411:30)
      at ProxyZoneSpec.Object.<anonymous>.ProxyZoneSpec.onInvoke (node_modules/zone.js/bundles/zone-testing.umd.js:300:43)
      at _ZoneDelegate.Object.<anonymous>._ZoneDelegate.invoke (node_modules/zone.js/bundles/zone.umd.js:410:56)
      at Zone.Object.<anonymous>.Zone.run (node_modules/zone.js/bundles/zone.umd.js:165:47)
      at Object.wrappedFunc (node_modules/zone.js/bundles/zone-testing.umd.js:789:34)

  ● BeneficiarioPedidoHomeComponent › pesquisar deve navegar com queryParams quando não há filtros

    NG01203: No value accessor for form control name: 'somenteAtivos'. Find more at https://angular.io/errors/NG01203

    [0m [90m 62 |[39m         fixture [33m=[39m [33mTestBed[39m[33m.[39mcreateComponent([33mBeneficiarioPedidoHomeComponent[39m)[33m;[39m
     [90m 63 |[39m         component [33m=[39m fixture[33m.[39mcomponentInstance[33m;[39m
    [31m[1m>[22m[39m[90m 64 |[39m         fixture[33m.[39mdetectChanges()[33m;[39m
     [90m    |[39m                 [31m[1m^[22m[39m
     [90m 65 |[39m     })[33m;[39m
     [90m 66 |[39m
     [90m 67 |[39m     it([32m'deve criar o componente'[39m[33m,[39m () [33m=>[39m {[0m

      at _throwMissingValueAccessorError (node_modules/@angular/forms/fesm2022/forms.mjs:3162:11)
      at setUpControl (node_modules/@angular/forms/fesm2022/forms.mjs:2935:13)
      at _FormGroupDirective.addControl (node_modules/@angular/forms/fesm2022/forms.mjs:4782:9)
      at _FormControlName._setUpControl (node_modules/@angular/forms/fesm2022/forms.mjs:5370:43)
      at _FormControlName.ngOnChanges (node_modules/@angular/forms/fesm2022/forms.mjs:5315:18)
      at _FormControlName.rememberChangeHistoryAndInvokeOnChangesHook (node_modules/@angular/core/fesm2022/core.mjs:3032:14)
      at callHookInternal (node_modules/@angular/core/fesm2022/core.mjs:4024:14)
      at callHook (node_modules/@angular/core/fesm2022/core.mjs:4055:9)
      at callHooks (node_modules/@angular/core/fesm2022/core.mjs:4006:17)
      at executeInitAndCheckHooks (node_modules/@angular/core/fesm2022/core.mjs:3956:9)
      at refreshView (node_modules/@angular/core/fesm2022/core.mjs:13513:21)
      at detectChangesInView (node_modules/@angular/core/fesm2022/core.mjs:13663:9)
      at detectChangesInComponent (node_modules/@angular/core/fesm2022/core.mjs:13638:5)
      at detectChangesInChildComponents (node_modules/@angular/core/fesm2022/core.mjs:13676:9)
      at refreshView (node_modules/@angular/core/fesm2022/core.mjs:13548:13)
      at detectChangesInternal (node_modules/@angular/core/fesm2022/core.mjs:13437:9)
      at RootViewRef.detectChanges (node_modules/@angular/core/fesm2022/core.mjs:13954:9)
      at ComponentFixture._tick (node_modules/@angular/core/fesm2022/testing.mjs:127:32)
      at node_modules/@angular/core/fesm2022/testing.mjs:140:22
      at _ZoneDelegate.Object.<anonymous>._ZoneDelegate.invoke (node_modules/zone.js/bundles/zone.umd.js:411:30)
      at ProxyZoneSpec.Object.<anonymous>.ProxyZoneSpec.onInvoke (node_modules/zone.js/bundles/zone-testing.umd.js:300:43)
      at _ZoneDelegate.Object.<anonymous>._ZoneDelegate.invoke (node_modules/zone.js/bundles/zone.umd.js:410:56)
      at Object.onInvoke (node_modules/@angular/core/fesm2022/core.mjs:11083:33)
      at _ZoneDelegate.Object.<anonymous>._ZoneDelegate.invoke (node_modules/zone.js/bundles/zone.umd.js:410:56)
      at Zone.Object.<anonymous>.Zone.run (node_modules/zone.js/bundles/zone.umd.js:165:47)
      at NgZone.run (node_modules/@angular/core/fesm2022/core.mjs:10934:28)
      at ComponentFixture.detectChanges (node_modules/@angular/core/fesm2022/testing.mjs:139:25)
      at src/app/funcionalidades/beneficiario-pedido/beneficiario-pedido-home/beneficiario-pedido-home.component.spec.ts:64:17
      at _ZoneDelegate.Object.<anonymous>._ZoneDelegate.invoke (node_modules/zone.js/bundles/zone.umd.js:411:30)
      at ProxyZoneSpec.Object.<anonymous>.ProxyZoneSpec.onInvoke (node_modules/zone.js/bundles/zone-testing.umd.js:300:43)
      at _ZoneDelegate.Object.<anonymous>._ZoneDelegate.invoke (node_modules/zone.js/bundles/zone.umd.js:410:56)
      at Zone.Object.<anonymous>.Zone.run (node_modules/zone.js/bundles/zone.umd.js:165:47)
      at Object.wrappedFunc (node_modules/zone.js/bundles/zone-testing.umd.js:789:34)

  ● BeneficiarioPedidoHomeComponent › formulário deve ter estrutura correta

    NG01203: No value accessor for form control name: 'somenteAtivos'. Find more at https://angular.io/errors/NG01203

    [0m [90m 62 |[39m         fixture [33m=[39m [33mTestBed[39m[33m.[39mcreateComponent([33mBeneficiarioPedidoHomeComponent[39m)[33m;[39m
     [90m 63 |[39m         component [33m=[39m fixture[33m.[39mcomponentInstance[33m;[39m
    [31m[1m>[22m[39m[90m 64 |[39m         fixture[33m.[39mdetectChanges()[33m;[39m
     [90m    |[39m                 [31m[1m^[22m[39m
     [90m 65 |[39m     })[33m;[39m
     [90m 66 |[39m
     [90m 67 |[39m     it([32m'deve criar o componente'[39m[33m,[39m () [33m=>[39m {[0m

      at _throwMissingValueAccessorError (node_modules/@angular/forms/fesm2022/forms.mjs:3162:11)
      at setUpControl (node_modules/@angular/forms/fesm2022/forms.mjs:2935:13)
      at _FormGroupDirective.addControl (node_modules/@angular/forms/fesm2022/forms.mjs:4782:9)
      at _FormControlName._setUpControl (node_modules/@angular/forms/fesm2022/forms.mjs:5370:43)
      at _FormControlName.ngOnChanges (node_modules/@angular/forms/fesm2022/forms.mjs:5315:18)
      at _FormControlName.rememberChangeHistoryAndInvokeOnChangesHook (node_modules/@angular/core/fesm2022/core.mjs:3032:14)
      at callHookInternal (node_modules/@angular/core/fesm2022/core.mjs:4024:14)
      at callHook (node_modules/@angular/core/fesm2022/core.mjs:4055:9)
      at callHooks (node_modules/@angular/core/fesm2022/core.mjs:4006:17)
      at executeInitAndCheckHooks (node_modules/@angular/core/fesm2022/core.mjs:3956:9)
      at refreshView (node_modules/@angular/core/fesm2022/core.mjs:13513:21)
      at detectChangesInView (node_modules/@angular/core/fesm2022/core.mjs:13663:9)
      at detectChangesInComponent (node_modules/@angular/core/fesm2022/core.mjs:13638:5)
      at detectChangesInChildComponents (node_modules/@angular/core/fesm2022/core.mjs:13676:9)
      at refreshView (node_modules/@angular/core/fesm2022/core.mjs:13548:13)
      at detectChangesInternal (node_modules/@angular/core/fesm2022/core.mjs:13437:9)
      at RootViewRef.detectChanges (node_modules/@angular/core/fesm2022/core.mjs:13954:9)
      at ComponentFixture._tick (node_modules/@angular/core/fesm2022/testing.mjs:127:32)
      at node_modules/@angular/core/fesm2022/testing.mjs:140:22
      at _ZoneDelegate.Object.<anonymous>._ZoneDelegate.invoke (node_modules/zone.js/bundles/zone.umd.js:411:30)
      at ProxyZoneSpec.Object.<anonymous>.ProxyZoneSpec.onInvoke (node_modules/zone.js/bundles/zone-testing.umd.js:300:43)
      at _ZoneDelegate.Object.<anonymous>._ZoneDelegate.invoke (node_modules/zone.js/bundles/zone.umd.js:410:56)
      at Object.onInvoke (node_modules/@angular/core/fesm2022/core.mjs:11083:33)
      at _ZoneDelegate.Object.<anonymous>._ZoneDelegate.invoke (node_modules/zone.js/bundles/zone.umd.js:410:56)
      at Zone.Object.<anonymous>.Zone.run (node_modules/zone.js/bundles/zone.umd.js:165:47)
      at NgZone.run (node_modules/@angular/core/fesm2022/core.mjs:10934:28)
      at ComponentFixture.detectChanges (node_modules/@angular/core/fesm2022/testing.mjs:139:25)
      at src/app/funcionalidades/beneficiario-pedido/beneficiario-pedido-home/beneficiario-pedido-home.component.spec.ts:64:17
      at _ZoneDelegate.Object.<anonymous>._ZoneDelegate.invoke (node_modules/zone.js/bundles/zone.umd.js:411:30)
      at ProxyZoneSpec.Object.<anonymous>.ProxyZoneSpec.onInvoke (node_modules/zone.js/bundles/zone-testing.umd.js:300:43)
      at _ZoneDelegate.Object.<anonymous>._ZoneDelegate.invoke (node_modules/zone.js/bundles/zone.umd.js:410:56)
      at Zone.Object.<anonymous>.Zone.run (node_modules/zone.js/bundles/zone.umd.js:165:47)
      at Object.wrappedFunc (node_modules/zone.js/bundles/zone-testing.umd.js:789:34)

FAIL src/app/funcionalidades/perfil-usuario-externo/perfil-usuario-externo-home/perfil-usuario-externo-home.component.spec.ts (5.632 s)
  ● PerfilUsuarioExternoHomeComponent › deve pesquisar perfis usuarios

    expect(received).toEqual(expected) // deep equality

    - Expected  - 0
    + Received  + 4

      Object {
        "codigoPerfil": "ASC001",
        "cpf": "12345678900",
    +   "dataLimiteFinal": "",
    +   "dataLimiteInicial": "",
    +   "empresa": "",
    +   "idTipoAuditor": "",
      }

    [0m [90m 165 |[39m     component[33m.[39mpesquisarPerfisUsuarios()[33m;[39m
     [90m 166 |[39m
    [31m[1m>[22m[39m[90m 167 |[39m     expect(data[33m.[39mstorage[33m.[39mfiltroPerfilUsuarioEmpresa)[33m.[39mtoEqual(formValue)[33m;[39m
     [90m     |[39m                                                     [31m[1m^[22m[39m
     [90m 168 |[39m     expect(router[33m.[39mnavigateByUrl)[33m.[39mtoHaveBeenCalledWith([32m'seguranca/perfil-usuario-externo/busca'[39m)[33m;[39m
     [90m 169 |[39m   })[33m;[39m
     [90m 170 |[39m[0m

      at src/app/funcionalidades/perfil-usuario-externo/perfil-usuario-externo-home/perfil-usuario-externo-home.component.spec.ts:167:53
      at _ZoneDelegate.Object.<anonymous>._ZoneDelegate.invoke (node_modules/zone.js/bundles/zone.umd.js:411:30)
      at ProxyZoneSpec.Object.<anonymous>.ProxyZoneSpec.onInvoke (node_modules/zone.js/bundles/zone-testing.umd.js:300:43)
      at _ZoneDelegate.Object.<anonymous>._ZoneDelegate.invoke (node_modules/zone.js/bundles/zone.umd.js:410:56)
      at Zone.Object.<anonymous>.Zone.run (node_modules/zone.js/bundles/zone.umd.js:165:47)
      at Object.wrappedFunc (node_modules/zone.js/bundles/zone-testing.umd.js:789:34)

FAIL src/app/funcionalidades/dependente/renovar/etapa-resumo-renovar/etapa-resumo-renovar.component.spec.ts (5.681 s)
  ● EtapaResumoRenovarComponent › deve criar o componente

    TypeError: Cannot read properties of null (reading 'matriculaFuncional')

    [0m [90m 47 |[39m     })[33m;[39m
     [90m 48 |[39m
    [31m[1m>[22m[39m[90m 49 |[39m     readonly matricula [33m=[39m [33mSessaoService[39m[33m.[39musuario[33m.[39mmatriculaFuncional[33m;[39m
     [90m    |[39m                                                [31m[1m^[22m[39m
     [90m 50 |[39m
     [90m 51 |[39m     constructor(
     [90m 52 |[39m         [36mprivate[39m readonly fileUploadService[33m:[39m [33mFileUploadService[39m[33m,[39m[0m

      at new EtapaResumoRenovarComponent (src/app/funcionalidades/dependente/renovar/etapa-resumo-renovar/etapa-resumo-renovar.component.ts:49:48)
      at NodeInjectorFactory.EtapaResumoRenovarComponent_Factory [as factory] (ng:\EtapaResumoRenovarComponent\ɵfac.js:5:10)
      at getNodeInjectable (node_modules/@angular/core/fesm2022/core.mjs:4862:44)
      at createRootComponent (node_modules/@angular/core/fesm2022/core.mjs:14273:35)
      at ComponentFactory.create (node_modules/@angular/core/fesm2022/core.mjs:14137:25)
      at initComponent (node_modules/@angular/core/fesm2022/testing.mjs:27492:51)
      at _ZoneDelegate.Object.<anonymous>._ZoneDelegate.invoke (node_modules/zone.js/bundles/zone.umd.js:411:30)
      at ProxyZoneSpec.Object.<anonymous>.ProxyZoneSpec.onInvoke (node_modules/zone.js/bundles/zone-testing.umd.js:300:43)
      at _ZoneDelegate.Object.<anonymous>._ZoneDelegate.invoke (node_modules/zone.js/bundles/zone.umd.js:410:56)
      at Object.onInvoke (node_modules/@angular/core/fesm2022/core.mjs:11083:33)
      at _ZoneDelegate.Object.<anonymous>._ZoneDelegate.invoke (node_modules/zone.js/bundles/zone.umd.js:410:56)
      at Zone.Object.<anonymous>.Zone.run (node_modules/zone.js/bundles/zone.umd.js:165:47)
      at NgZone.run (node_modules/@angular/core/fesm2022/core.mjs:10934:28)
      at _TestBedImpl.createComponent (node_modules/@angular/core/fesm2022/testing.mjs:27495:41)
      at Function.createComponent (node_modules/@angular/core/fesm2022/testing.mjs:27302:37)
      at src/app/funcionalidades/dependente/renovar/etapa-resumo-renovar/etapa-resumo-renovar.component.spec.ts:47:23
      at _ZoneDelegate.Object.<anonymous>._ZoneDelegate.invoke (node_modules/zone.js/bundles/zone.umd.js:411:30)
      at ProxyZoneSpec.Object.<anonymous>.ProxyZoneSpec.onInvoke (node_modules/zone.js/bundles/zone-testing.umd.js:300:43)
      at _ZoneDelegate.Object.<anonymous>._ZoneDelegate.invoke (node_modules/zone.js/bundles/zone.umd.js:410:56)
      at Zone.Object.<anonymous>.Zone.run (node_modules/zone.js/bundles/zone.umd.js:165:47)
      at Object.wrappedFunc (node_modules/zone.js/bundles/zone-testing.umd.js:789:34)

FAIL src/app/arquitetura/seguranca/perfil/cadastro/perfil-cadastro.component.spec.ts (5.929 s)
  ● PerfilCadastroComponent › gravar deve alterar perfil existente com sucesso

    expect(jest.fn()).toHaveBeenCalledWith(...expected)

    - Expected
    + Received

      Object {
    -   "codigo": "TESTE_ALT",
    -   "descricao": "Teste Alterado",
    +   "codigo": "TESTE",
    +   "descricao": "Teste",
        "id": 1,
      },

    Number of calls: 1

    [0m [90m 220 |[39m         component[33m.[39mgravar()[33m;[39m
     [90m 221 |[39m
    [31m[1m>[22m[39m[90m 222 |[39m         expect(perfilService[33m.[39mput)[33m.[39mtoHaveBeenCalledWith(component[33m.[39mperfil)[33m;[39m
     [90m     |[39m                                   [31m[1m^[22m[39m
     [90m 223 |[39m         expect(component[33m.[39mperfil)[33m.[39mtoEqual(perfilAtualizado)[33m;[39m
     [90m 224 |[39m         expect(messageService[33m.[39maddMsgSuccess)[33m.[39mtoHaveBeenCalledWith([32m'Perfil alterado com sucesso.'[39m)[33m;[39m
     [90m 225 |[39m     })[33m;[39m[0m

      at src/app/arquitetura/seguranca/perfil/cadastro/perfil-cadastro.component.spec.ts:222:35
      at _ZoneDelegate.Object.<anonymous>._ZoneDelegate.invoke (node_modules/zone.js/bundles/zone.umd.js:411:30)
      at ProxyZoneSpec.Object.<anonymous>.ProxyZoneSpec.onInvoke (node_modules/zone.js/bundles/zone-testing.umd.js:300:43)
      at _ZoneDelegate.Object.<anonymous>._ZoneDelegate.invoke (node_modules/zone.js/bundles/zone.umd.js:410:56)
      at Zone.Object.<anonymous>.Zone.run (node_modules/zone.js/bundles/zone.umd.js:165:47)
      at Object.wrappedFunc (node_modules/zone.js/bundles/zone-testing.umd.js:789:34)

FAIL src/app/shared/components/asc-pedido/asc-dados-contato-card/asc-dados-contato-card.component.spec.ts (6.463 s)
  ● AscDadosContatoCardComponent › deve criar o componente

    NG0302: The pipe 'telefone' could not be found in the 'AscDadosContatoCardComponent' component. Verify that it is declared or imported in this module. Find more at https://angular.io/errors/NG0302

      at getPipeDef (node_modules/@angular/core/fesm2022/core.mjs:23660:15)
      at ɵɵpipe (node_modules/@angular/core/fesm2022/core.mjs:23601:19)
      at AscDadosContatoCardComponent_div_6_Template (ng:/AscDadosContatoCardComponent.js:11:5)
      at executeTemplate (node_modules/@angular/core/fesm2022/core.mjs:12003:13)
      at renderView (node_modules/@angular/core/fesm2022/core.mjs:13201:13)
      at createAndRenderEmbeddedLView (node_modules/@angular/core/fesm2022/core.mjs:23978:5)
      at TemplateRef2.createEmbeddedViewImpl (node_modules/@angular/core/fesm2022/core.mjs:24064:31)
      at ViewContainerRef2.createEmbeddedView (node_modules/@angular/core/fesm2022/core.mjs:24372:37)
      at _NgIf._updateView (node_modules/@angular/common/fesm2022/common.mjs:3376:45)
      at _NgIf.set ngIf [as ngIf] (node_modules/@angular/common/fesm2022/common.mjs:3349:14)
      at writeToDirectiveInput (node_modules/@angular/core/fesm2022/core.mjs:12889:33)
      at setInputsForProperty (node_modules/@angular/core/fesm2022/core.mjs:13123:9)
      at elementPropertyInternal (node_modules/@angular/core/fesm2022/core.mjs:12414:9)
      at ɵɵproperty (node_modules/@angular/core/fesm2022/core.mjs:16255:9)
      at AscDadosContatoCardComponent_Template (ng:/AscDadosContatoCardComponent.js:59:9)
      at executeTemplate (node_modules/@angular/core/fesm2022/core.mjs:12003:13)
      at refreshView (node_modules/@angular/core/fesm2022/core.mjs:13498:13)
      at detectChangesInView (node_modules/@angular/core/fesm2022/core.mjs:13663:9)
      at detectChangesInComponent (node_modules/@angular/core/fesm2022/core.mjs:13638:5)
      at detectChangesInChildComponents (node_modules/@angular/core/fesm2022/core.mjs:13676:9)
      at refreshView (node_modules/@angular/core/fesm2022/core.mjs:13548:13)
      at detectChangesInternal (node_modules/@angular/core/fesm2022/core.mjs:13437:9)
      at RootViewRef.detectChanges (node_modules/@angular/core/fesm2022/core.mjs:13954:9)
      at ComponentFixture._tick (node_modules/@angular/core/fesm2022/testing.mjs:127:32)
      at node_modules/@angular/core/fesm2022/testing.mjs:140:22
      at _ZoneDelegate.Object.<anonymous>._ZoneDelegate.invoke (node_modules/zone.js/bundles/zone.umd.js:411:30)
      at ProxyZoneSpec.Object.<anonymous>.ProxyZoneSpec.onInvoke (node_modules/zone.js/bundles/zone-testing.umd.js:300:43)
      at _ZoneDelegate.Object.<anonymous>._ZoneDelegate.invoke (node_modules/zone.js/bundles/zone.umd.js:410:56)
      at Object.onInvoke (node_modules/@angular/core/fesm2022/core.mjs:11083:33)
      at _ZoneDelegate.Object.<anonymous>._ZoneDelegate.invoke (node_modules/zone.js/bundles/zone.umd.js:410:56)
      at Zone.Object.<anonymous>.Zone.run (node_modules/zone.js/bundles/zone.umd.js:165:47)
      at NgZone.run (node_modules/@angular/core/fesm2022/core.mjs:10934:28)
      at ComponentFixture.detectChanges (node_modules/@angular/core/fesm2022/testing.mjs:139:25)
      at src/app/shared/components/asc-pedido/asc-dados-contato-card/asc-dados-contato-card.component.spec.ts:47:17
      at _ZoneDelegate.Object.<anonymous>._ZoneDelegate.invoke (node_modules/zone.js/bundles/zone.umd.js:411:30)
      at ProxyZoneSpec.Object.<anonymous>.ProxyZoneSpec.onInvoke (node_modules/zone.js/bundles/zone-testing.umd.js:300:43)
      at _ZoneDelegate.Object.<anonymous>._ZoneDelegate.invoke (node_modules/zone.js/bundles/zone.umd.js:410:56)
      at Zone.Object.<anonymous>.Zone.run (node_modules/zone.js/bundles/zone.umd.js:165:47)
      at Object.wrappedFunc (node_modules/zone.js/bundles/zone-testing.umd.js:789:34)

  ● AscDadosContatoCardComponent › deve inicializar modoEdicao como false

    NG0302: The pipe 'telefone' could not be found in the 'AscDadosContatoCardComponent' component. Verify that it is declared or imported in this module. Find more at https://angular.io/errors/NG0302

      at getPipeDef (node_modules/@angular/core/fesm2022/core.mjs:23660:15)
      at ɵɵpipe (node_modules/@angular/core/fesm2022/core.mjs:23601:19)
      at AscDadosContatoCardComponent_div_6_Template (ng:/AscDadosContatoCardComponent.js:11:5)
      at executeTemplate (node_modules/@angular/core/fesm2022/core.mjs:12003:13)
      at renderView (node_modules/@angular/core/fesm2022/core.mjs:13201:13)
      at createAndRenderEmbeddedLView (node_modules/@angular/core/fesm2022/core.mjs:23978:5)
      at TemplateRef2.createEmbeddedViewImpl (node_modules/@angular/core/fesm2022/core.mjs:24064:31)
      at ViewContainerRef2.createEmbeddedView (node_modules/@angular/core/fesm2022/core.mjs:24372:37)
      at _NgIf._updateView (node_modules/@angular/common/fesm2022/common.mjs:3376:45)
      at _NgIf.set ngIf [as ngIf] (node_modules/@angular/common/fesm2022/common.mjs:3349:14)
      at writeToDirectiveInput (node_modules/@angular/core/fesm2022/core.mjs:12889:33)
      at setInputsForProperty (node_modules/@angular/core/fesm2022/core.mjs:13123:9)
      at elementPropertyInternal (node_modules/@angular/core/fesm2022/core.mjs:12414:9)
      at ɵɵproperty (node_modules/@angular/core/fesm2022/core.mjs:16255:9)
      at AscDadosContatoCardComponent_Template (ng:/AscDadosContatoCardComponent.js:59:9)
      at executeTemplate (node_modules/@angular/core/fesm2022/core.mjs:12003:13)
      at refreshView (node_modules/@angular/core/fesm2022/core.mjs:13498:13)
      at detectChangesInView (node_modules/@angular/core/fesm2022/core.mjs:13663:9)
      at detectChangesInComponent (node_modules/@angular/core/fesm2022/core.mjs:13638:5)
      at detectChangesInChildComponents (node_modules/@angular/core/fesm2022/core.mjs:13676:9)
      at refreshView (node_modules/@angular/core/fesm2022/core.mjs:13548:13)
      at detectChangesInternal (node_modules/@angular/core/fesm2022/core.mjs:13437:9)
      at RootViewRef.detectChanges (node_modules/@angular/core/fesm2022/core.mjs:13954:9)
      at ComponentFixture._tick (node_modules/@angular/core/fesm2022/testing.mjs:127:32)
      at node_modules/@angular/core/fesm2022/testing.mjs:140:22
      at _ZoneDelegate.Object.<anonymous>._ZoneDelegate.invoke (node_modules/zone.js/bundles/zone.umd.js:411:30)
      at ProxyZoneSpec.Object.<anonymous>.ProxyZoneSpec.onInvoke (node_modules/zone.js/bundles/zone-testing.umd.js:300:43)
      at _ZoneDelegate.Object.<anonymous>._ZoneDelegate.invoke (node_modules/zone.js/bundles/zone.umd.js:410:56)
      at Object.onInvoke (node_modules/@angular/core/fesm2022/core.mjs:11083:33)
      at _ZoneDelegate.Object.<anonymous>._ZoneDelegate.invoke (node_modules/zone.js/bundles/zone.umd.js:410:56)
      at Zone.Object.<anonymous>.Zone.run (node_modules/zone.js/bundles/zone.umd.js:165:47)
      at NgZone.run (node_modules/@angular/core/fesm2022/core.mjs:10934:28)
      at ComponentFixture.detectChanges (node_modules/@angular/core/fesm2022/testing.mjs:139:25)
      at src/app/shared/components/asc-pedido/asc-dados-contato-card/asc-dados-contato-card.component.spec.ts:47:17
      at _ZoneDelegate.Object.<anonymous>._ZoneDelegate.invoke (node_modules/zone.js/bundles/zone.umd.js:411:30)
      at ProxyZoneSpec.Object.<anonymous>.ProxyZoneSpec.onInvoke (node_modules/zone.js/bundles/zone-testing.umd.js:300:43)
      at _ZoneDelegate.Object.<anonymous>._ZoneDelegate.invoke (node_modules/zone.js/bundles/zone.umd.js:410:56)
      at Zone.Object.<anonymous>.Zone.run (node_modules/zone.js/bundles/zone.umd.js:165:47)
      at Object.wrappedFunc (node_modules/zone.js/bundles/zone-testing.umd.js:789:34)

  ● AscDadosContatoCardComponent › ngOnInit deve criar dadosPessoaisForm com campos corretos

    NG0302: The pipe 'telefone' could not be found in the 'AscDadosContatoCardComponent' component. Verify that it is declared or imported in this module. Find more at https://angular.io/errors/NG0302

      at getPipeDef (node_modules/@angular/core/fesm2022/core.mjs:23660:15)
      at ɵɵpipe (node_modules/@angular/core/fesm2022/core.mjs:23601:19)
      at AscDadosContatoCardComponent_div_6_Template (ng:/AscDadosContatoCardComponent.js:11:5)
      at executeTemplate (node_modules/@angular/core/fesm2022/core.mjs:12003:13)
      at renderView (node_modules/@angular/core/fesm2022/core.mjs:13201:13)
      at createAndRenderEmbeddedLView (node_modules/@angular/core/fesm2022/core.mjs:23978:5)
      at TemplateRef2.createEmbeddedViewImpl (node_modules/@angular/core/fesm2022/core.mjs:24064:31)
      at ViewContainerRef2.createEmbeddedView (node_modules/@angular/core/fesm2022/core.mjs:24372:37)
      at _NgIf._updateView (node_modules/@angular/common/fesm2022/common.mjs:3376:45)
      at _NgIf.set ngIf [as ngIf] (node_modules/@angular/common/fesm2022/common.mjs:3349:14)
      at writeToDirectiveInput (node_modules/@angular/core/fesm2022/core.mjs:12889:33)
      at setInputsForProperty (node_modules/@angular/core/fesm2022/core.mjs:13123:9)
      at elementPropertyInternal (node_modules/@angular/core/fesm2022/core.mjs:12414:9)
      at ɵɵproperty (node_modules/@angular/core/fesm2022/core.mjs:16255:9)
      at AscDadosContatoCardComponent_Template (ng:/AscDadosContatoCardComponent.js:59:9)
      at executeTemplate (node_modules/@angular/core/fesm2022/core.mjs:12003:13)
      at refreshView (node_modules/@angular/core/fesm2022/core.mjs:13498:13)
      at detectChangesInView (node_modules/@angular/core/fesm2022/core.mjs:13663:9)
      at detectChangesInComponent (node_modules/@angular/core/fesm2022/core.mjs:13638:5)
      at detectChangesInChildComponents (node_modules/@angular/core/fesm2022/core.mjs:13676:9)
      at refreshView (node_modules/@angular/core/fesm2022/core.mjs:13548:13)
      at detectChangesInternal (node_modules/@angular/core/fesm2022/core.mjs:13437:9)
      at RootViewRef.detectChanges (node_modules/@angular/core/fesm2022/core.mjs:13954:9)
      at ComponentFixture._tick (node_modules/@angular/core/fesm2022/testing.mjs:127:32)
      at node_modules/@angular/core/fesm2022/testing.mjs:140:22
      at _ZoneDelegate.Object.<anonymous>._ZoneDelegate.invoke (node_modules/zone.js/bundles/zone.umd.js:411:30)
      at ProxyZoneSpec.Object.<anonymous>.ProxyZoneSpec.onInvoke (node_modules/zone.js/bundles/zone-testing.umd.js:300:43)
      at _ZoneDelegate.Object.<anonymous>._ZoneDelegate.invoke (node_modules/zone.js/bundles/zone.umd.js:410:56)
      at Object.onInvoke (node_modules/@angular/core/fesm2022/core.mjs:11083:33)
      at _ZoneDelegate.Object.<anonymous>._ZoneDelegate.invoke (node_modules/zone.js/bundles/zone.umd.js:410:56)
      at Zone.Object.<anonymous>.Zone.run (node_modules/zone.js/bundles/zone.umd.js:165:47)
      at NgZone.run (node_modules/@angular/core/fesm2022/core.mjs:10934:28)
      at ComponentFixture.detectChanges (node_modules/@angular/core/fesm2022/testing.mjs:139:25)
      at src/app/shared/components/asc-pedido/asc-dados-contato-card/asc-dados-contato-card.component.spec.ts:47:17
      at _ZoneDelegate.Object.<anonymous>._ZoneDelegate.invoke (node_modules/zone.js/bundles/zone.umd.js:411:30)
      at ProxyZoneSpec.Object.<anonymous>.ProxyZoneSpec.onInvoke (node_modules/zone.js/bundles/zone-testing.umd.js:300:43)
      at _ZoneDelegate.Object.<anonymous>._ZoneDelegate.invoke (node_modules/zone.js/bundles/zone.umd.js:410:56)
      at Zone.Object.<anonymous>.Zone.run (node_modules/zone.js/bundles/zone.umd.js:165:47)
      at Object.wrappedFunc (node_modules/zone.js/bundles/zone-testing.umd.js:789:34)

  ● AscDadosContatoCardComponent › set processo deve carregar dependente quando processo tem id

    NG0302: The pipe 'telefone' could not be found in the 'AscDadosContatoCardComponent' component. Verify that it is declared or imported in this module. Find more at https://angular.io/errors/NG0302

      at getPipeDef (node_modules/@angular/core/fesm2022/core.mjs:23660:15)
      at ɵɵpipe (node_modules/@angular/core/fesm2022/core.mjs:23601:19)
      at AscDadosContatoCardComponent_div_6_Template (ng:/AscDadosContatoCardComponent.js:11:5)
      at executeTemplate (node_modules/@angular/core/fesm2022/core.mjs:12003:13)
      at renderView (node_modules/@angular/core/fesm2022/core.mjs:13201:13)
      at createAndRenderEmbeddedLView (node_modules/@angular/core/fesm2022/core.mjs:23978:5)
      at TemplateRef2.createEmbeddedViewImpl (node_modules/@angular/core/fesm2022/core.mjs:24064:31)
      at ViewContainerRef2.createEmbeddedView (node_modules/@angular/core/fesm2022/core.mjs:24372:37)
      at _NgIf._updateView (node_modules/@angular/common/fesm2022/common.mjs:3376:45)
      at _NgIf.set ngIf [as ngIf] (node_modules/@angular/common/fesm2022/common.mjs:3349:14)
      at writeToDirectiveInput (node_modules/@angular/core/fesm2022/core.mjs:12889:33)
      at setInputsForProperty (node_modules/@angular/core/fesm2022/core.mjs:13123:9)
      at elementPropertyInternal (node_modules/@angular/core/fesm2022/core.mjs:12414:9)
      at ɵɵproperty (node_modules/@angular/core/fesm2022/core.mjs:16255:9)
      at AscDadosContatoCardComponent_Template (ng:/AscDadosContatoCardComponent.js:59:9)
      at executeTemplate (node_modules/@angular/core/fesm2022/core.mjs:12003:13)
      at refreshView (node_modules/@angular/core/fesm2022/core.mjs:13498:13)
      at detectChangesInView (node_modules/@angular/core/fesm2022/core.mjs:13663:9)
      at detectChangesInComponent (node_modules/@angular/core/fesm2022/core.mjs:13638:5)
      at detectChangesInChildComponents (node_modules/@angular/core/fesm2022/core.mjs:13676:9)
      at refreshView (node_modules/@angular/core/fesm2022/core.mjs:13548:13)
      at detectChangesInternal (node_modules/@angular/core/fesm2022/core.mjs:13437:9)
      at RootViewRef.detectChanges (node_modules/@angular/core/fesm2022/core.mjs:13954:9)
      at ComponentFixture._tick (node_modules/@angular/core/fesm2022/testing.mjs:127:32)
      at node_modules/@angular/core/fesm2022/testing.mjs:140:22
      at _ZoneDelegate.Object.<anonymous>._ZoneDelegate.invoke (node_modules/zone.js/bundles/zone.umd.js:411:30)
      at ProxyZoneSpec.Object.<anonymous>.ProxyZoneSpec.onInvoke (node_modules/zone.js/bundles/zone-testing.umd.js:300:43)
      at _ZoneDelegate.Object.<anonymous>._ZoneDelegate.invoke (node_modules/zone.js/bundles/zone.umd.js:410:56)
      at Object.onInvoke (node_modules/@angular/core/fesm2022/core.mjs:11083:33)
      at _ZoneDelegate.Object.<anonymous>._ZoneDelegate.invoke (node_modules/zone.js/bundles/zone.umd.js:410:56)
      at Zone.Object.<anonymous>.Zone.run (node_modules/zone.js/bundles/zone.umd.js:165:47)
      at NgZone.run (node_modules/@angular/core/fesm2022/core.mjs:10934:28)
      at ComponentFixture.detectChanges (node_modules/@angular/core/fesm2022/testing.mjs:139:25)
      at src/app/shared/components/asc-pedido/asc-dados-contato-card/asc-dados-contato-card.component.spec.ts:47:17
      at _ZoneDelegate.Object.<anonymous>._ZoneDelegate.invoke (node_modules/zone.js/bundles/zone.umd.js:411:30)
      at ProxyZoneSpec.Object.<anonymous>.ProxyZoneSpec.onInvoke (node_modules/zone.js/bundles/zone-testing.umd.js:300:43)
      at _ZoneDelegate.Object.<anonymous>._ZoneDelegate.invoke (node_modules/zone.js/bundles/zone.umd.js:410:56)
      at Zone.Object.<anonymous>.Zone.run (node_modules/zone.js/bundles/zone.umd.js:165:47)
      at Object.wrappedFunc (node_modules/zone.js/bundles/zone-testing.umd.js:789:34)

  ● AscDadosContatoCardComponent › set processo não deve carregar dependente quando processo não tem id

    NG0302: The pipe 'telefone' could not be found in the 'AscDadosContatoCardComponent' component. Verify that it is declared or imported in this module. Find more at https://angular.io/errors/NG0302

      at getPipeDef (node_modules/@angular/core/fesm2022/core.mjs:23660:15)
      at ɵɵpipe (node_modules/@angular/core/fesm2022/core.mjs:23601:19)
      at AscDadosContatoCardComponent_div_6_Template (ng:/AscDadosContatoCardComponent.js:11:5)
      at executeTemplate (node_modules/@angular/core/fesm2022/core.mjs:12003:13)
      at renderView (node_modules/@angular/core/fesm2022/core.mjs:13201:13)
      at createAndRenderEmbeddedLView (node_modules/@angular/core/fesm2022/core.mjs:23978:5)
      at TemplateRef2.createEmbeddedViewImpl (node_modules/@angular/core/fesm2022/core.mjs:24064:31)
      at ViewContainerRef2.createEmbeddedView (node_modules/@angular/core/fesm2022/core.mjs:24372:37)
      at _NgIf._updateView (node_modules/@angular/common/fesm2022/common.mjs:3376:45)
      at _NgIf.set ngIf [as ngIf] (node_modules/@angular/common/fesm2022/common.mjs:3349:14)
      at writeToDirectiveInput (node_modules/@angular/core/fesm2022/core.mjs:12889:33)
      at setInputsForProperty (node_modules/@angular/core/fesm2022/core.mjs:13123:9)
      at elementPropertyInternal (node_modules/@angular/core/fesm2022/core.mjs:12414:9)
      at ɵɵproperty (node_modules/@angular/core/fesm2022/core.mjs:16255:9)
      at AscDadosContatoCardComponent_Template (ng:/AscDadosContatoCardComponent.js:59:9)
      at executeTemplate (node_modules/@angular/core/fesm2022/core.mjs:12003:13)
      at refreshView (node_modules/@angular/core/fesm2022/core.mjs:13498:13)
      at detectChangesInView (node_modules/@angular/core/fesm2022/core.mjs:13663:9)
      at detectChangesInComponent (node_modules/@angular/core/fesm2022/core.mjs:13638:5)
      at detectChangesInChildComponents (node_modules/@angular/core/fesm2022/core.mjs:13676:9)
      at refreshView (node_modules/@angular/core/fesm2022/core.mjs:13548:13)
      at detectChangesInternal (node_modules/@angular/core/fesm2022/core.mjs:13437:9)
      at RootViewRef.detectChanges (node_modules/@angular/core/fesm2022/core.mjs:13954:9)
      at ComponentFixture._tick (node_modules/@angular/core/fesm2022/testing.mjs:127:32)
      at node_modules/@angular/core/fesm2022/testing.mjs:140:22
      at _ZoneDelegate.Object.<anonymous>._ZoneDelegate.invoke (node_modules/zone.js/bundles/zone.umd.js:411:30)
      at ProxyZoneSpec.Object.<anonymous>.ProxyZoneSpec.onInvoke (node_modules/zone.js/bundles/zone-testing.umd.js:300:43)
      at _ZoneDelegate.Object.<anonymous>._ZoneDelegate.invoke (node_modules/zone.js/bundles/zone.umd.js:410:56)
      at Object.onInvoke (node_modules/@angular/core/fesm2022/core.mjs:11083:33)
      at _ZoneDelegate.Object.<anonymous>._ZoneDelegate.invoke (node_modules/zone.js/bundles/zone.umd.js:410:56)
      at Zone.Object.<anonymous>.Zone.run (node_modules/zone.js/bundles/zone.umd.js:165:47)
      at NgZone.run (node_modules/@angular/core/fesm2022/core.mjs:10934:28)
      at ComponentFixture.detectChanges (node_modules/@angular/core/fesm2022/testing.mjs:139:25)
      at src/app/shared/components/asc-pedido/asc-dados-contato-card/asc-dados-contato-card.component.spec.ts:47:17
      at _ZoneDelegate.Object.<anonymous>._ZoneDelegate.invoke (node_modules/zone.js/bundles/zone.umd.js:411:30)
      at ProxyZoneSpec.Object.<anonymous>.ProxyZoneSpec.onInvoke (node_modules/zone.js/bundles/zone-testing.umd.js:300:43)
      at _ZoneDelegate.Object.<anonymous>._ZoneDelegate.invoke (node_modules/zone.js/bundles/zone.umd.js:410:56)
      at Zone.Object.<anonymous>.Zone.run (node_modules/zone.js/bundles/zone.umd.js:165:47)
      at Object.wrappedFunc (node_modules/zone.js/bundles/zone-testing.umd.js:789:34)

  ● AscDadosContatoCardComponent › set processo deve chamar addMsgDanger em caso de erro

    NG0302: The pipe 'telefone' could not be found in the 'AscDadosContatoCardComponent' component. Verify that it is declared or imported in this module. Find more at https://angular.io/errors/NG0302

      at getPipeDef (node_modules/@angular/core/fesm2022/core.mjs:23660:15)
      at ɵɵpipe (node_modules/@angular/core/fesm2022/core.mjs:23601:19)
      at AscDadosContatoCardComponent_div_6_Template (ng:/AscDadosContatoCardComponent.js:11:5)
      at executeTemplate (node_modules/@angular/core/fesm2022/core.mjs:12003:13)
      at renderView (node_modules/@angular/core/fesm2022/core.mjs:13201:13)
      at createAndRenderEmbeddedLView (node_modules/@angular/core/fesm2022/core.mjs:23978:5)
      at TemplateRef2.createEmbeddedViewImpl (node_modules/@angular/core/fesm2022/core.mjs:24064:31)
      at ViewContainerRef2.createEmbeddedView (node_modules/@angular/core/fesm2022/core.mjs:24372:37)
      at _NgIf._updateView (node_modules/@angular/common/fesm2022/common.mjs:3376:45)
      at _NgIf.set ngIf [as ngIf] (node_modules/@angular/common/fesm2022/common.mjs:3349:14)
      at writeToDirectiveInput (node_modules/@angular/core/fesm2022/core.mjs:12889:33)
      at setInputsForProperty (node_modules/@angular/core/fesm2022/core.mjs:13123:9)
      at elementPropertyInternal (node_modules/@angular/core/fesm2022/core.mjs:12414:9)
      at ɵɵproperty (node_modules/@angular/core/fesm2022/core.mjs:16255:9)
      at AscDadosContatoCardComponent_Template (ng:/AscDadosContatoCardComponent.js:59:9)
      at executeTemplate (node_modules/@angular/core/fesm2022/core.mjs:12003:13)
      at refreshView (node_modules/@angular/core/fesm2022/core.mjs:13498:13)
      at detectChangesInView (node_modules/@angular/core/fesm2022/core.mjs:13663:9)
      at detectChangesInComponent (node_modules/@angular/core/fesm2022/core.mjs:13638:5)
      at detectChangesInChildComponents (node_modules/@angular/core/fesm2022/core.mjs:13676:9)
      at refreshView (node_modules/@angular/core/fesm2022/core.mjs:13548:13)
      at detectChangesInternal (node_modules/@angular/core/fesm2022/core.mjs:13437:9)
      at RootViewRef.detectChanges (node_modules/@angular/core/fesm2022/core.mjs:13954:9)
      at ComponentFixture._tick (node_modules/@angular/core/fesm2022/testing.mjs:127:32)
      at node_modules/@angular/core/fesm2022/testing.mjs:140:22
      at _ZoneDelegate.Object.<anonymous>._ZoneDelegate.invoke (node_modules/zone.js/bundles/zone.umd.js:411:30)
      at ProxyZoneSpec.Object.<anonymous>.ProxyZoneSpec.onInvoke (node_modules/zone.js/bundles/zone-testing.umd.js:300:43)
      at _ZoneDelegate.Object.<anonymous>._ZoneDelegate.invoke (node_modules/zone.js/bundles/zone.umd.js:410:56)
      at Object.onInvoke (node_modules/@angular/core/fesm2022/core.mjs:11083:33)
      at _ZoneDelegate.Object.<anonymous>._ZoneDelegate.invoke (node_modules/zone.js/bundles/zone.umd.js:410:56)
      at Zone.Object.<anonymous>.Zone.run (node_modules/zone.js/bundles/zone.umd.js:165:47)
      at NgZone.run (node_modules/@angular/core/fesm2022/core.mjs:10934:28)
      at ComponentFixture.detectChanges (node_modules/@angular/core/fesm2022/testing.mjs:139:25)
      at src/app/shared/components/asc-pedido/asc-dados-contato-card/asc-dados-contato-card.component.spec.ts:47:17
      at _ZoneDelegate.Object.<anonymous>._ZoneDelegate.invoke (node_modules/zone.js/bundles/zone.umd.js:411:30)
      at ProxyZoneSpec.Object.<anonymous>.ProxyZoneSpec.onInvoke (node_modules/zone.js/bundles/zone-testing.umd.js:300:43)
      at _ZoneDelegate.Object.<anonymous>._ZoneDelegate.invoke (node_modules/zone.js/bundles/zone.umd.js:410:56)
      at Zone.Object.<anonymous>.Zone.run (node_modules/zone.js/bundles/zone.umd.js:165:47)
      at Object.wrappedFunc (node_modules/zone.js/bundles/zone-testing.umd.js:789:34)

  ● AscDadosContatoCardComponent › clickAlerarDados deve ativar modo edicao quando status é true

    NG0302: The pipe 'telefone' could not be found in the 'AscDadosContatoCardComponent' component. Verify that it is declared or imported in this module. Find more at https://angular.io/errors/NG0302

      at getPipeDef (node_modules/@angular/core/fesm2022/core.mjs:23660:15)
      at ɵɵpipe (node_modules/@angular/core/fesm2022/core.mjs:23601:19)
      at AscDadosContatoCardComponent_div_6_Template (ng:/AscDadosContatoCardComponent.js:11:5)
      at executeTemplate (node_modules/@angular/core/fesm2022/core.mjs:12003:13)
      at renderView (node_modules/@angular/core/fesm2022/core.mjs:13201:13)
      at createAndRenderEmbeddedLView (node_modules/@angular/core/fesm2022/core.mjs:23978:5)
      at TemplateRef2.createEmbeddedViewImpl (node_modules/@angular/core/fesm2022/core.mjs:24064:31)
      at ViewContainerRef2.createEmbeddedView (node_modules/@angular/core/fesm2022/core.mjs:24372:37)
      at _NgIf._updateView (node_modules/@angular/common/fesm2022/common.mjs:3376:45)
      at _NgIf.set ngIf [as ngIf] (node_modules/@angular/common/fesm2022/common.mjs:3349:14)
      at writeToDirectiveInput (node_modules/@angular/core/fesm2022/core.mjs:12889:33)
      at setInputsForProperty (node_modules/@angular/core/fesm2022/core.mjs:13123:9)
      at elementPropertyInternal (node_modules/@angular/core/fesm2022/core.mjs:12414:9)
      at ɵɵproperty (node_modules/@angular/core/fesm2022/core.mjs:16255:9)
      at AscDadosContatoCardComponent_Template (ng:/AscDadosContatoCardComponent.js:59:9)
      at executeTemplate (node_modules/@angular/core/fesm2022/core.mjs:12003:13)
      at refreshView (node_modules/@angular/core/fesm2022/core.mjs:13498:13)
      at detectChangesInView (node_modules/@angular/core/fesm2022/core.mjs:13663:9)
      at detectChangesInComponent (node_modules/@angular/core/fesm2022/core.mjs:13638:5)
      at detectChangesInChildComponents (node_modules/@angular/core/fesm2022/core.mjs:13676:9)
      at refreshView (node_modules/@angular/core/fesm2022/core.mjs:13548:13)
      at detectChangesInternal (node_modules/@angular/core/fesm2022/core.mjs:13437:9)
      at RootViewRef.detectChanges (node_modules/@angular/core/fesm2022/core.mjs:13954:9)
      at ComponentFixture._tick (node_modules/@angular/core/fesm2022/testing.mjs:127:32)
      at node_modules/@angular/core/fesm2022/testing.mjs:140:22
      at _ZoneDelegate.Object.<anonymous>._ZoneDelegate.invoke (node_modules/zone.js/bundles/zone.umd.js:411:30)
      at ProxyZoneSpec.Object.<anonymous>.ProxyZoneSpec.onInvoke (node_modules/zone.js/bundles/zone-testing.umd.js:300:43)
      at _ZoneDelegate.Object.<anonymous>._ZoneDelegate.invoke (node_modules/zone.js/bundles/zone.umd.js:410:56)
      at Object.onInvoke (node_modules/@angular/core/fesm2022/core.mjs:11083:33)
      at _ZoneDelegate.Object.<anonymous>._ZoneDelegate.invoke (node_modules/zone.js/bundles/zone.umd.js:410:56)
      at Zone.Object.<anonymous>.Zone.run (node_modules/zone.js/bundles/zone.umd.js:165:47)
      at NgZone.run (node_modules/@angular/core/fesm2022/core.mjs:10934:28)
      at ComponentFixture.detectChanges (node_modules/@angular/core/fesm2022/testing.mjs:139:25)
      at src/app/shared/components/asc-pedido/asc-dados-contato-card/asc-dados-contato-card.component.spec.ts:47:17
      at _ZoneDelegate.Object.<anonymous>._ZoneDelegate.invoke (node_modules/zone.js/bundles/zone.umd.js:411:30)
      at ProxyZoneSpec.Object.<anonymous>.ProxyZoneSpec.onInvoke (node_modules/zone.js/bundles/zone-testing.umd.js:300:43)
      at _ZoneDelegate.Object.<anonymous>._ZoneDelegate.invoke (node_modules/zone.js/bundles/zone.umd.js:410:56)
      at Zone.Object.<anonymous>.Zone.run (node_modules/zone.js/bundles/zone.umd.js:165:47)
      at Object.wrappedFunc (node_modules/zone.js/bundles/zone-testing.umd.js:789:34)

  ● AscDadosContatoCardComponent › clickAlerarDados deve desativar modo edicao quando status é false

    NG0302: The pipe 'telefone' could not be found in the 'AscDadosContatoCardComponent' component. Verify that it is declared or imported in this module. Find more at https://angular.io/errors/NG0302

      at getPipeDef (node_modules/@angular/core/fesm2022/core.mjs:23660:15)
      at ɵɵpipe (node_modules/@angular/core/fesm2022/core.mjs:23601:19)
      at AscDadosContatoCardComponent_div_6_Template (ng:/AscDadosContatoCardComponent.js:11:5)
      at executeTemplate (node_modules/@angular/core/fesm2022/core.mjs:12003:13)
      at renderView (node_modules/@angular/core/fesm2022/core.mjs:13201:13)
      at createAndRenderEmbeddedLView (node_modules/@angular/core/fesm2022/core.mjs:23978:5)
      at TemplateRef2.createEmbeddedViewImpl (node_modules/@angular/core/fesm2022/core.mjs:24064:31)
      at ViewContainerRef2.createEmbeddedView (node_modules/@angular/core/fesm2022/core.mjs:24372:37)
      at _NgIf._updateView (node_modules/@angular/common/fesm2022/common.mjs:3376:45)
      at _NgIf.set ngIf [as ngIf] (node_modules/@angular/common/fesm2022/common.mjs:3349:14)
      at writeToDirectiveInput (node_modules/@angular/core/fesm2022/core.mjs:12889:33)
      at setInputsForProperty (node_modules/@angular/core/fesm2022/core.mjs:13123:9)
      at elementPropertyInternal (node_modules/@angular/core/fesm2022/core.mjs:12414:9)
      at ɵɵproperty (node_modules/@angular/core/fesm2022/core.mjs:16255:9)
      at AscDadosContatoCardComponent_Template (ng:/AscDadosContatoCardComponent.js:59:9)
      at executeTemplate (node_modules/@angular/core/fesm2022/core.mjs:12003:13)
      at refreshView (node_modules/@angular/core/fesm2022/core.mjs:13498:13)
      at detectChangesInView (node_modules/@angular/core/fesm2022/core.mjs:13663:9)
      at detectChangesInComponent (node_modules/@angular/core/fesm2022/core.mjs:13638:5)
      at detectChangesInChildComponents (node_modules/@angular/core/fesm2022/core.mjs:13676:9)
      at refreshView (node_modules/@angular/core/fesm2022/core.mjs:13548:13)
      at detectChangesInternal (node_modules/@angular/core/fesm2022/core.mjs:13437:9)
      at RootViewRef.detectChanges (node_modules/@angular/core/fesm2022/core.mjs:13954:9)
      at ComponentFixture._tick (node_modules/@angular/core/fesm2022/testing.mjs:127:32)
      at node_modules/@angular/core/fesm2022/testing.mjs:140:22
      at _ZoneDelegate.Object.<anonymous>._ZoneDelegate.invoke (node_modules/zone.js/bundles/zone.umd.js:411:30)
      at ProxyZoneSpec.Object.<anonymous>.ProxyZoneSpec.onInvoke (node_modules/zone.js/bundles/zone-testing.umd.js:300:43)
      at _ZoneDelegate.Object.<anonymous>._ZoneDelegate.invoke (node_modules/zone.js/bundles/zone.umd.js:410:56)
      at Object.onInvoke (node_modules/@angular/core/fesm2022/core.mjs:11083:33)
      at _ZoneDelegate.Object.<anonymous>._ZoneDelegate.invoke (node_modules/zone.js/bundles/zone.umd.js:410:56)
      at Zone.Object.<anonymous>.Zone.run (node_modules/zone.js/bundles/zone.umd.js:165:47)
      at NgZone.run (node_modules/@angular/core/fesm2022/core.mjs:10934:28)
      at ComponentFixture.detectChanges (node_modules/@angular/core/fesm2022/testing.mjs:139:25)
      at src/app/shared/components/asc-pedido/asc-dados-contato-card/asc-dados-contato-card.component.spec.ts:47:17
      at _ZoneDelegate.Object.<anonymous>._ZoneDelegate.invoke (node_modules/zone.js/bundles/zone.umd.js:411:30)
      at ProxyZoneSpec.Object.<anonymous>.ProxyZoneSpec.onInvoke (node_modules/zone.js/bundles/zone-testing.umd.js:300:43)
      at _ZoneDelegate.Object.<anonymous>._ZoneDelegate.invoke (node_modules/zone.js/bundles/zone.umd.js:410:56)
      at Zone.Object.<anonymous>.Zone.run (node_modules/zone.js/bundles/zone.umd.js:165:47)
      at Object.wrappedFunc (node_modules/zone.js/bundles/zone-testing.umd.js:789:34)

  ● AscDadosContatoCardComponent › clickAlerarDados deve preencher formulário quando ativa modo edicao

    NG0302: The pipe 'telefone' could not be found in the 'AscDadosContatoCardComponent' component. Verify that it is declared or imported in this module. Find more at https://angular.io/errors/NG0302

      at getPipeDef (node_modules/@angular/core/fesm2022/core.mjs:23660:15)
      at ɵɵpipe (node_modules/@angular/core/fesm2022/core.mjs:23601:19)
      at AscDadosContatoCardComponent_div_6_Template (ng:/AscDadosContatoCardComponent.js:11:5)
      at executeTemplate (node_modules/@angular/core/fesm2022/core.mjs:12003:13)
      at renderView (node_modules/@angular/core/fesm2022/core.mjs:13201:13)
      at createAndRenderEmbeddedLView (node_modules/@angular/core/fesm2022/core.mjs:23978:5)
      at TemplateRef2.createEmbeddedViewImpl (node_modules/@angular/core/fesm2022/core.mjs:24064:31)
      at ViewContainerRef2.createEmbeddedView (node_modules/@angular/core/fesm2022/core.mjs:24372:37)
      at _NgIf._updateView (node_modules/@angular/common/fesm2022/common.mjs:3376:45)
      at _NgIf.set ngIf [as ngIf] (node_modules/@angular/common/fesm2022/common.mjs:3349:14)
      at writeToDirectiveInput (node_modules/@angular/core/fesm2022/core.mjs:12889:33)
      at setInputsForProperty (node_modules/@angular/core/fesm2022/core.mjs:13123:9)
      at elementPropertyInternal (node_modules/@angular/core/fesm2022/core.mjs:12414:9)
      at ɵɵproperty (node_modules/@angular/core/fesm2022/core.mjs:16255:9)
      at AscDadosContatoCardComponent_Template (ng:/AscDadosContatoCardComponent.js:59:9)
      at executeTemplate (node_modules/@angular/core/fesm2022/core.mjs:12003:13)
      at refreshView (node_modules/@angular/core/fesm2022/core.mjs:13498:13)
      at detectChangesInView (node_modules/@angular/core/fesm2022/core.mjs:13663:9)
      at detectChangesInComponent (node_modules/@angular/core/fesm2022/core.mjs:13638:5)
      at detectChangesInChildComponents (node_modules/@angular/core/fesm2022/core.mjs:13676:9)
      at refreshView (node_modules/@angular/core/fesm2022/core.mjs:13548:13)
      at detectChangesInternal (node_modules/@angular/core/fesm2022/core.mjs:13437:9)
      at RootViewRef.detectChanges (node_modules/@angular/core/fesm2022/core.mjs:13954:9)
      at ComponentFixture._tick (node_modules/@angular/core/fesm2022/testing.mjs:127:32)
      at node_modules/@angular/core/fesm2022/testing.mjs:140:22
      at _ZoneDelegate.Object.<anonymous>._ZoneDelegate.invoke (node_modules/zone.js/bundles/zone.umd.js:411:30)
      at ProxyZoneSpec.Object.<anonymous>.ProxyZoneSpec.onInvoke (node_modules/zone.js/bundles/zone-testing.umd.js:300:43)
      at _ZoneDelegate.Object.<anonymous>._ZoneDelegate.invoke (node_modules/zone.js/bundles/zone.umd.js:410:56)
      at Object.onInvoke (node_modules/@angular/core/fesm2022/core.mjs:11083:33)
      at _ZoneDelegate.Object.<anonymous>._ZoneDelegate.invoke (node_modules/zone.js/bundles/zone.umd.js:410:56)
      at Zone.Object.<anonymous>.Zone.run (node_modules/zone.js/bundles/zone.umd.js:165:47)
      at NgZone.run (node_modules/@angular/core/fesm2022/core.mjs:10934:28)
      at ComponentFixture.detectChanges (node_modules/@angular/core/fesm2022/testing.mjs:139:25)
      at src/app/shared/components/asc-pedido/asc-dados-contato-card/asc-dados-contato-card.component.spec.ts:47:17
      at _ZoneDelegate.Object.<anonymous>._ZoneDelegate.invoke (node_modules/zone.js/bundles/zone.umd.js:411:30)
      at ProxyZoneSpec.Object.<anonymous>.ProxyZoneSpec.onInvoke (node_modules/zone.js/bundles/zone-testing.umd.js:300:43)
      at _ZoneDelegate.Object.<anonymous>._ZoneDelegate.invoke (node_modules/zone.js/bundles/zone.umd.js:410:56)
      at Zone.Object.<anonymous>.Zone.run (node_modules/zone.js/bundles/zone.umd.js:165:47)
      at Object.wrappedFunc (node_modules/zone.js/bundles/zone-testing.umd.js:789:34)

  ● AscDadosContatoCardComponent › onSubmit deve atualizar dados do dependente com valores do formulário

    NG0302: The pipe 'telefone' could not be found in the 'AscDadosContatoCardComponent' component. Verify that it is declared or imported in this module. Find more at https://angular.io/errors/NG0302

      at getPipeDef (node_modules/@angular/core/fesm2022/core.mjs:23660:15)
      at ɵɵpipe (node_modules/@angular/core/fesm2022/core.mjs:23601:19)
      at AscDadosContatoCardComponent_div_6_Template (ng:/AscDadosContatoCardComponent.js:11:5)
      at executeTemplate (node_modules/@angular/core/fesm2022/core.mjs:12003:13)
      at renderView (node_modules/@angular/core/fesm2022/core.mjs:13201:13)
      at createAndRenderEmbeddedLView (node_modules/@angular/core/fesm2022/core.mjs:23978:5)
      at TemplateRef2.createEmbeddedViewImpl (node_modules/@angular/core/fesm2022/core.mjs:24064:31)
      at ViewContainerRef2.createEmbeddedView (node_modules/@angular/core/fesm2022/core.mjs:24372:37)
      at _NgIf._updateView (node_modules/@angular/common/fesm2022/common.mjs:3376:45)
      at _NgIf.set ngIf [as ngIf] (node_modules/@angular/common/fesm2022/common.mjs:3349:14)
      at writeToDirectiveInput (node_modules/@angular/core/fesm2022/core.mjs:12889:33)
      at setInputsForProperty (node_modules/@angular/core/fesm2022/core.mjs:13123:9)
      at elementPropertyInternal (node_modules/@angular/core/fesm2022/core.mjs:12414:9)
      at ɵɵproperty (node_modules/@angular/core/fesm2022/core.mjs:16255:9)
      at AscDadosContatoCardComponent_Template (ng:/AscDadosContatoCardComponent.js:59:9)
      at executeTemplate (node_modules/@angular/core/fesm2022/core.mjs:12003:13)
      at refreshView (node_modules/@angular/core/fesm2022/core.mjs:13498:13)
      at detectChangesInView (node_modules/@angular/core/fesm2022/core.mjs:13663:9)
      at detectChangesInComponent (node_modules/@angular/core/fesm2022/core.mjs:13638:5)
      at detectChangesInChildComponents (node_modules/@angular/core/fesm2022/core.mjs:13676:9)
      at refreshView (node_modules/@angular/core/fesm2022/core.mjs:13548:13)
      at detectChangesInternal (node_modules/@angular/core/fesm2022/core.mjs:13437:9)
      at RootViewRef.detectChanges (node_modules/@angular/core/fesm2022/core.mjs:13954:9)
      at ComponentFixture._tick (node_modules/@angular/core/fesm2022/testing.mjs:127:32)
      at node_modules/@angular/core/fesm2022/testing.mjs:140:22
      at _ZoneDelegate.Object.<anonymous>._ZoneDelegate.invoke (node_modules/zone.js/bundles/zone.umd.js:411:30)
      at ProxyZoneSpec.Object.<anonymous>.ProxyZoneSpec.onInvoke (node_modules/zone.js/bundles/zone-testing.umd.js:300:43)
      at _ZoneDelegate.Object.<anonymous>._ZoneDelegate.invoke (node_modules/zone.js/bundles/zone.umd.js:410:56)
      at Object.onInvoke (node_modules/@angular/core/fesm2022/core.mjs:11083:33)
      at _ZoneDelegate.Object.<anonymous>._ZoneDelegate.invoke (node_modules/zone.js/bundles/zone.umd.js:410:56)
      at Zone.Object.<anonymous>.Zone.run (node_modules/zone.js/bundles/zone.umd.js:165:47)
      at NgZone.run (node_modules/@angular/core/fesm2022/core.mjs:10934:28)
      at ComponentFixture.detectChanges (node_modules/@angular/core/fesm2022/testing.mjs:139:25)
      at src/app/shared/components/asc-pedido/asc-dados-contato-card/asc-dados-contato-card.component.spec.ts:47:17
      at _ZoneDelegate.Object.<anonymous>._ZoneDelegate.invoke (node_modules/zone.js/bundles/zone.umd.js:411:30)
      at ProxyZoneSpec.Object.<anonymous>.ProxyZoneSpec.onInvoke (node_modules/zone.js/bundles/zone-testing.umd.js:300:43)
      at _ZoneDelegate.Object.<anonymous>._ZoneDelegate.invoke (node_modules/zone.js/bundles/zone.umd.js:410:56)
      at Zone.Object.<anonymous>.Zone.run (node_modules/zone.js/bundles/zone.umd.js:165:47)
      at Object.wrappedFunc (node_modules/zone.js/bundles/zone-testing.umd.js:789:34)

  ● AscDadosContatoCardComponent › onSubmit deve chamar put do inscricaoDependenteService

    NG0302: The pipe 'telefone' could not be found in the 'AscDadosContatoCardComponent' component. Verify that it is declared or imported in this module. Find more at https://angular.io/errors/NG0302

      at getPipeDef (node_modules/@angular/core/fesm2022/core.mjs:23660:15)
      at ɵɵpipe (node_modules/@angular/core/fesm2022/core.mjs:23601:19)
      at AscDadosContatoCardComponent_div_6_Template (ng:/AscDadosContatoCardComponent.js:11:5)
      at executeTemplate (node_modules/@angular/core/fesm2022/core.mjs:12003:13)
      at renderView (node_modules/@angular/core/fesm2022/core.mjs:13201:13)
      at createAndRenderEmbeddedLView (node_modules/@angular/core/fesm2022/core.mjs:23978:5)
      at TemplateRef2.createEmbeddedViewImpl (node_modules/@angular/core/fesm2022/core.mjs:24064:31)
      at ViewContainerRef2.createEmbeddedView (node_modules/@angular/core/fesm2022/core.mjs:24372:37)
      at _NgIf._updateView (node_modules/@angular/common/fesm2022/common.mjs:3376:45)
      at _NgIf.set ngIf [as ngIf] (node_modules/@angular/common/fesm2022/common.mjs:3349:14)
      at writeToDirectiveInput (node_modules/@angular/core/fesm2022/core.mjs:12889:33)
      at setInputsForProperty (node_modules/@angular/core/fesm2022/core.mjs:13123:9)
      at elementPropertyInternal (node_modules/@angular/core/fesm2022/core.mjs:12414:9)
      at ɵɵproperty (node_modules/@angular/core/fesm2022/core.mjs:16255:9)
      at AscDadosContatoCardComponent_Template (ng:/AscDadosContatoCardComponent.js:59:9)
      at executeTemplate (node_modules/@angular/core/fesm2022/core.mjs:12003:13)
      at refreshView (node_modules/@angular/core/fesm2022/core.mjs:13498:13)
      at detectChangesInView (node_modules/@angular/core/fesm2022/core.mjs:13663:9)
      at detectChangesInComponent (node_modules/@angular/core/fesm2022/core.mjs:13638:5)
      at detectChangesInChildComponents (node_modules/@angular/core/fesm2022/core.mjs:13676:9)
      at refreshView (node_modules/@angular/core/fesm2022/core.mjs:13548:13)
      at detectChangesInternal (node_modules/@angular/core/fesm2022/core.mjs:13437:9)
      at RootViewRef.detectChanges (node_modules/@angular/core/fesm2022/core.mjs:13954:9)
      at ComponentFixture._tick (node_modules/@angular/core/fesm2022/testing.mjs:127:32)
      at node_modules/@angular/core/fesm2022/testing.mjs:140:22
      at _ZoneDelegate.Object.<anonymous>._ZoneDelegate.invoke (node_modules/zone.js/bundles/zone.umd.js:411:30)
      at ProxyZoneSpec.Object.<anonymous>.ProxyZoneSpec.onInvoke (node_modules/zone.js/bundles/zone-testing.umd.js:300:43)
      at _ZoneDelegate.Object.<anonymous>._ZoneDelegate.invoke (node_modules/zone.js/bundles/zone.umd.js:410:56)
      at Object.onInvoke (node_modules/@angular/core/fesm2022/core.mjs:11083:33)
      at _ZoneDelegate.Object.<anonymous>._ZoneDelegate.invoke (node_modules/zone.js/bundles/zone.umd.js:410:56)
      at Zone.Object.<anonymous>.Zone.run (node_modules/zone.js/bundles/zone.umd.js:165:47)
      at NgZone.run (node_modules/@angular/core/fesm2022/core.mjs:10934:28)
      at ComponentFixture.detectChanges (node_modules/@angular/core/fesm2022/testing.mjs:139:25)
      at src/app/shared/components/asc-pedido/asc-dados-contato-card/asc-dados-contato-card.component.spec.ts:47:17
      at _ZoneDelegate.Object.<anonymous>._ZoneDelegate.invoke (node_modules/zone.js/bundles/zone.umd.js:411:30)
      at ProxyZoneSpec.Object.<anonymous>.ProxyZoneSpec.onInvoke (node_modules/zone.js/bundles/zone-testing.umd.js:300:43)
      at _ZoneDelegate.Object.<anonymous>._ZoneDelegate.invoke (node_modules/zone.js/bundles/zone.umd.js:410:56)
      at Zone.Object.<anonymous>.Zone.run (node_modules/zone.js/bundles/zone.umd.js:165:47)
      at Object.wrappedFunc (node_modules/zone.js/bundles/zone-testing.umd.js:789:34)

  ● AscDadosContatoCardComponent › onSubmit deve chamar addMsgDanger em caso de erro

    NG0302: The pipe 'telefone' could not be found in the 'AscDadosContatoCardComponent' component. Verify that it is declared or imported in this module. Find more at https://angular.io/errors/NG0302

      at getPipeDef (node_modules/@angular/core/fesm2022/core.mjs:23660:15)
      at ɵɵpipe (node_modules/@angular/core/fesm2022/core.mjs:23601:19)
      at AscDadosContatoCardComponent_div_6_Template (ng:/AscDadosContatoCardComponent.js:11:5)
      at executeTemplate (node_modules/@angular/core/fesm2022/core.mjs:12003:13)
      at renderView (node_modules/@angular/core/fesm2022/core.mjs:13201:13)
      at createAndRenderEmbeddedLView (node_modules/@angular/core/fesm2022/core.mjs:23978:5)
      at TemplateRef2.createEmbeddedViewImpl (node_modules/@angular/core/fesm2022/core.mjs:24064:31)
      at ViewContainerRef2.createEmbeddedView (node_modules/@angular/core/fesm2022/core.mjs:24372:37)
      at _NgIf._updateView (node_modules/@angular/common/fesm2022/common.mjs:3376:45)
      at _NgIf.set ngIf [as ngIf] (node_modules/@angular/common/fesm2022/common.mjs:3349:14)
      at writeToDirectiveInput (node_modules/@angular/core/fesm2022/core.mjs:12889:33)
      at setInputsForProperty (node_modules/@angular/core/fesm2022/core.mjs:13123:9)
      at elementPropertyInternal (node_modules/@angular/core/fesm2022/core.mjs:12414:9)
      at ɵɵproperty (node_modules/@angular/core/fesm2022/core.mjs:16255:9)
      at AscDadosContatoCardComponent_Template (ng:/AscDadosContatoCardComponent.js:59:9)
      at executeTemplate (node_modules/@angular/core/fesm2022/core.mjs:12003:13)
      at refreshView (node_modules/@angular/core/fesm2022/core.mjs:13498:13)
      at detectChangesInView (node_modules/@angular/core/fesm2022/core.mjs:13663:9)
      at detectChangesInComponent (node_modules/@angular/core/fesm2022/core.mjs:13638:5)
      at detectChangesInChildComponents (node_modules/@angular/core/fesm2022/core.mjs:13676:9)
      at refreshView (node_modules/@angular/core/fesm2022/core.mjs:13548:13)
      at detectChangesInternal (node_modules/@angular/core/fesm2022/core.mjs:13437:9)
      at RootViewRef.detectChanges (node_modules/@angular/core/fesm2022/core.mjs:13954:9)
      at ComponentFixture._tick (node_modules/@angular/core/fesm2022/testing.mjs:127:32)
      at node_modules/@angular/core/fesm2022/testing.mjs:140:22
      at _ZoneDelegate.Object.<anonymous>._ZoneDelegate.invoke (node_modules/zone.js/bundles/zone.umd.js:411:30)
      at ProxyZoneSpec.Object.<anonymous>.ProxyZoneSpec.onInvoke (node_modules/zone.js/bundles/zone-testing.umd.js:300:43)
      at _ZoneDelegate.Object.<anonymous>._ZoneDelegate.invoke (node_modules/zone.js/bundles/zone.umd.js:410:56)
      at Object.onInvoke (node_modules/@angular/core/fesm2022/core.mjs:11083:33)
      at _ZoneDelegate.Object.<anonymous>._ZoneDelegate.invoke (node_modules/zone.js/bundles/zone.umd.js:410:56)
      at Zone.Object.<anonymous>.Zone.run (node_modules/zone.js/bundles/zone.umd.js:165:47)
      at NgZone.run (node_modules/@angular/core/fesm2022/core.mjs:10934:28)
      at ComponentFixture.detectChanges (node_modules/@angular/core/fesm2022/testing.mjs:139:25)
      at src/app/shared/components/asc-pedido/asc-dados-contato-card/asc-dados-contato-card.component.spec.ts:47:17
      at _ZoneDelegate.Object.<anonymous>._ZoneDelegate.invoke (node_modules/zone.js/bundles/zone.umd.js:411:30)
      at ProxyZoneSpec.Object.<anonymous>.ProxyZoneSpec.onInvoke (node_modules/zone.js/bundles/zone-testing.umd.js:300:43)
      at _ZoneDelegate.Object.<anonymous>._ZoneDelegate.invoke (node_modules/zone.js/bundles/zone.umd.js:410:56)
      at Zone.Object.<anonymous>.Zone.run (node_modules/zone.js/bundles/zone.umd.js:165:47)
      at Object.wrappedFunc (node_modules/zone.js/bundles/zone-testing.umd.js:789:34)

FAIL src/app/funcionalidades/processos/reembolso/reembolso-base/reembolso-base.component.spec.ts
  ● Test suite failed to run

    [96msrc/app/funcionalidades/processos/reembolso/reembolso-base/reembolso-base.component.spec.ts[0m:[93m140[0m:[93m3[0m - [91merror[0m[90m TS2554: [0mExpected 2 arguments, but got 3.

    [7m140[0m   beforeEach(async () => {
    [7m   [0m [91m  ~~~~~~~~~~~~~~~~~~~~~~~~[0m
    [7m141[0m     await TestBed.configureTestingModule({
    [7m   [0m [91m~~~~~~~~~~~~~~~~~~~~~~~~~~~~~~~~~~~~~~~~~~[0m
    [7m...[0m 
    [7m191[0m     }).compileComponents();
    [7m   [0m [91m~~~~~~~~~~~~~~~~~~~~~~~~~~~[0m
    [7m192[0m     });
    [7m   [0m [91m~~~~~~[0m
    [96msrc/app/funcionalidades/processos/reembolso/reembolso-base/reembolso-base.component.spec.ts[0m:[93m155[0m:[93m46[0m - [91merror[0m[90m TS2552: [0mCannot find name 'messageServiceSpy'. Did you mean 'MessageService'?

    [7m155[0m         { provide: MessageService, useValue: messageServiceSpy },
    [7m   [0m [91m                                             ~~~~~~~~~~~~~~~~~[0m
    [96msrc/app/funcionalidades/processos/reembolso/reembolso-base/reembolso-base.component.spec.ts[0m:[93m156[0m:[93m62[0m - [91merror[0m[90m TS2552: [0mCannot find name 'empresaPrestadorExternoServiceSpy'. Did you mean 'EmpresaPrestadorExternoService'?

    [7m156[0m         { provide: EmpresaPrestadorExternoService, useValue: empresaPrestadorExternoServiceSpy },
    [7m   [0m [91m                                                             ~~~~~~~~~~~~~~~~~~~~~~~~~~~~~~~~~[0m
    [96msrc/app/funcionalidades/processos/reembolso/reembolso-base/reembolso-base.component.spec.ts[0m:[93m157[0m:[93m46[0m - [91merror[0m[90m TS2552: [0mCannot find name 'activatedRouteSpy'. Did you mean 'ActivatedRoute'?

    [7m157[0m         { provide: ActivatedRoute, useValue: activatedRouteSpy },
    [7m   [0m [91m                                             ~~~~~~~~~~~~~~~~~[0m
    [96msrc/app/funcionalidades/processos/reembolso/reembolso-base/reembolso-base.component.spec.ts[0m:[93m158[0m:[93m38[0m - [91merror[0m[90m TS2552: [0mCannot find name 'routerSpy'. Did you mean 'Router'?

    [7m158[0m         { provide: Router, useValue: routerSpy },
    [7m   [0m [91m                                     ~~~~~~~~~[0m
    [96msrc/app/funcionalidades/processos/reembolso/reembolso-base/reembolso-base.component.spec.ts[0m:[93m159[0m:[93m40[0m - [91merror[0m[90m TS2552: [0mCannot find name 'locationSpy'. Did you mean 'location'?

    [7m159[0m         { provide: Location, useValue: locationSpy },
    [7m   [0m [91m                                       ~~~~~~~~~~~[0m

      [96mnode_modules/typescript/lib/lib.dom.d.ts[0m:[93m27014[0m:[93m13[0m
        [7m27014[0m declare var location: Location;
        [7m     [0m [96m            ~~~~~~~~[0m
        'location' is declared here.
    [96msrc/app/funcionalidades/processos/reembolso/reembolso-base/reembolso-base.component.spec.ts[0m:[93m160[0m:[93m44[0m - [91merror[0m[90m TS2304: [0mCannot find name 'comboServiceSpy'.

    [7m160[0m         { provide: ComboService, useValue: comboServiceSpy },
    [7m   [0m [91m                                           ~~~~~~~~~~~~~~~[0m
    [96msrc/app/funcionalidades/processos/reembolso/reembolso-base/reembolso-base.component.spec.ts[0m:[93m161[0m:[93m52[0m - [91merror[0m[90m TS2304: [0mCannot find name 'tipoDocumentoServiceSpy'.

    [7m161[0m         { provide: TipoDocumentoService, useValue: tipoDocumentoServiceSpy },
    [7m   [0m [91m                                                   ~~~~~~~~~~~~~~~~~~~~~~~[0m
    [96msrc/app/funcionalidades/processos/reembolso/reembolso-base/reembolso-base.component.spec.ts[0m:[93m162[0m:[93m48[0m - [91merror[0m[90m TS2304: [0mCannot find name 'documentoServiceSpy'.

    [7m162[0m         { provide: DocumentoService, useValue: documentoServiceSpy },
    [7m   [0m [91m                                               ~~~~~~~~~~~~~~~~~~~[0m
    [96msrc/app/funcionalidades/processos/reembolso/reembolso-base/reembolso-base.component.spec.ts[0m:[93m163[0m:[93m54[0m - [91merror[0m[90m TS2304: [0mCannot find name 'prazoTratamentoServiceSpy'.

    [7m163[0m         { provide: PrazoTratamentoService, useValue: prazoTratamentoServiceSpy },
    [7m   [0m [91m                                                     ~~~~~~~~~~~~~~~~~~~~~~~~~[0m
    [96msrc/app/funcionalidades/processos/reembolso/reembolso-base/reembolso-base.component.spec.ts[0m:[93m164[0m:[93m55[0m - [91merror[0m[90m TS2304: [0mCannot find name 'tipoBeneficiarioServiceSpy'.

    [7m164[0m         { provide: TipoBeneficiarioService, useValue: tipoBeneficiarioServiceSpy },
    [7m   [0m [91m                                                      ~~~~~~~~~~~~~~~~~~~~~~~~~~[0m
    [96msrc/app/funcionalidades/processos/reembolso/reembolso-base/reembolso-base.component.spec.ts[0m:[93m165[0m:[93m55[0m - [91merror[0m[90m TS2304: [0mCannot find name 'situacaoProcessoServiceSpy'.

    [7m165[0m         { provide: SituacaoProcessoService, useValue: situacaoProcessoServiceSpy },
    [7m   [0m [91m                                                      ~~~~~~~~~~~~~~~~~~~~~~~~~~[0m
    [96msrc/app/funcionalidades/processos/reembolso/reembolso-base/reembolso-base.component.spec.ts[0m:[93m166[0m:[93m48[0m - [91merror[0m[90m TS2304: [0mCannot find name 'patologiaServiceSpy'.

    [7m166[0m         { provide: PatologiaService, useValue: patologiaServiceSpy },
    [7m   [0m [91m                                               ~~~~~~~~~~~~~~~~~~~[0m
    [96msrc/app/funcionalidades/processos/reembolso/reembolso-base/reembolso-base.component.spec.ts[0m:[93m167[0m:[93m51[0m - [91merror[0m[90m TS2304: [0mCannot find name 'tipoProcessoServiceSpy'.

    [7m167[0m         { provide: TipoProcessoService, useValue: tipoProcessoServiceSpy },
    [7m   [0m [91m                                                  ~~~~~~~~~~~~~~~~~~~~~~[0m
    [96msrc/app/funcionalidades/processos/reembolso/reembolso-base/reembolso-base.component.spec.ts[0m:[93m168[0m:[93m45[0m - [91merror[0m[90m TS2304: [0mCannot find name 'sessaoServiceSpy'.

    [7m168[0m         { provide: SessaoService, useValue: sessaoServiceSpy },
    [7m   [0m [91m                                            ~~~~~~~~~~~~~~~~[0m
    [96msrc/app/funcionalidades/processos/reembolso/reembolso-base/reembolso-base.component.spec.ts[0m:[93m169[0m:[93m55[0m - [91merror[0m[90m TS2304: [0mCannot find name 'prestadorExternoServiceSpy'.

    [7m169[0m         { provide: PrestadorExternoService, useValue: prestadorExternoServiceSpy },
    [7m   [0m [91m                                                      ~~~~~~~~~~~~~~~~~~~~~~~~~~[0m
    [96msrc/app/funcionalidades/processos/reembolso/reembolso-base/reembolso-base.component.spec.ts[0m:[93m170[0m:[93m47[0m - [91merror[0m[90m TS2304: [0mCannot find name 'processoServiceSpy'.

    [7m170[0m         { provide: ProcessoService, useValue: processoServiceSpy },
    [7m   [0m [91m                                              ~~~~~~~~~~~~~~~~~~[0m
    [96msrc/app/funcionalidades/processos/reembolso/reembolso-base/reembolso-base.component.spec.ts[0m:[93m171[0m:[93m49[0m - [91merror[0m[90m TS2304: [0mCannot find name 'sIASCFluxoServiceSpy'.

    [7m171[0m         { provide: SIASCFluxoService, useValue: sIASCFluxoServiceSpy },
    [7m   [0m [91m                                                ~~~~~~~~~~~~~~~~~~~~[0m
    [96msrc/app/funcionalidades/processos/reembolso/reembolso-base/reembolso-base.component.spec.ts[0m:[93m172[0m:[93m56[0m - [91merror[0m[90m TS2304: [0mCannot find name 'autorizacaoPreviaServiceSpy'.

    [7m172[0m         { provide: AutorizacaoPreviaService, useValue: autorizacaoPreviaServiceSpy },
    [7m   [0m [91m                                                       ~~~~~~~~~~~~~~~~~~~~~~~~~~~[0m
    [96msrc/app/funcionalidades/processos/reembolso/reembolso-base/reembolso-base.component.spec.ts[0m:[93m173[0m:[93m51[0m - [91merror[0m[90m TS2304: [0mCannot find name 'procedimentoServiceeSpy'.

    [7m173[0m         { provide: ProcedimentoService, useValue: procedimentoServiceeSpy },
    [7m   [0m [91m                                                  ~~~~~~~~~~~~~~~~~~~~~~~[0m
    [96msrc/app/funcionalidades/processos/reembolso/reembolso-base/reembolso-base.component.spec.ts[0m:[93m174[0m:[93m57[0m - [91merror[0m[90m TS2304: [0mCannot find name 'caraterSolicitacaoServiceSpy'.

    [7m174[0m         { provide: CaraterSolicitacaoService, useValue: caraterSolicitacaoServiceSpy },
    [7m   [0m [91m                                                        ~~~~~~~~~~~~~~~~~~~~~~~~~~~~[0m
    [96msrc/app/funcionalidades/processos/reembolso/reembolso-base/reembolso-base.component.spec.ts[0m:[93m175[0m:[93m56[0m - [91merror[0m[90m TS2304: [0mCannot find name 'motivoSolicitacaoServiceSpy'.

    [7m175[0m         { provide: MotivoSolicitacaoService, useValue: motivoSolicitacaoServiceSpy },
    [7m   [0m [91m                                                       ~~~~~~~~~~~~~~~~~~~~~~~~~~~[0m
    [96msrc/app/funcionalidades/processos/reembolso/reembolso-base/reembolso-base.component.spec.ts[0m:[93m176[0m:[93m52[0m - [91merror[0m[90m TS2304: [0mCannot find name 'motivoNegacaoServiceSpy'.

    [7m176[0m         { provide: MotivoNegacaoService, useValue: motivoNegacaoServiceSpy },
    [7m   [0m [91m                                                   ~~~~~~~~~~~~~~~~~~~~~~~[0m
    [96msrc/app/funcionalidades/processos/reembolso/reembolso-base/reembolso-base.component.spec.ts[0m:[93m177[0m:[93m53[0m - [91merror[0m[90m TS2304: [0mCannot find name 'tipoOcorrenciaServiceSpy'.

    [7m177[0m         { provide: TipoOcorrenciaService, useValue: tipoOcorrenciaServiceSpy },
    [7m   [0m [91m                                                    ~~~~~~~~~~~~~~~~~~~~~~~~[0m
    [96msrc/app/funcionalidades/processos/reembolso/reembolso-base/reembolso-base.component.spec.ts[0m:[93m178[0m:[93m57[0m - [91merror[0m[90m TS2304: [0mCannot find name 'procedimentoPedidoServiceSpy'.

    [7m178[0m         { provide: ProcedimentoPedidoService, useValue: procedimentoPedidoServiceSpy },
    [7m   [0m [91m                                                        ~~~~~~~~~~~~~~~~~~~~~~~~~~~~[0m
    [96msrc/app/funcionalidades/processos/reembolso/reembolso-base/reembolso-base.component.spec.ts[0m:[93m179[0m:[93m51[0m - [91merror[0m[90m TS2304: [0mCannot find name 'beneficiarioServiceSpy'.

    [7m179[0m         { provide: BeneficiarioService, useValue: beneficiarioServiceSpy },
    [7m   [0m [91m                                                  ~~~~~~~~~~~~~~~~~~~~~~[0m
    [96msrc/app/funcionalidades/processos/reembolso/reembolso-base/reembolso-base.component.spec.ts[0m:[93m180[0m:[93m49[0m - [91merror[0m[90m TS2304: [0mCannot find name 'fileUploadServiceSpy'.

    [7m180[0m         { provide: FileUploadService, useValue: fileUploadServiceSpy },
    [7m   [0m [91m                                                ~~~~~~~~~~~~~~~~~~~~[0m
    [96msrc/app/funcionalidades/processos/reembolso/reembolso-base/reembolso-base.component.spec.ts[0m:[93m181[0m:[93m65[0m - [91merror[0m[90m TS2304: [0mCannot find name 'situacaoPedidoProcedimentoServiceSpy'.

    [7m181[0m         { provide: SituacaoPedidoProcedimentoService, useValue: situacaoPedidoProcedimentoServiceSpy },
    [7m   [0m [91m                                                                ~~~~~~~~~~~~~~~~~~~~~~~~~~~~~~~~~~~~[0m
    [96msrc/app/funcionalidades/processos/reembolso/reembolso-base/reembolso-base.component.spec.ts[0m:[93m182[0m:[93m50[0m - [91merror[0m[90m TS2304: [0mCannot find name 'medicamentoServiceSpy'.

    [7m182[0m         { provide: MedicamentoService, useValue: medicamentoServiceSpy },
    [7m   [0m [91m                                                 ~~~~~~~~~~~~~~~~~~~~~[0m
    [96msrc/app/funcionalidades/processos/reembolso/reembolso-base/reembolso-base.component.spec.ts[0m:[93m183[0m:[93m65[0m - [91merror[0m[90m TS2304: [0mCannot find name 'medicamentoPatologiaPedidoServiceSpy'.

    [7m183[0m         { provide: MedicamentoPatologiaPedidoService, useValue: medicamentoPatologiaPedidoServiceSpy },
    [7m   [0m [91m                                                                ~~~~~~~~~~~~~~~~~~~~~~~~~~~~~~~~~~~~[0m
    [96msrc/app/funcionalidades/processos/reembolso/reembolso-base/reembolso-base.component.spec.ts[0m:[93m184[0m:[93m54[0m - [91merror[0m[90m TS2304: [0mCannot find name 'documentoPedidoServiceSpy'.

    [7m184[0m         { provide: DocumentoPedidoService, useValue: documentoPedidoServiceSpy },
    [7m   [0m [91m                                                     ~~~~~~~~~~~~~~~~~~~~~~~~~[0m
    [96msrc/app/funcionalidades/processos/reembolso/reembolso-base/reembolso-base.component.spec.ts[0m:[93m185[0m:[93m69[0m - [91merror[0m[90m TS2304: [0mCannot find name 'documentoPedidoServiceSpy'.

    [7m185[0m         { provide: InscricaoProgramasMedicamentosService, useValue: documentoPedidoServiceSpy },
    [7m   [0m [91m                                                                    ~~~~~~~~~~~~~~~~~~~~~~~~~[0m
    [96msrc/app/funcionalidades/processos/reembolso/reembolso-base/reembolso-base.component.spec.ts[0m:[93m186[0m:[93m49[0m - [91merror[0m[90m TS2304: [0mCannot find name 'documentoPedidoServiceSpy'.

    [7m186[0m         { provide: LocalidadeService, useValue: documentoPedidoServiceSpy },
    [7m   [0m [91m                                                ~~~~~~~~~~~~~~~~~~~~~~~~~[0m
    [96msrc/app/funcionalidades/processos/reembolso/reembolso-base/reembolso-base.component.spec.ts[0m:[93m195[0m:[93m5[0m - [91merror[0m[90m TS2304: [0mCannot find name 'fixture'.

    [7m195[0m     fixture = TestBed.createComponent(ReembolsoBaseComponent);
    [7m   [0m [91m    ~~~~~~~[0m
    [96msrc/app/funcionalidades/processos/reembolso/reembolso-base/reembolso-base.component.spec.ts[0m:[93m196[0m:[93m5[0m - [91merror[0m[90m TS2304: [0mCannot find name 'component'.

    [7m196[0m     component = fixture.componentInstance;
    [7m   [0m [91m    ~~~~~~~~~[0m
    [96msrc/app/funcionalidades/processos/reembolso/reembolso-base/reembolso-base.component.spec.ts[0m:[93m196[0m:[93m17[0m - [91merror[0m[90m TS2304: [0mCannot find name 'fixture'.

    [7m196[0m     component = fixture.componentInstance;
    [7m   [0m [91m                ~~~~~~~[0m
    [96msrc/app/funcionalidades/processos/reembolso/reembolso-base/reembolso-base.component.spec.ts[0m:[93m197[0m:[93m5[0m - [91merror[0m[90m TS2304: [0mCannot find name 'fixture'.

    [7m197[0m     fixture.detectChanges();
    [7m   [0m [91m    ~~~~~~~[0m
    [96msrc/app/funcionalidades/processos/reembolso/reembolso-base/reembolso-base.component.spec.ts[0m:[93m201[0m:[93m12[0m - [91merror[0m[90m TS2304: [0mCannot find name 'component'.

    [7m201[0m     expect(component).toBeTruthy();
    [7m   [0m [91m           ~~~~~~~~~[0m
    [96msrc/app/funcionalidades/processos/reembolso/reembolso-base/reembolso-base.component.spec.ts[0m:[93m140[0m:[93m3[0m - [91merror[0m[90m TS1005: [0m',' expected.

    [7m140[0m   beforeEach(async () => {
    [7m   [0m [91m  ~~~~~~~~~~[0m
    [96msrc/app/funcionalidades/processos/reembolso/reembolso-base/reembolso-base.component.spec.ts[0m:[93m192[0m:[93m7[0m - [91merror[0m[90m TS1005: [0m')' expected.

    [7m192[0m     });
    [7m   [0m [91m      ~[0m
    [96msrc/app/funcionalidades/processos/reembolso/reembolso-base/reembolso-base.component.spec.ts[0m:[93m204[0m:[93m1[0m - [91merror[0m[90m TS1128: [0mDeclaration or statement expected.

    [7m204[0m });
    [7m   [0m [91m~[0m
    [96msrc/app/funcionalidades/processos/reembolso/reembolso-base/reembolso-base.component.spec.ts[0m:[93m204[0m:[93m2[0m - [91merror[0m[90m TS1128: [0mDeclaration or statement expected.

    [7m204[0m });
    [7m   [0m [91m ~[0m

FAIL src/app/funcionalidades/processos/reembolso/acompanhamento-reembolso/acompanhamento/acompanhamento.component.spec.ts
  ● Test suite failed to run

    [96msrc/app/funcionalidades/processos/reembolso/acompanhamento-reembolso/acompanhamento/acompanhamento.component.spec.ts[0m:[93m141[0m:[93m3[0m - [91merror[0m[90m TS2554: [0mExpected 2 arguments, but got 3.

    [7m141[0m   beforeEach(async () => {
    [7m   [0m [91m  ~~~~~~~~~~~~~~~~~~~~~~~~[0m
    [7m142[0m     await TestBed.configureTestingModule({
    [7m   [0m [91m~~~~~~~~~~~~~~~~~~~~~~~~~~~~~~~~~~~~~~~~~~[0m
    [7m...[0m 
    [7m191[0m     }).compileComponents();
    [7m   [0m [91m~~~~~~~~~~~~~~~~~~~~~~~~~~~[0m
    [7m192[0m     });
    [7m   [0m [91m~~~~~~[0m
    [96msrc/app/funcionalidades/processos/reembolso/acompanhamento-reembolso/acompanhamento/acompanhamento.component.spec.ts[0m:[93m156[0m:[93m46[0m - [91merror[0m[90m TS2552: [0mCannot find name 'messageServiceSpy'. Did you mean 'MessageService'?

    [7m156[0m         { provide: MessageService, useValue: messageServiceSpy },
    [7m   [0m [91m                                             ~~~~~~~~~~~~~~~~~[0m
    [96msrc/app/funcionalidades/processos/reembolso/acompanhamento-reembolso/acompanhamento/acompanhamento.component.spec.ts[0m:[93m157[0m:[93m62[0m - [91merror[0m[90m TS2552: [0mCannot find name 'empresaPrestadorExternoServiceSpy'. Did you mean 'EmpresaPrestadorExternoService'?

    [7m157[0m         { provide: EmpresaPrestadorExternoService, useValue: empresaPrestadorExternoServiceSpy },
    [7m   [0m [91m                                                             ~~~~~~~~~~~~~~~~~~~~~~~~~~~~~~~~~[0m
    [96msrc/app/funcionalidades/processos/reembolso/acompanhamento-reembolso/acompanhamento/acompanhamento.component.spec.ts[0m:[93m158[0m:[93m46[0m - [91merror[0m[90m TS2552: [0mCannot find name 'activatedRouteSpy'. Did you mean 'ActivatedRoute'?

    [7m158[0m         { provide: ActivatedRoute, useValue: activatedRouteSpy },
    [7m   [0m [91m                                             ~~~~~~~~~~~~~~~~~[0m
    [96msrc/app/funcionalidades/processos/reembolso/acompanhamento-reembolso/acompanhamento/acompanhamento.component.spec.ts[0m:[93m159[0m:[93m38[0m - [91merror[0m[90m TS2552: [0mCannot find name 'routerSpy'. Did you mean 'Router'?

    [7m159[0m         { provide: Router, useValue: routerSpy },
    [7m   [0m [91m                                     ~~~~~~~~~[0m
    [96msrc/app/funcionalidades/processos/reembolso/acompanhamento-reembolso/acompanhamento/acompanhamento.component.spec.ts[0m:[93m160[0m:[93m40[0m - [91merror[0m[90m TS2552: [0mCannot find name 'locationSpy'. Did you mean 'location'?

    [7m160[0m         { provide: Location, useValue: locationSpy },
    [7m   [0m [91m                                       ~~~~~~~~~~~[0m

      [96mnode_modules/typescript/lib/lib.dom.d.ts[0m:[93m27014[0m:[93m13[0m
        [7m27014[0m declare var location: Location;
        [7m     [0m [96m            ~~~~~~~~[0m
        'location' is declared here.
    [96msrc/app/funcionalidades/processos/reembolso/acompanhamento-reembolso/acompanhamento/acompanhamento.component.spec.ts[0m:[93m161[0m:[93m44[0m - [91merror[0m[90m TS2304: [0mCannot find name 'comboServiceSpy'.

    [7m161[0m         { provide: ComboService, useValue: comboServiceSpy },
    [7m   [0m [91m                                           ~~~~~~~~~~~~~~~[0m
    [96msrc/app/funcionalidades/processos/reembolso/acompanhamento-reembolso/acompanhamento/acompanhamento.component.spec.ts[0m:[93m162[0m:[93m52[0m - [91merror[0m[90m TS2304: [0mCannot find name 'tipoDocumentoServiceSpy'.

    [7m162[0m         { provide: TipoDocumentoService, useValue: tipoDocumentoServiceSpy },
    [7m   [0m [91m                                                   ~~~~~~~~~~~~~~~~~~~~~~~[0m
    [96msrc/app/funcionalidades/processos/reembolso/acompanhamento-reembolso/acompanhamento/acompanhamento.component.spec.ts[0m:[93m163[0m:[93m48[0m - [91merror[0m[90m TS2304: [0mCannot find name 'documentoServiceSpy'.

    [7m163[0m         { provide: DocumentoService, useValue: documentoServiceSpy },
    [7m   [0m [91m                                               ~~~~~~~~~~~~~~~~~~~[0m
    [96msrc/app/funcionalidades/processos/reembolso/acompanhamento-reembolso/acompanhamento/acompanhamento.component.spec.ts[0m:[93m164[0m:[93m54[0m - [91merror[0m[90m TS2304: [0mCannot find name 'prazoTratamentoServiceSpy'.

    [7m164[0m         { provide: PrazoTratamentoService, useValue: prazoTratamentoServiceSpy },
    [7m   [0m [91m                                                     ~~~~~~~~~~~~~~~~~~~~~~~~~[0m
    [96msrc/app/funcionalidades/processos/reembolso/acompanhamento-reembolso/acompanhamento/acompanhamento.component.spec.ts[0m:[93m165[0m:[93m55[0m - [91merror[0m[90m TS2304: [0mCannot find name 'tipoBeneficiarioServiceSpy'.

    [7m165[0m         { provide: TipoBeneficiarioService, useValue: tipoBeneficiarioServiceSpy },
    [7m   [0m [91m                                                      ~~~~~~~~~~~~~~~~~~~~~~~~~~[0m
    [96msrc/app/funcionalidades/processos/reembolso/acompanhamento-reembolso/acompanhamento/acompanhamento.component.spec.ts[0m:[93m166[0m:[93m55[0m - [91merror[0m[90m TS2304: [0mCannot find name 'situacaoProcessoServiceSpy'.

    [7m166[0m         { provide: SituacaoProcessoService, useValue: situacaoProcessoServiceSpy },
    [7m   [0m [91m                                                      ~~~~~~~~~~~~~~~~~~~~~~~~~~[0m
    [96msrc/app/funcionalidades/processos/reembolso/acompanhamento-reembolso/acompanhamento/acompanhamento.component.spec.ts[0m:[93m167[0m:[93m48[0m - [91merror[0m[90m TS2304: [0mCannot find name 'patologiaServiceSpy'.

    [7m167[0m         { provide: PatologiaService, useValue: patologiaServiceSpy },
    [7m   [0m [91m                                               ~~~~~~~~~~~~~~~~~~~[0m
    [96msrc/app/funcionalidades/processos/reembolso/acompanhamento-reembolso/acompanhamento/acompanhamento.component.spec.ts[0m:[93m168[0m:[93m51[0m - [91merror[0m[90m TS2304: [0mCannot find name 'tipoProcessoServiceSpy'.

    [7m168[0m         { provide: TipoProcessoService, useValue: tipoProcessoServiceSpy },
    [7m   [0m [91m                                                  ~~~~~~~~~~~~~~~~~~~~~~[0m
    [96msrc/app/funcionalidades/processos/reembolso/acompanhamento-reembolso/acompanhamento/acompanhamento.component.spec.ts[0m:[93m169[0m:[93m45[0m - [91merror[0m[90m TS2304: [0mCannot find name 'sessaoServiceSpy'.

    [7m169[0m         { provide: SessaoService, useValue: sessaoServiceSpy },
    [7m   [0m [91m                                            ~~~~~~~~~~~~~~~~[0m
    [96msrc/app/funcionalidades/processos/reembolso/acompanhamento-reembolso/acompanhamento/acompanhamento.component.spec.ts[0m:[93m170[0m:[93m55[0m - [91merror[0m[90m TS2304: [0mCannot find name 'prestadorExternoServiceSpy'.

    [7m170[0m         { provide: PrestadorExternoService, useValue: prestadorExternoServiceSpy },
    [7m   [0m [91m                                                      ~~~~~~~~~~~~~~~~~~~~~~~~~~[0m
    [96msrc/app/funcionalidades/processos/reembolso/acompanhamento-reembolso/acompanhamento/acompanhamento.component.spec.ts[0m:[93m171[0m:[93m47[0m - [91merror[0m[90m TS2304: [0mCannot find name 'processoServiceSpy'.

    [7m171[0m         { provide: ProcessoService, useValue: processoServiceSpy },
    [7m   [0m [91m                                              ~~~~~~~~~~~~~~~~~~[0m
    [96msrc/app/funcionalidades/processos/reembolso/acompanhamento-reembolso/acompanhamento/acompanhamento.component.spec.ts[0m:[93m172[0m:[93m49[0m - [91merror[0m[90m TS2304: [0mCannot find name 'sIASCFluxoServiceSpy'.

    [7m172[0m         { provide: SIASCFluxoService, useValue: sIASCFluxoServiceSpy },
    [7m   [0m [91m                                                ~~~~~~~~~~~~~~~~~~~~[0m
    [96msrc/app/funcionalidades/processos/reembolso/acompanhamento-reembolso/acompanhamento/acompanhamento.component.spec.ts[0m:[93m173[0m:[93m56[0m - [91merror[0m[90m TS2304: [0mCannot find name 'autorizacaoPreviaServiceSpy'.

    [7m173[0m         { provide: AutorizacaoPreviaService, useValue: autorizacaoPreviaServiceSpy },
    [7m   [0m [91m                                                       ~~~~~~~~~~~~~~~~~~~~~~~~~~~[0m
    [96msrc/app/funcionalidades/processos/reembolso/acompanhamento-reembolso/acompanhamento/acompanhamento.component.spec.ts[0m:[93m174[0m:[93m51[0m - [91merror[0m[90m TS2304: [0mCannot find name 'procedimentoServiceeSpy'.

    [7m174[0m         { provide: ProcedimentoService, useValue: procedimentoServiceeSpy },
    [7m   [0m [91m                                                  ~~~~~~~~~~~~~~~~~~~~~~~[0m
    [96msrc/app/funcionalidades/processos/reembolso/acompanhamento-reembolso/acompanhamento/acompanhamento.component.spec.ts[0m:[93m175[0m:[93m57[0m - [91merror[0m[90m TS2304: [0mCannot find name 'caraterSolicitacaoServiceSpy'.

    [7m175[0m         { provide: CaraterSolicitacaoService, useValue: caraterSolicitacaoServiceSpy },
    [7m   [0m [91m                                                        ~~~~~~~~~~~~~~~~~~~~~~~~~~~~[0m
    [96msrc/app/funcionalidades/processos/reembolso/acompanhamento-reembolso/acompanhamento/acompanhamento.component.spec.ts[0m:[93m176[0m:[93m56[0m - [91merror[0m[90m TS2304: [0mCannot find name 'motivoSolicitacaoServiceSpy'.

    [7m176[0m         { provide: MotivoSolicitacaoService, useValue: motivoSolicitacaoServiceSpy },
    [7m   [0m [91m                                                       ~~~~~~~~~~~~~~~~~~~~~~~~~~~[0m
    [96msrc/app/funcionalidades/processos/reembolso/acompanhamento-reembolso/acompanhamento/acompanhamento.component.spec.ts[0m:[93m177[0m:[93m52[0m - [91merror[0m[90m TS2304: [0mCannot find name 'motivoNegacaoServiceSpy'.

    [7m177[0m         { provide: MotivoNegacaoService, useValue: motivoNegacaoServiceSpy },
    [7m   [0m [91m                                                   ~~~~~~~~~~~~~~~~~~~~~~~[0m
    [96msrc/app/funcionalidades/processos/reembolso/acompanhamento-reembolso/acompanhamento/acompanhamento.component.spec.ts[0m:[93m178[0m:[93m53[0m - [91merror[0m[90m TS2304: [0mCannot find name 'tipoOcorrenciaServiceSpy'.

    [7m178[0m         { provide: TipoOcorrenciaService, useValue: tipoOcorrenciaServiceSpy },
    [7m   [0m [91m                                                    ~~~~~~~~~~~~~~~~~~~~~~~~[0m
    [96msrc/app/funcionalidades/processos/reembolso/acompanhamento-reembolso/acompanhamento/acompanhamento.component.spec.ts[0m:[93m179[0m:[93m57[0m - [91merror[0m[90m TS2304: [0mCannot find name 'procedimentoPedidoServiceSpy'.

    [7m179[0m         { provide: ProcedimentoPedidoService, useValue: procedimentoPedidoServiceSpy },
    [7m   [0m [91m                                                        ~~~~~~~~~~~~~~~~~~~~~~~~~~~~[0m
    [96msrc/app/funcionalidades/processos/reembolso/acompanhamento-reembolso/acompanhamento/acompanhamento.component.spec.ts[0m:[93m180[0m:[93m51[0m - [91merror[0m[90m TS2304: [0mCannot find name 'beneficiarioServiceSpy'.

    [7m180[0m         { provide: BeneficiarioService, useValue: beneficiarioServiceSpy },
    [7m   [0m [91m                                                  ~~~~~~~~~~~~~~~~~~~~~~[0m
    [96msrc/app/funcionalidades/processos/reembolso/acompanhamento-reembolso/acompanhamento/acompanhamento.component.spec.ts[0m:[93m181[0m:[93m49[0m - [91merror[0m[90m TS2304: [0mCannot find name 'fileUploadServiceSpy'.

    [7m181[0m         { provide: FileUploadService, useValue: fileUploadServiceSpy },
    [7m   [0m [91m                                                ~~~~~~~~~~~~~~~~~~~~[0m
    [96msrc/app/funcionalidades/processos/reembolso/acompanhamento-reembolso/acompanhamento/acompanhamento.component.spec.ts[0m:[93m182[0m:[93m65[0m - [91merror[0m[90m TS2304: [0mCannot find name 'situacaoPedidoProcedimentoServiceSpy'.

    [7m182[0m         { provide: SituacaoPedidoProcedimentoService, useValue: situacaoPedidoProcedimentoServiceSpy },
    [7m   [0m [91m                                                                ~~~~~~~~~~~~~~~~~~~~~~~~~~~~~~~~~~~~[0m
    [96msrc/app/funcionalidades/processos/reembolso/acompanhamento-reembolso/acompanhamento/acompanhamento.component.spec.ts[0m:[93m183[0m:[93m50[0m - [91merror[0m[90m TS2304: [0mCannot find name 'medicamentoServiceSpy'.

    [7m183[0m         { provide: MedicamentoService, useValue: medicamentoServiceSpy },
    [7m   [0m [91m                                                 ~~~~~~~~~~~~~~~~~~~~~[0m
    [96msrc/app/funcionalidades/processos/reembolso/acompanhamento-reembolso/acompanhamento/acompanhamento.component.spec.ts[0m:[93m184[0m:[93m65[0m - [91merror[0m[90m TS2304: [0mCannot find name 'medicamentoPatologiaPedidoServiceSpy'.

    [7m184[0m         { provide: MedicamentoPatologiaPedidoService, useValue: medicamentoPatologiaPedidoServiceSpy },
    [7m   [0m [91m                                                                ~~~~~~~~~~~~~~~~~~~~~~~~~~~~~~~~~~~~[0m
    [96msrc/app/funcionalidades/processos/reembolso/acompanhamento-reembolso/acompanhamento/acompanhamento.component.spec.ts[0m:[93m185[0m:[93m54[0m - [91merror[0m[90m TS2304: [0mCannot find name 'documentoPedidoServiceSpy'.

    [7m185[0m         { provide: DocumentoPedidoService, useValue: documentoPedidoServiceSpy },
    [7m   [0m [91m                                                     ~~~~~~~~~~~~~~~~~~~~~~~~~[0m
    [96msrc/app/funcionalidades/processos/reembolso/acompanhamento-reembolso/acompanhamento/acompanhamento.component.spec.ts[0m:[93m186[0m:[93m69[0m - [91merror[0m[90m TS2304: [0mCannot find name 'documentoPedidoServiceSpy'.

    [7m186[0m         { provide: InscricaoProgramasMedicamentosService, useValue: documentoPedidoServiceSpy },
    [7m   [0m [91m                                                                    ~~~~~~~~~~~~~~~~~~~~~~~~~[0m
    [96msrc/app/funcionalidades/processos/reembolso/acompanhamento-reembolso/acompanhamento/acompanhamento.component.spec.ts[0m:[93m195[0m:[93m5[0m - [91merror[0m[90m TS2304: [0mCannot find name 'fixture'.

    [7m195[0m     fixture = TestBed.createComponent(AcompanhamentoComponent);
    [7m   [0m [91m    ~~~~~~~[0m
    [96msrc/app/funcionalidades/processos/reembolso/acompanhamento-reembolso/acompanhamento/acompanhamento.component.spec.ts[0m:[93m196[0m:[93m5[0m - [91merror[0m[90m TS2304: [0mCannot find name 'component'.

    [7m196[0m     component = fixture.componentInstance;
    [7m   [0m [91m    ~~~~~~~~~[0m
    [96msrc/app/funcionalidades/processos/reembolso/acompanhamento-reembolso/acompanhamento/acompanhamento.component.spec.ts[0m:[93m196[0m:[93m17[0m - [91merror[0m[90m TS2304: [0mCannot find name 'fixture'.

    [7m196[0m     component = fixture.componentInstance;
    [7m   [0m [91m                ~~~~~~~[0m
    [96msrc/app/funcionalidades/processos/reembolso/acompanhamento-reembolso/acompanhamento/acompanhamento.component.spec.ts[0m:[93m197[0m:[93m5[0m - [91merror[0m[90m TS2304: [0mCannot find name 'fixture'.

    [7m197[0m     fixture.detectChanges();
    [7m   [0m [91m    ~~~~~~~[0m
    [96msrc/app/funcionalidades/processos/reembolso/acompanhamento-reembolso/acompanhamento/acompanhamento.component.spec.ts[0m:[93m201[0m:[93m12[0m - [91merror[0m[90m TS2304: [0mCannot find name 'component'.

    [7m201[0m     expect(component).toBeTruthy();
    [7m   [0m [91m           ~~~~~~~~~[0m
    [96msrc/app/funcionalidades/processos/reembolso/acompanhamento-reembolso/acompanhamento/acompanhamento.component.spec.ts[0m:[93m141[0m:[93m3[0m - [91merror[0m[90m TS1005: [0m',' expected.

    [7m141[0m   beforeEach(async () => {
    [7m   [0m [91m  ~~~~~~~~~~[0m
    [96msrc/app/funcionalidades/processos/reembolso/acompanhamento-reembolso/acompanhamento/acompanhamento.component.spec.ts[0m:[93m192[0m:[93m7[0m - [91merror[0m[90m TS1005: [0m')' expected.

    [7m192[0m     });
    [7m   [0m [91m      ~[0m
    [96msrc/app/funcionalidades/processos/reembolso/acompanhamento-reembolso/acompanhamento/acompanhamento.component.spec.ts[0m:[93m204[0m:[93m1[0m - [91merror[0m[90m TS1128: [0mDeclaration or statement expected.

    [7m204[0m });
    [7m   [0m [91m~[0m
    [96msrc/app/funcionalidades/processos/reembolso/acompanhamento-reembolso/acompanhamento/acompanhamento.component.spec.ts[0m:[93m204[0m:[93m2[0m - [91merror[0m[90m TS1128: [0mDeclaration or statement expected.

    [7m204[0m });
    [7m   [0m [91m ~[0m

FAIL src/app/funcionalidades/processos/reembolso/recibo/recibo.component.spec.ts
  ● Test suite failed to run

    [96msrc/app/funcionalidades/processos/reembolso/recibo/recibo.component.spec.ts[0m:[93m30[0m:[93m29[0m - [91merror[0m[90m TS2352: [0mConversion of type '{ getDescription: jest.Mock<any, any, any>; }' to type 'Mocked<Partial<ActivatedRoute>>' may be a mistake because neither type sufficiently overlaps with the other. If this was intentional, convert the expression to 'unknown' first.
      Type '{ getDescription: jest.Mock<any, any, any>; }' is not comparable to type '{ outlet?: string; component?: MockedClass<Type<any>>; snapshot?: ActivatedRouteSnapshot; readonly title?: Observable<string>; ... 13 more ...; toString?: MockInstance<...>; }'.
        Types of property 'toString' are incompatible.
          Type '() => string' is not comparable to type 'MockInstance<string, [], unknown>'.

    [7m30[0m   const activatedRouteSpy = {
    [7m  [0m [91m                            ~[0m
    [7m31[0m     getDescription: jest.fn()
    [7m  [0m [91m~~~~~~~~~~~~~~~~~~~~~~~~~~~~~[0m
    [7m32[0m   } as jest.Mocked<Partial<ActivatedRoute>>;
    [7m  [0m [91m~~~~~~~~~~~~~~~~~~~~~~~~~~~~~~~~~~~~~~~~~~~[0m
    [96msrc/app/funcionalidades/processos/reembolso/recibo/recibo.component.spec.ts[0m:[93m36[0m:[93m23[0m - [91merror[0m[90m TS2352: [0mConversion of type '{ getDescription: jest.Mock<any, any, any>; }' to type 'Mocked<Partial<Location>>' may be a mistake because neither type sufficiently overlaps with the other. If this was intentional, convert the expression to 'unknown' first.
      Type '{ getDescription: jest.Mock<any, any, any>; }' is not comparable to type '{ readonly ancestorOrigins?: DOMStringList; hash?: string; host?: string; hostname?: string; href?: string; toString?: MockInstance<string, [], unknown>; readonly origin?: string; ... 6 more ...; replace?: MockInstance<...>; }'.
        Types of property 'toString' are incompatible.
          Type '() => string' is not comparable to type 'MockInstance<string, [], unknown>'.

    [7m36[0m   const locationSpy = {
    [7m  [0m [91m                      ~[0m
    [7m37[0m     getDescription: jest.fn()
    [7m  [0m [91m~~~~~~~~~~~~~~~~~~~~~~~~~~~~~[0m
    [7m38[0m   } as jest.Mocked<Partial<Location>>;
    [7m  [0m [91m~~~~~~~~~~~~~~~~~~~~~~~~~~~~~~~~~~~~~[0m
    [96msrc/app/funcionalidades/processos/reembolso/recibo/recibo.component.spec.ts[0m:[93m119[0m:[93m3[0m - [91merror[0m[90m TS2322: [0mType 'Observable<{}>' is not assignable to type 'MockInstance<Observable<any>, [filtro: FiltroConsultaPrestadorExterno], unknown> & ((filtro: FiltroConsultaPrestadorExterno) => Observable<...>)'.
      Type 'Observable<{}>' is missing the following properties from type 'MockInstance<Observable<any>, [filtro: FiltroConsultaPrestadorExterno], unknown>': getMockName, mock, mockClear, mockReset, and 13 more.

    [7m119[0m   prestadorExternoServiceSpy.consultarUsuarioExternoPorFiltro = of({})
    [7m   [0m [91m  ~~~~~~~~~~~~~~~~~~~~~~~~~~~~~~~~~~~~~~~~~~~~~~~~~~~~~~~~~~~[0m
    [96msrc/app/funcionalidades/processos/reembolso/recibo/recibo.component.spec.ts[0m:[93m121[0m:[93m75[0m - [91merror[0m[90m TS2345: [0mArgument of type 'Observable<{}>' is not assignable to parameter of type 'Observable<DadoComboDTO[]>'.
      Type '{}' is missing the following properties from type 'DadoComboDTO[]': length, pop, push, concat, and 29 more.

    [7m121[0m   comboServiceSpy.consultarComboPerfisPrestadoresExternos.mockReturnValue(of({}));
    [7m   [0m [91m                                                                          ~~~~~~[0m
    [96msrc/app/funcionalidades/processos/reembolso/recibo/recibo.component.spec.ts[0m:[93m122[0m:[93m62[0m - [91merror[0m[90m TS2345: [0mArgument of type 'Observable<{}>' is not assignable to parameter of type 'Observable<DadoComboDTO[]>'.
      Type '{}' is missing the following properties from type 'DadoComboDTO[]': length, pop, push, concat, and 29 more.

    [7m122[0m   comboServiceSpy.consultarComboTiposAuditor.mockReturnValue(of({}));
    [7m   [0m [91m                                                             ~~~~~~[0m
    [96msrc/app/funcionalidades/processos/reembolso/recibo/recibo.component.spec.ts[0m:[93m123[0m:[93m58[0m - [91merror[0m[90m TS2345: [0mArgument of type 'Observable<{}>' is not assignable to parameter of type 'Observable<TipoDocumento[]>'.
      Type '{}' is missing the following properties from type 'TipoDocumento[]': length, pop, push, concat, and 29 more.

    [7m123[0m   tipoDocumentoServiceSpy.consultarTodos.mockReturnValue(of({}));
    [7m   [0m [91m                                                         ~~~~~~[0m
    [96msrc/app/funcionalidades/processos/reembolso/recibo/recibo.component.spec.ts[0m:[93m124[0m:[93m43[0m - [91merror[0m[90m TS2345: [0mArgument of type 'Observable<{}>' is not assignable to parameter of type 'Observable<Documento | Documento[]>'.
      Type '{}' is not assignable to type 'Documento | Documento[]'.

    [7m124[0m   documentoServiceSpy.get.mockReturnValue(of({}));
    [7m   [0m [91m                                          ~~~~~~[0m
    [96msrc/app/funcionalidades/processos/reembolso/recibo/recibo.component.spec.ts[0m:[93m125[0m:[93m64[0m - [91merror[0m[90m TS2345: [0mArgument of type 'Observable<{}>' is not assignable to parameter of type 'Observable<Documento[]>'.
      Type '{}' is missing the following properties from type 'Documento[]': length, pop, push, concat, and 29 more.

    [7m125[0m   prazoTratamentoServiceSpy.consultarPorFiltro.mockReturnValue(of({}));
    [7m   [0m [91m                                                               ~~~~~~[0m
    [96msrc/app/funcionalidades/processos/reembolso/recibo/recibo.component.spec.ts[0m:[93m126[0m:[93m78[0m - [91merror[0m[90m TS2345: [0mArgument of type 'Observable<{}>' is not assignable to parameter of type 'Observable<SituacaoProcesso[]>'.
      Type '{}' is missing the following properties from type 'SituacaoProcesso[]': length, pop, push, concat, and 29 more.

    [7m126[0m   situacaoProcessoServiceSpy.consultarTodasTransicoesManuais.mockReturnValue(of({}));
    [7m   [0m [91m                                                                             ~~~~~~[0m
    [96msrc/app/funcionalidades/processos/reembolso/recibo/recibo.component.spec.ts[0m:[93m127[0m:[93m57[0m - [91merror[0m[90m TS2345: [0mArgument of type 'Observable<{}>' is not assignable to parameter of type 'Observable<Patologia>'.
      Property 'id' is missing in type '{}' but required in type 'Patologia'.

    [7m127[0m   patologiaServiceSpy.consultarDTOPorId.mockReturnValue(of({}));
    [7m   [0m [91m                                                        ~~~~~~[0m

      [96msrc/app/shared/models/comum/patologia.ts[0m:[93m17[0m:[93m21[0m
        [7m17[0m     public override id: number;
        [7m  [0m [96m                    ~~[0m
        'id' is declared here.
    [96msrc/app/funcionalidades/processos/reembolso/recibo/recibo.component.spec.ts[0m:[93m128[0m:[93m74[0m - [91merror[0m[90m TS2345: [0mArgument of type 'Observable<{}>' is not assignable to parameter of type 'Observable<PermissoesSituacaoProcesso>'.
      Type '{}' is missing the following properties from type 'PermissoesSituacaoProcesso': perfil, status, acessar, editar, and 4 more.

    [7m128[0m   sIASCFluxoServiceSpy.consultarPermissoesFluxoPorPedido.mockReturnValue(of({}));
    [7m   [0m [91m                                                                         ~~~~~~[0m
    [96msrc/app/funcionalidades/processos/reembolso/recibo/recibo.component.spec.ts[0m:[93m129[0m:[93m74[0m - [91merror[0m[90m TS2345: [0mArgument of type 'Observable<{}>' is not assignable to parameter of type 'Observable<PermissoesSituacaoProcesso>'.
      Type '{}' is missing the following properties from type 'PermissoesSituacaoProcesso': perfil, status, acessar, editar, and 4 more.

    [7m129[0m   sIASCFluxoServiceSpy.consultarPermissoesFluxoPorPedido.mockReturnValue(of({}));
    [7m   [0m [91m                                                                         ~~~~~~[0m
    [96msrc/app/funcionalidades/processos/reembolso/recibo/recibo.component.spec.ts[0m:[93m131[0m:[93m3[0m - [91merror[0m[90m TS2322: [0mType 'Observable<{}>' is not assignable to type 'MockInstance<EventEmitter<boolean>, [isAsync?: boolean], EventEmitter<boolean>> & { prototype: any; } & EventEmitter<boolean>'.
      Type 'Observable<{}>' is missing the following properties from type 'MockInstance<EventEmitter<boolean>, [isAsync?: boolean], EventEmitter<boolean>>': getMockName, mock, mockClear, mockReset, and 13 more.

    [7m131[0m   documentoPedidoServiceSpy.avisoSituacaoPedido = of({});
    [7m   [0m [91m  ~~~~~~~~~~~~~~~~~~~~~~~~~~~~~~~~~~~~~~~~~~~~~[0m
    [96msrc/app/funcionalidades/processos/reembolso/recibo/recibo.component.spec.ts[0m:[93m133[0m:[93m3[0m - [91merror[0m[90m TS2740: [0mType '{ params: { id: number; }; queryParams: {}; }' is missing the following properties from type 'ActivatedRouteSnapshot': url, fragment, data, outlet, and 10 more.

    [7m133[0m   activatedRouteSpy.snapshot = {
    [7m   [0m [91m  ~~~~~~~~~~~~~~~~~~~~~~~~~~[0m
    [96msrc/app/funcionalidades/processos/reembolso/recibo/recibo.component.spec.ts[0m:[93m142[0m:[93m21[0m - [91merror[0m[90m TS2540: [0mCannot assign to 'paramMap' because it is a read-only property.

    [7m142[0m   activatedRouteSpy.paramMap = of({});
    [7m   [0m [91m                    ~~~~~~~~[0m

FAIL src/app/funcionalidades/relatorios/procedimentos-solicitados-por-profissional/procedimentos-solicitados-por-profissional-listar/procedimentos-solicitados-por-profissional-listar.component.spec.ts
  ● Test suite failed to run

    [96msrc/app/funcionalidades/relatorios/procedimentos-solicitados-por-profissional/procedimentos-solicitados-por-profissional-listar/procedimentos-solicitados-por-profissional-listar.component.spec.ts[0m:[93m31[0m:[93m29[0m - [91merror[0m[90m TS2352: [0mConversion of type '{ getDescription: jest.Mock<any, any, any>; }' to type 'Mocked<Partial<ActivatedRoute>>' may be a mistake because neither type sufficiently overlaps with the other. If this was intentional, convert the expression to 'unknown' first.
      Type '{ getDescription: jest.Mock<any, any, any>; }' is not comparable to type '{ outlet?: string; component?: MockedClass<Type<any>>; snapshot?: ActivatedRouteSnapshot; readonly title?: Observable<string>; ... 13 more ...; toString?: MockInstance<...>; }'.
        Types of property 'toString' are incompatible.
          Type '() => string' is not comparable to type 'MockInstance<string, [], unknown>'.

    [7m31[0m   const activatedRouteSpy = {
    [7m  [0m [91m                            ~[0m
    [7m32[0m     getDescription: jest.fn()
    [7m  [0m [91m~~~~~~~~~~~~~~~~~~~~~~~~~~~~~[0m
    [7m33[0m   } as jest.Mocked<Partial<ActivatedRoute>>;
    [7m  [0m [91m~~~~~~~~~~~~~~~~~~~~~~~~~~~~~~~~~~~~~~~~~~~[0m
    [96msrc/app/funcionalidades/relatorios/procedimentos-solicitados-por-profissional/procedimentos-solicitados-por-profissional-listar/procedimentos-solicitados-por-profissional-listar.component.spec.ts[0m:[93m37[0m:[93m23[0m - [91merror[0m[90m TS2352: [0mConversion of type '{ getDescription: jest.Mock<any, any, any>; }' to type 'Mocked<Partial<Location>>' may be a mistake because neither type sufficiently overlaps with the other. If this was intentional, convert the expression to 'unknown' first.
      Type '{ getDescription: jest.Mock<any, any, any>; }' is not comparable to type '{ readonly ancestorOrigins?: DOMStringList; hash?: string; host?: string; hostname?: string; href?: string; toString?: MockInstance<string, [], unknown>; readonly origin?: string; ... 6 more ...; replace?: MockInstance<...>; }'.
        Types of property 'toString' are incompatible.
          Type '() => string' is not comparable to type 'MockInstance<string, [], unknown>'.

    [7m37[0m   const locationSpy = {
    [7m  [0m [91m                      ~[0m
    [7m38[0m     getDescription: jest.fn()
    [7m  [0m [91m~~~~~~~~~~~~~~~~~~~~~~~~~~~~~[0m
    [7m39[0m   } as jest.Mocked<Partial<Location>>;
    [7m  [0m [91m~~~~~~~~~~~~~~~~~~~~~~~~~~~~~~~~~~~~~[0m
    [96msrc/app/funcionalidades/relatorios/procedimentos-solicitados-por-profissional/procedimentos-solicitados-por-profissional-listar/procedimentos-solicitados-por-profissional-listar.component.spec.ts[0m:[93m128[0m:[93m75[0m - [91merror[0m[90m TS2345: [0mArgument of type 'Observable<{}>' is not assignable to parameter of type 'Observable<DadoComboDTO[]>'.
      Type '{}' is missing the following properties from type 'DadoComboDTO[]': length, pop, push, concat, and 29 more.

    [7m128[0m   comboServiceSpy.consultarComboPerfisPrestadoresExternos.mockReturnValue(of({}));
    [7m   [0m [91m                                                                          ~~~~~~[0m
    [96msrc/app/funcionalidades/relatorios/procedimentos-solicitados-por-profissional/procedimentos-solicitados-por-profissional-listar/procedimentos-solicitados-por-profissional-listar.component.spec.ts[0m:[93m129[0m:[93m62[0m - [91merror[0m[90m TS2345: [0mArgument of type 'Observable<{}>' is not assignable to parameter of type 'Observable<DadoComboDTO[]>'.
      Type '{}' is missing the following properties from type 'DadoComboDTO[]': length, pop, push, concat, and 29 more.

    [7m129[0m   comboServiceSpy.consultarComboTiposAuditor.mockReturnValue(of({}));
    [7m   [0m [91m                                                             ~~~~~~[0m
    [96msrc/app/funcionalidades/relatorios/procedimentos-solicitados-por-profissional/procedimentos-solicitados-por-profissional-listar/procedimentos-solicitados-por-profissional-listar.component.spec.ts[0m:[93m130[0m:[93m58[0m - [91merror[0m[90m TS2345: [0mArgument of type 'Observable<{}>' is not assignable to parameter of type 'Observable<TipoDocumento[]>'.
      Type '{}' is missing the following properties from type 'TipoDocumento[]': length, pop, push, concat, and 29 more.

    [7m130[0m   tipoDocumentoServiceSpy.consultarTodos.mockReturnValue(of({}));
    [7m   [0m [91m                                                         ~~~~~~[0m
    [96msrc/app/funcionalidades/relatorios/procedimentos-solicitados-por-profissional/procedimentos-solicitados-por-profissional-listar/procedimentos-solicitados-por-profissional-listar.component.spec.ts[0m:[93m131[0m:[93m43[0m - [91merror[0m[90m TS2345: [0mArgument of type 'Observable<{}>' is not assignable to parameter of type 'Observable<Documento | Documento[]>'.
      Type '{}' is not assignable to type 'Documento | Documento[]'.

    [7m131[0m   documentoServiceSpy.get.mockReturnValue(of({}));
    [7m   [0m [91m                                          ~~~~~~[0m
    [96msrc/app/funcionalidades/relatorios/procedimentos-solicitados-por-profissional/procedimentos-solicitados-por-profissional-listar/procedimentos-solicitados-por-profissional-listar.component.spec.ts[0m:[93m132[0m:[93m64[0m - [91merror[0m[90m TS2345: [0mArgument of type 'Observable<{}>' is not assignable to parameter of type 'Observable<Documento[]>'.
      Type '{}' is missing the following properties from type 'Documento[]': length, pop, push, concat, and 29 more.

    [7m132[0m   prazoTratamentoServiceSpy.consultarPorFiltro.mockReturnValue(of({}));
    [7m   [0m [91m                                                               ~~~~~~[0m
    [96msrc/app/funcionalidades/relatorios/procedimentos-solicitados-por-profissional/procedimentos-solicitados-por-profissional-listar/procedimentos-solicitados-por-profissional-listar.component.spec.ts[0m:[93m133[0m:[93m78[0m - [91merror[0m[90m TS2345: [0mArgument of type 'Observable<{}>' is not assignable to parameter of type 'Observable<SituacaoProcesso[]>'.
      Type '{}' is missing the following properties from type 'SituacaoProcesso[]': length, pop, push, concat, and 29 more.

    [7m133[0m   situacaoProcessoServiceSpy.consultarTodasTransicoesManuais.mockReturnValue(of({}));
    [7m   [0m [91m                                                                             ~~~~~~[0m
    [96msrc/app/funcionalidades/relatorios/procedimentos-solicitados-por-profissional/procedimentos-solicitados-por-profissional-listar/procedimentos-solicitados-por-profissional-listar.component.spec.ts[0m:[93m134[0m:[93m57[0m - [91merror[0m[90m TS2345: [0mArgument of type 'Observable<{}>' is not assignable to parameter of type 'Observable<Patologia>'.
      Property 'id' is missing in type '{}' but required in type 'Patologia'.

    [7m134[0m   patologiaServiceSpy.consultarDTOPorId.mockReturnValue(of({}));
    [7m   [0m [91m                                                        ~~~~~~[0m

      [96msrc/app/shared/models/comum/patologia.ts[0m:[93m17[0m:[93m21[0m
        [7m17[0m     public override id: number;
        [7m  [0m [96m                    ~~[0m
        'id' is declared here.
    [96msrc/app/funcionalidades/relatorios/procedimentos-solicitados-por-profissional/procedimentos-solicitados-por-profissional-listar/procedimentos-solicitados-por-profissional-listar.component.spec.ts[0m:[93m135[0m:[93m74[0m - [91merror[0m[90m TS2345: [0mArgument of type 'Observable<{}>' is not assignable to parameter of type 'Observable<PermissoesSituacaoProcesso>'.
      Type '{}' is missing the following properties from type 'PermissoesSituacaoProcesso': perfil, status, acessar, editar, and 4 more.

    [7m135[0m   sIASCFluxoServiceSpy.consultarPermissoesFluxoPorPedido.mockReturnValue(of({}));
    [7m   [0m [91m                                                                         ~~~~~~[0m
    [96msrc/app/funcionalidades/relatorios/procedimentos-solicitados-por-profissional/procedimentos-solicitados-por-profissional-listar/procedimentos-solicitados-por-profissional-listar.component.spec.ts[0m:[93m136[0m:[93m82[0m - [91merror[0m[90m TS2345: [0mArgument of type 'Observable<{}>' is not assignable to parameter of type 'Observable<TipoProcesso[]>'.
      Type '{}' is missing the following properties from type 'TipoProcesso[]': length, pop, push, concat, and 29 more.

    [7m136[0m   tipoProcessoServiceSpy.consultarTiposProcessoAutorizacaoPrevia.mockReturnValue(of({}));
    [7m   [0m [91m                                                                                 ~~~~~~[0m
    [96msrc/app/funcionalidades/relatorios/procedimentos-solicitados-por-profissional/procedimentos-solicitados-por-profissional-listar/procedimentos-solicitados-por-profissional-listar.component.spec.ts[0m:[93m138[0m:[93m3[0m - [91merror[0m[90m TS2322: [0mType 'Observable<{}>' is not assignable to type 'MockInstance<EventEmitter<boolean>, [isAsync?: boolean], EventEmitter<boolean>> & { prototype: any; } & EventEmitter<boolean>'.
      Type 'Observable<{}>' is missing the following properties from type 'MockInstance<EventEmitter<boolean>, [isAsync?: boolean], EventEmitter<boolean>>': getMockName, mock, mockClear, mockReset, and 13 more.

    [7m138[0m   documentoPedidoServiceSpy.avisoSituacaoPedido = of({});
    [7m   [0m [91m  ~~~~~~~~~~~~~~~~~~~~~~~~~~~~~~~~~~~~~~~~~~~~~[0m
    [96msrc/app/funcionalidades/relatorios/procedimentos-solicitados-por-profissional/procedimentos-solicitados-por-profissional-listar/procedimentos-solicitados-por-profissional-listar.component.spec.ts[0m:[93m140[0m:[93m3[0m - [91merror[0m[90m TS2740: [0mType '{ params: { id: number; }; queryParams: {}; }' is missing the following properties from type 'ActivatedRouteSnapshot': url, fragment, data, outlet, and 10 more.

    [7m140[0m   activatedRouteSpy.snapshot = {
    [7m   [0m [91m  ~~~~~~~~~~~~~~~~~~~~~~~~~~[0m
    [96msrc/app/funcionalidades/relatorios/procedimentos-solicitados-por-profissional/procedimentos-solicitados-por-profissional-listar/procedimentos-solicitados-por-profissional-listar.component.spec.ts[0m:[93m149[0m:[93m21[0m - [91merror[0m[90m TS2540: [0mCannot assign to 'paramMap' because it is a read-only property.

    [7m149[0m   activatedRouteSpy.paramMap = of({});
    [7m   [0m [91m                    ~~~~~~~~[0m

FAIL src/app/funcionalidades/relatorios/junta-medica-odontologica/junta-medica-odontologica-listar/junta-medica-odontologica-listar.component.spec.ts
  ● Test suite failed to run

    [96msrc/app/funcionalidades/relatorios/junta-medica-odontologica/junta-medica-odontologica-listar/junta-medica-odontologica-listar.component.spec.ts[0m:[93m31[0m:[93m29[0m - [91merror[0m[90m TS2352: [0mConversion of type '{ getDescription: jest.Mock<any, any, any>; }' to type 'Mocked<Partial<ActivatedRoute>>' may be a mistake because neither type sufficiently overlaps with the other. If this was intentional, convert the expression to 'unknown' first.
      Type '{ getDescription: jest.Mock<any, any, any>; }' is not comparable to type '{ outlet?: string; component?: MockedClass<Type<any>>; snapshot?: ActivatedRouteSnapshot; readonly title?: Observable<string>; ... 13 more ...; toString?: MockInstance<...>; }'.
        Types of property 'toString' are incompatible.
          Type '() => string' is not comparable to type 'MockInstance<string, [], unknown>'.

    [7m31[0m   const activatedRouteSpy = {
    [7m  [0m [91m                            ~[0m
    [7m32[0m     getDescription: jest.fn()
    [7m  [0m [91m~~~~~~~~~~~~~~~~~~~~~~~~~~~~~[0m
    [7m33[0m   } as jest.Mocked<Partial<ActivatedRoute>>;
    [7m  [0m [91m~~~~~~~~~~~~~~~~~~~~~~~~~~~~~~~~~~~~~~~~~~~[0m
    [96msrc/app/funcionalidades/relatorios/junta-medica-odontologica/junta-medica-odontologica-listar/junta-medica-odontologica-listar.component.spec.ts[0m:[93m37[0m:[93m23[0m - [91merror[0m[90m TS2352: [0mConversion of type '{ getDescription: jest.Mock<any, any, any>; }' to type 'Mocked<Partial<Location>>' may be a mistake because neither type sufficiently overlaps with the other. If this was intentional, convert the expression to 'unknown' first.
      Type '{ getDescription: jest.Mock<any, any, any>; }' is not comparable to type '{ readonly ancestorOrigins?: DOMStringList; hash?: string; host?: string; hostname?: string; href?: string; toString?: MockInstance<string, [], unknown>; readonly origin?: string; ... 6 more ...; replace?: MockInstance<...>; }'.
        Types of property 'toString' are incompatible.
          Type '() => string' is not comparable to type 'MockInstance<string, [], unknown>'.

    [7m37[0m   const locationSpy = {
    [7m  [0m [91m                      ~[0m
    [7m38[0m     getDescription: jest.fn()
    [7m  [0m [91m~~~~~~~~~~~~~~~~~~~~~~~~~~~~~[0m
    [7m39[0m   } as jest.Mocked<Partial<Location>>;
    [7m  [0m [91m~~~~~~~~~~~~~~~~~~~~~~~~~~~~~~~~~~~~~[0m
    [96msrc/app/funcionalidades/relatorios/junta-medica-odontologica/junta-medica-odontologica-listar/junta-medica-odontologica-listar.component.spec.ts[0m:[93m129[0m:[93m3[0m - [91merror[0m[90m TS2322: [0mType 'Observable<{}>' is not assignable to type 'MockInstance<Observable<any>, [filtro: FiltroConsultaPrestadorExterno], unknown> & ((filtro: FiltroConsultaPrestadorExterno) => Observable<...>)'.
      Type 'Observable<{}>' is missing the following properties from type 'MockInstance<Observable<any>, [filtro: FiltroConsultaPrestadorExterno], unknown>': getMockName, mock, mockClear, mockReset, and 13 more.

    [7m129[0m   prestadorExternoServiceSpy.consultarUsuarioExternoPorFiltro = of({})
    [7m   [0m [91m  ~~~~~~~~~~~~~~~~~~~~~~~~~~~~~~~~~~~~~~~~~~~~~~~~~~~~~~~~~~~[0m
    [96msrc/app/funcionalidades/relatorios/junta-medica-odontologica/junta-medica-odontologica-listar/junta-medica-odontologica-listar.component.spec.ts[0m:[93m131[0m:[93m75[0m - [91merror[0m[90m TS2345: [0mArgument of type 'Observable<{}>' is not assignable to parameter of type 'Observable<DadoComboDTO[]>'.
      Type '{}' is missing the following properties from type 'DadoComboDTO[]': length, pop, push, concat, and 29 more.

    [7m131[0m   comboServiceSpy.consultarComboPerfisPrestadoresExternos.mockReturnValue(of({}));
    [7m   [0m [91m                                                                          ~~~~~~[0m
    [96msrc/app/funcionalidades/relatorios/junta-medica-odontologica/junta-medica-odontologica-listar/junta-medica-odontologica-listar.component.spec.ts[0m:[93m132[0m:[93m62[0m - [91merror[0m[90m TS2345: [0mArgument of type 'Observable<{}>' is not assignable to parameter of type 'Observable<DadoComboDTO[]>'.
      Type '{}' is missing the following properties from type 'DadoComboDTO[]': length, pop, push, concat, and 29 more.

    [7m132[0m   comboServiceSpy.consultarComboTiposAuditor.mockReturnValue(of({}));
    [7m   [0m [91m                                                             ~~~~~~[0m
    [96msrc/app/funcionalidades/relatorios/junta-medica-odontologica/junta-medica-odontologica-listar/junta-medica-odontologica-listar.component.spec.ts[0m:[93m133[0m:[93m58[0m - [91merror[0m[90m TS2345: [0mArgument of type 'Observable<{}>' is not assignable to parameter of type 'Observable<TipoDocumento[]>'.
      Type '{}' is missing the following properties from type 'TipoDocumento[]': length, pop, push, concat, and 29 more.

    [7m133[0m   tipoDocumentoServiceSpy.consultarTodos.mockReturnValue(of({}));
    [7m   [0m [91m                                                         ~~~~~~[0m
    [96msrc/app/funcionalidades/relatorios/junta-medica-odontologica/junta-medica-odontologica-listar/junta-medica-odontologica-listar.component.spec.ts[0m:[93m134[0m:[93m43[0m - [91merror[0m[90m TS2345: [0mArgument of type 'Observable<{}>' is not assignable to parameter of type 'Observable<Documento | Documento[]>'.
      Type '{}' is not assignable to type 'Documento | Documento[]'.

    [7m134[0m   documentoServiceSpy.get.mockReturnValue(of({}));
    [7m   [0m [91m                                          ~~~~~~[0m
    [96msrc/app/funcionalidades/relatorios/junta-medica-odontologica/junta-medica-odontologica-listar/junta-medica-odontologica-listar.component.spec.ts[0m:[93m135[0m:[93m64[0m - [91merror[0m[90m TS2345: [0mArgument of type 'Observable<{}>' is not assignable to parameter of type 'Observable<Documento[]>'.
      Type '{}' is missing the following properties from type 'Documento[]': length, pop, push, concat, and 29 more.

    [7m135[0m   prazoTratamentoServiceSpy.consultarPorFiltro.mockReturnValue(of({}));
    [7m   [0m [91m                                                               ~~~~~~[0m
    [96msrc/app/funcionalidades/relatorios/junta-medica-odontologica/junta-medica-odontologica-listar/junta-medica-odontologica-listar.component.spec.ts[0m:[93m136[0m:[93m78[0m - [91merror[0m[90m TS2345: [0mArgument of type 'Observable<{}>' is not assignable to parameter of type 'Observable<SituacaoProcesso[]>'.
      Type '{}' is missing the following properties from type 'SituacaoProcesso[]': length, pop, push, concat, and 29 more.

    [7m136[0m   situacaoProcessoServiceSpy.consultarTodasTransicoesManuais.mockReturnValue(of({}));
    [7m   [0m [91m                                                                             ~~~~~~[0m
    [96msrc/app/funcionalidades/relatorios/junta-medica-odontologica/junta-medica-odontologica-listar/junta-medica-odontologica-listar.component.spec.ts[0m:[93m137[0m:[93m57[0m - [91merror[0m[90m TS2345: [0mArgument of type 'Observable<{}>' is not assignable to parameter of type 'Observable<Patologia>'.
      Property 'id' is missing in type '{}' but required in type 'Patologia'.

    [7m137[0m   patologiaServiceSpy.consultarDTOPorId.mockReturnValue(of({}));
    [7m   [0m [91m                                                        ~~~~~~[0m

      [96msrc/app/shared/models/comum/patologia.ts[0m:[93m17[0m:[93m21[0m
        [7m17[0m     public override id: number;
        [7m  [0m [96m                    ~~[0m
        'id' is declared here.
    [96msrc/app/funcionalidades/relatorios/junta-medica-odontologica/junta-medica-odontologica-listar/junta-medica-odontologica-listar.component.spec.ts[0m:[93m138[0m:[93m74[0m - [91merror[0m[90m TS2345: [0mArgument of type 'Observable<{}>' is not assignable to parameter of type 'Observable<PermissoesSituacaoProcesso>'.
      Type '{}' is missing the following properties from type 'PermissoesSituacaoProcesso': perfil, status, acessar, editar, and 4 more.

    [7m138[0m   sIASCFluxoServiceSpy.consultarPermissoesFluxoPorPedido.mockReturnValue(of({}));
    [7m   [0m [91m                                                                         ~~~~~~[0m
    [96msrc/app/funcionalidades/relatorios/junta-medica-odontologica/junta-medica-odontologica-listar/junta-medica-odontologica-listar.component.spec.ts[0m:[93m139[0m:[93m74[0m - [91merror[0m[90m TS2345: [0mArgument of type 'Observable<{}>' is not assignable to parameter of type 'Observable<PermissoesSituacaoProcesso>'.
      Type '{}' is missing the following properties from type 'PermissoesSituacaoProcesso': perfil, status, acessar, editar, and 4 more.

    [7m139[0m   sIASCFluxoServiceSpy.consultarPermissoesFluxoPorPedido.mockReturnValue(of({}));
    [7m   [0m [91m                                                                         ~~~~~~[0m
    [96msrc/app/funcionalidades/relatorios/junta-medica-odontologica/junta-medica-odontologica-listar/junta-medica-odontologica-listar.component.spec.ts[0m:[93m141[0m:[93m3[0m - [91merror[0m[90m TS2322: [0mType 'Observable<{}>' is not assignable to type 'MockInstance<EventEmitter<boolean>, [isAsync?: boolean], EventEmitter<boolean>> & { prototype: any; } & EventEmitter<boolean>'.
      Type 'Observable<{}>' is missing the following properties from type 'MockInstance<EventEmitter<boolean>, [isAsync?: boolean], EventEmitter<boolean>>': getMockName, mock, mockClear, mockReset, and 13 more.

    [7m141[0m   documentoPedidoServiceSpy.avisoSituacaoPedido = of({});
    [7m   [0m [91m  ~~~~~~~~~~~~~~~~~~~~~~~~~~~~~~~~~~~~~~~~~~~~~[0m
    [96msrc/app/funcionalidades/relatorios/junta-medica-odontologica/junta-medica-odontologica-listar/junta-medica-odontologica-listar.component.spec.ts[0m:[93m143[0m:[93m3[0m - [91merror[0m[90m TS2740: [0mType '{ params: { id: number; }; queryParams: {}; }' is missing the following properties from type 'ActivatedRouteSnapshot': url, fragment, data, outlet, and 10 more.

    [7m143[0m   activatedRouteSpy.snapshot = {
    [7m   [0m [91m  ~~~~~~~~~~~~~~~~~~~~~~~~~~[0m
    [96msrc/app/funcionalidades/relatorios/junta-medica-odontologica/junta-medica-odontologica-listar/junta-medica-odontologica-listar.component.spec.ts[0m:[93m152[0m:[93m21[0m - [91merror[0m[90m TS2540: [0mCannot assign to 'paramMap' because it is a read-only property.

    [7m152[0m   activatedRouteSpy.paramMap = of({});
    [7m   [0m [91m                    ~~~~~~~~[0m

FAIL src/app/funcionalidades/relatorios/analitico/analitico-listar/analitico-listar.component.spec.ts
  ● Test suite failed to run

    [96msrc/app/funcionalidades/relatorios/analitico/analitico-listar/analitico-listar.component.spec.ts[0m:[93m31[0m:[93m29[0m - [91merror[0m[90m TS2352: [0mConversion of type '{ getDescription: jest.Mock<any, any, any>; }' to type 'Mocked<Partial<ActivatedRoute>>' may be a mistake because neither type sufficiently overlaps with the other. If this was intentional, convert the expression to 'unknown' first.
      Type '{ getDescription: jest.Mock<any, any, any>; }' is not comparable to type '{ outlet?: string; component?: MockedClass<Type<any>>; snapshot?: ActivatedRouteSnapshot; readonly title?: Observable<string>; ... 13 more ...; toString?: MockInstance<...>; }'.
        Types of property 'toString' are incompatible.
          Type '() => string' is not comparable to type 'MockInstance<string, [], unknown>'.

    [7m31[0m   const activatedRouteSpy = {
    [7m  [0m [91m                            ~[0m
    [7m32[0m     getDescription: jest.fn()
    [7m  [0m [91m~~~~~~~~~~~~~~~~~~~~~~~~~~~~~[0m
    [7m33[0m   } as jest.Mocked<Partial<ActivatedRoute>>;
    [7m  [0m [91m~~~~~~~~~~~~~~~~~~~~~~~~~~~~~~~~~~~~~~~~~~~[0m
    [96msrc/app/funcionalidades/relatorios/analitico/analitico-listar/analitico-listar.component.spec.ts[0m:[93m37[0m:[93m23[0m - [91merror[0m[90m TS2352: [0mConversion of type '{ getDescription: jest.Mock<any, any, any>; }' to type 'Mocked<Partial<Location>>' may be a mistake because neither type sufficiently overlaps with the other. If this was intentional, convert the expression to 'unknown' first.
      Type '{ getDescription: jest.Mock<any, any, any>; }' is not comparable to type '{ readonly ancestorOrigins?: DOMStringList; hash?: string; host?: string; hostname?: string; href?: string; toString?: MockInstance<string, [], unknown>; readonly origin?: string; ... 6 more ...; replace?: MockInstance<...>; }'.
        Types of property 'toString' are incompatible.
          Type '() => string' is not comparable to type 'MockInstance<string, [], unknown>'.

    [7m37[0m   const locationSpy = {
    [7m  [0m [91m                      ~[0m
    [7m38[0m     getDescription: jest.fn()
    [7m  [0m [91m~~~~~~~~~~~~~~~~~~~~~~~~~~~~~[0m
    [7m39[0m   } as jest.Mocked<Partial<Location>>;
    [7m  [0m [91m~~~~~~~~~~~~~~~~~~~~~~~~~~~~~~~~~~~~~[0m
    [96msrc/app/funcionalidades/relatorios/analitico/analitico-listar/analitico-listar.component.spec.ts[0m:[93m129[0m:[93m3[0m - [91merror[0m[90m TS2322: [0mType 'Observable<{}>' is not assignable to type 'MockInstance<Observable<any>, [filtro: FiltroConsultaPrestadorExterno], unknown> & ((filtro: FiltroConsultaPrestadorExterno) => Observable<...>)'.
      Type 'Observable<{}>' is missing the following properties from type 'MockInstance<Observable<any>, [filtro: FiltroConsultaPrestadorExterno], unknown>': getMockName, mock, mockClear, mockReset, and 13 more.

    [7m129[0m   prestadorExternoServiceSpy.consultarUsuarioExternoPorFiltro = of({})
    [7m   [0m [91m  ~~~~~~~~~~~~~~~~~~~~~~~~~~~~~~~~~~~~~~~~~~~~~~~~~~~~~~~~~~~[0m
    [96msrc/app/funcionalidades/relatorios/analitico/analitico-listar/analitico-listar.component.spec.ts[0m:[93m131[0m:[93m75[0m - [91merror[0m[90m TS2345: [0mArgument of type 'Observable<{}>' is not assignable to parameter of type 'Observable<DadoComboDTO[]>'.
      Type '{}' is missing the following properties from type 'DadoComboDTO[]': length, pop, push, concat, and 29 more.

    [7m131[0m   comboServiceSpy.consultarComboPerfisPrestadoresExternos.mockReturnValue(of({}));
    [7m   [0m [91m                                                                          ~~~~~~[0m
    [96msrc/app/funcionalidades/relatorios/analitico/analitico-listar/analitico-listar.component.spec.ts[0m:[93m132[0m:[93m62[0m - [91merror[0m[90m TS2345: [0mArgument of type 'Observable<{}>' is not assignable to parameter of type 'Observable<DadoComboDTO[]>'.
      Type '{}' is missing the following properties from type 'DadoComboDTO[]': length, pop, push, concat, and 29 more.

    [7m132[0m   comboServiceSpy.consultarComboTiposAuditor.mockReturnValue(of({}));
    [7m   [0m [91m                                                             ~~~~~~[0m
    [96msrc/app/funcionalidades/relatorios/analitico/analitico-listar/analitico-listar.component.spec.ts[0m:[93m133[0m:[93m58[0m - [91merror[0m[90m TS2345: [0mArgument of type 'Observable<{}>' is not assignable to parameter of type 'Observable<TipoDocumento[]>'.
      Type '{}' is missing the following properties from type 'TipoDocumento[]': length, pop, push, concat, and 29 more.

    [7m133[0m   tipoDocumentoServiceSpy.consultarTodos.mockReturnValue(of({}));
    [7m   [0m [91m                                                         ~~~~~~[0m
    [96msrc/app/funcionalidades/relatorios/analitico/analitico-listar/analitico-listar.component.spec.ts[0m:[93m134[0m:[93m43[0m - [91merror[0m[90m TS2345: [0mArgument of type 'Observable<{}>' is not assignable to parameter of type 'Observable<Documento | Documento[]>'.
      Type '{}' is not assignable to type 'Documento | Documento[]'.

    [7m134[0m   documentoServiceSpy.get.mockReturnValue(of({}));
    [7m   [0m [91m                                          ~~~~~~[0m
    [96msrc/app/funcionalidades/relatorios/analitico/analitico-listar/analitico-listar.component.spec.ts[0m:[93m135[0m:[93m64[0m - [91merror[0m[90m TS2345: [0mArgument of type 'Observable<{}>' is not assignable to parameter of type 'Observable<Documento[]>'.
      Type '{}' is missing the following properties from type 'Documento[]': length, pop, push, concat, and 29 more.

    [7m135[0m   prazoTratamentoServiceSpy.consultarPorFiltro.mockReturnValue(of({}));
    [7m   [0m [91m                                                               ~~~~~~[0m
    [96msrc/app/funcionalidades/relatorios/analitico/analitico-listar/analitico-listar.component.spec.ts[0m:[93m136[0m:[93m78[0m - [91merror[0m[90m TS2345: [0mArgument of type 'Observable<{}>' is not assignable to parameter of type 'Observable<SituacaoProcesso[]>'.
      Type '{}' is missing the following properties from type 'SituacaoProcesso[]': length, pop, push, concat, and 29 more.

    [7m136[0m   situacaoProcessoServiceSpy.consultarTodasTransicoesManuais.mockReturnValue(of({}));
    [7m   [0m [91m                                                                             ~~~~~~[0m
    [96msrc/app/funcionalidades/relatorios/analitico/analitico-listar/analitico-listar.component.spec.ts[0m:[93m137[0m:[93m57[0m - [91merror[0m[90m TS2345: [0mArgument of type 'Observable<{}>' is not assignable to parameter of type 'Observable<Patologia>'.
      Property 'id' is missing in type '{}' but required in type 'Patologia'.

    [7m137[0m   patologiaServiceSpy.consultarDTOPorId.mockReturnValue(of({}));
    [7m   [0m [91m                                                        ~~~~~~[0m

      [96msrc/app/shared/models/comum/patologia.ts[0m:[93m17[0m:[93m21[0m
        [7m17[0m     public override id: number;
        [7m  [0m [96m                    ~~[0m
        'id' is declared here.
    [96msrc/app/funcionalidades/relatorios/analitico/analitico-listar/analitico-listar.component.spec.ts[0m:[93m138[0m:[93m74[0m - [91merror[0m[90m TS2345: [0mArgument of type 'Observable<{}>' is not assignable to parameter of type 'Observable<PermissoesSituacaoProcesso>'.
      Type '{}' is missing the following properties from type 'PermissoesSituacaoProcesso': perfil, status, acessar, editar, and 4 more.

    [7m138[0m   sIASCFluxoServiceSpy.consultarPermissoesFluxoPorPedido.mockReturnValue(of({}));
    [7m   [0m [91m                                                                         ~~~~~~[0m
    [96msrc/app/funcionalidades/relatorios/analitico/analitico-listar/analitico-listar.component.spec.ts[0m:[93m139[0m:[93m74[0m - [91merror[0m[90m TS2345: [0mArgument of type 'Observable<{}>' is not assignable to parameter of type 'Observable<PermissoesSituacaoProcesso>'.
      Type '{}' is missing the following properties from type 'PermissoesSituacaoProcesso': perfil, status, acessar, editar, and 4 more.

    [7m139[0m   sIASCFluxoServiceSpy.consultarPermissoesFluxoPorPedido.mockReturnValue(of({}));
    [7m   [0m [91m                                                                         ~~~~~~[0m
    [96msrc/app/funcionalidades/relatorios/analitico/analitico-listar/analitico-listar.component.spec.ts[0m:[93m141[0m:[93m3[0m - [91merror[0m[90m TS2322: [0mType 'Observable<{}>' is not assignable to type 'MockInstance<EventEmitter<boolean>, [isAsync?: boolean], EventEmitter<boolean>> & { prototype: any; } & EventEmitter<boolean>'.
      Type 'Observable<{}>' is missing the following properties from type 'MockInstance<EventEmitter<boolean>, [isAsync?: boolean], EventEmitter<boolean>>': getMockName, mock, mockClear, mockReset, and 13 more.

    [7m141[0m   documentoPedidoServiceSpy.avisoSituacaoPedido = of({});
    [7m   [0m [91m  ~~~~~~~~~~~~~~~~~~~~~~~~~~~~~~~~~~~~~~~~~~~~~[0m
    [96msrc/app/funcionalidades/relatorios/analitico/analitico-listar/analitico-listar.component.spec.ts[0m:[93m143[0m:[93m3[0m - [91merror[0m[90m TS2740: [0mType '{ params: { id: number; }; queryParams: {}; }' is missing the following properties from type 'ActivatedRouteSnapshot': url, fragment, data, outlet, and 10 more.

    [7m143[0m   activatedRouteSpy.snapshot = {
    [7m   [0m [91m  ~~~~~~~~~~~~~~~~~~~~~~~~~~[0m
    [96msrc/app/funcionalidades/relatorios/analitico/analitico-listar/analitico-listar.component.spec.ts[0m:[93m152[0m:[93m21[0m - [91merror[0m[90m TS2540: [0mCannot assign to 'paramMap' because it is a read-only property.

    [7m152[0m   activatedRouteSpy.paramMap = of({});
    [7m   [0m [91m                    ~~~~~~~~[0m

FAIL src/app/funcionalidades/relatorios/controle-prazos-processos/controle-prazos-processos-listar/controle-prazos-processos-listar.component.spec.ts
  ● Test suite failed to run

    [96msrc/app/funcionalidades/relatorios/controle-prazos-processos/controle-prazos-processos-listar/controle-prazos-processos-listar.component.spec.ts[0m:[93m31[0m:[93m29[0m - [91merror[0m[90m TS2352: [0mConversion of type '{ getDescription: jest.Mock<any, any, any>; }' to type 'Mocked<Partial<ActivatedRoute>>' may be a mistake because neither type sufficiently overlaps with the other. If this was intentional, convert the expression to 'unknown' first.
      Type '{ getDescription: jest.Mock<any, any, any>; }' is not comparable to type '{ outlet?: string; component?: MockedClass<Type<any>>; snapshot?: ActivatedRouteSnapshot; readonly title?: Observable<string>; ... 13 more ...; toString?: MockInstance<...>; }'.
        Types of property 'toString' are incompatible.
          Type '() => string' is not comparable to type 'MockInstance<string, [], unknown>'.

    [7m31[0m   const activatedRouteSpy = {
    [7m  [0m [91m                            ~[0m
    [7m32[0m     getDescription: jest.fn()
    [7m  [0m [91m~~~~~~~~~~~~~~~~~~~~~~~~~~~~~[0m
    [7m33[0m   } as jest.Mocked<Partial<ActivatedRoute>>;
    [7m  [0m [91m~~~~~~~~~~~~~~~~~~~~~~~~~~~~~~~~~~~~~~~~~~~[0m
    [96msrc/app/funcionalidades/relatorios/controle-prazos-processos/controle-prazos-processos-listar/controle-prazos-processos-listar.component.spec.ts[0m:[93m37[0m:[93m23[0m - [91merror[0m[90m TS2352: [0mConversion of type '{ getDescription: jest.Mock<any, any, any>; }' to type 'Mocked<Partial<Location>>' may be a mistake because neither type sufficiently overlaps with the other. If this was intentional, convert the expression to 'unknown' first.
      Type '{ getDescription: jest.Mock<any, any, any>; }' is not comparable to type '{ readonly ancestorOrigins?: DOMStringList; hash?: string; host?: string; hostname?: string; href?: string; toString?: MockInstance<string, [], unknown>; readonly origin?: string; ... 6 more ...; replace?: MockInstance<...>; }'.
        Types of property 'toString' are incompatible.
          Type '() => string' is not comparable to type 'MockInstance<string, [], unknown>'.

    [7m37[0m   const locationSpy = {
    [7m  [0m [91m                      ~[0m
    [7m38[0m     getDescription: jest.fn()
    [7m  [0m [91m~~~~~~~~~~~~~~~~~~~~~~~~~~~~~[0m
    [7m39[0m   } as jest.Mocked<Partial<Location>>;
    [7m  [0m [91m~~~~~~~~~~~~~~~~~~~~~~~~~~~~~~~~~~~~~[0m
    [96msrc/app/funcionalidades/relatorios/controle-prazos-processos/controle-prazos-processos-listar/controle-prazos-processos-listar.component.spec.ts[0m:[93m129[0m:[93m3[0m - [91merror[0m[90m TS2322: [0mType 'Observable<{}>' is not assignable to type 'MockInstance<Observable<any>, [filtro: FiltroConsultaPrestadorExterno], unknown> & ((filtro: FiltroConsultaPrestadorExterno) => Observable<...>)'.
      Type 'Observable<{}>' is missing the following properties from type 'MockInstance<Observable<any>, [filtro: FiltroConsultaPrestadorExterno], unknown>': getMockName, mock, mockClear, mockReset, and 13 more.

    [7m129[0m   prestadorExternoServiceSpy.consultarUsuarioExternoPorFiltro = of({})
    [7m   [0m [91m  ~~~~~~~~~~~~~~~~~~~~~~~~~~~~~~~~~~~~~~~~~~~~~~~~~~~~~~~~~~~[0m
    [96msrc/app/funcionalidades/relatorios/controle-prazos-processos/controle-prazos-processos-listar/controle-prazos-processos-listar.component.spec.ts[0m:[93m131[0m:[93m75[0m - [91merror[0m[90m TS2345: [0mArgument of type 'Observable<{}>' is not assignable to parameter of type 'Observable<DadoComboDTO[]>'.
      Type '{}' is missing the following properties from type 'DadoComboDTO[]': length, pop, push, concat, and 29 more.

    [7m131[0m   comboServiceSpy.consultarComboPerfisPrestadoresExternos.mockReturnValue(of({}));
    [7m   [0m [91m                                                                          ~~~~~~[0m
    [96msrc/app/funcionalidades/relatorios/controle-prazos-processos/controle-prazos-processos-listar/controle-prazos-processos-listar.component.spec.ts[0m:[93m132[0m:[93m62[0m - [91merror[0m[90m TS2345: [0mArgument of type 'Observable<{}>' is not assignable to parameter of type 'Observable<DadoComboDTO[]>'.
      Type '{}' is missing the following properties from type 'DadoComboDTO[]': length, pop, push, concat, and 29 more.

    [7m132[0m   comboServiceSpy.consultarComboTiposAuditor.mockReturnValue(of({}));
    [7m   [0m [91m                                                             ~~~~~~[0m
    [96msrc/app/funcionalidades/relatorios/controle-prazos-processos/controle-prazos-processos-listar/controle-prazos-processos-listar.component.spec.ts[0m:[93m133[0m:[93m58[0m - [91merror[0m[90m TS2345: [0mArgument of type 'Observable<{}>' is not assignable to parameter of type 'Observable<TipoDocumento[]>'.
      Type '{}' is missing the following properties from type 'TipoDocumento[]': length, pop, push, concat, and 29 more.

    [7m133[0m   tipoDocumentoServiceSpy.consultarTodos.mockReturnValue(of({}));
    [7m   [0m [91m                                                         ~~~~~~[0m
    [96msrc/app/funcionalidades/relatorios/controle-prazos-processos/controle-prazos-processos-listar/controle-prazos-processos-listar.component.spec.ts[0m:[93m134[0m:[93m43[0m - [91merror[0m[90m TS2345: [0mArgument of type 'Observable<{}>' is not assignable to parameter of type 'Observable<Documento | Documento[]>'.
      Type '{}' is not assignable to type 'Documento | Documento[]'.

    [7m134[0m   documentoServiceSpy.get.mockReturnValue(of({}));
    [7m   [0m [91m                                          ~~~~~~[0m
    [96msrc/app/funcionalidades/relatorios/controle-prazos-processos/controle-prazos-processos-listar/controle-prazos-processos-listar.component.spec.ts[0m:[93m135[0m:[93m64[0m - [91merror[0m[90m TS2345: [0mArgument of type 'Observable<{}>' is not assignable to parameter of type 'Observable<Documento[]>'.
      Type '{}' is missing the following properties from type 'Documento[]': length, pop, push, concat, and 29 more.

    [7m135[0m   prazoTratamentoServiceSpy.consultarPorFiltro.mockReturnValue(of({}));
    [7m   [0m [91m                                                               ~~~~~~[0m
    [96msrc/app/funcionalidades/relatorios/controle-prazos-processos/controle-prazos-processos-listar/controle-prazos-processos-listar.component.spec.ts[0m:[93m136[0m:[93m78[0m - [91merror[0m[90m TS2345: [0mArgument of type 'Observable<{}>' is not assignable to parameter of type 'Observable<SituacaoProcesso[]>'.
      Type '{}' is missing the following properties from type 'SituacaoProcesso[]': length, pop, push, concat, and 29 more.

    [7m136[0m   situacaoProcessoServiceSpy.consultarTodasTransicoesManuais.mockReturnValue(of({}));
    [7m   [0m [91m                                                                             ~~~~~~[0m
    [96msrc/app/funcionalidades/relatorios/controle-prazos-processos/controle-prazos-processos-listar/controle-prazos-processos-listar.component.spec.ts[0m:[93m137[0m:[93m57[0m - [91merror[0m[90m TS2345: [0mArgument of type 'Observable<{}>' is not assignable to parameter of type 'Observable<Patologia>'.
      Property 'id' is missing in type '{}' but required in type 'Patologia'.

    [7m137[0m   patologiaServiceSpy.consultarDTOPorId.mockReturnValue(of({}));
    [7m   [0m [91m                                                        ~~~~~~[0m

      [96msrc/app/shared/models/comum/patologia.ts[0m:[93m17[0m:[93m21[0m
        [7m17[0m     public override id: number;
        [7m  [0m [96m                    ~~[0m
        'id' is declared here.
    [96msrc/app/funcionalidades/relatorios/controle-prazos-processos/controle-prazos-processos-listar/controle-prazos-processos-listar.component.spec.ts[0m:[93m138[0m:[93m74[0m - [91merror[0m[90m TS2345: [0mArgument of type 'Observable<{}>' is not assignable to parameter of type 'Observable<PermissoesSituacaoProcesso>'.
      Type '{}' is missing the following properties from type 'PermissoesSituacaoProcesso': perfil, status, acessar, editar, and 4 more.

    [7m138[0m   sIASCFluxoServiceSpy.consultarPermissoesFluxoPorPedido.mockReturnValue(of({}));
    [7m   [0m [91m                                                                         ~~~~~~[0m
    [96msrc/app/funcionalidades/relatorios/controle-prazos-processos/controle-prazos-processos-listar/controle-prazos-processos-listar.component.spec.ts[0m:[93m139[0m:[93m74[0m - [91merror[0m[90m TS2345: [0mArgument of type 'Observable<{}>' is not assignable to parameter of type 'Observable<PermissoesSituacaoProcesso>'.
      Type '{}' is missing the following properties from type 'PermissoesSituacaoProcesso': perfil, status, acessar, editar, and 4 more.

    [7m139[0m   sIASCFluxoServiceSpy.consultarPermissoesFluxoPorPedido.mockReturnValue(of({}));
    [7m   [0m [91m                                                                         ~~~~~~[0m
    [96msrc/app/funcionalidades/relatorios/controle-prazos-processos/controle-prazos-processos-listar/controle-prazos-processos-listar.component.spec.ts[0m:[93m141[0m:[93m3[0m - [91merror[0m[90m TS2322: [0mType 'Observable<{}>' is not assignable to type 'MockInstance<EventEmitter<boolean>, [isAsync?: boolean], EventEmitter<boolean>> & { prototype: any; } & EventEmitter<boolean>'.
      Type 'Observable<{}>' is missing the following properties from type 'MockInstance<EventEmitter<boolean>, [isAsync?: boolean], EventEmitter<boolean>>': getMockName, mock, mockClear, mockReset, and 13 more.

    [7m141[0m   documentoPedidoServiceSpy.avisoSituacaoPedido = of({});
    [7m   [0m [91m  ~~~~~~~~~~~~~~~~~~~~~~~~~~~~~~~~~~~~~~~~~~~~~[0m
    [96msrc/app/funcionalidades/relatorios/controle-prazos-processos/controle-prazos-processos-listar/controle-prazos-processos-listar.component.spec.ts[0m:[93m143[0m:[93m3[0m - [91merror[0m[90m TS2740: [0mType '{ params: { id: number; }; queryParams: {}; }' is missing the following properties from type 'ActivatedRouteSnapshot': url, fragment, data, outlet, and 10 more.

    [7m143[0m   activatedRouteSpy.snapshot = {
    [7m   [0m [91m  ~~~~~~~~~~~~~~~~~~~~~~~~~~[0m
    [96msrc/app/funcionalidades/relatorios/controle-prazos-processos/controle-prazos-processos-listar/controle-prazos-processos-listar.component.spec.ts[0m:[93m152[0m:[93m21[0m - [91merror[0m[90m TS2540: [0mCannot assign to 'paramMap' because it is a read-only property.

    [7m152[0m   activatedRouteSpy.paramMap = of({});
    [7m   [0m [91m                    ~~~~~~~~[0m

FAIL src/app/funcionalidades/relatorios/tempo-medio-processos/tempo-medio-processos-listar/tempo-medio-processos-listar.component.spec.ts
  ● Test suite failed to run

    [96msrc/app/funcionalidades/relatorios/tempo-medio-processos/tempo-medio-processos-listar/tempo-medio-processos-listar.component.spec.ts[0m:[93m31[0m:[93m29[0m - [91merror[0m[90m TS2352: [0mConversion of type '{ getDescription: jest.Mock<any, any, any>; }' to type 'Mocked<Partial<ActivatedRoute>>' may be a mistake because neither type sufficiently overlaps with the other. If this was intentional, convert the expression to 'unknown' first.
      Type '{ getDescription: jest.Mock<any, any, any>; }' is not comparable to type '{ outlet?: string; component?: MockedClass<Type<any>>; snapshot?: ActivatedRouteSnapshot; readonly title?: Observable<string>; ... 13 more ...; toString?: MockInstance<...>; }'.
        Types of property 'toString' are incompatible.
          Type '() => string' is not comparable to type 'MockInstance<string, [], unknown>'.

    [7m31[0m   const activatedRouteSpy = {
    [7m  [0m [91m                            ~[0m
    [7m32[0m     getDescription: jest.fn()
    [7m  [0m [91m~~~~~~~~~~~~~~~~~~~~~~~~~~~~~[0m
    [7m33[0m   } as jest.Mocked<Partial<ActivatedRoute>>;
    [7m  [0m [91m~~~~~~~~~~~~~~~~~~~~~~~~~~~~~~~~~~~~~~~~~~~[0m
    [96msrc/app/funcionalidades/relatorios/tempo-medio-processos/tempo-medio-processos-listar/tempo-medio-processos-listar.component.spec.ts[0m:[93m37[0m:[93m23[0m - [91merror[0m[90m TS2352: [0mConversion of type '{ getDescription: jest.Mock<any, any, any>; }' to type 'Mocked<Partial<Location>>' may be a mistake because neither type sufficiently overlaps with the other. If this was intentional, convert the expression to 'unknown' first.
      Type '{ getDescription: jest.Mock<any, any, any>; }' is not comparable to type '{ readonly ancestorOrigins?: DOMStringList; hash?: string; host?: string; hostname?: string; href?: string; toString?: MockInstance<string, [], unknown>; readonly origin?: string; ... 6 more ...; replace?: MockInstance<...>; }'.
        Types of property 'toString' are incompatible.
          Type '() => string' is not comparable to type 'MockInstance<string, [], unknown>'.

    [7m37[0m   const locationSpy = {
    [7m  [0m [91m                      ~[0m
    [7m38[0m     getDescription: jest.fn()
    [7m  [0m [91m~~~~~~~~~~~~~~~~~~~~~~~~~~~~~[0m
    [7m39[0m   } as jest.Mocked<Partial<Location>>;
    [7m  [0m [91m~~~~~~~~~~~~~~~~~~~~~~~~~~~~~~~~~~~~~[0m
    [96msrc/app/funcionalidades/relatorios/tempo-medio-processos/tempo-medio-processos-listar/tempo-medio-processos-listar.component.spec.ts[0m:[93m129[0m:[93m3[0m - [91merror[0m[90m TS2322: [0mType 'Observable<{}>' is not assignable to type 'MockInstance<Observable<any>, [filtro: FiltroConsultaPrestadorExterno], unknown> & ((filtro: FiltroConsultaPrestadorExterno) => Observable<...>)'.
      Type 'Observable<{}>' is missing the following properties from type 'MockInstance<Observable<any>, [filtro: FiltroConsultaPrestadorExterno], unknown>': getMockName, mock, mockClear, mockReset, and 13 more.

    [7m129[0m   prestadorExternoServiceSpy.consultarUsuarioExternoPorFiltro = of({})
    [7m   [0m [91m  ~~~~~~~~~~~~~~~~~~~~~~~~~~~~~~~~~~~~~~~~~~~~~~~~~~~~~~~~~~~[0m
    [96msrc/app/funcionalidades/relatorios/tempo-medio-processos/tempo-medio-processos-listar/tempo-medio-processos-listar.component.spec.ts[0m:[93m131[0m:[93m75[0m - [91merror[0m[90m TS2345: [0mArgument of type 'Observable<{}>' is not assignable to parameter of type 'Observable<DadoComboDTO[]>'.
      Type '{}' is missing the following properties from type 'DadoComboDTO[]': length, pop, push, concat, and 29 more.

    [7m131[0m   comboServiceSpy.consultarComboPerfisPrestadoresExternos.mockReturnValue(of({}));
    [7m   [0m [91m                                                                          ~~~~~~[0m
    [96msrc/app/funcionalidades/relatorios/tempo-medio-processos/tempo-medio-processos-listar/tempo-medio-processos-listar.component.spec.ts[0m:[93m132[0m:[93m62[0m - [91merror[0m[90m TS2345: [0mArgument of type 'Observable<{}>' is not assignable to parameter of type 'Observable<DadoComboDTO[]>'.
      Type '{}' is missing the following properties from type 'DadoComboDTO[]': length, pop, push, concat, and 29 more.

    [7m132[0m   comboServiceSpy.consultarComboTiposAuditor.mockReturnValue(of({}));
    [7m   [0m [91m                                                             ~~~~~~[0m
    [96msrc/app/funcionalidades/relatorios/tempo-medio-processos/tempo-medio-processos-listar/tempo-medio-processos-listar.component.spec.ts[0m:[93m133[0m:[93m58[0m - [91merror[0m[90m TS2345: [0mArgument of type 'Observable<{}>' is not assignable to parameter of type 'Observable<TipoDocumento[]>'.
      Type '{}' is missing the following properties from type 'TipoDocumento[]': length, pop, push, concat, and 29 more.

    [7m133[0m   tipoDocumentoServiceSpy.consultarTodos.mockReturnValue(of({}));
    [7m   [0m [91m                                                         ~~~~~~[0m
    [96msrc/app/funcionalidades/relatorios/tempo-medio-processos/tempo-medio-processos-listar/tempo-medio-processos-listar.component.spec.ts[0m:[93m134[0m:[93m43[0m - [91merror[0m[90m TS2345: [0mArgument of type 'Observable<{}>' is not assignable to parameter of type 'Observable<Documento | Documento[]>'.
      Type '{}' is not assignable to type 'Documento | Documento[]'.

    [7m134[0m   documentoServiceSpy.get.mockReturnValue(of({}));
    [7m   [0m [91m                                          ~~~~~~[0m
    [96msrc/app/funcionalidades/relatorios/tempo-medio-processos/tempo-medio-processos-listar/tempo-medio-processos-listar.component.spec.ts[0m:[93m135[0m:[93m64[0m - [91merror[0m[90m TS2345: [0mArgument of type 'Observable<{}>' is not assignable to parameter of type 'Observable<Documento[]>'.
      Type '{}' is missing the following properties from type 'Documento[]': length, pop, push, concat, and 29 more.

    [7m135[0m   prazoTratamentoServiceSpy.consultarPorFiltro.mockReturnValue(of({}));
    [7m   [0m [91m                                                               ~~~~~~[0m
    [96msrc/app/funcionalidades/relatorios/tempo-medio-processos/tempo-medio-processos-listar/tempo-medio-processos-listar.component.spec.ts[0m:[93m136[0m:[93m78[0m - [91merror[0m[90m TS2345: [0mArgument of type 'Observable<{}>' is not assignable to parameter of type 'Observable<SituacaoProcesso[]>'.
      Type '{}' is missing the following properties from type 'SituacaoProcesso[]': length, pop, push, concat, and 29 more.

    [7m136[0m   situacaoProcessoServiceSpy.consultarTodasTransicoesManuais.mockReturnValue(of({}));
    [7m   [0m [91m                                                                             ~~~~~~[0m
    [96msrc/app/funcionalidades/relatorios/tempo-medio-processos/tempo-medio-processos-listar/tempo-medio-processos-listar.component.spec.ts[0m:[93m137[0m:[93m57[0m - [91merror[0m[90m TS2345: [0mArgument of type 'Observable<{}>' is not assignable to parameter of type 'Observable<Patologia>'.
      Property 'id' is missing in type '{}' but required in type 'Patologia'.

    [7m137[0m   patologiaServiceSpy.consultarDTOPorId.mockReturnValue(of({}));
    [7m   [0m [91m                                                        ~~~~~~[0m

      [96msrc/app/shared/models/comum/patologia.ts[0m:[93m17[0m:[93m21[0m
        [7m17[0m     public override id: number;
        [7m  [0m [96m                    ~~[0m
        'id' is declared here.
    [96msrc/app/funcionalidades/relatorios/tempo-medio-processos/tempo-medio-processos-listar/tempo-medio-processos-listar.component.spec.ts[0m:[93m138[0m:[93m74[0m - [91merror[0m[90m TS2345: [0mArgument of type 'Observable<{}>' is not assignable to parameter of type 'Observable<PermissoesSituacaoProcesso>'.
      Type '{}' is missing the following properties from type 'PermissoesSituacaoProcesso': perfil, status, acessar, editar, and 4 more.

    [7m138[0m   sIASCFluxoServiceSpy.consultarPermissoesFluxoPorPedido.mockReturnValue(of({}));
    [7m   [0m [91m                                                                         ~~~~~~[0m
    [96msrc/app/funcionalidades/relatorios/tempo-medio-processos/tempo-medio-processos-listar/tempo-medio-processos-listar.component.spec.ts[0m:[93m139[0m:[93m82[0m - [91merror[0m[90m TS2345: [0mArgument of type 'Observable<{}>' is not assignable to parameter of type 'Observable<TipoProcesso[]>'.
      Type '{}' is missing the following properties from type 'TipoProcesso[]': length, pop, push, concat, and 29 more.

    [7m139[0m   tipoProcessoServiceSpy.consultarTiposProcessoAutorizacaoPrevia.mockReturnValue(of({}));
    [7m   [0m [91m                                                                                 ~~~~~~[0m
    [96msrc/app/funcionalidades/relatorios/tempo-medio-processos/tempo-medio-processos-listar/tempo-medio-processos-listar.component.spec.ts[0m:[93m141[0m:[93m3[0m - [91merror[0m[90m TS2322: [0mType 'Observable<{}>' is not assignable to type 'MockInstance<EventEmitter<boolean>, [isAsync?: boolean], EventEmitter<boolean>> & { prototype: any; } & EventEmitter<boolean>'.
      Type 'Observable<{}>' is missing the following properties from type 'MockInstance<EventEmitter<boolean>, [isAsync?: boolean], EventEmitter<boolean>>': getMockName, mock, mockClear, mockReset, and 13 more.

    [7m141[0m   documentoPedidoServiceSpy.avisoSituacaoPedido = of({});
    [7m   [0m [91m  ~~~~~~~~~~~~~~~~~~~~~~~~~~~~~~~~~~~~~~~~~~~~~[0m
    [96msrc/app/funcionalidades/relatorios/tempo-medio-processos/tempo-medio-processos-listar/tempo-medio-processos-listar.component.spec.ts[0m:[93m143[0m:[93m3[0m - [91merror[0m[90m TS2740: [0mType '{ params: { id: number; }; queryParams: {}; }' is missing the following properties from type 'ActivatedRouteSnapshot': url, fragment, data, outlet, and 10 more.

    [7m143[0m   activatedRouteSpy.snapshot = {
    [7m   [0m [91m  ~~~~~~~~~~~~~~~~~~~~~~~~~~[0m
    [96msrc/app/funcionalidades/relatorios/tempo-medio-processos/tempo-medio-processos-listar/tempo-medio-processos-listar.component.spec.ts[0m:[93m152[0m:[93m21[0m - [91merror[0m[90m TS2540: [0mCannot assign to 'paramMap' because it is a read-only property.

    [7m152[0m   activatedRouteSpy.paramMap = of({});
    [7m   [0m [91m                    ~~~~~~~~[0m

FAIL src/app/funcionalidades/processos/reembolso/pagina-inicial/pagina-inicial.component.spec.ts
  ● Test suite failed to run

    [96msrc/app/funcionalidades/processos/reembolso/pagina-inicial/pagina-inicial.component.spec.ts[0m:[93m30[0m:[93m29[0m - [91merror[0m[90m TS2352: [0mConversion of type '{ getDescription: jest.Mock<any, any, any>; }' to type 'Mocked<Partial<ActivatedRoute>>' may be a mistake because neither type sufficiently overlaps with the other. If this was intentional, convert the expression to 'unknown' first.
      Type '{ getDescription: jest.Mock<any, any, any>; }' is not comparable to type '{ outlet?: string; component?: MockedClass<Type<any>>; snapshot?: ActivatedRouteSnapshot; readonly title?: Observable<string>; ... 13 more ...; toString?: MockInstance<...>; }'.
        Types of property 'toString' are incompatible.
          Type '() => string' is not comparable to type 'MockInstance<string, [], unknown>'.

    [7m30[0m   const activatedRouteSpy = {
    [7m  [0m [91m                            ~[0m
    [7m31[0m     getDescription: jest.fn()
    [7m  [0m [91m~~~~~~~~~~~~~~~~~~~~~~~~~~~~~[0m
    [7m32[0m   } as jest.Mocked<Partial<ActivatedRoute>>;
    [7m  [0m [91m~~~~~~~~~~~~~~~~~~~~~~~~~~~~~~~~~~~~~~~~~~~[0m
    [96msrc/app/funcionalidades/processos/reembolso/pagina-inicial/pagina-inicial.component.spec.ts[0m:[93m36[0m:[93m23[0m - [91merror[0m[90m TS2352: [0mConversion of type '{ getDescription: jest.Mock<any, any, any>; }' to type 'Mocked<Partial<Location>>' may be a mistake because neither type sufficiently overlaps with the other. If this was intentional, convert the expression to 'unknown' first.
      Type '{ getDescription: jest.Mock<any, any, any>; }' is not comparable to type '{ readonly ancestorOrigins?: DOMStringList; hash?: string; host?: string; hostname?: string; href?: string; toString?: MockInstance<string, [], unknown>; readonly origin?: string; ... 6 more ...; replace?: MockInstance<...>; }'.
        Types of property 'toString' are incompatible.
          Type '() => string' is not comparable to type 'MockInstance<string, [], unknown>'.

    [7m36[0m   const locationSpy = {
    [7m  [0m [91m                      ~[0m
    [7m37[0m     getDescription: jest.fn()
    [7m  [0m [91m~~~~~~~~~~~~~~~~~~~~~~~~~~~~~[0m
    [7m38[0m   } as jest.Mocked<Partial<Location>>;
    [7m  [0m [91m~~~~~~~~~~~~~~~~~~~~~~~~~~~~~~~~~~~~~[0m
    [96msrc/app/funcionalidades/processos/reembolso/pagina-inicial/pagina-inicial.component.spec.ts[0m:[93m118[0m:[93m3[0m - [91merror[0m[90m TS2322: [0mType 'Observable<{}>' is not assignable to type 'MockInstance<Observable<any>, [filtro: FiltroConsultaPrestadorExterno], unknown> & ((filtro: FiltroConsultaPrestadorExterno) => Observable<...>)'.
      Type 'Observable<{}>' is missing the following properties from type 'MockInstance<Observable<any>, [filtro: FiltroConsultaPrestadorExterno], unknown>': getMockName, mock, mockClear, mockReset, and 13 more.

    [7m118[0m   prestadorExternoServiceSpy.consultarUsuarioExternoPorFiltro = of({})
    [7m   [0m [91m  ~~~~~~~~~~~~~~~~~~~~~~~~~~~~~~~~~~~~~~~~~~~~~~~~~~~~~~~~~~~[0m
    [96msrc/app/funcionalidades/processos/reembolso/pagina-inicial/pagina-inicial.component.spec.ts[0m:[93m121[0m:[93m75[0m - [91merror[0m[90m TS2345: [0mArgument of type 'Observable<{}>' is not assignable to parameter of type 'Observable<DadoComboDTO[]>'.
      Type '{}' is missing the following properties from type 'DadoComboDTO[]': length, pop, push, concat, and 29 more.

    [7m121[0m   comboServiceSpy.consultarComboPerfisPrestadoresExternos.mockReturnValue(of({}));
    [7m   [0m [91m                                                                          ~~~~~~[0m
    [96msrc/app/funcionalidades/processos/reembolso/pagina-inicial/pagina-inicial.component.spec.ts[0m:[93m122[0m:[93m62[0m - [91merror[0m[90m TS2345: [0mArgument of type 'Observable<{}>' is not assignable to parameter of type 'Observable<DadoComboDTO[]>'.
      Type '{}' is missing the following properties from type 'DadoComboDTO[]': length, pop, push, concat, and 29 more.

    [7m122[0m   comboServiceSpy.consultarComboTiposAuditor.mockReturnValue(of({}));
    [7m   [0m [91m                                                             ~~~~~~[0m
    [96msrc/app/funcionalidades/processos/reembolso/pagina-inicial/pagina-inicial.component.spec.ts[0m:[93m123[0m:[93m58[0m - [91merror[0m[90m TS2345: [0mArgument of type 'Observable<{}>' is not assignable to parameter of type 'Observable<TipoDocumento[]>'.
      Type '{}' is missing the following properties from type 'TipoDocumento[]': length, pop, push, concat, and 29 more.

    [7m123[0m   tipoDocumentoServiceSpy.consultarTodos.mockReturnValue(of({}));
    [7m   [0m [91m                                                         ~~~~~~[0m
    [96msrc/app/funcionalidades/processos/reembolso/pagina-inicial/pagina-inicial.component.spec.ts[0m:[93m124[0m:[93m43[0m - [91merror[0m[90m TS2345: [0mArgument of type 'Observable<{}>' is not assignable to parameter of type 'Observable<Documento | Documento[]>'.
      Type '{}' is not assignable to type 'Documento | Documento[]'.

    [7m124[0m   documentoServiceSpy.get.mockReturnValue(of({}));
    [7m   [0m [91m                                          ~~~~~~[0m
    [96msrc/app/funcionalidades/processos/reembolso/pagina-inicial/pagina-inicial.component.spec.ts[0m:[93m125[0m:[93m64[0m - [91merror[0m[90m TS2345: [0mArgument of type 'Observable<{}>' is not assignable to parameter of type 'Observable<Documento[]>'.
      Type '{}' is missing the following properties from type 'Documento[]': length, pop, push, concat, and 29 more.

    [7m125[0m   prazoTratamentoServiceSpy.consultarPorFiltro.mockReturnValue(of({}));
    [7m   [0m [91m                                                               ~~~~~~[0m
    [96msrc/app/funcionalidades/processos/reembolso/pagina-inicial/pagina-inicial.component.spec.ts[0m:[93m126[0m:[93m78[0m - [91merror[0m[90m TS2345: [0mArgument of type 'Observable<{}>' is not assignable to parameter of type 'Observable<SituacaoProcesso[]>'.
      Type '{}' is missing the following properties from type 'SituacaoProcesso[]': length, pop, push, concat, and 29 more.

    [7m126[0m   situacaoProcessoServiceSpy.consultarTodasTransicoesManuais.mockReturnValue(of({}));
    [7m   [0m [91m                                                                             ~~~~~~[0m
    [96msrc/app/funcionalidades/processos/reembolso/pagina-inicial/pagina-inicial.component.spec.ts[0m:[93m127[0m:[93m57[0m - [91merror[0m[90m TS2345: [0mArgument of type 'Observable<{}>' is not assignable to parameter of type 'Observable<Patologia>'.
      Property 'id' is missing in type '{}' but required in type 'Patologia'.

    [7m127[0m   patologiaServiceSpy.consultarDTOPorId.mockReturnValue(of({}));
    [7m   [0m [91m                                                        ~~~~~~[0m

      [96msrc/app/shared/models/comum/patologia.ts[0m:[93m17[0m:[93m21[0m
        [7m17[0m     public override id: number;
        [7m  [0m [96m                    ~~[0m
        'id' is declared here.
    [96msrc/app/funcionalidades/processos/reembolso/pagina-inicial/pagina-inicial.component.spec.ts[0m:[93m128[0m:[93m74[0m - [91merror[0m[90m TS2345: [0mArgument of type 'Observable<{}>' is not assignable to parameter of type 'Observable<PermissoesSituacaoProcesso>'.
      Type '{}' is missing the following properties from type 'PermissoesSituacaoProcesso': perfil, status, acessar, editar, and 4 more.

    [7m128[0m   sIASCFluxoServiceSpy.consultarPermissoesFluxoPorPedido.mockReturnValue(of({}));
    [7m   [0m [91m                                                                         ~~~~~~[0m
    [96msrc/app/funcionalidades/processos/reembolso/pagina-inicial/pagina-inicial.component.spec.ts[0m:[93m129[0m:[93m74[0m - [91merror[0m[90m TS2345: [0mArgument of type 'Observable<{}>' is not assignable to parameter of type 'Observable<PermissoesSituacaoProcesso>'.
      Type '{}' is missing the following properties from type 'PermissoesSituacaoProcesso': perfil, status, acessar, editar, and 4 more.

    [7m129[0m   sIASCFluxoServiceSpy.consultarPermissoesFluxoPorPedido.mockReturnValue(of({}));
    [7m   [0m [91m                                                                         ~~~~~~[0m
    [96msrc/app/funcionalidades/processos/reembolso/pagina-inicial/pagina-inicial.component.spec.ts[0m:[93m131[0m:[93m3[0m - [91merror[0m[90m TS2322: [0mType 'Observable<{}>' is not assignable to type 'MockInstance<EventEmitter<boolean>, [isAsync?: boolean], EventEmitter<boolean>> & { prototype: any; } & EventEmitter<boolean>'.
      Type 'Observable<{}>' is missing the following properties from type 'MockInstance<EventEmitter<boolean>, [isAsync?: boolean], EventEmitter<boolean>>': getMockName, mock, mockClear, mockReset, and 13 more.

    [7m131[0m   documentoPedidoServiceSpy.avisoSituacaoPedido = of({});
    [7m   [0m [91m  ~~~~~~~~~~~~~~~~~~~~~~~~~~~~~~~~~~~~~~~~~~~~~[0m
    [96msrc/app/funcionalidades/processos/reembolso/pagina-inicial/pagina-inicial.component.spec.ts[0m:[93m133[0m:[93m3[0m - [91merror[0m[90m TS2740: [0mType '{ params: { id: number; }; queryParams: {}; }' is missing the following properties from type 'ActivatedRouteSnapshot': url, fragment, data, outlet, and 10 more.

    [7m133[0m   activatedRouteSpy.snapshot = {
    [7m   [0m [91m  ~~~~~~~~~~~~~~~~~~~~~~~~~~[0m
    [96msrc/app/funcionalidades/processos/reembolso/pagina-inicial/pagina-inicial.component.spec.ts[0m:[93m142[0m:[93m21[0m - [91merror[0m[90m TS2540: [0mCannot assign to 'paramMap' because it is a read-only property.

    [7m142[0m   activatedRouteSpy.paramMap = of({});
    [7m   [0m [91m                    ~~~~~~~~[0m

FAIL src/app/funcionalidades/processos/reembolso/procedimento/procedimento.component.spec.ts
  ● Test suite failed to run

    [96msrc/app/funcionalidades/processos/reembolso/procedimento/procedimento.component.spec.ts[0m:[93m30[0m:[93m29[0m - [91merror[0m[90m TS2352: [0mConversion of type '{ getDescription: jest.Mock<any, any, any>; }' to type 'Mocked<Partial<ActivatedRoute>>' may be a mistake because neither type sufficiently overlaps with the other. If this was intentional, convert the expression to 'unknown' first.
      Type '{ getDescription: jest.Mock<any, any, any>; }' is not comparable to type '{ outlet?: string; component?: MockedClass<Type<any>>; snapshot?: ActivatedRouteSnapshot; readonly title?: Observable<string>; ... 13 more ...; toString?: MockInstance<...>; }'.
        Types of property 'toString' are incompatible.
          Type '() => string' is not comparable to type 'MockInstance<string, [], unknown>'.

    [7m30[0m   const activatedRouteSpy = {
    [7m  [0m [91m                            ~[0m
    [7m31[0m     getDescription: jest.fn()
    [7m  [0m [91m~~~~~~~~~~~~~~~~~~~~~~~~~~~~~[0m
    [7m32[0m   } as jest.Mocked<Partial<ActivatedRoute>>;
    [7m  [0m [91m~~~~~~~~~~~~~~~~~~~~~~~~~~~~~~~~~~~~~~~~~~~[0m
    [96msrc/app/funcionalidades/processos/reembolso/procedimento/procedimento.component.spec.ts[0m:[93m36[0m:[93m23[0m - [91merror[0m[90m TS2352: [0mConversion of type '{ getDescription: jest.Mock<any, any, any>; }' to type 'Mocked<Partial<Location>>' may be a mistake because neither type sufficiently overlaps with the other. If this was intentional, convert the expression to 'unknown' first.
      Type '{ getDescription: jest.Mock<any, any, any>; }' is not comparable to type '{ readonly ancestorOrigins?: DOMStringList; hash?: string; host?: string; hostname?: string; href?: string; toString?: MockInstance<string, [], unknown>; readonly origin?: string; ... 6 more ...; replace?: MockInstance<...>; }'.
        Types of property 'toString' are incompatible.
          Type '() => string' is not comparable to type 'MockInstance<string, [], unknown>'.

    [7m36[0m   const locationSpy = {
    [7m  [0m [91m                      ~[0m
    [7m37[0m     getDescription: jest.fn()
    [7m  [0m [91m~~~~~~~~~~~~~~~~~~~~~~~~~~~~~[0m
    [7m38[0m   } as jest.Mocked<Partial<Location>>;
    [7m  [0m [91m~~~~~~~~~~~~~~~~~~~~~~~~~~~~~~~~~~~~~[0m
    [96msrc/app/funcionalidades/processos/reembolso/procedimento/procedimento.component.spec.ts[0m:[93m119[0m:[93m3[0m - [91merror[0m[90m TS2322: [0mType 'Observable<{}>' is not assignable to type 'MockInstance<Observable<any>, [filtro: FiltroConsultaPrestadorExterno], unknown> & ((filtro: FiltroConsultaPrestadorExterno) => Observable<...>)'.
      Type 'Observable<{}>' is missing the following properties from type 'MockInstance<Observable<any>, [filtro: FiltroConsultaPrestadorExterno], unknown>': getMockName, mock, mockClear, mockReset, and 13 more.

    [7m119[0m   prestadorExternoServiceSpy.consultarUsuarioExternoPorFiltro = of({})
    [7m   [0m [91m  ~~~~~~~~~~~~~~~~~~~~~~~~~~~~~~~~~~~~~~~~~~~~~~~~~~~~~~~~~~~[0m
    [96msrc/app/funcionalidades/processos/reembolso/procedimento/procedimento.component.spec.ts[0m:[93m121[0m:[93m75[0m - [91merror[0m[90m TS2345: [0mArgument of type 'Observable<{}>' is not assignable to parameter of type 'Observable<DadoComboDTO[]>'.
      Type '{}' is missing the following properties from type 'DadoComboDTO[]': length, pop, push, concat, and 29 more.

    [7m121[0m   comboServiceSpy.consultarComboPerfisPrestadoresExternos.mockReturnValue(of({}));
    [7m   [0m [91m                                                                          ~~~~~~[0m
    [96msrc/app/funcionalidades/processos/reembolso/procedimento/procedimento.component.spec.ts[0m:[93m122[0m:[93m62[0m - [91merror[0m[90m TS2345: [0mArgument of type 'Observable<{}>' is not assignable to parameter of type 'Observable<DadoComboDTO[]>'.
      Type '{}' is missing the following properties from type 'DadoComboDTO[]': length, pop, push, concat, and 29 more.

    [7m122[0m   comboServiceSpy.consultarComboTiposAuditor.mockReturnValue(of({}));
    [7m   [0m [91m                                                             ~~~~~~[0m
    [96msrc/app/funcionalidades/processos/reembolso/procedimento/procedimento.component.spec.ts[0m:[93m123[0m:[93m58[0m - [91merror[0m[90m TS2345: [0mArgument of type 'Observable<{}>' is not assignable to parameter of type 'Observable<TipoDocumento[]>'.
      Type '{}' is missing the following properties from type 'TipoDocumento[]': length, pop, push, concat, and 29 more.

    [7m123[0m   tipoDocumentoServiceSpy.consultarTodos.mockReturnValue(of({}));
    [7m   [0m [91m                                                         ~~~~~~[0m
    [96msrc/app/funcionalidades/processos/reembolso/procedimento/procedimento.component.spec.ts[0m:[93m124[0m:[93m43[0m - [91merror[0m[90m TS2345: [0mArgument of type 'Observable<{}>' is not assignable to parameter of type 'Observable<Documento | Documento[]>'.
      Type '{}' is not assignable to type 'Documento | Documento[]'.

    [7m124[0m   documentoServiceSpy.get.mockReturnValue(of({}));
    [7m   [0m [91m                                          ~~~~~~[0m
    [96msrc/app/funcionalidades/processos/reembolso/procedimento/procedimento.component.spec.ts[0m:[93m125[0m:[93m64[0m - [91merror[0m[90m TS2345: [0mArgument of type 'Observable<{}>' is not assignable to parameter of type 'Observable<Documento[]>'.
      Type '{}' is missing the following properties from type 'Documento[]': length, pop, push, concat, and 29 more.

    [7m125[0m   prazoTratamentoServiceSpy.consultarPorFiltro.mockReturnValue(of({}));
    [7m   [0m [91m                                                               ~~~~~~[0m
    [96msrc/app/funcionalidades/processos/reembolso/procedimento/procedimento.component.spec.ts[0m:[93m126[0m:[93m78[0m - [91merror[0m[90m TS2345: [0mArgument of type 'Observable<{}>' is not assignable to parameter of type 'Observable<SituacaoProcesso[]>'.
      Type '{}' is missing the following properties from type 'SituacaoProcesso[]': length, pop, push, concat, and 29 more.

    [7m126[0m   situacaoProcessoServiceSpy.consultarTodasTransicoesManuais.mockReturnValue(of({}));
    [7m   [0m [91m                                                                             ~~~~~~[0m
    [96msrc/app/funcionalidades/processos/reembolso/procedimento/procedimento.component.spec.ts[0m:[93m127[0m:[93m57[0m - [91merror[0m[90m TS2345: [0mArgument of type 'Observable<{}>' is not assignable to parameter of type 'Observable<Patologia>'.
      Property 'id' is missing in type '{}' but required in type 'Patologia'.

    [7m127[0m   patologiaServiceSpy.consultarDTOPorId.mockReturnValue(of({}));
    [7m   [0m [91m                                                        ~~~~~~[0m

      [96msrc/app/shared/models/comum/patologia.ts[0m:[93m17[0m:[93m21[0m
        [7m17[0m     public override id: number;
        [7m  [0m [96m                    ~~[0m
        'id' is declared here.
    [96msrc/app/funcionalidades/processos/reembolso/procedimento/procedimento.component.spec.ts[0m:[93m128[0m:[93m74[0m - [91merror[0m[90m TS2345: [0mArgument of type 'Observable<{}>' is not assignable to parameter of type 'Observable<PermissoesSituacaoProcesso>'.
      Type '{}' is missing the following properties from type 'PermissoesSituacaoProcesso': perfil, status, acessar, editar, and 4 more.

    [7m128[0m   sIASCFluxoServiceSpy.consultarPermissoesFluxoPorPedido.mockReturnValue(of({}));
    [7m   [0m [91m                                                                         ~~~~~~[0m
    [96msrc/app/funcionalidades/processos/reembolso/procedimento/procedimento.component.spec.ts[0m:[93m129[0m:[93m74[0m - [91merror[0m[90m TS2345: [0mArgument of type 'Observable<{}>' is not assignable to parameter of type 'Observable<PermissoesSituacaoProcesso>'.
      Type '{}' is missing the following properties from type 'PermissoesSituacaoProcesso': perfil, status, acessar, editar, and 4 more.

    [7m129[0m   sIASCFluxoServiceSpy.consultarPermissoesFluxoPorPedido.mockReturnValue(of({}));
    [7m   [0m [91m                                                                         ~~~~~~[0m
    [96msrc/app/funcionalidades/processos/reembolso/procedimento/procedimento.component.spec.ts[0m:[93m131[0m:[93m3[0m - [91merror[0m[90m TS2322: [0mType 'Observable<{}>' is not assignable to type 'MockInstance<EventEmitter<boolean>, [isAsync?: boolean], EventEmitter<boolean>> & { prototype: any; } & EventEmitter<boolean>'.
      Type 'Observable<{}>' is missing the following properties from type 'MockInstance<EventEmitter<boolean>, [isAsync?: boolean], EventEmitter<boolean>>': getMockName, mock, mockClear, mockReset, and 13 more.

    [7m131[0m   documentoPedidoServiceSpy.avisoSituacaoPedido = of({});
    [7m   [0m [91m  ~~~~~~~~~~~~~~~~~~~~~~~~~~~~~~~~~~~~~~~~~~~~~[0m
    [96msrc/app/funcionalidades/processos/reembolso/procedimento/procedimento.component.spec.ts[0m:[93m133[0m:[93m3[0m - [91merror[0m[90m TS2740: [0mType '{ params: { id: number; }; queryParams: {}; }' is missing the following properties from type 'ActivatedRouteSnapshot': url, fragment, data, outlet, and 10 more.

    [7m133[0m   activatedRouteSpy.snapshot = {
    [7m   [0m [91m  ~~~~~~~~~~~~~~~~~~~~~~~~~~[0m
    [96msrc/app/funcionalidades/processos/reembolso/procedimento/procedimento.component.spec.ts[0m:[93m142[0m:[93m21[0m - [91merror[0m[90m TS2540: [0mCannot assign to 'paramMap' because it is a read-only property.

    [7m142[0m   activatedRouteSpy.paramMap = of({});
    [7m   [0m [91m                    ~~~~~~~~[0m

FAIL src/app/funcionalidades/processos/reembolso/resumo/resumo.component.spec.ts
  ● Test suite failed to run

    [96msrc/app/funcionalidades/processos/reembolso/resumo/resumo.component.spec.ts[0m:[93m31[0m:[93m29[0m - [91merror[0m[90m TS2352: [0mConversion of type '{ getDescription: jest.Mock<any, any, any>; }' to type 'Mocked<Partial<ActivatedRoute>>' may be a mistake because neither type sufficiently overlaps with the other. If this was intentional, convert the expression to 'unknown' first.
      Type '{ getDescription: jest.Mock<any, any, any>; }' is not comparable to type '{ outlet?: string; component?: MockedClass<Type<any>>; snapshot?: ActivatedRouteSnapshot; readonly title?: Observable<string>; ... 13 more ...; toString?: MockInstance<...>; }'.
        Types of property 'toString' are incompatible.
          Type '() => string' is not comparable to type 'MockInstance<string, [], unknown>'.

    [7m31[0m   const activatedRouteSpy = {
    [7m  [0m [91m                            ~[0m
    [7m32[0m     getDescription: jest.fn()
    [7m  [0m [91m~~~~~~~~~~~~~~~~~~~~~~~~~~~~~[0m
    [7m33[0m   } as jest.Mocked<Partial<ActivatedRoute>>;
    [7m  [0m [91m~~~~~~~~~~~~~~~~~~~~~~~~~~~~~~~~~~~~~~~~~~~[0m
    [96msrc/app/funcionalidades/processos/reembolso/resumo/resumo.component.spec.ts[0m:[93m37[0m:[93m23[0m - [91merror[0m[90m TS2352: [0mConversion of type '{ getDescription: jest.Mock<any, any, any>; }' to type 'Mocked<Partial<Location>>' may be a mistake because neither type sufficiently overlaps with the other. If this was intentional, convert the expression to 'unknown' first.
      Type '{ getDescription: jest.Mock<any, any, any>; }' is not comparable to type '{ readonly ancestorOrigins?: DOMStringList; hash?: string; host?: string; hostname?: string; href?: string; toString?: MockInstance<string, [], unknown>; readonly origin?: string; ... 6 more ...; replace?: MockInstance<...>; }'.
        Types of property 'toString' are incompatible.
          Type '() => string' is not comparable to type 'MockInstance<string, [], unknown>'.

    [7m37[0m   const locationSpy = {
    [7m  [0m [91m                      ~[0m
    [7m38[0m     getDescription: jest.fn()
    [7m  [0m [91m~~~~~~~~~~~~~~~~~~~~~~~~~~~~~[0m
    [7m39[0m   } as jest.Mocked<Partial<Location>>;
    [7m  [0m [91m~~~~~~~~~~~~~~~~~~~~~~~~~~~~~~~~~~~~~[0m
    [96msrc/app/funcionalidades/processos/reembolso/resumo/resumo.component.spec.ts[0m:[93m129[0m:[93m3[0m - [91merror[0m[90m TS2322: [0mType 'Observable<{}>' is not assignable to type 'MockInstance<Observable<any>, [filtro: FiltroConsultaPrestadorExterno], unknown> & ((filtro: FiltroConsultaPrestadorExterno) => Observable<...>)'.
      Type 'Observable<{}>' is missing the following properties from type 'MockInstance<Observable<any>, [filtro: FiltroConsultaPrestadorExterno], unknown>': getMockName, mock, mockClear, mockReset, and 13 more.

    [7m129[0m   prestadorExternoServiceSpy.consultarUsuarioExternoPorFiltro = of({})
    [7m   [0m [91m  ~~~~~~~~~~~~~~~~~~~~~~~~~~~~~~~~~~~~~~~~~~~~~~~~~~~~~~~~~~~[0m
    [96msrc/app/funcionalidades/processos/reembolso/resumo/resumo.component.spec.ts[0m:[93m131[0m:[93m75[0m - [91merror[0m[90m TS2345: [0mArgument of type 'Observable<{}>' is not assignable to parameter of type 'Observable<DadoComboDTO[]>'.
      Type '{}' is missing the following properties from type 'DadoComboDTO[]': length, pop, push, concat, and 29 more.

    [7m131[0m   comboServiceSpy.consultarComboPerfisPrestadoresExternos.mockReturnValue(of({}));
    [7m   [0m [91m                                                                          ~~~~~~[0m
    [96msrc/app/funcionalidades/processos/reembolso/resumo/resumo.component.spec.ts[0m:[93m132[0m:[93m62[0m - [91merror[0m[90m TS2345: [0mArgument of type 'Observable<{}>' is not assignable to parameter of type 'Observable<DadoComboDTO[]>'.
      Type '{}' is missing the following properties from type 'DadoComboDTO[]': length, pop, push, concat, and 29 more.

    [7m132[0m   comboServiceSpy.consultarComboTiposAuditor.mockReturnValue(of({}));
    [7m   [0m [91m                                                             ~~~~~~[0m
    [96msrc/app/funcionalidades/processos/reembolso/resumo/resumo.component.spec.ts[0m:[93m133[0m:[93m58[0m - [91merror[0m[90m TS2345: [0mArgument of type 'Observable<{}>' is not assignable to parameter of type 'Observable<TipoDocumento[]>'.
      Type '{}' is missing the following properties from type 'TipoDocumento[]': length, pop, push, concat, and 29 more.

    [7m133[0m   tipoDocumentoServiceSpy.consultarTodos.mockReturnValue(of({}));
    [7m   [0m [91m                                                         ~~~~~~[0m
    [96msrc/app/funcionalidades/processos/reembolso/resumo/resumo.component.spec.ts[0m:[93m134[0m:[93m43[0m - [91merror[0m[90m TS2345: [0mArgument of type 'Observable<{}>' is not assignable to parameter of type 'Observable<Documento | Documento[]>'.
      Type '{}' is not assignable to type 'Documento | Documento[]'.

    [7m134[0m   documentoServiceSpy.get.mockReturnValue(of({}));
    [7m   [0m [91m                                          ~~~~~~[0m
    [96msrc/app/funcionalidades/processos/reembolso/resumo/resumo.component.spec.ts[0m:[93m135[0m:[93m64[0m - [91merror[0m[90m TS2345: [0mArgument of type 'Observable<{}>' is not assignable to parameter of type 'Observable<Documento[]>'.
      Type '{}' is missing the following properties from type 'Documento[]': length, pop, push, concat, and 29 more.

    [7m135[0m   prazoTratamentoServiceSpy.consultarPorFiltro.mockReturnValue(of({}));
    [7m   [0m [91m                                                               ~~~~~~[0m
    [96msrc/app/funcionalidades/processos/reembolso/resumo/resumo.component.spec.ts[0m:[93m136[0m:[93m78[0m - [91merror[0m[90m TS2345: [0mArgument of type 'Observable<{}>' is not assignable to parameter of type 'Observable<SituacaoProcesso[]>'.
      Type '{}' is missing the following properties from type 'SituacaoProcesso[]': length, pop, push, concat, and 29 more.

    [7m136[0m   situacaoProcessoServiceSpy.consultarTodasTransicoesManuais.mockReturnValue(of({}));
    [7m   [0m [91m                                                                             ~~~~~~[0m
    [96msrc/app/funcionalidades/processos/reembolso/resumo/resumo.component.spec.ts[0m:[93m137[0m:[93m57[0m - [91merror[0m[90m TS2345: [0mArgument of type 'Observable<{}>' is not assignable to parameter of type 'Observable<Patologia>'.
      Property 'id' is missing in type '{}' but required in type 'Patologia'.

    [7m137[0m   patologiaServiceSpy.consultarDTOPorId.mockReturnValue(of({}));
    [7m   [0m [91m                                                        ~~~~~~[0m

      [96msrc/app/shared/models/comum/patologia.ts[0m:[93m17[0m:[93m21[0m
        [7m17[0m     public override id: number;
        [7m  [0m [96m                    ~~[0m
        'id' is declared here.
    [96msrc/app/funcionalidades/processos/reembolso/resumo/resumo.component.spec.ts[0m:[93m138[0m:[93m74[0m - [91merror[0m[90m TS2345: [0mArgument of type 'Observable<{}>' is not assignable to parameter of type 'Observable<PermissoesSituacaoProcesso>'.
      Type '{}' is missing the following properties from type 'PermissoesSituacaoProcesso': perfil, status, acessar, editar, and 4 more.

    [7m138[0m   sIASCFluxoServiceSpy.consultarPermissoesFluxoPorPedido.mockReturnValue(of({}));
    [7m   [0m [91m                                                                         ~~~~~~[0m
    [96msrc/app/funcionalidades/processos/reembolso/resumo/resumo.component.spec.ts[0m:[93m139[0m:[93m74[0m - [91merror[0m[90m TS2345: [0mArgument of type 'Observable<{}>' is not assignable to parameter of type 'Observable<PermissoesSituacaoProcesso>'.
      Type '{}' is missing the following properties from type 'PermissoesSituacaoProcesso': perfil, status, acessar, editar, and 4 more.

    [7m139[0m   sIASCFluxoServiceSpy.consultarPermissoesFluxoPorPedido.mockReturnValue(of({}));
    [7m   [0m [91m                                                                         ~~~~~~[0m
    [96msrc/app/funcionalidades/processos/reembolso/resumo/resumo.component.spec.ts[0m:[93m141[0m:[93m3[0m - [91merror[0m[90m TS2322: [0mType 'Observable<{}>' is not assignable to type 'MockInstance<EventEmitter<boolean>, [isAsync?: boolean], EventEmitter<boolean>> & { prototype: any; } & EventEmitter<boolean>'.
      Type 'Observable<{}>' is missing the following properties from type 'MockInstance<EventEmitter<boolean>, [isAsync?: boolean], EventEmitter<boolean>>': getMockName, mock, mockClear, mockReset, and 13 more.

    [7m141[0m   documentoPedidoServiceSpy.avisoSituacaoPedido = of({});
    [7m   [0m [91m  ~~~~~~~~~~~~~~~~~~~~~~~~~~~~~~~~~~~~~~~~~~~~~[0m
    [96msrc/app/funcionalidades/processos/reembolso/resumo/resumo.component.spec.ts[0m:[93m143[0m:[93m3[0m - [91merror[0m[90m TS2740: [0mType '{ params: { id: number; }; queryParams: {}; }' is missing the following properties from type 'ActivatedRouteSnapshot': url, fragment, data, outlet, and 10 more.

    [7m143[0m   activatedRouteSpy.snapshot = {
    [7m   [0m [91m  ~~~~~~~~~~~~~~~~~~~~~~~~~~[0m
    [96msrc/app/funcionalidades/processos/reembolso/resumo/resumo.component.spec.ts[0m:[93m152[0m:[93m21[0m - [91merror[0m[90m TS2540: [0mCannot assign to 'paramMap' because it is a read-only property.

    [7m152[0m   activatedRouteSpy.paramMap = of({});
    [7m   [0m [91m                    ~~~~~~~~[0m

FAIL src/app/funcionalidades/processos/reembolso/documentos-fiscal/documentos-fiscal.component.spec.ts
  ● Test suite failed to run

    [96msrc/app/funcionalidades/processos/reembolso/documentos-fiscal/documentos-fiscal.component.spec.ts[0m:[93m140[0m:[93m3[0m - [91merror[0m[90m TS2554: [0mExpected 2 arguments, but got 3.

    [7m140[0m   beforeEach(async () => {
    [7m   [0m [91m  ~~~~~~~~~~~~~~~~~~~~~~~~[0m
    [7m141[0m     await TestBed.configureTestingModule({
    [7m   [0m [91m~~~~~~~~~~~~~~~~~~~~~~~~~~~~~~~~~~~~~~~~~~[0m
    [7m...[0m 
    [7m191[0m     }).compileComponents();
    [7m   [0m [91m~~~~~~~~~~~~~~~~~~~~~~~~~~~[0m
    [7m192[0m     });
    [7m   [0m [91m~~~~~~[0m
    [96msrc/app/funcionalidades/processos/reembolso/documentos-fiscal/documentos-fiscal.component.spec.ts[0m:[93m155[0m:[93m46[0m - [91merror[0m[90m TS2552: [0mCannot find name 'messageServiceSpy'. Did you mean 'MessageService'?

    [7m155[0m         { provide: MessageService, useValue: messageServiceSpy },
    [7m   [0m [91m                                             ~~~~~~~~~~~~~~~~~[0m
    [96msrc/app/funcionalidades/processos/reembolso/documentos-fiscal/documentos-fiscal.component.spec.ts[0m:[93m156[0m:[93m62[0m - [91merror[0m[90m TS2552: [0mCannot find name 'empresaPrestadorExternoServiceSpy'. Did you mean 'EmpresaPrestadorExternoService'?

    [7m156[0m         { provide: EmpresaPrestadorExternoService, useValue: empresaPrestadorExternoServiceSpy },
    [7m   [0m [91m                                                             ~~~~~~~~~~~~~~~~~~~~~~~~~~~~~~~~~[0m
    [96msrc/app/funcionalidades/processos/reembolso/documentos-fiscal/documentos-fiscal.component.spec.ts[0m:[93m157[0m:[93m46[0m - [91merror[0m[90m TS2552: [0mCannot find name 'activatedRouteSpy'. Did you mean 'ActivatedRoute'?

    [7m157[0m         { provide: ActivatedRoute, useValue: activatedRouteSpy },
    [7m   [0m [91m                                             ~~~~~~~~~~~~~~~~~[0m
    [96msrc/app/funcionalidades/processos/reembolso/documentos-fiscal/documentos-fiscal.component.spec.ts[0m:[93m158[0m:[93m38[0m - [91merror[0m[90m TS2552: [0mCannot find name 'routerSpy'. Did you mean 'Router'?

    [7m158[0m         { provide: Router, useValue: routerSpy },
    [7m   [0m [91m                                     ~~~~~~~~~[0m
    [96msrc/app/funcionalidades/processos/reembolso/documentos-fiscal/documentos-fiscal.component.spec.ts[0m:[93m159[0m:[93m40[0m - [91merror[0m[90m TS2552: [0mCannot find name 'locationSpy'. Did you mean 'location'?

    [7m159[0m         { provide: Location, useValue: locationSpy },
    [7m   [0m [91m                                       ~~~~~~~~~~~[0m

      [96mnode_modules/typescript/lib/lib.dom.d.ts[0m:[93m27014[0m:[93m13[0m
        [7m27014[0m declare var location: Location;
        [7m     [0m [96m            ~~~~~~~~[0m
        'location' is declared here.
    [96msrc/app/funcionalidades/processos/reembolso/documentos-fiscal/documentos-fiscal.component.spec.ts[0m:[93m160[0m:[93m44[0m - [91merror[0m[90m TS2304: [0mCannot find name 'comboServiceSpy'.

    [7m160[0m         { provide: ComboService, useValue: comboServiceSpy },
    [7m   [0m [91m                                           ~~~~~~~~~~~~~~~[0m
    [96msrc/app/funcionalidades/processos/reembolso/documentos-fiscal/documentos-fiscal.component.spec.ts[0m:[93m161[0m:[93m52[0m - [91merror[0m[90m TS2304: [0mCannot find name 'tipoDocumentoServiceSpy'.

    [7m161[0m         { provide: TipoDocumentoService, useValue: tipoDocumentoServiceSpy },
    [7m   [0m [91m                                                   ~~~~~~~~~~~~~~~~~~~~~~~[0m
    [96msrc/app/funcionalidades/processos/reembolso/documentos-fiscal/documentos-fiscal.component.spec.ts[0m:[93m162[0m:[93m48[0m - [91merror[0m[90m TS2304: [0mCannot find name 'documentoServiceSpy'.

    [7m162[0m         { provide: DocumentoService, useValue: documentoServiceSpy },
    [7m   [0m [91m                                               ~~~~~~~~~~~~~~~~~~~[0m
    [96msrc/app/funcionalidades/processos/reembolso/documentos-fiscal/documentos-fiscal.component.spec.ts[0m:[93m163[0m:[93m54[0m - [91merror[0m[90m TS2304: [0mCannot find name 'prazoTratamentoServiceSpy'.

    [7m163[0m         { provide: PrazoTratamentoService, useValue: prazoTratamentoServiceSpy },
    [7m   [0m [91m                                                     ~~~~~~~~~~~~~~~~~~~~~~~~~[0m
    [96msrc/app/funcionalidades/processos/reembolso/documentos-fiscal/documentos-fiscal.component.spec.ts[0m:[93m164[0m:[93m55[0m - [91merror[0m[90m TS2304: [0mCannot find name 'tipoBeneficiarioServiceSpy'.

    [7m164[0m         { provide: TipoBeneficiarioService, useValue: tipoBeneficiarioServiceSpy },
    [7m   [0m [91m                                                      ~~~~~~~~~~~~~~~~~~~~~~~~~~[0m
    [96msrc/app/funcionalidades/processos/reembolso/documentos-fiscal/documentos-fiscal.component.spec.ts[0m:[93m165[0m:[93m55[0m - [91merror[0m[90m TS2304: [0mCannot find name 'situacaoProcessoServiceSpy'.

    [7m165[0m         { provide: SituacaoProcessoService, useValue: situacaoProcessoServiceSpy },
    [7m   [0m [91m                                                      ~~~~~~~~~~~~~~~~~~~~~~~~~~[0m
    [96msrc/app/funcionalidades/processos/reembolso/documentos-fiscal/documentos-fiscal.component.spec.ts[0m:[93m166[0m:[93m48[0m - [91merror[0m[90m TS2304: [0mCannot find name 'patologiaServiceSpy'.

    [7m166[0m         { provide: PatologiaService, useValue: patologiaServiceSpy },
    [7m   [0m [91m                                               ~~~~~~~~~~~~~~~~~~~[0m
    [96msrc/app/funcionalidades/processos/reembolso/documentos-fiscal/documentos-fiscal.component.spec.ts[0m:[93m167[0m:[93m51[0m - [91merror[0m[90m TS2304: [0mCannot find name 'tipoProcessoServiceSpy'.

    [7m167[0m         { provide: TipoProcessoService, useValue: tipoProcessoServiceSpy },
    [7m   [0m [91m                                                  ~~~~~~~~~~~~~~~~~~~~~~[0m
    [96msrc/app/funcionalidades/processos/reembolso/documentos-fiscal/documentos-fiscal.component.spec.ts[0m:[93m168[0m:[93m45[0m - [91merror[0m[90m TS2304: [0mCannot find name 'sessaoServiceSpy'.

    [7m168[0m         { provide: SessaoService, useValue: sessaoServiceSpy },
    [7m   [0m [91m                                            ~~~~~~~~~~~~~~~~[0m
    [96msrc/app/funcionalidades/processos/reembolso/documentos-fiscal/documentos-fiscal.component.spec.ts[0m:[93m169[0m:[93m55[0m - [91merror[0m[90m TS2304: [0mCannot find name 'prestadorExternoServiceSpy'.

    [7m169[0m         { provide: PrestadorExternoService, useValue: prestadorExternoServiceSpy },
    [7m   [0m [91m                                                      ~~~~~~~~~~~~~~~~~~~~~~~~~~[0m
    [96msrc/app/funcionalidades/processos/reembolso/documentos-fiscal/documentos-fiscal.component.spec.ts[0m:[93m170[0m:[93m47[0m - [91merror[0m[90m TS2304: [0mCannot find name 'processoServiceSpy'.

    [7m170[0m         { provide: ProcessoService, useValue: processoServiceSpy },
    [7m   [0m [91m                                              ~~~~~~~~~~~~~~~~~~[0m
    [96msrc/app/funcionalidades/processos/reembolso/documentos-fiscal/documentos-fiscal.component.spec.ts[0m:[93m171[0m:[93m49[0m - [91merror[0m[90m TS2304: [0mCannot find name 'sIASCFluxoServiceSpy'.

    [7m171[0m         { provide: SIASCFluxoService, useValue: sIASCFluxoServiceSpy },
    [7m   [0m [91m                                                ~~~~~~~~~~~~~~~~~~~~[0m
    [96msrc/app/funcionalidades/processos/reembolso/documentos-fiscal/documentos-fiscal.component.spec.ts[0m:[93m172[0m:[93m56[0m - [91merror[0m[90m TS2304: [0mCannot find name 'autorizacaoPreviaServiceSpy'.

    [7m172[0m         { provide: AutorizacaoPreviaService, useValue: autorizacaoPreviaServiceSpy },
    [7m   [0m [91m                                                       ~~~~~~~~~~~~~~~~~~~~~~~~~~~[0m
    [96msrc/app/funcionalidades/processos/reembolso/documentos-fiscal/documentos-fiscal.component.spec.ts[0m:[93m173[0m:[93m51[0m - [91merror[0m[90m TS2304: [0mCannot find name 'procedimentoServiceeSpy'.

    [7m173[0m         { provide: ProcedimentoService, useValue: procedimentoServiceeSpy },
    [7m   [0m [91m                                                  ~~~~~~~~~~~~~~~~~~~~~~~[0m
    [96msrc/app/funcionalidades/processos/reembolso/documentos-fiscal/documentos-fiscal.component.spec.ts[0m:[93m174[0m:[93m57[0m - [91merror[0m[90m TS2304: [0mCannot find name 'caraterSolicitacaoServiceSpy'.

    [7m174[0m         { provide: CaraterSolicitacaoService, useValue: caraterSolicitacaoServiceSpy },
    [7m   [0m [91m                                                        ~~~~~~~~~~~~~~~~~~~~~~~~~~~~[0m
    [96msrc/app/funcionalidades/processos/reembolso/documentos-fiscal/documentos-fiscal.component.spec.ts[0m:[93m175[0m:[93m56[0m - [91merror[0m[90m TS2304: [0mCannot find name 'motivoSolicitacaoServiceSpy'.

    [7m175[0m         { provide: MotivoSolicitacaoService, useValue: motivoSolicitacaoServiceSpy },
    [7m   [0m [91m                                                       ~~~~~~~~~~~~~~~~~~~~~~~~~~~[0m
    [96msrc/app/funcionalidades/processos/reembolso/documentos-fiscal/documentos-fiscal.component.spec.ts[0m:[93m176[0m:[93m52[0m - [91merror[0m[90m TS2304: [0mCannot find name 'motivoNegacaoServiceSpy'.

    [7m176[0m         { provide: MotivoNegacaoService, useValue: motivoNegacaoServiceSpy },
    [7m   [0m [91m                                                   ~~~~~~~~~~~~~~~~~~~~~~~[0m
    [96msrc/app/funcionalidades/processos/reembolso/documentos-fiscal/documentos-fiscal.component.spec.ts[0m:[93m177[0m:[93m53[0m - [91merror[0m[90m TS2304: [0mCannot find name 'tipoOcorrenciaServiceSpy'.

    [7m177[0m         { provide: TipoOcorrenciaService, useValue: tipoOcorrenciaServiceSpy },
    [7m   [0m [91m                                                    ~~~~~~~~~~~~~~~~~~~~~~~~[0m
    [96msrc/app/funcionalidades/processos/reembolso/documentos-fiscal/documentos-fiscal.component.spec.ts[0m:[93m178[0m:[93m57[0m - [91merror[0m[90m TS2304: [0mCannot find name 'procedimentoPedidoServiceSpy'.

    [7m178[0m         { provide: ProcedimentoPedidoService, useValue: procedimentoPedidoServiceSpy },
    [7m   [0m [91m                                                        ~~~~~~~~~~~~~~~~~~~~~~~~~~~~[0m
    [96msrc/app/funcionalidades/processos/reembolso/documentos-fiscal/documentos-fiscal.component.spec.ts[0m:[93m179[0m:[93m51[0m - [91merror[0m[90m TS2304: [0mCannot find name 'beneficiarioServiceSpy'.

    [7m179[0m         { provide: BeneficiarioService, useValue: beneficiarioServiceSpy },
    [7m   [0m [91m                                                  ~~~~~~~~~~~~~~~~~~~~~~[0m
    [96msrc/app/funcionalidades/processos/reembolso/documentos-fiscal/documentos-fiscal.component.spec.ts[0m:[93m180[0m:[93m49[0m - [91merror[0m[90m TS2304: [0mCannot find name 'fileUploadServiceSpy'.

    [7m180[0m         { provide: FileUploadService, useValue: fileUploadServiceSpy },
    [7m   [0m [91m                                                ~~~~~~~~~~~~~~~~~~~~[0m
    [96msrc/app/funcionalidades/processos/reembolso/documentos-fiscal/documentos-fiscal.component.spec.ts[0m:[93m181[0m:[93m65[0m - [91merror[0m[90m TS2304: [0mCannot find name 'situacaoPedidoProcedimentoServiceSpy'.

    [7m181[0m         { provide: SituacaoPedidoProcedimentoService, useValue: situacaoPedidoProcedimentoServiceSpy },
    [7m   [0m [91m                                                                ~~~~~~~~~~~~~~~~~~~~~~~~~~~~~~~~~~~~[0m
    [96msrc/app/funcionalidades/processos/reembolso/documentos-fiscal/documentos-fiscal.component.spec.ts[0m:[93m182[0m:[93m50[0m - [91merror[0m[90m TS2304: [0mCannot find name 'medicamentoServiceSpy'.

    [7m182[0m         { provide: MedicamentoService, useValue: medicamentoServiceSpy },
    [7m   [0m [91m                                                 ~~~~~~~~~~~~~~~~~~~~~[0m
    [96msrc/app/funcionalidades/processos/reembolso/documentos-fiscal/documentos-fiscal.component.spec.ts[0m:[93m183[0m:[93m65[0m - [91merror[0m[90m TS2304: [0mCannot find name 'medicamentoPatologiaPedidoServiceSpy'.

    [7m183[0m         { provide: MedicamentoPatologiaPedidoService, useValue: medicamentoPatologiaPedidoServiceSpy },
    [7m   [0m [91m                                                                ~~~~~~~~~~~~~~~~~~~~~~~~~~~~~~~~~~~~[0m
    [96msrc/app/funcionalidades/processos/reembolso/documentos-fiscal/documentos-fiscal.component.spec.ts[0m:[93m184[0m:[93m54[0m - [91merror[0m[90m TS2304: [0mCannot find name 'documentoPedidoServiceSpy'.

    [7m184[0m         { provide: DocumentoPedidoService, useValue: documentoPedidoServiceSpy },
    [7m   [0m [91m                                                     ~~~~~~~~~~~~~~~~~~~~~~~~~[0m
    [96msrc/app/funcionalidades/processos/reembolso/documentos-fiscal/documentos-fiscal.component.spec.ts[0m:[93m185[0m:[93m69[0m - [91merror[0m[90m TS2304: [0mCannot find name 'documentoPedidoServiceSpy'.

    [7m185[0m         { provide: InscricaoProgramasMedicamentosService, useValue: documentoPedidoServiceSpy },
    [7m   [0m [91m                                                                    ~~~~~~~~~~~~~~~~~~~~~~~~~[0m
    [96msrc/app/funcionalidades/processos/reembolso/documentos-fiscal/documentos-fiscal.component.spec.ts[0m:[93m186[0m:[93m49[0m - [91merror[0m[90m TS2304: [0mCannot find name 'documentoPedidoServiceSpy'.

    [7m186[0m         { provide: LocalidadeService, useValue: documentoPedidoServiceSpy },
    [7m   [0m [91m                                                ~~~~~~~~~~~~~~~~~~~~~~~~~[0m
    [96msrc/app/funcionalidades/processos/reembolso/documentos-fiscal/documentos-fiscal.component.spec.ts[0m:[93m195[0m:[93m5[0m - [91merror[0m[90m TS2304: [0mCannot find name 'fixture'.

    [7m195[0m     fixture = TestBed.createComponent(DocumentosFiscalComponent);
    [7m   [0m [91m    ~~~~~~~[0m
    [96msrc/app/funcionalidades/processos/reembolso/documentos-fiscal/documentos-fiscal.component.spec.ts[0m:[93m196[0m:[93m5[0m - [91merror[0m[90m TS2304: [0mCannot find name 'component'.

    [7m196[0m     component = fixture.componentInstance;
    [7m   [0m [91m    ~~~~~~~~~[0m
    [96msrc/app/funcionalidades/processos/reembolso/documentos-fiscal/documentos-fiscal.component.spec.ts[0m:[93m196[0m:[93m17[0m - [91merror[0m[90m TS2304: [0mCannot find name 'fixture'.

    [7m196[0m     component = fixture.componentInstance;
    [7m   [0m [91m                ~~~~~~~[0m
    [96msrc/app/funcionalidades/processos/reembolso/documentos-fiscal/documentos-fiscal.component.spec.ts[0m:[93m197[0m:[93m5[0m - [91merror[0m[90m TS2304: [0mCannot find name 'fixture'.

    [7m197[0m     fixture.detectChanges();
    [7m   [0m [91m    ~~~~~~~[0m
    [96msrc/app/funcionalidades/processos/reembolso/documentos-fiscal/documentos-fiscal.component.spec.ts[0m:[93m201[0m:[93m12[0m - [91merror[0m[90m TS2304: [0mCannot find name 'component'.

    [7m201[0m     expect(component).toBeTruthy();
    [7m   [0m [91m           ~~~~~~~~~[0m
    [96msrc/app/funcionalidades/processos/reembolso/documentos-fiscal/documentos-fiscal.component.spec.ts[0m:[93m140[0m:[93m3[0m - [91merror[0m[90m TS1005: [0m',' expected.

    [7m140[0m   beforeEach(async () => {
    [7m   [0m [91m  ~~~~~~~~~~[0m
    [96msrc/app/funcionalidades/processos/reembolso/documentos-fiscal/documentos-fiscal.component.spec.ts[0m:[93m192[0m:[93m7[0m - [91merror[0m[90m TS1005: [0m')' expected.

    [7m192[0m     });
    [7m   [0m [91m      ~[0m
    [96msrc/app/funcionalidades/processos/reembolso/documentos-fiscal/documentos-fiscal.component.spec.ts[0m:[93m204[0m:[93m1[0m - [91merror[0m[90m TS1128: [0mDeclaration or statement expected.

    [7m204[0m });
    [7m   [0m [91m~[0m
    [96msrc/app/funcionalidades/processos/reembolso/documentos-fiscal/documentos-fiscal.component.spec.ts[0m:[93m204[0m:[93m2[0m - [91merror[0m[90m TS1128: [0mDeclaration or statement expected.

    [7m204[0m });
    [7m   [0m [91m ~[0m

FAIL src/app/funcionalidades/dependente/renovar/renovar-dependente/renovar-dependente.component.spec.ts
  ● Test suite failed to run

    [96msrc/app/funcionalidades/dependente/renovar/renovar-dependente/renovar-dependente.component.spec.ts[0m:[93m21[0m:[93m29[0m - [91merror[0m[90m TS2352: [0mConversion of type '{ snapshot: { params: { idBeneficiario: number; }; }; }' to type 'Mocked<Partial<ActivatedRoute>>' may be a mistake because neither type sufficiently overlaps with the other. If this was intentional, convert the expression to 'unknown' first.
      Type '{ snapshot: { params: { idBeneficiario: number; }; }; }' is not comparable to type '{ outlet?: string; component?: MockedClass<Type<any>>; snapshot?: ActivatedRouteSnapshot; readonly title?: Observable<string>; ... 13 more ...; toString?: MockInstance<...>; }'.
        Types of property 'snapshot' are incompatible.
          Type '{ params: { idBeneficiario: number; }; }' is missing the following properties from type 'ActivatedRouteSnapshot': url, queryParams, fragment, data, and 11 more.

    [7m 21[0m   const activatedRouteSpy = {
    [7m   [0m [91m                            ~[0m
    [7m 22[0m     snapshot: {
    [7m   [0m [91m~~~~~~~~~~~~~~~[0m
    [7m...[0m 
    [7m 26[0m     }
    [7m   [0m [91m~~~~~[0m
    [7m 27[0m   } as jest.Mocked<Partial<ActivatedRoute>>;
    [7m   [0m [91m~~~~~~~~~~~~~~~~~~~~~~~~~~~~~~~~~~~~~~~~~~~[0m

FAIL src/app/funcionalidades/processos/reembolso/finalidade/finalidade.component.spec.ts
  ● Test suite failed to run

    [96msrc/app/funcionalidades/processos/reembolso/finalidade/finalidade.component.spec.ts[0m:[93m30[0m:[93m29[0m - [91merror[0m[90m TS2352: [0mConversion of type '{ getDescription: jest.Mock<any, any, any>; }' to type 'Mocked<Partial<ActivatedRoute>>' may be a mistake because neither type sufficiently overlaps with the other. If this was intentional, convert the expression to 'unknown' first.
      Type '{ getDescription: jest.Mock<any, any, any>; }' is not comparable to type '{ outlet?: string; component?: MockedClass<Type<any>>; snapshot?: ActivatedRouteSnapshot; readonly title?: Observable<string>; ... 13 more ...; toString?: MockInstance<...>; }'.
        Types of property 'toString' are incompatible.
          Type '() => string' is not comparable to type 'MockInstance<string, [], unknown>'.

    [7m30[0m   const activatedRouteSpy = {
    [7m  [0m [91m                            ~[0m
    [7m31[0m     getDescription: jest.fn()
    [7m  [0m [91m~~~~~~~~~~~~~~~~~~~~~~~~~~~~~[0m
    [7m32[0m   } as jest.Mocked<Partial<ActivatedRoute>>;
    [7m  [0m [91m~~~~~~~~~~~~~~~~~~~~~~~~~~~~~~~~~~~~~~~~~~~[0m
    [96msrc/app/funcionalidades/processos/reembolso/finalidade/finalidade.component.spec.ts[0m:[93m36[0m:[93m23[0m - [91merror[0m[90m TS2352: [0mConversion of type '{ getDescription: jest.Mock<any, any, any>; }' to type 'Mocked<Partial<Location>>' may be a mistake because neither type sufficiently overlaps with the other. If this was intentional, convert the expression to 'unknown' first.
      Type '{ getDescription: jest.Mock<any, any, any>; }' is not comparable to type '{ readonly ancestorOrigins?: DOMStringList; hash?: string; host?: string; hostname?: string; href?: string; toString?: MockInstance<string, [], unknown>; readonly origin?: string; ... 6 more ...; replace?: MockInstance<...>; }'.
        Types of property 'toString' are incompatible.
          Type '() => string' is not comparable to type 'MockInstance<string, [], unknown>'.

    [7m36[0m   const locationSpy = {
    [7m  [0m [91m                      ~[0m
    [7m37[0m     getDescription: jest.fn()
    [7m  [0m [91m~~~~~~~~~~~~~~~~~~~~~~~~~~~~~[0m
    [7m38[0m   } as jest.Mocked<Partial<Location>>;
    [7m  [0m [91m~~~~~~~~~~~~~~~~~~~~~~~~~~~~~~~~~~~~~[0m
    [96msrc/app/funcionalidades/processos/reembolso/finalidade/finalidade.component.spec.ts[0m:[93m119[0m:[93m3[0m - [91merror[0m[90m TS2322: [0mType 'Observable<{}>' is not assignable to type 'MockInstance<Observable<any>, [filtro: FiltroConsultaPrestadorExterno], unknown> & ((filtro: FiltroConsultaPrestadorExterno) => Observable<...>)'.
      Type 'Observable<{}>' is missing the following properties from type 'MockInstance<Observable<any>, [filtro: FiltroConsultaPrestadorExterno], unknown>': getMockName, mock, mockClear, mockReset, and 13 more.

    [7m119[0m   prestadorExternoServiceSpy.consultarUsuarioExternoPorFiltro = of({})
    [7m   [0m [91m  ~~~~~~~~~~~~~~~~~~~~~~~~~~~~~~~~~~~~~~~~~~~~~~~~~~~~~~~~~~~[0m
    [96msrc/app/funcionalidades/processos/reembolso/finalidade/finalidade.component.spec.ts[0m:[93m121[0m:[93m75[0m - [91merror[0m[90m TS2345: [0mArgument of type 'Observable<{}>' is not assignable to parameter of type 'Observable<DadoComboDTO[]>'.
      Type '{}' is missing the following properties from type 'DadoComboDTO[]': length, pop, push, concat, and 29 more.

    [7m121[0m   comboServiceSpy.consultarComboPerfisPrestadoresExternos.mockReturnValue(of({}));
    [7m   [0m [91m                                                                          ~~~~~~[0m
    [96msrc/app/funcionalidades/processos/reembolso/finalidade/finalidade.component.spec.ts[0m:[93m122[0m:[93m62[0m - [91merror[0m[90m TS2345: [0mArgument of type 'Observable<{}>' is not assignable to parameter of type 'Observable<DadoComboDTO[]>'.
      Type '{}' is missing the following properties from type 'DadoComboDTO[]': length, pop, push, concat, and 29 more.

    [7m122[0m   comboServiceSpy.consultarComboTiposAuditor.mockReturnValue(of({}));
    [7m   [0m [91m                                                             ~~~~~~[0m
    [96msrc/app/funcionalidades/processos/reembolso/finalidade/finalidade.component.spec.ts[0m:[93m123[0m:[93m58[0m - [91merror[0m[90m TS2345: [0mArgument of type 'Observable<{}>' is not assignable to parameter of type 'Observable<TipoDocumento[]>'.
      Type '{}' is missing the following properties from type 'TipoDocumento[]': length, pop, push, concat, and 29 more.

    [7m123[0m   tipoDocumentoServiceSpy.consultarTodos.mockReturnValue(of({}));
    [7m   [0m [91m                                                         ~~~~~~[0m
    [96msrc/app/funcionalidades/processos/reembolso/finalidade/finalidade.component.spec.ts[0m:[93m124[0m:[93m43[0m - [91merror[0m[90m TS2345: [0mArgument of type 'Observable<{}>' is not assignable to parameter of type 'Observable<Documento | Documento[]>'.
      Type '{}' is not assignable to type 'Documento | Documento[]'.

    [7m124[0m   documentoServiceSpy.get.mockReturnValue(of({}));
    [7m   [0m [91m                                          ~~~~~~[0m
    [96msrc/app/funcionalidades/processos/reembolso/finalidade/finalidade.component.spec.ts[0m:[93m125[0m:[93m64[0m - [91merror[0m[90m TS2345: [0mArgument of type 'Observable<{}>' is not assignable to parameter of type 'Observable<Documento[]>'.
      Type '{}' is missing the following properties from type 'Documento[]': length, pop, push, concat, and 29 more.

    [7m125[0m   prazoTratamentoServiceSpy.consultarPorFiltro.mockReturnValue(of({}));
    [7m   [0m [91m                                                               ~~~~~~[0m
    [96msrc/app/funcionalidades/processos/reembolso/finalidade/finalidade.component.spec.ts[0m:[93m126[0m:[93m78[0m - [91merror[0m[90m TS2345: [0mArgument of type 'Observable<{}>' is not assignable to parameter of type 'Observable<SituacaoProcesso[]>'.
      Type '{}' is missing the following properties from type 'SituacaoProcesso[]': length, pop, push, concat, and 29 more.

    [7m126[0m   situacaoProcessoServiceSpy.consultarTodasTransicoesManuais.mockReturnValue(of({}));
    [7m   [0m [91m                                                                             ~~~~~~[0m
    [96msrc/app/funcionalidades/processos/reembolso/finalidade/finalidade.component.spec.ts[0m:[93m127[0m:[93m57[0m - [91merror[0m[90m TS2345: [0mArgument of type 'Observable<{}>' is not assignable to parameter of type 'Observable<Patologia>'.
      Property 'id' is missing in type '{}' but required in type 'Patologia'.

    [7m127[0m   patologiaServiceSpy.consultarDTOPorId.mockReturnValue(of({}));
    [7m   [0m [91m                                                        ~~~~~~[0m

      [96msrc/app/shared/models/comum/patologia.ts[0m:[93m17[0m:[93m21[0m
        [7m17[0m     public override id: number;
        [7m  [0m [96m                    ~~[0m
        'id' is declared here.
    [96msrc/app/funcionalidades/processos/reembolso/finalidade/finalidade.component.spec.ts[0m:[93m128[0m:[93m74[0m - [91merror[0m[90m TS2345: [0mArgument of type 'Observable<{}>' is not assignable to parameter of type 'Observable<PermissoesSituacaoProcesso>'.
      Type '{}' is missing the following properties from type 'PermissoesSituacaoProcesso': perfil, status, acessar, editar, and 4 more.

    [7m128[0m   sIASCFluxoServiceSpy.consultarPermissoesFluxoPorPedido.mockReturnValue(of({}));
    [7m   [0m [91m                                                                         ~~~~~~[0m
    [96msrc/app/funcionalidades/processos/reembolso/finalidade/finalidade.component.spec.ts[0m:[93m129[0m:[93m74[0m - [91merror[0m[90m TS2345: [0mArgument of type 'Observable<{}>' is not assignable to parameter of type 'Observable<PermissoesSituacaoProcesso>'.
      Type '{}' is missing the following properties from type 'PermissoesSituacaoProcesso': perfil, status, acessar, editar, and 4 more.

    [7m129[0m   sIASCFluxoServiceSpy.consultarPermissoesFluxoPorPedido.mockReturnValue(of({}));
    [7m   [0m [91m                                                                         ~~~~~~[0m
    [96msrc/app/funcionalidades/processos/reembolso/finalidade/finalidade.component.spec.ts[0m:[93m131[0m:[93m3[0m - [91merror[0m[90m TS2322: [0mType 'Observable<{}>' is not assignable to type 'MockInstance<EventEmitter<boolean>, [isAsync?: boolean], EventEmitter<boolean>> & { prototype: any; } & EventEmitter<boolean>'.
      Type 'Observable<{}>' is missing the following properties from type 'MockInstance<EventEmitter<boolean>, [isAsync?: boolean], EventEmitter<boolean>>': getMockName, mock, mockClear, mockReset, and 13 more.

    [7m131[0m   documentoPedidoServiceSpy.avisoSituacaoPedido = of({});
    [7m   [0m [91m  ~~~~~~~~~~~~~~~~~~~~~~~~~~~~~~~~~~~~~~~~~~~~~[0m
    [96msrc/app/funcionalidades/processos/reembolso/finalidade/finalidade.component.spec.ts[0m:[93m133[0m:[93m3[0m - [91merror[0m[90m TS2740: [0mType '{ params: { id: number; }; queryParams: {}; }' is missing the following properties from type 'ActivatedRouteSnapshot': url, fragment, data, outlet, and 10 more.

    [7m133[0m   activatedRouteSpy.snapshot = {
    [7m   [0m [91m  ~~~~~~~~~~~~~~~~~~~~~~~~~~[0m
    [96msrc/app/funcionalidades/processos/reembolso/finalidade/finalidade.component.spec.ts[0m:[93m142[0m:[93m21[0m - [91merror[0m[90m TS2540: [0mCannot assign to 'paramMap' because it is a read-only property.

    [7m142[0m   activatedRouteSpy.paramMap = of({});
    [7m   [0m [91m                    ~~~~~~~~[0m

FAIL src/app/funcionalidades/processos/reembolso/profissional/profissional.component.spec.ts
  ● Test suite failed to run

    [96msrc/app/funcionalidades/processos/reembolso/profissional/profissional.component.spec.ts[0m:[93m30[0m:[93m29[0m - [91merror[0m[90m TS2352: [0mConversion of type '{ getDescription: jest.Mock<any, any, any>; }' to type 'Mocked<Partial<ActivatedRoute>>' may be a mistake because neither type sufficiently overlaps with the other. If this was intentional, convert the expression to 'unknown' first.
      Type '{ getDescription: jest.Mock<any, any, any>; }' is not comparable to type '{ outlet?: string; component?: MockedClass<Type<any>>; snapshot?: ActivatedRouteSnapshot; readonly title?: Observable<string>; ... 13 more ...; toString?: MockInstance<...>; }'.
        Types of property 'toString' are incompatible.
          Type '() => string' is not comparable to type 'MockInstance<string, [], unknown>'.

    [7m30[0m   const activatedRouteSpy = {
    [7m  [0m [91m                            ~[0m
    [7m31[0m     getDescription: jest.fn()
    [7m  [0m [91m~~~~~~~~~~~~~~~~~~~~~~~~~~~~~[0m
    [7m32[0m   } as jest.Mocked<Partial<ActivatedRoute>>;
    [7m  [0m [91m~~~~~~~~~~~~~~~~~~~~~~~~~~~~~~~~~~~~~~~~~~~[0m
    [96msrc/app/funcionalidades/processos/reembolso/profissional/profissional.component.spec.ts[0m:[93m36[0m:[93m23[0m - [91merror[0m[90m TS2352: [0mConversion of type '{ getDescription: jest.Mock<any, any, any>; }' to type 'Mocked<Partial<Location>>' may be a mistake because neither type sufficiently overlaps with the other. If this was intentional, convert the expression to 'unknown' first.
      Type '{ getDescription: jest.Mock<any, any, any>; }' is not comparable to type '{ readonly ancestorOrigins?: DOMStringList; hash?: string; host?: string; hostname?: string; href?: string; toString?: MockInstance<string, [], unknown>; readonly origin?: string; ... 6 more ...; replace?: MockInstance<...>; }'.
        Types of property 'toString' are incompatible.
          Type '() => string' is not comparable to type 'MockInstance<string, [], unknown>'.

    [7m36[0m   const locationSpy = {
    [7m  [0m [91m                      ~[0m
    [7m37[0m     getDescription: jest.fn()
    [7m  [0m [91m~~~~~~~~~~~~~~~~~~~~~~~~~~~~~[0m
    [7m38[0m   } as jest.Mocked<Partial<Location>>;
    [7m  [0m [91m~~~~~~~~~~~~~~~~~~~~~~~~~~~~~~~~~~~~~[0m
    [96msrc/app/funcionalidades/processos/reembolso/profissional/profissional.component.spec.ts[0m:[93m119[0m:[93m3[0m - [91merror[0m[90m TS2322: [0mType 'Observable<{}>' is not assignable to type 'MockInstance<Observable<any>, [filtro: FiltroConsultaPrestadorExterno], unknown> & ((filtro: FiltroConsultaPrestadorExterno) => Observable<...>)'.
      Type 'Observable<{}>' is missing the following properties from type 'MockInstance<Observable<any>, [filtro: FiltroConsultaPrestadorExterno], unknown>': getMockName, mock, mockClear, mockReset, and 13 more.

    [7m119[0m   prestadorExternoServiceSpy.consultarUsuarioExternoPorFiltro = of({})
    [7m   [0m [91m  ~~~~~~~~~~~~~~~~~~~~~~~~~~~~~~~~~~~~~~~~~~~~~~~~~~~~~~~~~~~[0m
    [96msrc/app/funcionalidades/processos/reembolso/profissional/profissional.component.spec.ts[0m:[93m121[0m:[93m75[0m - [91merror[0m[90m TS2345: [0mArgument of type 'Observable<{}>' is not assignable to parameter of type 'Observable<DadoComboDTO[]>'.
      Type '{}' is missing the following properties from type 'DadoComboDTO[]': length, pop, push, concat, and 29 more.

    [7m121[0m   comboServiceSpy.consultarComboPerfisPrestadoresExternos.mockReturnValue(of({}));
    [7m   [0m [91m                                                                          ~~~~~~[0m
    [96msrc/app/funcionalidades/processos/reembolso/profissional/profissional.component.spec.ts[0m:[93m122[0m:[93m62[0m - [91merror[0m[90m TS2345: [0mArgument of type 'Observable<{}>' is not assignable to parameter of type 'Observable<DadoComboDTO[]>'.
      Type '{}' is missing the following properties from type 'DadoComboDTO[]': length, pop, push, concat, and 29 more.

    [7m122[0m   comboServiceSpy.consultarComboTiposAuditor.mockReturnValue(of({}));
    [7m   [0m [91m                                                             ~~~~~~[0m
    [96msrc/app/funcionalidades/processos/reembolso/profissional/profissional.component.spec.ts[0m:[93m123[0m:[93m58[0m - [91merror[0m[90m TS2345: [0mArgument of type 'Observable<{}>' is not assignable to parameter of type 'Observable<TipoDocumento[]>'.
      Type '{}' is missing the following properties from type 'TipoDocumento[]': length, pop, push, concat, and 29 more.

    [7m123[0m   tipoDocumentoServiceSpy.consultarTodos.mockReturnValue(of({}));
    [7m   [0m [91m                                                         ~~~~~~[0m
    [96msrc/app/funcionalidades/processos/reembolso/profissional/profissional.component.spec.ts[0m:[93m124[0m:[93m43[0m - [91merror[0m[90m TS2345: [0mArgument of type 'Observable<{}>' is not assignable to parameter of type 'Observable<Documento | Documento[]>'.
      Type '{}' is not assignable to type 'Documento | Documento[]'.

    [7m124[0m   documentoServiceSpy.get.mockReturnValue(of({}));
    [7m   [0m [91m                                          ~~~~~~[0m
    [96msrc/app/funcionalidades/processos/reembolso/profissional/profissional.component.spec.ts[0m:[93m125[0m:[93m64[0m - [91merror[0m[90m TS2345: [0mArgument of type 'Observable<{}>' is not assignable to parameter of type 'Observable<Documento[]>'.
      Type '{}' is missing the following properties from type 'Documento[]': length, pop, push, concat, and 29 more.

    [7m125[0m   prazoTratamentoServiceSpy.consultarPorFiltro.mockReturnValue(of({}));
    [7m   [0m [91m                                                               ~~~~~~[0m
    [96msrc/app/funcionalidades/processos/reembolso/profissional/profissional.component.spec.ts[0m:[93m126[0m:[93m78[0m - [91merror[0m[90m TS2345: [0mArgument of type 'Observable<{}>' is not assignable to parameter of type 'Observable<SituacaoProcesso[]>'.
      Type '{}' is missing the following properties from type 'SituacaoProcesso[]': length, pop, push, concat, and 29 more.

    [7m126[0m   situacaoProcessoServiceSpy.consultarTodasTransicoesManuais.mockReturnValue(of({}));
    [7m   [0m [91m                                                                             ~~~~~~[0m
    [96msrc/app/funcionalidades/processos/reembolso/profissional/profissional.component.spec.ts[0m:[93m127[0m:[93m57[0m - [91merror[0m[90m TS2345: [0mArgument of type 'Observable<{}>' is not assignable to parameter of type 'Observable<Patologia>'.
      Property 'id' is missing in type '{}' but required in type 'Patologia'.

    [7m127[0m   patologiaServiceSpy.consultarDTOPorId.mockReturnValue(of({}));
    [7m   [0m [91m                                                        ~~~~~~[0m

      [96msrc/app/shared/models/comum/patologia.ts[0m:[93m17[0m:[93m21[0m
        [7m17[0m     public override id: number;
        [7m  [0m [96m                    ~~[0m
        'id' is declared here.
    [96msrc/app/funcionalidades/processos/reembolso/profissional/profissional.component.spec.ts[0m:[93m128[0m:[93m74[0m - [91merror[0m[90m TS2345: [0mArgument of type 'Observable<{}>' is not assignable to parameter of type 'Observable<PermissoesSituacaoProcesso>'.
      Type '{}' is missing the following properties from type 'PermissoesSituacaoProcesso': perfil, status, acessar, editar, and 4 more.

    [7m128[0m   sIASCFluxoServiceSpy.consultarPermissoesFluxoPorPedido.mockReturnValue(of({}));
    [7m   [0m [91m                                                                         ~~~~~~[0m
    [96msrc/app/funcionalidades/processos/reembolso/profissional/profissional.component.spec.ts[0m:[93m129[0m:[93m74[0m - [91merror[0m[90m TS2345: [0mArgument of type 'Observable<{}>' is not assignable to parameter of type 'Observable<PermissoesSituacaoProcesso>'.
      Type '{}' is missing the following properties from type 'PermissoesSituacaoProcesso': perfil, status, acessar, editar, and 4 more.

    [7m129[0m   sIASCFluxoServiceSpy.consultarPermissoesFluxoPorPedido.mockReturnValue(of({}));
    [7m   [0m [91m                                                                         ~~~~~~[0m
    [96msrc/app/funcionalidades/processos/reembolso/profissional/profissional.component.spec.ts[0m:[93m131[0m:[93m3[0m - [91merror[0m[90m TS2322: [0mType 'Observable<{}>' is not assignable to type 'MockInstance<EventEmitter<boolean>, [isAsync?: boolean], EventEmitter<boolean>> & { prototype: any; } & EventEmitter<boolean>'.
      Type 'Observable<{}>' is missing the following properties from type 'MockInstance<EventEmitter<boolean>, [isAsync?: boolean], EventEmitter<boolean>>': getMockName, mock, mockClear, mockReset, and 13 more.

    [7m131[0m   documentoPedidoServiceSpy.avisoSituacaoPedido = of({});
    [7m   [0m [91m  ~~~~~~~~~~~~~~~~~~~~~~~~~~~~~~~~~~~~~~~~~~~~~[0m
    [96msrc/app/funcionalidades/processos/reembolso/profissional/profissional.component.spec.ts[0m:[93m133[0m:[93m3[0m - [91merror[0m[90m TS2740: [0mType '{ params: { id: number; }; queryParams: {}; }' is missing the following properties from type 'ActivatedRouteSnapshot': url, fragment, data, outlet, and 10 more.

    [7m133[0m   activatedRouteSpy.snapshot = {
    [7m   [0m [91m  ~~~~~~~~~~~~~~~~~~~~~~~~~~[0m
    [96msrc/app/funcionalidades/processos/reembolso/profissional/profissional.component.spec.ts[0m:[93m142[0m:[93m21[0m - [91merror[0m[90m TS2540: [0mCannot assign to 'paramMap' because it is a read-only property.

    [7m142[0m   activatedRouteSpy.paramMap = of({});
    [7m   [0m [91m                    ~~~~~~~~[0m

FAIL src/app/funcionalidades/dependente/cancelar/cancelar-dependente/cancelar-dependente.component.spec.ts
  ● Test suite failed to run

    [96msrc/app/funcionalidades/dependente/cancelar/cancelar-dependente/cancelar-dependente.component.spec.ts[0m:[93m23[0m:[93m29[0m - [91merror[0m[90m TS2352: [0mConversion of type '{ snapshot: { params: { id: null; }; }; }' to type 'Mocked<Partial<ActivatedRoute>>' may be a mistake because neither type sufficiently overlaps with the other. If this was intentional, convert the expression to 'unknown' first.
      Type '{ snapshot: { params: { id: null; }; }; }' is not comparable to type '{ outlet?: string; component?: MockedClass<Type<any>>; snapshot?: ActivatedRouteSnapshot; readonly title?: Observable<string>; ... 13 more ...; toString?: MockInstance<...>; }'.
        Types of property 'snapshot' are incompatible.
          Type '{ params: { id: null; }; }' is missing the following properties from type 'ActivatedRouteSnapshot': url, queryParams, fragment, data, and 11 more.

    [7m 23[0m   const activatedRouteSpy = {
    [7m   [0m [91m                            ~[0m
    [7m 24[0m     snapshot: {
    [7m   [0m [91m~~~~~~~~~~~~~~~[0m
    [7m...[0m 
    [7m 28[0m     }
    [7m   [0m [91m~~~~~[0m
    [7m 29[0m   } as jest.Mocked<Partial<ActivatedRoute>>;
    [7m   [0m [91m~~~~~~~~~~~~~~~~~~~~~~~~~~~~~~~~~~~~~~~~~~~[0m

FAIL src/app/funcionalidades/processos/inscricao-programas-medicamentos/pagina-incial/pagina-incial.component.spec.ts
  ● Test suite failed to run

    [96msrc/app/funcionalidades/processos/inscricao-programas-medicamentos/pagina-incial/pagina-incial.component.spec.ts[0m:[93m64[0m:[93m5[0m - [91merror[0m[90m TS2322: [0mType '{ snapshot: any; paramMap: any; }' is not assignable to type 'Mocked<Partial<ActivatedRoute>>'.
      Type '{ snapshot: any; paramMap: any; }' is not assignable to type '{ outlet?: string; component?: MockedClass<Type<any>>; snapshot?: ActivatedRouteSnapshot; readonly title?: Observable<string>; ... 13 more ...; toString?: MockInstance<...>; }'.
        Types of property 'toString' are incompatible.
          Type '() => string' is not assignable to type 'MockInstance<string, [], unknown>'.

    [7m64[0m     activatedRouteSpy = {
    [7m  [0m [91m    ~~~~~~~~~~~~~~~~~[0m

FAIL src/app/funcionalidades/dependente/cadastro/etapa-tipo-dependente/etapa-tipo-dependente.component.spec.ts
  ● Test suite failed to run

    [96msrc/app/funcionalidades/dependente/cadastro/etapa-tipo-dependente/etapa-tipo-dependente.component.spec.ts[0m:[93m25[0m:[93m29[0m - [91merror[0m[90m TS2352: [0mConversion of type '{ snapshot: { params: { id: null; }; }; }' to type 'Mocked<Partial<ActivatedRoute>>' may be a mistake because neither type sufficiently overlaps with the other. If this was intentional, convert the expression to 'unknown' first.
      Type '{ snapshot: { params: { id: null; }; }; }' is not comparable to type '{ outlet?: string; component?: MockedClass<Type<any>>; snapshot?: ActivatedRouteSnapshot; readonly title?: Observable<string>; ... 13 more ...; toString?: MockInstance<...>; }'.
        Types of property 'snapshot' are incompatible.
          Type '{ params: { id: null; }; }' is missing the following properties from type 'ActivatedRouteSnapshot': url, queryParams, fragment, data, and 11 more.

    [7m 25[0m   const activatedRouteSpy = {
    [7m   [0m [91m                            ~[0m
    [7m 26[0m     snapshot: {
    [7m   [0m [91m~~~~~~~~~~~~~~~[0m
    [7m...[0m 
    [7m 30[0m     }
    [7m   [0m [91m~~~~~[0m
    [7m 31[0m   } as jest.Mocked<Partial<ActivatedRoute>>;
    [7m   [0m [91m~~~~~~~~~~~~~~~~~~~~~~~~~~~~~~~~~~~~~~~~~~~[0m

FAIL src/app/funcionalidades/processos/inscricao-programas-medicamentos/acompanhamento-pmd/acompanhamento-pmd.component.spec.ts
  ● Test suite failed to run

    [96msrc/app/funcionalidades/processos/inscricao-programas-medicamentos/acompanhamento-pmd/acompanhamento-pmd.component.spec.ts[0m:[93m64[0m:[93m5[0m - [91merror[0m[90m TS2322: [0mType '{ snapshot: any; paramMap: any; }' is not assignable to type 'Mocked<Partial<ActivatedRoute>>'.
      Type '{ snapshot: any; paramMap: any; }' is not assignable to type '{ outlet?: string; component?: MockedClass<Type<any>>; snapshot?: ActivatedRouteSnapshot; readonly title?: Observable<string>; ... 13 more ...; toString?: MockInstance<...>; }'.
        Types of property 'toString' are incompatible.
          Type '() => string' is not assignable to type 'MockInstance<string, [], unknown>'.

    [7m64[0m     activatedRouteSpy = {
    [7m  [0m [91m    ~~~~~~~~~~~~~~~~~[0m

FAIL src/app/funcionalidades/processos/inscricao-programas-medicamentos/inscricao-programas-medicamentos-base/inscricao-programas-medicamentos-base.component.spec.ts
  ● Test suite failed to run

    [96msrc/app/funcionalidades/processos/inscricao-programas-medicamentos/inscricao-programas-medicamentos-base/inscricao-programas-medicamentos-base.component.spec.ts[0m:[93m64[0m:[93m5[0m - [91merror[0m[90m TS2322: [0mType '{ snapshot: any; paramMap: any; }' is not assignable to type 'Mocked<Partial<ActivatedRoute>>'.
      Type '{ snapshot: any; paramMap: any; }' is not assignable to type '{ outlet?: string; component?: MockedClass<Type<any>>; snapshot?: ActivatedRouteSnapshot; readonly title?: Observable<string>; ... 13 more ...; toString?: MockInstance<...>; }'.
        Types of property 'toString' are incompatible.
          Type '() => string' is not assignable to type 'MockInstance<string, [], unknown>'.

    [7m64[0m     activatedRouteSpy = {
    [7m  [0m [91m    ~~~~~~~~~~~~~~~~~[0m

FAIL src/app/funcionalidades/processos/inscricao-programas-medicamentos/patologia/patologia.component.spec.ts
  ● Test suite failed to run

    [96msrc/app/funcionalidades/processos/inscricao-programas-medicamentos/patologia/patologia.component.spec.ts[0m:[93m64[0m:[93m5[0m - [91merror[0m[90m TS2322: [0mType '{ snapshot: any; paramMap: any; }' is not assignable to type 'Mocked<Partial<ActivatedRoute>>'.
      Type '{ snapshot: any; paramMap: any; }' is not assignable to type '{ outlet?: string; component?: MockedClass<Type<any>>; snapshot?: ActivatedRouteSnapshot; readonly title?: Observable<string>; ... 13 more ...; toString?: MockInstance<...>; }'.
        Types of property 'toString' are incompatible.
          Type '() => string' is not assignable to type 'MockInstance<string, [], unknown>'.

    [7m64[0m     activatedRouteSpy = {
    [7m  [0m [91m    ~~~~~~~~~~~~~~~~~[0m

FAIL src/app/funcionalidades/procedimentos-cobertos/result/procedimentos-cobertos-result.component.spec.ts
  ● Test suite failed to run

    Your test suite must contain at least one test.

      at onResult (node_modules/@jest/core/build/TestScheduler.js:133:18)
      at node_modules/@jest/core/build/TestScheduler.js:254:19
      at node_modules/emittery/index.js:363:13
          at Array.map (<anonymous>)
      at Emittery.emit (node_modules/emittery/index.js:361:23)

FAIL src/app/funcionalidades/dependente/renovar/etapa-motivo-renovacao/etapa-motivo-renovacao.component.spec.ts
  ● Test suite failed to run

    [96msrc/app/funcionalidades/dependente/renovar/etapa-motivo-renovacao/etapa-motivo-renovacao.component.spec.ts[0m:[93m37[0m:[93m29[0m - [91merror[0m[90m TS2352: [0mConversion of type '{ getDescription: jest.Mock<any, any, any>; }' to type 'Mocked<Partial<ActivatedRoute>>' may be a mistake because neither type sufficiently overlaps with the other. If this was intentional, convert the expression to 'unknown' first.
      Type '{ getDescription: jest.Mock<any, any, any>; }' is not comparable to type '{ outlet?: string; component?: MockedClass<Type<any>>; snapshot?: ActivatedRouteSnapshot; readonly title?: Observable<string>; ... 13 more ...; toString?: MockInstance<...>; }'.
        Types of property 'toString' are incompatible.
          Type '() => string' is not comparable to type 'MockInstance<string, [], unknown>'.

    [7m37[0m   const sctivatedRouteSpy = {
    [7m  [0m [91m                            ~[0m
    [7m38[0m     getDescription: jest.fn()
    [7m  [0m [91m~~~~~~~~~~~~~~~~~~~~~~~~~~~~~[0m
    [7m39[0m   } as jest.Mocked<Partial<ActivatedRoute>>;
    [7m  [0m [91m~~~~~~~~~~~~~~~~~~~~~~~~~~~~~~~~~~~~~~~~~~~[0m

FAIL src/app/funcionalidades/reembolso/detail/reembolso-detail.component.spec.ts
  ● Test suite failed to run

    Your test suite must contain at least one test.

      at onResult (node_modules/@jest/core/build/TestScheduler.js:133:18)
      at node_modules/@jest/core/build/TestScheduler.js:254:19
      at node_modules/emittery/index.js:363:13
          at Array.map (<anonymous>)
      at Emittery.emit (node_modules/emittery/index.js:361:23)

FAIL src/app/funcionalidades/processos/reembolso/beneficiario/beneficiario.component.spec.ts
  ● Test suite failed to run

    [96msrc/app/funcionalidades/processos/reembolso/beneficiario/beneficiario.component.spec.ts[0m:[93m30[0m:[93m29[0m - [91merror[0m[90m TS2352: [0mConversion of type '{ getDescription: jest.Mock<any, any, any>; }' to type 'Mocked<Partial<ActivatedRoute>>' may be a mistake because neither type sufficiently overlaps with the other. If this was intentional, convert the expression to 'unknown' first.
      Type '{ getDescription: jest.Mock<any, any, any>; }' is not comparable to type '{ outlet?: string; component?: MockedClass<Type<any>>; snapshot?: ActivatedRouteSnapshot; readonly title?: Observable<string>; ... 13 more ...; toString?: MockInstance<...>; }'.
        Types of property 'toString' are incompatible.
          Type '() => string' is not comparable to type 'MockInstance<string, [], unknown>'.

    [7m30[0m   const activatedRouteSpy = {
    [7m  [0m [91m                            ~[0m
    [7m31[0m     getDescription: jest.fn()
    [7m  [0m [91m~~~~~~~~~~~~~~~~~~~~~~~~~~~~~[0m
    [7m32[0m   } as jest.Mocked<Partial<ActivatedRoute>>;
    [7m  [0m [91m~~~~~~~~~~~~~~~~~~~~~~~~~~~~~~~~~~~~~~~~~~~[0m
    [96msrc/app/funcionalidades/processos/reembolso/beneficiario/beneficiario.component.spec.ts[0m:[93m36[0m:[93m23[0m - [91merror[0m[90m TS2352: [0mConversion of type '{ getDescription: jest.Mock<any, any, any>; }' to type 'Mocked<Partial<Location>>' may be a mistake because neither type sufficiently overlaps with the other. If this was intentional, convert the expression to 'unknown' first.
      Type '{ getDescription: jest.Mock<any, any, any>; }' is not comparable to type '{ readonly ancestorOrigins?: DOMStringList; hash?: string; host?: string; hostname?: string; href?: string; toString?: MockInstance<string, [], unknown>; readonly origin?: string; ... 6 more ...; replace?: MockInstance<...>; }'.
        Types of property 'toString' are incompatible.
          Type '() => string' is not comparable to type 'MockInstance<string, [], unknown>'.

    [7m36[0m   const locationSpy = {
    [7m  [0m [91m                      ~[0m
    [7m37[0m     getDescription: jest.fn()
    [7m  [0m [91m~~~~~~~~~~~~~~~~~~~~~~~~~~~~~[0m
    [7m38[0m   } as jest.Mocked<Partial<Location>>;
    [7m  [0m [91m~~~~~~~~~~~~~~~~~~~~~~~~~~~~~~~~~~~~~[0m
    [96msrc/app/funcionalidades/processos/reembolso/beneficiario/beneficiario.component.spec.ts[0m:[93m119[0m:[93m3[0m - [91merror[0m[90m TS2322: [0mType 'Observable<{}>' is not assignable to type 'MockInstance<Observable<any>, [filtro: FiltroConsultaPrestadorExterno], unknown> & ((filtro: FiltroConsultaPrestadorExterno) => Observable<...>)'.
      Type 'Observable<{}>' is missing the following properties from type 'MockInstance<Observable<any>, [filtro: FiltroConsultaPrestadorExterno], unknown>': getMockName, mock, mockClear, mockReset, and 13 more.

    [7m119[0m   prestadorExternoServiceSpy.consultarUsuarioExternoPorFiltro = of({})
    [7m   [0m [91m  ~~~~~~~~~~~~~~~~~~~~~~~~~~~~~~~~~~~~~~~~~~~~~~~~~~~~~~~~~~~[0m
    [96msrc/app/funcionalidades/processos/reembolso/beneficiario/beneficiario.component.spec.ts[0m:[93m121[0m:[93m75[0m - [91merror[0m[90m TS2345: [0mArgument of type 'Observable<{}>' is not assignable to parameter of type 'Observable<DadoComboDTO[]>'.
      Type '{}' is missing the following properties from type 'DadoComboDTO[]': length, pop, push, concat, and 29 more.

    [7m121[0m   comboServiceSpy.consultarComboPerfisPrestadoresExternos.mockReturnValue(of({}));
    [7m   [0m [91m                                                                          ~~~~~~[0m
    [96msrc/app/funcionalidades/processos/reembolso/beneficiario/beneficiario.component.spec.ts[0m:[93m122[0m:[93m62[0m - [91merror[0m[90m TS2345: [0mArgument of type 'Observable<{}>' is not assignable to parameter of type 'Observable<DadoComboDTO[]>'.
      Type '{}' is missing the following properties from type 'DadoComboDTO[]': length, pop, push, concat, and 29 more.

    [7m122[0m   comboServiceSpy.consultarComboTiposAuditor.mockReturnValue(of({}));
    [7m   [0m [91m                                                             ~~~~~~[0m
    [96msrc/app/funcionalidades/processos/reembolso/beneficiario/beneficiario.component.spec.ts[0m:[93m123[0m:[93m58[0m - [91merror[0m[90m TS2345: [0mArgument of type 'Observable<{}>' is not assignable to parameter of type 'Observable<TipoDocumento[]>'.
      Type '{}' is missing the following properties from type 'TipoDocumento[]': length, pop, push, concat, and 29 more.

    [7m123[0m   tipoDocumentoServiceSpy.consultarTodos.mockReturnValue(of({}));
    [7m   [0m [91m                                                         ~~~~~~[0m
    [96msrc/app/funcionalidades/processos/reembolso/beneficiario/beneficiario.component.spec.ts[0m:[93m124[0m:[93m43[0m - [91merror[0m[90m TS2345: [0mArgument of type 'Observable<{}>' is not assignable to parameter of type 'Observable<Documento | Documento[]>'.
      Type '{}' is not assignable to type 'Documento | Documento[]'.

    [7m124[0m   documentoServiceSpy.get.mockReturnValue(of({}));
    [7m   [0m [91m                                          ~~~~~~[0m
    [96msrc/app/funcionalidades/processos/reembolso/beneficiario/beneficiario.component.spec.ts[0m:[93m125[0m:[93m64[0m - [91merror[0m[90m TS2345: [0mArgument of type 'Observable<{}>' is not assignable to parameter of type 'Observable<Documento[]>'.
      Type '{}' is missing the following properties from type 'Documento[]': length, pop, push, concat, and 29 more.

    [7m125[0m   prazoTratamentoServiceSpy.consultarPorFiltro.mockReturnValue(of({}));
    [7m   [0m [91m                                                               ~~~~~~[0m
    [96msrc/app/funcionalidades/processos/reembolso/beneficiario/beneficiario.component.spec.ts[0m:[93m126[0m:[93m78[0m - [91merror[0m[90m TS2345: [0mArgument of type 'Observable<{}>' is not assignable to parameter of type 'Observable<SituacaoProcesso[]>'.
      Type '{}' is missing the following properties from type 'SituacaoProcesso[]': length, pop, push, concat, and 29 more.

    [7m126[0m   situacaoProcessoServiceSpy.consultarTodasTransicoesManuais.mockReturnValue(of({}));
    [7m   [0m [91m                                                                             ~~~~~~[0m
    [96msrc/app/funcionalidades/processos/reembolso/beneficiario/beneficiario.component.spec.ts[0m:[93m127[0m:[93m57[0m - [91merror[0m[90m TS2345: [0mArgument of type 'Observable<{}>' is not assignable to parameter of type 'Observable<Patologia>'.
      Property 'id' is missing in type '{}' but required in type 'Patologia'.

    [7m127[0m   patologiaServiceSpy.consultarDTOPorId.mockReturnValue(of({}));
    [7m   [0m [91m                                                        ~~~~~~[0m

      [96msrc/app/shared/models/comum/patologia.ts[0m:[93m17[0m:[93m21[0m
        [7m17[0m     public override id: number;
        [7m  [0m [96m                    ~~[0m
        'id' is declared here.
    [96msrc/app/funcionalidades/processos/reembolso/beneficiario/beneficiario.component.spec.ts[0m:[93m128[0m:[93m74[0m - [91merror[0m[90m TS2345: [0mArgument of type 'Observable<{}>' is not assignable to parameter of type 'Observable<PermissoesSituacaoProcesso>'.
      Type '{}' is missing the following properties from type 'PermissoesSituacaoProcesso': perfil, status, acessar, editar, and 4 more.

    [7m128[0m   sIASCFluxoServiceSpy.consultarPermissoesFluxoPorPedido.mockReturnValue(of({}));
    [7m   [0m [91m                                                                         ~~~~~~[0m
    [96msrc/app/funcionalidades/processos/reembolso/beneficiario/beneficiario.component.spec.ts[0m:[93m129[0m:[93m74[0m - [91merror[0m[90m TS2345: [0mArgument of type 'Observable<{}>' is not assignable to parameter of type 'Observable<PermissoesSituacaoProcesso>'.
      Type '{}' is missing the following properties from type 'PermissoesSituacaoProcesso': perfil, status, acessar, editar, and 4 more.

    [7m129[0m   sIASCFluxoServiceSpy.consultarPermissoesFluxoPorPedido.mockReturnValue(of({}));
    [7m   [0m [91m                                                                         ~~~~~~[0m
    [96msrc/app/funcionalidades/processos/reembolso/beneficiario/beneficiario.component.spec.ts[0m:[93m131[0m:[93m3[0m - [91merror[0m[90m TS2322: [0mType 'Observable<{}>' is not assignable to type 'MockInstance<EventEmitter<boolean>, [isAsync?: boolean], EventEmitter<boolean>> & { prototype: any; } & EventEmitter<boolean>'.
      Type 'Observable<{}>' is missing the following properties from type 'MockInstance<EventEmitter<boolean>, [isAsync?: boolean], EventEmitter<boolean>>': getMockName, mock, mockClear, mockReset, and 13 more.

    [7m131[0m   documentoPedidoServiceSpy.avisoSituacaoPedido = of({});
    [7m   [0m [91m  ~~~~~~~~~~~~~~~~~~~~~~~~~~~~~~~~~~~~~~~~~~~~~[0m
    [96msrc/app/funcionalidades/processos/reembolso/beneficiario/beneficiario.component.spec.ts[0m:[93m133[0m:[93m3[0m - [91merror[0m[90m TS2740: [0mType '{ params: { id: number; }; queryParams: {}; }' is missing the following properties from type 'ActivatedRouteSnapshot': url, fragment, data, outlet, and 10 more.

    [7m133[0m   activatedRouteSpy.snapshot = {
    [7m   [0m [91m  ~~~~~~~~~~~~~~~~~~~~~~~~~~[0m
    [96msrc/app/funcionalidades/processos/reembolso/beneficiario/beneficiario.component.spec.ts[0m:[93m144[0m:[93m21[0m - [91merror[0m[90m TS2540: [0mCannot assign to 'paramMap' because it is a read-only property.

    [7m144[0m   activatedRouteSpy.paramMap = of({});
    [7m   [0m [91m                    ~~~~~~~~[0m

FAIL src/app/funcionalidades/dependente/cadastro/etapa-selecao-dependente/etapa-selecao-dependente.component.spec.ts
  ● Test suite failed to run

    [96msrc/app/funcionalidades/dependente/cadastro/etapa-selecao-dependente/etapa-selecao-dependente.component.spec.ts[0m:[93m25[0m:[93m29[0m - [91merror[0m[90m TS2352: [0mConversion of type '{ snapshot: { params: { id: null; }; }; }' to type 'Mocked<Partial<ActivatedRoute>>' may be a mistake because neither type sufficiently overlaps with the other. If this was intentional, convert the expression to 'unknown' first.
      Type '{ snapshot: { params: { id: null; }; }; }' is not comparable to type '{ outlet?: string; component?: MockedClass<Type<any>>; snapshot?: ActivatedRouteSnapshot; readonly title?: Observable<string>; ... 13 more ...; toString?: MockInstance<...>; }'.
        Types of property 'snapshot' are incompatible.
          Type '{ params: { id: null; }; }' is missing the following properties from type 'ActivatedRouteSnapshot': url, queryParams, fragment, data, and 11 more.

    [7m 25[0m   const activatedRouteSpy = {
    [7m   [0m [91m                            ~[0m
    [7m 26[0m     snapshot: {
    [7m   [0m [91m~~~~~~~~~~~~~~~[0m
    [7m...[0m 
    [7m 30[0m     }
    [7m   [0m [91m~~~~~[0m
    [7m 31[0m   } as jest.Mocked<Partial<ActivatedRoute>>;
    [7m   [0m [91m~~~~~~~~~~~~~~~~~~~~~~~~~~~~~~~~~~~~~~~~~~~[0m

FAIL src/app/funcionalidades/procedimentos-cobertos/param/procedimentos-cobertos-param.component.spec.ts
  ● Test suite failed to run

    Your test suite must contain at least one test.

      at onResult (node_modules/@jest/core/build/TestScheduler.js:133:18)
      at node_modules/@jest/core/build/TestScheduler.js:254:19
      at node_modules/emittery/index.js:363:13
          at Array.map (<anonymous>)
      at Emittery.emit (node_modules/emittery/index.js:361:23)

FAIL src/app/funcionalidades/dependente/cadastro/etapa-complemento-dependente/etapa-complemento-dependente.component.spec.ts
  ● Test suite failed to run

    [96msrc/app/funcionalidades/dependente/cadastro/etapa-complemento-dependente/etapa-complemento-dependente.component.spec.ts[0m:[93m26[0m:[93m29[0m - [91merror[0m[90m TS2352: [0mConversion of type '{ snapshot: { params: { id: null; }; }; }' to type 'Mocked<Partial<ActivatedRoute>>' may be a mistake because neither type sufficiently overlaps with the other. If this was intentional, convert the expression to 'unknown' first.
      Type '{ snapshot: { params: { id: null; }; }; }' is not comparable to type '{ outlet?: string; component?: MockedClass<Type<any>>; snapshot?: ActivatedRouteSnapshot; readonly title?: Observable<string>; ... 13 more ...; toString?: MockInstance<...>; }'.
        Types of property 'snapshot' are incompatible.
          Type '{ params: { id: null; }; }' is missing the following properties from type 'ActivatedRouteSnapshot': url, queryParams, fragment, data, and 11 more.

    [7m 26[0m   const activatedRouteSpy = {
    [7m   [0m [91m                            ~[0m
    [7m 27[0m     snapshot: {
    [7m   [0m [91m~~~~~~~~~~~~~~~[0m
    [7m...[0m 
    [7m 31[0m     }
    [7m   [0m [91m~~~~~[0m
    [7m 32[0m   } as jest.Mocked<Partial<ActivatedRoute>>;
    [7m   [0m [91m~~~~~~~~~~~~~~~~~~~~~~~~~~~~~~~~~~~~~~~~~~~[0m
    [96msrc/app/funcionalidades/dependente/cadastro/etapa-complemento-dependente/etapa-complemento-dependente.component.spec.ts[0m:[93m64[0m:[93m37[0m - [91merror[0m[90m TS2352: [0mConversion of type '{ getDocumentoPedido: jest.Mock<any, any, any>; avisoSituacaoPedido: Observable<{}>; }' to type 'Mocked<Partial<DocumentoPedidoService>>' may be a mistake because neither type sufficiently overlaps with the other. If this was intentional, convert the expression to 'unknown' first.
      Type '{ getDocumentoPedido: jest.Mock<any, any, any>; avisoSituacaoPedido: Observable<{}>; }' is not comparable to type '{ avisoParaBotao?: MockedClass<EventEmitter<string>>; avisoSituacaoPedido?: MockedClass<EventEmitter<boolean>>; avisoSituacaoPedidoComplementares?: MockedClass<...>; ... 20 more ...; queryParams?: any; }'.
        Types of property 'avisoSituacaoPedido' are incompatible.
          Type 'Observable<{}>' is not comparable to type 'MockedClass<EventEmitter<boolean>>'.
            Type 'Observable<{}>' is missing the following properties from type 'MockInstance<EventEmitter<boolean>, [isAsync?: boolean], EventEmitter<boolean>>': getMockName, mock, mockClear, mockReset, and 13 more.

    [7m64[0m   const documentoPedidoServiceSpy = {
    [7m  [0m [91m                                    ~[0m
    [7m65[0m     getDocumentoPedido: jest.fn(),
    [7m  [0m [91m~~~~~~~~~~~~~~~~~~~~~~~~~~~~~~~~~~[0m
    [7m66[0m     avisoSituacaoPedido: of({})
    [7m  [0m [91m~~~~~~~~~~~~~~~~~~~~~~~~~~~~~~~[0m
    [7m67[0m   } as jest.Mocked<Partial<DocumentoPedidoService>>;
    [7m  [0m [91m~~~~~~~~~~~~~~~~~~~~~~~~~~~~~~~~~~~~~~~~~~~~~~~~~~~[0m

FAIL src/app/funcionalidades/dependente/cadastro/cadastro-dependente/cadastro-dependente.component.spec.ts
  ● Test suite failed to run

    [96msrc/app/funcionalidades/dependente/cadastro/cadastro-dependente/cadastro-dependente.component.spec.ts[0m:[93m26[0m:[93m29[0m - [91merror[0m[90m TS2352: [0mConversion of type '{ snapshot: { params: { id: null; }; }; }' to type 'Mocked<Partial<ActivatedRoute>>' may be a mistake because neither type sufficiently overlaps with the other. If this was intentional, convert the expression to 'unknown' first.
      Type '{ snapshot: { params: { id: null; }; }; }' is not comparable to type '{ outlet?: string; component?: MockedClass<Type<any>>; snapshot?: ActivatedRouteSnapshot; readonly title?: Observable<string>; ... 13 more ...; toString?: MockInstance<...>; }'.
        Types of property 'snapshot' are incompatible.
          Type '{ params: { id: null; }; }' is missing the following properties from type 'ActivatedRouteSnapshot': url, queryParams, fragment, data, and 11 more.

    [7m 26[0m   const activatedRouteSpy = {
    [7m   [0m [91m                            ~[0m
    [7m 27[0m     snapshot: {
    [7m   [0m [91m~~~~~~~~~~~~~~~[0m
    [7m...[0m 
    [7m 31[0m     }
    [7m   [0m [91m~~~~~[0m
    [7m 32[0m   } as jest.Mocked<Partial<ActivatedRoute>>;
    [7m   [0m [91m~~~~~~~~~~~~~~~~~~~~~~~~~~~~~~~~~~~~~~~~~~~[0m
    [96msrc/app/funcionalidades/dependente/cadastro/cadastro-dependente/cadastro-dependente.component.spec.ts[0m:[93m66[0m:[93m37[0m - [91merror[0m[90m TS2352: [0mConversion of type '{ getDocumentoPedido: jest.Mock<any, any, any>; avisoSituacaoPedido: Observable<{}>; }' to type 'Mocked<Partial<DocumentoPedidoService>>' may be a mistake because neither type sufficiently overlaps with the other. If this was intentional, convert the expression to 'unknown' first.
      Type '{ getDocumentoPedido: jest.Mock<any, any, any>; avisoSituacaoPedido: Observable<{}>; }' is not comparable to type '{ avisoParaBotao?: MockedClass<EventEmitter<string>>; avisoSituacaoPedido?: MockedClass<EventEmitter<boolean>>; avisoSituacaoPedidoComplementares?: MockedClass<...>; ... 20 more ...; queryParams?: any; }'.
        Types of property 'avisoSituacaoPedido' are incompatible.
          Type 'Observable<{}>' is not comparable to type 'MockedClass<EventEmitter<boolean>>'.
            Type 'Observable<{}>' is missing the following properties from type 'MockInstance<EventEmitter<boolean>, [isAsync?: boolean], EventEmitter<boolean>>': getMockName, mock, mockClear, mockReset, and 13 more.

    [7m66[0m   const documentoPedidoServiceSpy = {
    [7m  [0m [91m                                    ~[0m
    [7m67[0m     getDocumentoPedido: jest.fn(),
    [7m  [0m [91m~~~~~~~~~~~~~~~~~~~~~~~~~~~~~~~~~~[0m
    [7m68[0m     avisoSituacaoPedido: of({})
    [7m  [0m [91m~~~~~~~~~~~~~~~~~~~~~~~~~~~~~~~[0m
    [7m69[0m   } as jest.Mocked<Partial<DocumentoPedidoService>>;
    [7m  [0m [91m~~~~~~~~~~~~~~~~~~~~~~~~~~~~~~~~~~~~~~~~~~~~~~~~~~~[0m

FAIL src/app/funcionalidades/procedimentos/listar-autorizacao-previa/procedimentos-listar-autorizacao-previa.component.spec.ts
  ● Test suite failed to run

    Your test suite must contain at least one test.

      at onResult (node_modules/@jest/core/build/TestScheduler.js:133:18)
      at node_modules/@jest/core/build/TestScheduler.js:254:19
      at node_modules/emittery/index.js:363:13
          at Array.map (<anonymous>)
      at Emittery.emit (node_modules/emittery/index.js:361:23)

FAIL src/app/funcionalidades/dependente/cadastro/etapa-resumo-incluir/etapa-resumo-incluir.component.spec.ts
  ● Test suite failed to run

    [96msrc/app/funcionalidades/dependente/cadastro/etapa-resumo-incluir/etapa-resumo-incluir.component.spec.ts[0m:[93m23[0m:[93m29[0m - [91merror[0m[90m TS2352: [0mConversion of type '{ snapshot: { params: { id: null; }; }; }' to type 'Mocked<Partial<ActivatedRoute>>' may be a mistake because neither type sufficiently overlaps with the other. If this was intentional, convert the expression to 'unknown' first.
      Type '{ snapshot: { params: { id: null; }; }; }' is not comparable to type '{ outlet?: string; component?: MockedClass<Type<any>>; snapshot?: ActivatedRouteSnapshot; readonly title?: Observable<string>; ... 13 more ...; toString?: MockInstance<...>; }'.
        Types of property 'snapshot' are incompatible.
          Type '{ params: { id: null; }; }' is missing the following properties from type 'ActivatedRouteSnapshot': url, queryParams, fragment, data, and 11 more.

    [7m 23[0m   const activatedRouteSpy = {
    [7m   [0m [91m                            ~[0m
    [7m 24[0m     snapshot: {
    [7m   [0m [91m~~~~~~~~~~~~~~~[0m
    [7m...[0m 
    [7m 28[0m     }
    [7m   [0m [91m~~~~~[0m
    [7m 29[0m   } as jest.Mocked<Partial<ActivatedRoute>>;
    [7m   [0m [91m~~~~~~~~~~~~~~~~~~~~~~~~~~~~~~~~~~~~~~~~~~~[0m

FAIL src/app/funcionalidades/dependente/cadastro/etapa-dados-dependente/etapa-dados-dependente.component.spec.ts
  ● Test suite failed to run

    [96msrc/app/funcionalidades/dependente/cadastro/etapa-dados-dependente/etapa-dados-dependente.component.spec.ts[0m:[93m147[0m:[93m40[0m - [91merror[0m[90m TS2339: [0mProperty 'toBeTrue' does not exist on type 'JestMatchers<boolean>'.

    [7m147[0m     expect(component.isMenorIdade(13)).toBeTrue();
    [7m   [0m [91m                                       ~~~~~~~~[0m
    [96msrc/app/funcionalidades/dependente/cadastro/etapa-dados-dependente/etapa-dados-dependente.component.spec.ts[0m:[93m158[0m:[93m43[0m - [91merror[0m[90m TS2551: [0mProperty 'toBeFalse' does not exist on type 'JestMatchers<boolean>'. Did you mean 'toBeFalsy'?

    [7m158[0m     expect(component.idadeIncompativel()).toBeFalse;
    [7m   [0m [91m                                          ~~~~~~~~~[0m

      [96mnode_modules/@types/jest/index.d.ts[0m:[93m887[0m:[93m9[0m
        [7m887[0m         toBeFalsy(): R;
        [7m   [0m [96m        ~~~~~~~~~~~~~~~[0m
        'toBeFalsy' is declared here.

FAIL src/app/funcionalidades/procedimentos-cobertos/listar-procedimentos-com-reembolso/listar-procedimentos-com-reembolso.component.spec.ts
  ● Test suite failed to run

    [96msrc/app/funcionalidades/procedimentos-cobertos/listar-procedimentos-com-reembolso/listar-procedimentos-com-reembolso.component.spec.ts[0m:[93m21[0m:[93m5[0m - [91merror[0m[90m TS2322: [0mType 'Observable<{}>' is not assignable to type 'MockInstance<Observable<any>, [filtro: FiltroConsultaPrestadorExterno], unknown> & ((filtro: FiltroConsultaPrestadorExterno) => Observable<...>)'.
      Type 'Observable<{}>' is missing the following properties from type 'MockInstance<Observable<any>, [filtro: FiltroConsultaPrestadorExterno], unknown>': getMockName, mock, mockClear, mockReset, and 13 more.

    [7m21[0m     prestadorExternoServiceSpy.consultarUsuarioExternoPorFiltro = of({})
    [7m  [0m [91m    ~~~~~~~~~~~~~~~~~~~~~~~~~~~~~~~~~~~~~~~~~~~~~~~~~~~~~~~~~~~[0m

FAIL src/app/funcionalidades/portabilidade/detail/portabilidade-detail.component.spec.ts
  ● Test suite failed to run

    Your test suite must contain at least one test.

      at onResult (node_modules/@jest/core/build/TestScheduler.js:133:18)
      at node_modules/@jest/core/build/TestScheduler.js:254:19
      at node_modules/emittery/index.js:363:13
          at Array.map (<anonymous>)
      at Emittery.emit (node_modules/emittery/index.js:361:23)

FAIL src/app/funcionalidades/preposto-credenciado/preposto-credenciado-home/empresa-credenciada-home.component.spec.ts
  ● Test suite failed to run

    [96msrc/app/funcionalidades/preposto-credenciado/preposto-credenciado-home/empresa-credenciada-home.component.spec.ts[0m:[93m15[0m:[93m55[0m - [91merror[0m[90m TS2554: [0mExpected 0-1 arguments, but got 2.

    [7m15[0m   const messageServiceMock = jest.fn('MessageService',['getDescription', 'fromResourceBundle']);
    [7m  [0m [91m                                                      ~~~~~~~~~~~~~~~~~~~~~~~~~~~~~~~~~~~~~~~~[0m
    [96msrc/app/funcionalidades/preposto-credenciado/preposto-credenciado-home/empresa-credenciada-home.component.spec.ts[0m:[93m16[0m:[93m87[0m - [91merror[0m[90m TS2554: [0mExpected 0-1 arguments, but got 2.

    [7m16[0m   const empresaPrestadorExternoServiceMock = jest.fn('EmpresaPrestadorExternoService',['consultarEmpresaPorId', 'consultarFiliais']);
    [7m  [0m [91m                                                                                      ~~~~~~~~~~~~~~~~~~~~~~~~~~~~~~~~~~~~~~~~~~~~~[0m
    [96msrc/app/funcionalidades/preposto-credenciado/preposto-credenciado-home/empresa-credenciada-home.component.spec.ts[0m:[93m17[0m:[93m55[0m - [91merror[0m[90m TS2554: [0mExpected 0-1 arguments, but got 2.

    [7m17[0m   const activatedRouteMock = jest.fn('ActivatedRoute',['getDescription']);
    [7m  [0m [91m                                                      ~~~~~~~~~~~~~~~~~~[0m
    [96msrc/app/funcionalidades/preposto-credenciado/preposto-credenciado-home/empresa-credenciada-home.component.spec.ts[0m:[93m18[0m:[93m39[0m - [91merror[0m[90m TS2554: [0mExpected 0-1 arguments, but got 2.

    [7m18[0m   const routerMock = jest.fn('Router',['getDescription']);
    [7m  [0m [91m                                      ~~~~~~~~~~~~~~~~~~[0m
    [96msrc/app/funcionalidades/preposto-credenciado/preposto-credenciado-home/empresa-credenciada-home.component.spec.ts[0m:[93m19[0m:[93m43[0m - [91merror[0m[90m TS2554: [0mExpected 0-1 arguments, but got 2.

    [7m19[0m   const locationMock = jest.fn('Location',['getDescription']);
    [7m  [0m [91m                                          ~~~~~~~~~~~~~~~~~~[0m
    [96msrc/app/funcionalidades/preposto-credenciado/preposto-credenciado-home/empresa-credenciada-home.component.spec.ts[0m:[93m20[0m:[93m51[0m - [91merror[0m[90m TS2554: [0mExpected 0-1 arguments, but got 2.

    [7m20[0m   const comboServiceMock = jest.fn('ComboService',['consultarComboUF']);
    [7m  [0m [91m                                                  ~~~~~~~~~~~~~~~~~~~~[0m
    [96msrc/app/funcionalidades/preposto-credenciado/preposto-credenciado-home/empresa-credenciada-home.component.spec.ts[0m:[93m21[0m:[93m67[0m - [91merror[0m[90m TS2554: [0mExpected 0-1 arguments, but got 2.

    [7m21[0m   const tipoDocumentoServiceMock = jest.fn('TipoDocumentoService',['consultarTodos']);
    [7m  [0m [91m                                                                  ~~~~~~~~~~~~~~~~~~[0m
    [96msrc/app/funcionalidades/preposto-credenciado/preposto-credenciado-home/empresa-credenciada-home.component.spec.ts[0m:[93m22[0m:[93m59[0m - [91merror[0m[90m TS2554: [0mExpected 0-1 arguments, but got 2.

    [7m22[0m   const documentoServiceMock = jest.fn('DocumentoService',['get']);
    [7m  [0m [91m                                                          ~~~~~~~[0m
    [96msrc/app/funcionalidades/preposto-credenciado/preposto-credenciado-home/empresa-credenciada-home.component.spec.ts[0m:[93m23[0m:[93m65[0m - [91merror[0m[90m TS2554: [0mExpected 0-1 arguments, but got 2.

    [7m23[0m   const prazoTratamentoServiceMock = jest.fn('DocumentoService',['consultarPorFiltro']);
    [7m  [0m [91m                                                                ~~~~~~~~~~~~~~~~~~~~~~[0m
    [96msrc/app/funcionalidades/preposto-credenciado/preposto-credenciado-home/empresa-credenciada-home.component.spec.ts[0m:[93m24[0m:[93m69[0m - [91merror[0m[90m TS2554: [0mExpected 0-1 arguments, but got 2.

    [7m24[0m   const tipoBeneficiarioServiceMock = jest.fn('DocumentoServ   ice',['get']);
    [7m  [0m [91m                                                                    ~~~~~~~[0m
    [96msrc/app/funcionalidades/preposto-credenciado/preposto-credenciado-home/empresa-credenciada-home.component.spec.ts[0m:[93m25[0m:[93m73[0m - [91merror[0m[90m TS2554: [0mExpected 0-1 arguments, but got 2.

    [7m25[0m   const situacaoProcessoServiceMock = jest.fn('SituacaoProcessoService',['consultarTodasTransicoesManuais']);
    [7m  [0m [91m                                                                        ~~~~~~~~~~~~~~~~~~~~~~~~~~~~~~~~~~~[0m
    [96msrc/app/funcionalidades/preposto-credenciado/preposto-credenciado-home/empresa-credenciada-home.component.spec.ts[0m:[93m26[0m:[93m59[0m - [91merror[0m[90m TS2554: [0mExpected 0-1 arguments, but got 2.

    [7m26[0m   const patologiaServiceMock = jest.fn('PatologiaService',['consultarDTOPorId']);
    [7m  [0m [91m                                                          ~~~~~~~~~~~~~~~~~~~~~[0m
    [96msrc/app/funcionalidades/preposto-credenciado/preposto-credenciado-home/empresa-credenciada-home.component.spec.ts[0m:[93m27[0m:[93m65[0m - [91merror[0m[90m TS2554: [0mExpected 0-1 arguments, but got 2.

    [7m27[0m   const tipoProcessoServiceMock = jest.fn('TipoProcessoService',['get']);
    [7m  [0m [91m                                                                ~~~~~~~[0m
    [96msrc/app/funcionalidades/preposto-credenciado/preposto-credenciado-home/empresa-credenciada-home.component.spec.ts[0m:[93m28[0m:[93m53[0m - [91merror[0m[90m TS2554: [0mExpected 0-1 arguments, but got 2.

    [7m28[0m   const sessaoServiceMock = jest.fn('SessaoService',['get']);
    [7m  [0m [91m                                                    ~~~~~~~[0m
    [96msrc/app/funcionalidades/preposto-credenciado/preposto-credenciado-home/empresa-credenciada-home.component.spec.ts[0m:[93m29[0m:[93m73[0m - [91merror[0m[90m TS2554: [0mExpected 0-1 arguments, but got 2.

    [7m29[0m   const prestadorExternoServiceMock = jest.fn('PrestadorExternoService',['get','consultarUsuarioExternoPorFiltro']);
    [7m  [0m [91m                                                                        ~~~~~~~~~~~~~~~~~~~~~~~~~~~~~~~~~~~~~~~~~~[0m
    [96msrc/app/funcionalidades/preposto-credenciado/preposto-credenciado-home/empresa-credenciada-home.component.spec.ts[0m:[93m30[0m:[93m57[0m - [91merror[0m[90m TS2554: [0mExpected 0-1 arguments, but got 2.

    [7m30[0m   const processoServiceMock = jest.fn('ProcessoService',['get']);
    [7m  [0m [91m                                                        ~~~~~~~[0m
    [96msrc/app/funcionalidades/preposto-credenciado/preposto-credenciado-home/empresa-credenciada-home.component.spec.ts[0m:[93m31[0m:[93m61[0m - [91merror[0m[90m TS2554: [0mExpected 0-1 arguments, but got 2.

    [7m31[0m   const sIASCFluxoServiceMock = jest.fn('SIASCFluxoService',['get']);
    [7m  [0m [91m                                                            ~~~~~~~[0m
    [96msrc/app/funcionalidades/preposto-credenciado/preposto-credenciado-home/empresa-credenciada-home.component.spec.ts[0m:[93m32[0m:[93m75[0m - [91merror[0m[90m TS2554: [0mExpected 0-1 arguments, but got 2.

    [7m32[0m   const autorizacaoPreviaServiceMock = jest.fn('AutorizacaoPreviaService',['get']);
    [7m  [0m [91m                                                                          ~~~~~~~[0m
    [96msrc/app/funcionalidades/preposto-credenciado/preposto-credenciado-home/empresa-credenciada-home.component.spec.ts[0m:[93m34[0m:[93m38[0m - [91merror[0m[90m TS2339: [0mProperty 'consultarFiliais' does not exist on type 'Mock<unknown, any[], any>'.

    [7m34[0m   empresaPrestadorExternoServiceMock.consultarFiliais.mockReturnValue(of({}));
    [7m  [0m [91m                                     ~~~~~~~~~~~~~~~~[0m
    [96msrc/app/funcionalidades/preposto-credenciado/preposto-credenciado-home/empresa-credenciada-home.component.spec.ts[0m:[93m35[0m:[93m31[0m - [91merror[0m[90m TS2339: [0mProperty 'consultarUsuarioExternoPorFiltro' does not exist on type 'Mock<unknown, any[], any>'.

    [7m35[0m   prestadorExternoServiceMock.consultarUsuarioExternoPorFiltro .mockReturnValue(of({}));
    [7m  [0m [91m                              ~~~~~~~~~~~~~~~~~~~~~~~~~~~~~~~~[0m
    [96msrc/app/funcionalidades/preposto-credenciado/preposto-credenciado-home/empresa-credenciada-home.component.spec.ts[0m:[93m37[0m:[93m20[0m - [91merror[0m[90m TS2339: [0mProperty 'consultarComboUF' does not exist on type 'Mock<unknown, any[], any>'.

    [7m37[0m   comboServiceMock.consultarComboUF.mockReturnValue(of({}));
    [7m  [0m [91m                   ~~~~~~~~~~~~~~~~[0m
    [96msrc/app/funcionalidades/preposto-credenciado/preposto-credenciado-home/empresa-credenciada-home.component.spec.ts[0m:[93m38[0m:[93m28[0m - [91merror[0m[90m TS2339: [0mProperty 'consultarTodos' does not exist on type 'Mock<unknown, any[], any>'.

    [7m38[0m   tipoDocumentoServiceMock.consultarTodos.mockReturnValue(of({}));
    [7m  [0m [91m                           ~~~~~~~~~~~~~~[0m
    [96msrc/app/funcionalidades/preposto-credenciado/preposto-credenciado-home/empresa-credenciada-home.component.spec.ts[0m:[93m39[0m:[93m24[0m - [91merror[0m[90m TS2339: [0mProperty 'get' does not exist on type 'Mock<unknown, any[], any>'.

    [7m39[0m   documentoServiceMock.get.mockReturnValue(of({}));
    [7m  [0m [91m                       ~~~[0m
    [96msrc/app/funcionalidades/preposto-credenciado/preposto-credenciado-home/empresa-credenciada-home.component.spec.ts[0m:[93m40[0m:[93m30[0m - [91merror[0m[90m TS2339: [0mProperty 'consultarPorFiltro' does not exist on type 'Mock<unknown, any[], any>'.

    [7m40[0m   prazoTratamentoServiceMock.consultarPorFiltro.mockReturnValue(of({}));
    [7m  [0m [91m                             ~~~~~~~~~~~~~~~~~~[0m
    [96msrc/app/funcionalidades/preposto-credenciado/preposto-credenciado-home/empresa-credenciada-home.component.spec.ts[0m:[93m41[0m:[93m31[0m - [91merror[0m[90m TS2339: [0mProperty 'consultarTodasTransicoesManuais' does not exist on type 'Mock<unknown, any[], any>'.

    [7m41[0m   situacaoProcessoServiceMock.consultarTodasTransicoesManuais.mockReturnValue(of({}));
    [7m  [0m [91m                              ~~~~~~~~~~~~~~~~~~~~~~~~~~~~~~~[0m
    [96msrc/app/funcionalidades/preposto-credenciado/preposto-credenciado-home/empresa-credenciada-home.component.spec.ts[0m:[93m42[0m:[93m24[0m - [91merror[0m[90m TS2339: [0mProperty 'consultarDTOPorId' does not exist on type 'Mock<unknown, any[], any>'.

    [7m42[0m   patologiaServiceMock.consultarDTOPorId.mockReturnValue(of({}));
    [7m  [0m [91m                       ~~~~~~~~~~~~~~~~~[0m
    [96msrc/app/funcionalidades/preposto-credenciado/preposto-credenciado-home/empresa-credenciada-home.component.spec.ts[0m:[93m44[0m:[93m22[0m - [91merror[0m[90m TS2339: [0mProperty 'snapshot' does not exist on type 'Mock<unknown, any[], any>'.

    [7m44[0m   activatedRouteMock.snapshot = {
    [7m  [0m [91m                     ~~~~~~~~[0m

FAIL src/app/funcionalidades/vinc-med-patologia/vinc-med-patologia-home/vinc-med-patologia-home.component.spec.ts
  ● Test suite failed to run

    [96msrc/app/funcionalidades/vinc-med-patologia/vinc-med-patologia-home/vinc-med-patologia-home.component.spec.ts[0m:[93m32[0m:[93m29[0m - [91merror[0m[90m TS2352: [0mConversion of type '{ getDescription: jest.Mock<any, any, any>; }' to type 'Mocked<Partial<ActivatedRoute>>' may be a mistake because neither type sufficiently overlaps with the other. If this was intentional, convert the expression to 'unknown' first.
      Type '{ getDescription: jest.Mock<any, any, any>; }' is not comparable to type '{ outlet?: string; component?: MockedClass<Type<any>>; snapshot?: ActivatedRouteSnapshot; readonly title?: Observable<string>; ... 13 more ...; toString?: MockInstance<...>; }'.
        Types of property 'toString' are incompatible.
          Type '() => string' is not comparable to type 'MockInstance<string, [], unknown>'.

    [7m32[0m   const activatedRouteSpy = {
    [7m  [0m [91m                            ~[0m
    [7m33[0m     getDescription: jest.fn()
    [7m  [0m [91m~~~~~~~~~~~~~~~~~~~~~~~~~~~~~[0m
    [7m34[0m   } as jest.Mocked<Partial<ActivatedRoute>>;
    [7m  [0m [91m~~~~~~~~~~~~~~~~~~~~~~~~~~~~~~~~~~~~~~~~~~~[0m
    [96msrc/app/funcionalidades/vinc-med-patologia/vinc-med-patologia-home/vinc-med-patologia-home.component.spec.ts[0m:[93m38[0m:[93m23[0m - [91merror[0m[90m TS2352: [0mConversion of type '{ getDescription: jest.Mock<any, any, any>; }' to type 'Mocked<Partial<Location>>' may be a mistake because neither type sufficiently overlaps with the other. If this was intentional, convert the expression to 'unknown' first.
      Type '{ getDescription: jest.Mock<any, any, any>; }' is not comparable to type '{ readonly ancestorOrigins?: DOMStringList; hash?: string; host?: string; hostname?: string; href?: string; toString?: MockInstance<string, [], unknown>; readonly origin?: string; ... 6 more ...; replace?: MockInstance<...>; }'.
        Types of property 'toString' are incompatible.
          Type '() => string' is not comparable to type 'MockInstance<string, [], unknown>'.

    [7m38[0m   const locationSpy = {
    [7m  [0m [91m                      ~[0m
    [7m39[0m     getDescription: jest.fn()
    [7m  [0m [91m~~~~~~~~~~~~~~~~~~~~~~~~~~~~~[0m
    [7m40[0m   } as jest.Mocked<Partial<Location>>;
    [7m  [0m [91m~~~~~~~~~~~~~~~~~~~~~~~~~~~~~~~~~~~~~[0m
    [96msrc/app/funcionalidades/vinc-med-patologia/vinc-med-patologia-home/vinc-med-patologia-home.component.spec.ts[0m:[93m134[0m:[93m3[0m - [91merror[0m[90m TS2322: [0mType 'Observable<{}>' is not assignable to type 'MockInstance<Observable<any>, [filtro: FiltroConsultaPrestadorExterno], unknown> & ((filtro: FiltroConsultaPrestadorExterno) => Observable<...>)'.
      Type 'Observable<{}>' is missing the following properties from type 'MockInstance<Observable<any>, [filtro: FiltroConsultaPrestadorExterno], unknown>': getMockName, mock, mockClear, mockReset, and 13 more.

    [7m134[0m   prestadorExternoServiceSpy.consultarUsuarioExternoPorFiltro = of({})
    [7m   [0m [91m  ~~~~~~~~~~~~~~~~~~~~~~~~~~~~~~~~~~~~~~~~~~~~~~~~~~~~~~~~~~~[0m
    [96msrc/app/funcionalidades/vinc-med-patologia/vinc-med-patologia-home/vinc-med-patologia-home.component.spec.ts[0m:[93m136[0m:[93m75[0m - [91merror[0m[90m TS2345: [0mArgument of type 'Observable<{}>' is not assignable to parameter of type 'Observable<DadoComboDTO[]>'.
      Type '{}' is missing the following properties from type 'DadoComboDTO[]': length, pop, push, concat, and 29 more.

    [7m136[0m   comboServiceSpy.consultarComboPerfisPrestadoresExternos.mockReturnValue(of({}));
    [7m   [0m [91m                                                                          ~~~~~~[0m
    [96msrc/app/funcionalidades/vinc-med-patologia/vinc-med-patologia-home/vinc-med-patologia-home.component.spec.ts[0m:[93m137[0m:[93m62[0m - [91merror[0m[90m TS2345: [0mArgument of type 'Observable<{}>' is not assignable to parameter of type 'Observable<DadoComboDTO[]>'.
      Type '{}' is missing the following properties from type 'DadoComboDTO[]': length, pop, push, concat, and 29 more.

    [7m137[0m   comboServiceSpy.consultarComboTiposAuditor.mockReturnValue(of({}));
    [7m   [0m [91m                                                             ~~~~~~[0m
    [96msrc/app/funcionalidades/vinc-med-patologia/vinc-med-patologia-home/vinc-med-patologia-home.component.spec.ts[0m:[93m138[0m:[93m58[0m - [91merror[0m[90m TS2345: [0mArgument of type 'Observable<{}>' is not assignable to parameter of type 'Observable<TipoDocumento[]>'.
      Type '{}' is missing the following properties from type 'TipoDocumento[]': length, pop, push, concat, and 29 more.

    [7m138[0m   tipoDocumentoServiceSpy.consultarTodos.mockReturnValue(of({}));
    [7m   [0m [91m                                                         ~~~~~~[0m
    [96msrc/app/funcionalidades/vinc-med-patologia/vinc-med-patologia-home/vinc-med-patologia-home.component.spec.ts[0m:[93m139[0m:[93m43[0m - [91merror[0m[90m TS2345: [0mArgument of type 'Observable<{}>' is not assignable to parameter of type 'Observable<Documento | Documento[]>'.
      Type '{}' is not assignable to type 'Documento | Documento[]'.

    [7m139[0m   documentoServiceSpy.get.mockReturnValue(of({}));
    [7m   [0m [91m                                          ~~~~~~[0m
    [96msrc/app/funcionalidades/vinc-med-patologia/vinc-med-patologia-home/vinc-med-patologia-home.component.spec.ts[0m:[93m140[0m:[93m64[0m - [91merror[0m[90m TS2345: [0mArgument of type 'Observable<{}>' is not assignable to parameter of type 'Observable<Documento[]>'.
      Type '{}' is missing the following properties from type 'Documento[]': length, pop, push, concat, and 29 more.

    [7m140[0m   prazoTratamentoServiceSpy.consultarPorFiltro.mockReturnValue(of({}));
    [7m   [0m [91m                                                               ~~~~~~[0m
    [96msrc/app/funcionalidades/vinc-med-patologia/vinc-med-patologia-home/vinc-med-patologia-home.component.spec.ts[0m:[93m141[0m:[93m78[0m - [91merror[0m[90m TS2345: [0mArgument of type 'Observable<{}>' is not assignable to parameter of type 'Observable<SituacaoProcesso[]>'.
      Type '{}' is missing the following properties from type 'SituacaoProcesso[]': length, pop, push, concat, and 29 more.

    [7m141[0m   situacaoProcessoServiceSpy.consultarTodasTransicoesManuais.mockReturnValue(of({}));
    [7m   [0m [91m                                                                             ~~~~~~[0m
    [96msrc/app/funcionalidades/vinc-med-patologia/vinc-med-patologia-home/vinc-med-patologia-home.component.spec.ts[0m:[93m142[0m:[93m57[0m - [91merror[0m[90m TS2345: [0mArgument of type 'Observable<{}>' is not assignable to parameter of type 'Observable<Patologia>'.
      Property 'id' is missing in type '{}' but required in type 'Patologia'.

    [7m142[0m   patologiaServiceSpy.consultarDTOPorId.mockReturnValue(of({}));
    [7m   [0m [91m                                                        ~~~~~~[0m

      [96msrc/app/shared/models/comum/patologia.ts[0m:[93m17[0m:[93m21[0m
        [7m17[0m     public override id: number;
        [7m  [0m [96m                    ~~[0m
        'id' is declared here.
    [96msrc/app/funcionalidades/vinc-med-patologia/vinc-med-patologia-home/vinc-med-patologia-home.component.spec.ts[0m:[93m143[0m:[93m54[0m - [91merror[0m[90m TS2345: [0mArgument of type 'Observable<{}>' is not assignable to parameter of type 'Observable<Patologia[]>'.
      Type '{}' is missing the following properties from type 'Patologia[]': length, pop, push, concat, and 29 more.

    [7m143[0m   patologiaServiceSpy.consultarTodos.mockReturnValue(of({}));
    [7m   [0m [91m                                                     ~~~~~~[0m
    [96msrc/app/funcionalidades/vinc-med-patologia/vinc-med-patologia-home/vinc-med-patologia-home.component.spec.ts[0m:[93m144[0m:[93m74[0m - [91merror[0m[90m TS2345: [0mArgument of type 'Observable<{}>' is not assignable to parameter of type 'Observable<PermissoesSituacaoProcesso>'.
      Type '{}' is missing the following properties from type 'PermissoesSituacaoProcesso': perfil, status, acessar, editar, and 4 more.

    [7m144[0m   sIASCFluxoServiceSpy.consultarPermissoesFluxoPorPedido.mockReturnValue(of({}));
    [7m   [0m [91m                                                                         ~~~~~~[0m
    [96msrc/app/funcionalidades/vinc-med-patologia/vinc-med-patologia-home/vinc-med-patologia-home.component.spec.ts[0m:[93m145[0m:[93m82[0m - [91merror[0m[90m TS2345: [0mArgument of type 'Observable<{}>' is not assignable to parameter of type 'Observable<TipoProcesso[]>'.
      Type '{}' is missing the following properties from type 'TipoProcesso[]': length, pop, push, concat, and 29 more.

    [7m145[0m   tipoProcessoServiceSpy.consultarTiposProcessoAutorizacaoPrevia.mockReturnValue(of({}));
    [7m   [0m [91m                                                                                 ~~~~~~[0m
    [96msrc/app/funcionalidades/vinc-med-patologia/vinc-med-patologia-home/vinc-med-patologia-home.component.spec.ts[0m:[93m148[0m:[93m3[0m - [91merror[0m[90m TS2322: [0mType 'Observable<{}>' is not assignable to type 'MockInstance<EventEmitter<boolean>, [isAsync?: boolean], EventEmitter<boolean>> & { prototype: any; } & EventEmitter<boolean>'.
      Type 'Observable<{}>' is missing the following properties from type 'MockInstance<EventEmitter<boolean>, [isAsync?: boolean], EventEmitter<boolean>>': getMockName, mock, mockClear, mockReset, and 13 more.

    [7m148[0m   documentoPedidoServiceSpy.avisoSituacaoPedido = of({});
    [7m   [0m [91m  ~~~~~~~~~~~~~~~~~~~~~~~~~~~~~~~~~~~~~~~~~~~~~[0m
    [96msrc/app/funcionalidades/vinc-med-patologia/vinc-med-patologia-home/vinc-med-patologia-home.component.spec.ts[0m:[93m150[0m:[93m3[0m - [91merror[0m[90m TS2740: [0mType '{ params: { id: number; }; queryParams: {}; }' is missing the following properties from type 'ActivatedRouteSnapshot': url, fragment, data, outlet, and 10 more.

    [7m150[0m   activatedRouteSpy.snapshot = {
    [7m   [0m [91m  ~~~~~~~~~~~~~~~~~~~~~~~~~~[0m
    [96msrc/app/funcionalidades/vinc-med-patologia/vinc-med-patologia-home/vinc-med-patologia-home.component.spec.ts[0m:[93m159[0m:[93m21[0m - [91merror[0m[90m TS2540: [0mCannot assign to 'paramMap' because it is a read-only property.

    [7m159[0m   activatedRouteSpy.paramMap = of({});
    [7m   [0m [91m                    ~~~~~~~~[0m

FAIL src/app/funcionalidades/preposto-credenciado/preposto-credenciado-listar/empresa-credenciada-listar.component.spec.ts
  ● Test suite failed to run

    [96msrc/app/funcionalidades/preposto-credenciado/preposto-credenciado-listar/empresa-credenciada-listar.component.spec.ts[0m:[93m24[0m:[93m29[0m - [91merror[0m[90m TS2352: [0mConversion of type '{ getDescription: jest.Mock<any, any, any>; }' to type 'Mocked<Partial<ActivatedRoute>>' may be a mistake because neither type sufficiently overlaps with the other. If this was intentional, convert the expression to 'unknown' first.
      Type '{ getDescription: jest.Mock<any, any, any>; }' is not comparable to type '{ outlet?: string; component?: MockedClass<Type<any>>; snapshot?: ActivatedRouteSnapshot; readonly title?: Observable<string>; ... 13 more ...; toString?: MockInstance<...>; }'.
        Types of property 'toString' are incompatible.
          Type '() => string' is not comparable to type 'MockInstance<string, [], unknown>'.

    [7m24[0m   const activatedRouteSpy = {
    [7m  [0m [91m                            ~[0m
    [7m25[0m     getDescription: jest.fn()
    [7m  [0m [91m~~~~~~~~~~~~~~~~~~~~~~~~~~~~~[0m
    [7m26[0m   } as jest.Mocked<Partial<ActivatedRoute>>;
    [7m  [0m [91m~~~~~~~~~~~~~~~~~~~~~~~~~~~~~~~~~~~~~~~~~~~[0m
    [96msrc/app/funcionalidades/preposto-credenciado/preposto-credenciado-listar/empresa-credenciada-listar.component.spec.ts[0m:[93m30[0m:[93m23[0m - [91merror[0m[90m TS2352: [0mConversion of type '{ getDescription: jest.Mock<any, any, any>; }' to type 'Mocked<Partial<Location>>' may be a mistake because neither type sufficiently overlaps with the other. If this was intentional, convert the expression to 'unknown' first.
      Type '{ getDescription: jest.Mock<any, any, any>; }' is not comparable to type '{ readonly ancestorOrigins?: DOMStringList; hash?: string; host?: string; hostname?: string; href?: string; toString?: MockInstance<string, [], unknown>; readonly origin?: string; ... 6 more ...; replace?: MockInstance<...>; }'.
        Types of property 'toString' are incompatible.
          Type '() => string' is not comparable to type 'MockInstance<string, [], unknown>'.

    [7m30[0m   const locationSpy = {
    [7m  [0m [91m                      ~[0m
    [7m31[0m     getDescription: jest.fn()
    [7m  [0m [91m~~~~~~~~~~~~~~~~~~~~~~~~~~~~~[0m
    [7m32[0m   } as jest.Mocked<Partial<Location>>;
    [7m  [0m [91m~~~~~~~~~~~~~~~~~~~~~~~~~~~~~~~~~~~~~[0m
    [96msrc/app/funcionalidades/preposto-credenciado/preposto-credenciado-listar/empresa-credenciada-listar.component.spec.ts[0m:[93m74[0m:[93m72[0m - [91merror[0m[90m TS2345: [0mArgument of type 'Observable<{}>' is not assignable to parameter of type 'Observable<EmpresaPrestadora[]>'.
      Type '{}' is missing the following properties from type 'EmpresaPrestadora[]': length, pop, push, concat, and 29 more.

    [7m74[0m   empresaPrestadorExternoServiceSpy.consultarPorFiltro.mockReturnValue(of({}));
    [7m  [0m [91m                                                                       ~~~~~~[0m
    [96msrc/app/funcionalidades/preposto-credenciado/preposto-credenciado-listar/empresa-credenciada-listar.component.spec.ts[0m:[93m77[0m:[93m52[0m - [91merror[0m[90m TS2345: [0mArgument of type 'Observable<{}>' is not assignable to parameter of type 'Observable<DadoComboDTO[]>'.
      Type '{}' is missing the following properties from type 'DadoComboDTO[]': length, pop, push, concat, and 29 more.

    [7m77[0m   comboServiceSpy.consultarComboUF.mockReturnValue(of({}));
    [7m  [0m [91m                                                   ~~~~~~[0m
    [96msrc/app/funcionalidades/preposto-credenciado/preposto-credenciado-listar/empresa-credenciada-listar.component.spec.ts[0m:[93m78[0m:[93m58[0m - [91merror[0m[90m TS2345: [0mArgument of type 'Observable<{}>' is not assignable to parameter of type 'Observable<TipoDocumento[]>'.
      Type '{}' is missing the following properties from type 'TipoDocumento[]': length, pop, push, concat, and 29 more.

    [7m78[0m   tipoDocumentoServiceSpy.consultarTodos.mockReturnValue(of({}));
    [7m  [0m [91m                                                         ~~~~~~[0m
    [96msrc/app/funcionalidades/preposto-credenciado/preposto-credenciado-listar/empresa-credenciada-listar.component.spec.ts[0m:[93m79[0m:[93m43[0m - [91merror[0m[90m TS2345: [0mArgument of type 'Observable<{}>' is not assignable to parameter of type 'Observable<Documento | Documento[]>'.
      Type '{}' is not assignable to type 'Documento | Documento[]'.

    [7m79[0m   documentoServiceSpy.get.mockReturnValue(of({}));
    [7m  [0m [91m                                          ~~~~~~[0m
    [96msrc/app/funcionalidades/preposto-credenciado/preposto-credenciado-listar/empresa-credenciada-listar.component.spec.ts[0m:[93m80[0m:[93m64[0m - [91merror[0m[90m TS2345: [0mArgument of type 'Observable<{}>' is not assignable to parameter of type 'Observable<PrazoTratamento[]>'.
      Type '{}' is missing the following properties from type 'PrazoTratamento[]': length, pop, push, concat, and 29 more.

    [7m80[0m   prazoTratamentoServiceSpy.consultarPorFiltro.mockReturnValue(of({}));
    [7m  [0m [91m                                                               ~~~~~~[0m
    [96msrc/app/funcionalidades/preposto-credenciado/preposto-credenciado-listar/empresa-credenciada-listar.component.spec.ts[0m:[93m81[0m:[93m78[0m - [91merror[0m[90m TS2345: [0mArgument of type 'Observable<{}>' is not assignable to parameter of type 'Observable<SituacaoProcesso[]>'.
      Type '{}' is missing the following properties from type 'SituacaoProcesso[]': length, pop, push, concat, and 29 more.

    [7m81[0m   situacaoProcessoServiceSpy.consultarTodasTransicoesManuais.mockReturnValue(of({}));
    [7m  [0m [91m                                                                             ~~~~~~[0m
    [96msrc/app/funcionalidades/preposto-credenciado/preposto-credenciado-listar/empresa-credenciada-listar.component.spec.ts[0m:[93m82[0m:[93m57[0m - [91merror[0m[90m TS2345: [0mArgument of type 'Observable<{}>' is not assignable to parameter of type 'Observable<Patologia>'.
      Property 'id' is missing in type '{}' but required in type 'Patologia'.

    [7m82[0m   patologiaServiceSpy.consultarDTOPorId.mockReturnValue(of({}));
    [7m  [0m [91m                                                        ~~~~~~[0m

      [96msrc/app/shared/models/comum/patologia.ts[0m:[93m17[0m:[93m21[0m
        [7m17[0m     public override id: number;
        [7m  [0m [96m                    ~~[0m
        'id' is declared here.
    [96msrc/app/funcionalidades/preposto-credenciado/preposto-credenciado-listar/empresa-credenciada-listar.component.spec.ts[0m:[93m84[0m:[93m3[0m - [91merror[0m[90m TS2740: [0mType '{ params: { id: number; }; queryParams: {}; }' is missing the following properties from type 'ActivatedRouteSnapshot': url, fragment, data, outlet, and 10 more.

    [7m84[0m   activatedRouteSpy.snapshot = {
    [7m  [0m [91m  ~~~~~~~~~~~~~~~~~~~~~~~~~~[0m

FAIL src/app/funcionalidades/prestador-externo/prestador-externo-form/prestador-externo-form.component.spec.ts
  ● Test suite failed to run

    [96msrc/app/funcionalidades/prestador-externo/prestador-externo-form/prestador-externo-form.component.spec.ts[0m:[93m24[0m:[93m29[0m - [91merror[0m[90m TS2352: [0mConversion of type '{ getDescription: jest.Mock<any, any, any>; }' to type 'Mocked<Partial<ActivatedRoute>>' may be a mistake because neither type sufficiently overlaps with the other. If this was intentional, convert the expression to 'unknown' first.
      Type '{ getDescription: jest.Mock<any, any, any>; }' is not comparable to type '{ outlet?: string; component?: MockedClass<Type<any>>; snapshot?: ActivatedRouteSnapshot; readonly title?: Observable<string>; ... 13 more ...; toString?: MockInstance<...>; }'.
        Types of property 'toString' are incompatible.
          Type '() => string' is not comparable to type 'MockInstance<string, [], unknown>'.

    [7m24[0m   const activatedRouteSpy = {
    [7m  [0m [91m                            ~[0m
    [7m25[0m     getDescription: jest.fn()
    [7m  [0m [91m~~~~~~~~~~~~~~~~~~~~~~~~~~~~~[0m
    [7m26[0m   } as jest.Mocked<Partial<ActivatedRoute>>;
    [7m  [0m [91m~~~~~~~~~~~~~~~~~~~~~~~~~~~~~~~~~~~~~~~~~~~[0m
    [96msrc/app/funcionalidades/prestador-externo/prestador-externo-form/prestador-externo-form.component.spec.ts[0m:[93m30[0m:[93m23[0m - [91merror[0m[90m TS2352: [0mConversion of type '{ getDescription: jest.Mock<any, any, any>; }' to type 'Mocked<Partial<Location>>' may be a mistake because neither type sufficiently overlaps with the other. If this was intentional, convert the expression to 'unknown' first.
      Type '{ getDescription: jest.Mock<any, any, any>; }' is not comparable to type '{ readonly ancestorOrigins?: DOMStringList; hash?: string; host?: string; hostname?: string; href?: string; toString?: MockInstance<string, [], unknown>; readonly origin?: string; ... 6 more ...; replace?: MockInstance<...>; }'.
        Types of property 'toString' are incompatible.
          Type '() => string' is not comparable to type 'MockInstance<string, [], unknown>'.

    [7m30[0m   const locationSpy = {
    [7m  [0m [91m                      ~[0m
    [7m31[0m     getDescription: jest.fn()
    [7m  [0m [91m~~~~~~~~~~~~~~~~~~~~~~~~~~~~~[0m
    [7m32[0m   } as jest.Mocked<Partial<Location>>;
    [7m  [0m [91m~~~~~~~~~~~~~~~~~~~~~~~~~~~~~~~~~~~~~[0m
    [96msrc/app/funcionalidades/prestador-externo/prestador-externo-form/prestador-externo-form.component.spec.ts[0m:[93m78[0m:[93m75[0m - [91merror[0m[90m TS2345: [0mArgument of type 'Observable<{}>' is not assignable to parameter of type 'Observable<DadoComboDTO[]>'.
      Type '{}' is missing the following properties from type 'DadoComboDTO[]': length, pop, push, concat, and 29 more.

    [7m78[0m   comboServiceSpy.consultarComboPerfisPrestadoresExternos.mockReturnValue(of({}));
    [7m  [0m [91m                                                                          ~~~~~~[0m
    [96msrc/app/funcionalidades/prestador-externo/prestador-externo-form/prestador-externo-form.component.spec.ts[0m:[93m79[0m:[93m62[0m - [91merror[0m[90m TS2345: [0mArgument of type 'Observable<{}>' is not assignable to parameter of type 'Observable<DadoComboDTO[]>'.
      Type '{}' is missing the following properties from type 'DadoComboDTO[]': length, pop, push, concat, and 29 more.

    [7m79[0m   comboServiceSpy.consultarComboTiposAuditor.mockReturnValue(of({}));
    [7m  [0m [91m                                                             ~~~~~~[0m
    [96msrc/app/funcionalidades/prestador-externo/prestador-externo-form/prestador-externo-form.component.spec.ts[0m:[93m80[0m:[93m58[0m - [91merror[0m[90m TS2345: [0mArgument of type 'Observable<{}>' is not assignable to parameter of type 'Observable<TipoDocumento[]>'.
      Type '{}' is missing the following properties from type 'TipoDocumento[]': length, pop, push, concat, and 29 more.

    [7m80[0m   tipoDocumentoServiceSpy.consultarTodos.mockReturnValue(of({}));
    [7m  [0m [91m                                                         ~~~~~~[0m
    [96msrc/app/funcionalidades/prestador-externo/prestador-externo-form/prestador-externo-form.component.spec.ts[0m:[93m81[0m:[93m43[0m - [91merror[0m[90m TS2345: [0mArgument of type 'Observable<{}>' is not assignable to parameter of type 'Observable<Documento | Documento[]>'.
      Type '{}' is not assignable to type 'Documento | Documento[]'.

    [7m81[0m   documentoServiceSpy.get.mockReturnValue(of({}));
    [7m  [0m [91m                                          ~~~~~~[0m
    [96msrc/app/funcionalidades/prestador-externo/prestador-externo-form/prestador-externo-form.component.spec.ts[0m:[93m82[0m:[93m64[0m - [91merror[0m[90m TS2345: [0mArgument of type 'Observable<{}>' is not assignable to parameter of type 'Observable<PrazoTratamento[]>'.
      Type '{}' is missing the following properties from type 'PrazoTratamento[]': length, pop, push, concat, and 29 more.

    [7m82[0m   prazoTratamentoServiceSpy.consultarPorFiltro.mockReturnValue(of({}));
    [7m  [0m [91m                                                               ~~~~~~[0m
    [96msrc/app/funcionalidades/prestador-externo/prestador-externo-form/prestador-externo-form.component.spec.ts[0m:[93m83[0m:[93m78[0m - [91merror[0m[90m TS2345: [0mArgument of type 'Observable<{}>' is not assignable to parameter of type 'Observable<SituacaoProcesso[]>'.
      Type '{}' is missing the following properties from type 'SituacaoProcesso[]': length, pop, push, concat, and 29 more.

    [7m83[0m   situacaoProcessoServiceSpy.consultarTodasTransicoesManuais.mockReturnValue(of({}));
    [7m  [0m [91m                                                                             ~~~~~~[0m
    [96msrc/app/funcionalidades/prestador-externo/prestador-externo-form/prestador-externo-form.component.spec.ts[0m:[93m84[0m:[93m57[0m - [91merror[0m[90m TS2345: [0mArgument of type 'Observable<{}>' is not assignable to parameter of type 'Observable<Patologia>'.
      Property 'id' is missing in type '{}' but required in type 'Patologia'.

    [7m84[0m   patologiaServiceSpy.consultarDTOPorId.mockReturnValue(of({}));
    [7m  [0m [91m                                                        ~~~~~~[0m

      [96msrc/app/shared/models/comum/patologia.ts[0m:[93m17[0m:[93m21[0m
        [7m17[0m     public override id: number;
        [7m  [0m [96m                    ~~[0m
        'id' is declared here.
    [96msrc/app/funcionalidades/prestador-externo/prestador-externo-form/prestador-externo-form.component.spec.ts[0m:[93m86[0m:[93m3[0m - [91merror[0m[90m TS2740: [0mType '{ params: { id: number; }; queryParams: {}; }' is missing the following properties from type 'ActivatedRouteSnapshot': url, fragment, data, outlet, and 10 more.

    [7m86[0m   activatedRouteSpy.snapshot = {
    [7m  [0m [91m  ~~~~~~~~~~~~~~~~~~~~~~~~~~[0m

FAIL src/app/funcionalidades/prestador-externo/prestador-externo-listar/prestador-externo-listar.component.spec.ts
  ● Test suite failed to run

    [96msrc/app/funcionalidades/prestador-externo/prestador-externo-listar/prestador-externo-listar.component.spec.ts[0m:[93m25[0m:[93m29[0m - [91merror[0m[90m TS2352: [0mConversion of type '{ getDescription: jest.Mock<any, any, any>; }' to type 'Mocked<Partial<ActivatedRoute>>' may be a mistake because neither type sufficiently overlaps with the other. If this was intentional, convert the expression to 'unknown' first.
      Type '{ getDescription: jest.Mock<any, any, any>; }' is not comparable to type '{ outlet?: string; component?: MockedClass<Type<any>>; snapshot?: ActivatedRouteSnapshot; readonly title?: Observable<string>; ... 13 more ...; toString?: MockInstance<...>; }'.
        Types of property 'toString' are incompatible.
          Type '() => string' is not comparable to type 'MockInstance<string, [], unknown>'.

    [7m25[0m   const activatedRouteSpy = {
    [7m  [0m [91m                            ~[0m
    [7m26[0m     getDescription: jest.fn()
    [7m  [0m [91m~~~~~~~~~~~~~~~~~~~~~~~~~~~~~[0m
    [7m27[0m   } as jest.Mocked<Partial<ActivatedRoute>>;
    [7m  [0m [91m~~~~~~~~~~~~~~~~~~~~~~~~~~~~~~~~~~~~~~~~~~~[0m
    [96msrc/app/funcionalidades/prestador-externo/prestador-externo-listar/prestador-externo-listar.component.spec.ts[0m:[93m31[0m:[93m23[0m - [91merror[0m[90m TS2352: [0mConversion of type '{ getDescription: jest.Mock<any, any, any>; }' to type 'Mocked<Partial<Location>>' may be a mistake because neither type sufficiently overlaps with the other. If this was intentional, convert the expression to 'unknown' first.
      Type '{ getDescription: jest.Mock<any, any, any>; }' is not comparable to type '{ readonly ancestorOrigins?: DOMStringList; hash?: string; host?: string; hostname?: string; href?: string; toString?: MockInstance<string, [], unknown>; readonly origin?: string; ... 6 more ...; replace?: MockInstance<...>; }'.
        Types of property 'toString' are incompatible.
          Type '() => string' is not comparable to type 'MockInstance<string, [], unknown>'.

    [7m31[0m   const locationSpy = {
    [7m  [0m [91m                      ~[0m
    [7m32[0m     getDescription: jest.fn()
    [7m  [0m [91m~~~~~~~~~~~~~~~~~~~~~~~~~~~~~[0m
    [7m33[0m   } as jest.Mocked<Partial<Location>>;
    [7m  [0m [91m~~~~~~~~~~~~~~~~~~~~~~~~~~~~~~~~~~~~~[0m
    [96msrc/app/funcionalidades/prestador-externo/prestador-externo-listar/prestador-externo-listar.component.spec.ts[0m:[93m79[0m:[93m75[0m - [91merror[0m[90m TS2345: [0mArgument of type 'Observable<{}>' is not assignable to parameter of type 'Observable<DadoComboDTO[]>'.
      Type '{}' is missing the following properties from type 'DadoComboDTO[]': length, pop, push, concat, and 29 more.

    [7m79[0m   comboServiceSpy.consultarComboPerfisPrestadoresExternos.mockReturnValue(of({}));
    [7m  [0m [91m                                                                          ~~~~~~[0m
    [96msrc/app/funcionalidades/prestador-externo/prestador-externo-listar/prestador-externo-listar.component.spec.ts[0m:[93m80[0m:[93m62[0m - [91merror[0m[90m TS2345: [0mArgument of type 'Observable<{}>' is not assignable to parameter of type 'Observable<DadoComboDTO[]>'.
      Type '{}' is missing the following properties from type 'DadoComboDTO[]': length, pop, push, concat, and 29 more.

    [7m80[0m   comboServiceSpy.consultarComboTiposAuditor.mockReturnValue(of({}));
    [7m  [0m [91m                                                             ~~~~~~[0m
    [96msrc/app/funcionalidades/prestador-externo/prestador-externo-listar/prestador-externo-listar.component.spec.ts[0m:[93m81[0m:[93m58[0m - [91merror[0m[90m TS2345: [0mArgument of type 'Observable<{}>' is not assignable to parameter of type 'Observable<TipoDocumento[]>'.
      Type '{}' is missing the following properties from type 'TipoDocumento[]': length, pop, push, concat, and 29 more.

    [7m81[0m   tipoDocumentoServiceSpy.consultarTodos.mockReturnValue(of({}));
    [7m  [0m [91m                                                         ~~~~~~[0m
    [96msrc/app/funcionalidades/prestador-externo/prestador-externo-listar/prestador-externo-listar.component.spec.ts[0m:[93m82[0m:[93m43[0m - [91merror[0m[90m TS2345: [0mArgument of type 'Observable<{}>' is not assignable to parameter of type 'Observable<Documento | Documento[]>'.
      Type '{}' is not assignable to type 'Documento | Documento[]'.

    [7m82[0m   documentoServiceSpy.get.mockReturnValue(of({}));
    [7m  [0m [91m                                          ~~~~~~[0m
    [96msrc/app/funcionalidades/prestador-externo/prestador-externo-listar/prestador-externo-listar.component.spec.ts[0m:[93m83[0m:[93m64[0m - [91merror[0m[90m TS2345: [0mArgument of type 'Observable<{}>' is not assignable to parameter of type 'Observable<Documento[]>'.
      Type '{}' is missing the following properties from type 'Documento[]': length, pop, push, concat, and 29 more.

    [7m83[0m   prazoTratamentoServiceSpy.consultarPorFiltro.mockReturnValue(of({}));
    [7m  [0m [91m                                                               ~~~~~~[0m
    [96msrc/app/funcionalidades/prestador-externo/prestador-externo-listar/prestador-externo-listar.component.spec.ts[0m:[93m84[0m:[93m78[0m - [91merror[0m[90m TS2345: [0mArgument of type 'Observable<{}>' is not assignable to parameter of type 'Observable<SituacaoProcesso[]>'.
      Type '{}' is missing the following properties from type 'SituacaoProcesso[]': length, pop, push, concat, and 29 more.

    [7m84[0m   situacaoProcessoServiceSpy.consultarTodasTransicoesManuais.mockReturnValue(of({}));
    [7m  [0m [91m                                                                             ~~~~~~[0m
    [96msrc/app/funcionalidades/prestador-externo/prestador-externo-listar/prestador-externo-listar.component.spec.ts[0m:[93m85[0m:[93m57[0m - [91merror[0m[90m TS2345: [0mArgument of type 'Observable<{}>' is not assignable to parameter of type 'Observable<Patologia>'.
      Property 'id' is missing in type '{}' but required in type 'Patologia'.

    [7m85[0m   patologiaServiceSpy.consultarDTOPorId.mockReturnValue(of({}));
    [7m  [0m [91m                                                        ~~~~~~[0m

      [96msrc/app/shared/models/comum/patologia.ts[0m:[93m17[0m:[93m21[0m
        [7m17[0m     public override id: number;
        [7m  [0m [96m                    ~~[0m
        'id' is declared here.
    [96msrc/app/funcionalidades/prestador-externo/prestador-externo-listar/prestador-externo-listar.component.spec.ts[0m:[93m87[0m:[93m3[0m - [91merror[0m[90m TS2740: [0mType '{ params: { id: number; }; queryParams: { nome: string; }; }' is missing the following properties from type 'ActivatedRouteSnapshot': url, fragment, data, outlet, and 10 more.

    [7m87[0m   activatedRouteSpy.snapshot = {
    [7m  [0m [91m  ~~~~~~~~~~~~~~~~~~~~~~~~~~[0m

FAIL src/app/funcionalidades/preposto-credenciado/preposto-credenciado-form/empresa-credenciada-form.component.spec.ts
  ● Test suite failed to run

    [96msrc/app/funcionalidades/preposto-credenciado/preposto-credenciado-form/empresa-credenciada-form.component.spec.ts[0m:[93m22[0m:[93m29[0m - [91merror[0m[90m TS2352: [0mConversion of type '{ getDescription: jest.Mock<any, any, any>; }' to type 'Mocked<Partial<ActivatedRoute>>' may be a mistake because neither type sufficiently overlaps with the other. If this was intentional, convert the expression to 'unknown' first.
      Type '{ getDescription: jest.Mock<any, any, any>; }' is not comparable to type '{ outlet?: string; component?: MockedClass<Type<any>>; snapshot?: ActivatedRouteSnapshot; readonly title?: Observable<string>; ... 13 more ...; toString?: MockInstance<...>; }'.
        Types of property 'toString' are incompatible.
          Type '() => string' is not comparable to type 'MockInstance<string, [], unknown>'.

    [7m22[0m   const activatedRouteSpy = {
    [7m  [0m [91m                            ~[0m
    [7m23[0m     getDescription: jest.fn()
    [7m  [0m [91m~~~~~~~~~~~~~~~~~~~~~~~~~~~~~[0m
    [7m24[0m   } as jest.Mocked<Partial<ActivatedRoute>>;
    [7m  [0m [91m~~~~~~~~~~~~~~~~~~~~~~~~~~~~~~~~~~~~~~~~~~~[0m
    [96msrc/app/funcionalidades/preposto-credenciado/preposto-credenciado-form/empresa-credenciada-form.component.spec.ts[0m:[93m28[0m:[93m23[0m - [91merror[0m[90m TS2352: [0mConversion of type '{ getDescription: jest.Mock<any, any, any>; }' to type 'Mocked<Partial<Location>>' may be a mistake because neither type sufficiently overlaps with the other. If this was intentional, convert the expression to 'unknown' first.
      Type '{ getDescription: jest.Mock<any, any, any>; }' is not comparable to type '{ readonly ancestorOrigins?: DOMStringList; hash?: string; host?: string; hostname?: string; href?: string; toString?: MockInstance<string, [], unknown>; readonly origin?: string; ... 6 more ...; replace?: MockInstance<...>; }'.
        Types of property 'toString' are incompatible.
          Type '() => string' is not comparable to type 'MockInstance<string, [], unknown>'.

    [7m28[0m   const locationSpy = {
    [7m  [0m [91m                      ~[0m
    [7m29[0m     getDescription: jest.fn()
    [7m  [0m [91m~~~~~~~~~~~~~~~~~~~~~~~~~~~~~[0m
    [7m30[0m   } as jest.Mocked<Partial<Location>>;
    [7m  [0m [91m~~~~~~~~~~~~~~~~~~~~~~~~~~~~~~~~~~~~~[0m
    [96msrc/app/funcionalidades/preposto-credenciado/preposto-credenciado-form/empresa-credenciada-form.component.spec.ts[0m:[93m75[0m:[93m52[0m - [91merror[0m[90m TS2345: [0mArgument of type 'Observable<{}>' is not assignable to parameter of type 'Observable<DadoComboDTO[]>'.
      Type '{}' is missing the following properties from type 'DadoComboDTO[]': length, pop, push, concat, and 29 more.

    [7m75[0m   comboServiceSpy.consultarComboUF.mockReturnValue(of({}));
    [7m  [0m [91m                                                   ~~~~~~[0m
    [96msrc/app/funcionalidades/preposto-credenciado/preposto-credenciado-form/empresa-credenciada-form.component.spec.ts[0m:[93m76[0m:[93m58[0m - [91merror[0m[90m TS2345: [0mArgument of type 'Observable<{}>' is not assignable to parameter of type 'Observable<TipoDocumento[]>'.
      Type '{}' is missing the following properties from type 'TipoDocumento[]': length, pop, push, concat, and 29 more.

    [7m76[0m   tipoDocumentoServiceSpy.consultarTodos.mockReturnValue(of({}));
    [7m  [0m [91m                                                         ~~~~~~[0m
    [96msrc/app/funcionalidades/preposto-credenciado/preposto-credenciado-form/empresa-credenciada-form.component.spec.ts[0m:[93m77[0m:[93m43[0m - [91merror[0m[90m TS2345: [0mArgument of type 'Observable<{}>' is not assignable to parameter of type 'Observable<Documento | Documento[]>'.
      Type '{}' is not assignable to type 'Documento | Documento[]'.

    [7m77[0m   documentoServiceSpy.get.mockReturnValue(of({}));
    [7m  [0m [91m                                          ~~~~~~[0m
    [96msrc/app/funcionalidades/preposto-credenciado/preposto-credenciado-form/empresa-credenciada-form.component.spec.ts[0m:[93m78[0m:[93m64[0m - [91merror[0m[90m TS2345: [0mArgument of type 'Observable<{}>' is not assignable to parameter of type 'Observable<PrazoTratamento[]>'.
      Type '{}' is missing the following properties from type 'PrazoTratamento[]': length, pop, push, concat, and 29 more.

    [7m78[0m   prazoTratamentoServiceSpy.consultarPorFiltro.mockReturnValue(of({}));
    [7m  [0m [91m                                                               ~~~~~~[0m
    [96msrc/app/funcionalidades/preposto-credenciado/preposto-credenciado-form/empresa-credenciada-form.component.spec.ts[0m:[93m79[0m:[93m78[0m - [91merror[0m[90m TS2345: [0mArgument of type 'Observable<{}>' is not assignable to parameter of type 'Observable<SituacaoProcesso[]>'.
      Type '{}' is missing the following properties from type 'SituacaoProcesso[]': length, pop, push, concat, and 29 more.

    [7m79[0m   situacaoProcessoServiceSpy.consultarTodasTransicoesManuais.mockReturnValue(of({}));
    [7m  [0m [91m                                                                             ~~~~~~[0m
    [96msrc/app/funcionalidades/preposto-credenciado/preposto-credenciado-form/empresa-credenciada-form.component.spec.ts[0m:[93m80[0m:[93m57[0m - [91merror[0m[90m TS2345: [0mArgument of type 'Observable<{}>' is not assignable to parameter of type 'Observable<Patologia>'.
      Property 'id' is missing in type '{}' but required in type 'Patologia'.

    [7m80[0m   patologiaServiceSpy.consultarDTOPorId.mockReturnValue(of({}));
    [7m  [0m [91m                                                        ~~~~~~[0m

      [96msrc/app/shared/models/comum/patologia.ts[0m:[93m17[0m:[93m21[0m
        [7m17[0m     public override id: number;
        [7m  [0m [96m                    ~~[0m
        'id' is declared here.
    [96msrc/app/funcionalidades/preposto-credenciado/preposto-credenciado-form/empresa-credenciada-form.component.spec.ts[0m:[93m82[0m:[93m3[0m - [91merror[0m[90m TS2740: [0mType '{ params: { id: number; }; queryParams: {}; }' is missing the following properties from type 'ActivatedRouteSnapshot': url, fragment, data, outlet, and 10 more.

    [7m82[0m   activatedRouteSpy.snapshot = {
    [7m  [0m [91m  ~~~~~~~~~~~~~~~~~~~~~~~~~~[0m

FAIL src/app/funcionalidades/empresa-prestador-externo/empresa-prestador-externo-listar/empresa-prestador-externo-listar.component.spec.ts
  ● Test suite failed to run

    [96msrc/app/funcionalidades/empresa-prestador-externo/empresa-prestador-externo-listar/empresa-prestador-externo-listar.component.spec.ts[0m:[93m48[0m:[93m7[0m - [91merror[0m[90m TS2740: [0mType '{}' is missing the following properties from type 'ActivatedRouteSnapshot': url, params, queryParams, fragment, and 12 more.

    [7m48[0m       snapshot: {},
    [7m  [0m [91m      ~~~~~~~~[0m

      [96mnode_modules/@angular/router/index.d.ts[0m:[93m60[0m:[93m5[0m
        [7m60[0m     snapshot: ActivatedRouteSnapshot;
        [7m  [0m [96m    ~~~~~~~~[0m
        The expected type comes from property 'snapshot' which is declared here on type 'Partial<ActivatedRoute>'

FAIL src/app/funcionalidades/dados-cadastrais/informacoes-pedido-detail/informacoes-pedido-detail.component.spec.ts
  ● Test suite failed to run

    Your test suite must contain at least one test.

      at onResult (node_modules/@jest/core/build/TestScheduler.js:133:18)
      at node_modules/@jest/core/build/TestScheduler.js:254:19
      at node_modules/emittery/index.js:363:13
          at Array.map (<anonymous>)
      at Emittery.emit (node_modules/emittery/index.js:361:23)

FAIL src/app/funcionalidades/pesquisar-processos/pesquisar-processos-home/pesquisar-processos-home.component.spec.ts
  ● Test suite failed to run

    [96msrc/app/funcionalidades/pesquisar-processos/pesquisar-processos-home/pesquisar-processos-home.component.spec.ts[0m:[93m22[0m:[93m5[0m - [91merror[0m[90m TS2741: [0mProperty 'descricao' is missing in type '{ label: string; value: number; }' but required in type 'DadoComboDTO'.

    [7m22[0m     { label: 'Item 1', value: 1 },
    [7m  [0m [91m    ~~~~~~~~~~~~~~~~~~~~~~~~~~~~~[0m

      [96msrc/app/shared/models/dto/dado-combo.ts[0m:[93m5[0m:[93m10[0m
        [7m5[0m   public descricao: string;
        [7m [0m [96m         ~~~~~~~~~[0m
        'descricao' is declared here.
    [96msrc/app/funcionalidades/pesquisar-processos/pesquisar-processos-home/pesquisar-processos-home.component.spec.ts[0m:[93m23[0m:[93m5[0m - [91merror[0m[90m TS2741: [0mProperty 'descricao' is missing in type '{ label: string; value: number; }' but required in type 'DadoComboDTO'.

    [7m23[0m     { label: 'Item 2', value: 2 }
    [7m  [0m [91m    ~~~~~~~~~~~~~~~~~~~~~~~~~~~~~[0m

      [96msrc/app/shared/models/dto/dado-combo.ts[0m:[93m5[0m:[93m10[0m
        [7m5[0m   public descricao: string;
        [7m [0m [96m         ~~~~~~~~~[0m
        'descricao' is declared here.
    [96msrc/app/funcionalidades/pesquisar-processos/pesquisar-processos-home/pesquisar-processos-home.component.spec.ts[0m:[93m113[0m:[93m11[0m - [91merror[0m[90m TS2741: [0mProperty 'descricao' is missing in type '{ label: string; value: number; }' but required in type 'DadoComboDTO'.

    [7m113[0m     const uf: DadoComboDTO = { label: 'SP', value: 1 };
    [7m   [0m [91m          ~~[0m

      [96msrc/app/shared/models/dto/dado-combo.ts[0m:[93m5[0m:[93m10[0m
        [7m5[0m   public descricao: string;
        [7m [0m [96m         ~~~~~~~~~[0m
        'descricao' is declared here.
    [96msrc/app/funcionalidades/pesquisar-processos/pesquisar-processos-home/pesquisar-processos-home.component.spec.ts[0m:[93m122[0m:[93m11[0m - [91merror[0m[90m TS2741: [0mProperty 'descricao' is missing in type '{ label: string; value: number; }' but required in type 'DadoComboDTO'.

    [7m122[0m     const uf: DadoComboDTO = { label: 'SP', value: 1 };
    [7m   [0m [91m          ~~[0m

      [96msrc/app/shared/models/dto/dado-combo.ts[0m:[93m5[0m:[93m10[0m
        [7m5[0m   public descricao: string;
        [7m [0m [96m         ~~~~~~~~~[0m
        'descricao' is declared here.

FAIL src/app/funcionalidades/pesquisar-processos-credenciado/pesquisar-processos-credenciado-home/pesquisar-processos-credenciado-home.component.spec.ts
  ● Test suite failed to run

    [96msrc/app/funcionalidades/pesquisar-processos-credenciado/pesquisar-processos-credenciado-home/pesquisar-processos-credenciado-home.component.spec.ts[0m:[93m23[0m:[93m32[0m - [91merror[0m[90m TS2352: [0mConversion of type '{ cpf: string; nome: string; idCredenciadoSelecionado: number; dadosPrestadorExterno: { id: number; nome: string; }; }' to type 'Usuario' may be a mistake because neither type sufficiently overlaps with the other. If this was intentional, convert the expression to 'unknown' first.
      Type '{ cpf: string; nome: string; idCredenciadoSelecionado: number; dadosPrestadorExterno: { id: number; nome: string; }; }' is missing the following properties from type 'Usuario': login, matricula, matriculaFuncional, email, and 10 more.

    [7m 23[0m   const mockUsuario: Usuario = {
    [7m   [0m [91m                               ~[0m
    [7m 24[0m     cpf: '12345678900',
    [7m   [0m [91m~~~~~~~~~~~~~~~~~~~~~~~[0m
    [7m...[0m 
    [7m 30[0m     }
    [7m   [0m [91m~~~~~[0m
    [7m 31[0m   } as Usuario;
    [7m   [0m [91m~~~~~~~~~~~~~~[0m

FAIL src/app/funcionalidades/prestador-externo/prestador-externo-home/prestador-externo-home.component.spec.ts
  ● Test suite failed to run

    [96msrc/app/funcionalidades/prestador-externo/prestador-externo-home/prestador-externo-home.component.spec.ts[0m:[93m24[0m:[93m29[0m - [91merror[0m[90m TS2352: [0mConversion of type '{ getDescription: jest.Mock<any, any, any>; }' to type 'Mocked<Partial<ActivatedRoute>>' may be a mistake because neither type sufficiently overlaps with the other. If this was intentional, convert the expression to 'unknown' first.
      Type '{ getDescription: jest.Mock<any, any, any>; }' is not comparable to type '{ outlet?: string; component?: MockedClass<Type<any>>; snapshot?: ActivatedRouteSnapshot; readonly title?: Observable<string>; ... 13 more ...; toString?: MockInstance<...>; }'.
        Types of property 'toString' are incompatible.
          Type '() => string' is not comparable to type 'MockInstance<string, [], unknown>'.

    [7m24[0m   const activatedRouteSpy = {
    [7m  [0m [91m                            ~[0m
    [7m25[0m     getDescription: jest.fn()
    [7m  [0m [91m~~~~~~~~~~~~~~~~~~~~~~~~~~~~~[0m
    [7m26[0m   } as jest.Mocked<Partial<ActivatedRoute>>;
    [7m  [0m [91m~~~~~~~~~~~~~~~~~~~~~~~~~~~~~~~~~~~~~~~~~~~[0m
    [96msrc/app/funcionalidades/prestador-externo/prestador-externo-home/prestador-externo-home.component.spec.ts[0m:[93m30[0m:[93m23[0m - [91merror[0m[90m TS2352: [0mConversion of type '{ getDescription: jest.Mock<any, any, any>; }' to type 'Mocked<Partial<Location>>' may be a mistake because neither type sufficiently overlaps with the other. If this was intentional, convert the expression to 'unknown' first.
      Type '{ getDescription: jest.Mock<any, any, any>; }' is not comparable to type '{ readonly ancestorOrigins?: DOMStringList; hash?: string; host?: string; hostname?: string; href?: string; toString?: MockInstance<string, [], unknown>; readonly origin?: string; ... 6 more ...; replace?: MockInstance<...>; }'.
        Types of property 'toString' are incompatible.
          Type '() => string' is not comparable to type 'MockInstance<string, [], unknown>'.

    [7m30[0m   const locationSpy = {
    [7m  [0m [91m                      ~[0m
    [7m31[0m     getDescription: jest.fn()
    [7m  [0m [91m~~~~~~~~~~~~~~~~~~~~~~~~~~~~~[0m
    [7m32[0m   } as jest.Mocked<Partial<Location>>;
    [7m  [0m [91m~~~~~~~~~~~~~~~~~~~~~~~~~~~~~~~~~~~~~[0m
    [96msrc/app/funcionalidades/prestador-externo/prestador-externo-home/prestador-externo-home.component.spec.ts[0m:[93m77[0m:[93m75[0m - [91merror[0m[90m TS2345: [0mArgument of type 'Observable<{}>' is not assignable to parameter of type 'Observable<DadoComboDTO[]>'.
      Type '{}' is missing the following properties from type 'DadoComboDTO[]': length, pop, push, concat, and 29 more.

    [7m77[0m   comboServiceSpy.consultarComboPerfisPrestadoresExternos.mockReturnValue(of({}));
    [7m  [0m [91m                                                                          ~~~~~~[0m
    [96msrc/app/funcionalidades/prestador-externo/prestador-externo-home/prestador-externo-home.component.spec.ts[0m:[93m78[0m:[93m62[0m - [91merror[0m[90m TS2345: [0mArgument of type 'Observable<{}>' is not assignable to parameter of type 'Observable<DadoComboDTO[]>'.
      Type '{}' is missing the following properties from type 'DadoComboDTO[]': length, pop, push, concat, and 29 more.

    [7m78[0m   comboServiceSpy.consultarComboTiposAuditor.mockReturnValue(of({}));
    [7m  [0m [91m                                                             ~~~~~~[0m
    [96msrc/app/funcionalidades/prestador-externo/prestador-externo-home/prestador-externo-home.component.spec.ts[0m:[93m79[0m:[93m58[0m - [91merror[0m[90m TS2345: [0mArgument of type 'Observable<{}>' is not assignable to parameter of type 'Observable<TipoDocumento[]>'.
      Type '{}' is missing the following properties from type 'TipoDocumento[]': length, pop, push, concat, and 29 more.

    [7m79[0m   tipoDocumentoServiceSpy.consultarTodos.mockReturnValue(of({}));
    [7m  [0m [91m                                                         ~~~~~~[0m
    [96msrc/app/funcionalidades/prestador-externo/prestador-externo-home/prestador-externo-home.component.spec.ts[0m:[93m80[0m:[93m43[0m - [91merror[0m[90m TS2345: [0mArgument of type 'Observable<{}>' is not assignable to parameter of type 'Observable<Documento | Documento[]>'.
      Type '{}' is not assignable to type 'Documento | Documento[]'.

    [7m80[0m   documentoServiceSpy.get.mockReturnValue(of({}));
    [7m  [0m [91m                                          ~~~~~~[0m
    [96msrc/app/funcionalidades/prestador-externo/prestador-externo-home/prestador-externo-home.component.spec.ts[0m:[93m81[0m:[93m64[0m - [91merror[0m[90m TS2345: [0mArgument of type 'Observable<{}>' is not assignable to parameter of type 'Observable<PrazoTratamento[]>'.
      Type '{}' is missing the following properties from type 'PrazoTratamento[]': length, pop, push, concat, and 29 more.

    [7m81[0m   prazoTratamentoServiceSpy.consultarPorFiltro.mockReturnValue(of({}));
    [7m  [0m [91m                                                               ~~~~~~[0m
    [96msrc/app/funcionalidades/prestador-externo/prestador-externo-home/prestador-externo-home.component.spec.ts[0m:[93m82[0m:[93m78[0m - [91merror[0m[90m TS2345: [0mArgument of type 'Observable<{}>' is not assignable to parameter of type 'Observable<SituacaoProcesso[]>'.
      Type '{}' is missing the following properties from type 'SituacaoProcesso[]': length, pop, push, concat, and 29 more.

    [7m82[0m   situacaoProcessoServiceSpy.consultarTodasTransicoesManuais.mockReturnValue(of({}));
    [7m  [0m [91m                                                                             ~~~~~~[0m
    [96msrc/app/funcionalidades/prestador-externo/prestador-externo-home/prestador-externo-home.component.spec.ts[0m:[93m83[0m:[93m57[0m - [91merror[0m[90m TS2345: [0mArgument of type 'Observable<{}>' is not assignable to parameter of type 'Observable<Patologia>'.
      Property 'id' is missing in type '{}' but required in type 'Patologia'.

    [7m83[0m   patologiaServiceSpy.consultarDTOPorId.mockReturnValue(of({}));
    [7m  [0m [91m                                                        ~~~~~~[0m

      [96msrc/app/shared/models/comum/patologia.ts[0m:[93m17[0m:[93m21[0m
        [7m17[0m     public override id: number;
        [7m  [0m [96m                    ~~[0m
        'id' is declared here.
    [96msrc/app/funcionalidades/prestador-externo/prestador-externo-home/prestador-externo-home.component.spec.ts[0m:[93m85[0m:[93m3[0m - [91merror[0m[90m TS2740: [0mType '{ params: { id: number; }; queryParams: {}; }' is missing the following properties from type 'ActivatedRouteSnapshot': url, fragment, data, outlet, and 10 more.

    [7m85[0m   activatedRouteSpy.snapshot = {
    [7m  [0m [91m  ~~~~~~~~~~~~~~~~~~~~~~~~~~[0m

FAIL src/app/funcionalidades/empresa-prestador-externo/empresa-prestador-externo-home/empresa-prestador-externo-home.component.spec.ts
  ● Test suite failed to run

    [96msrc/app/funcionalidades/empresa-prestador-externo/empresa-prestador-externo-home/empresa-prestador-externo-home.component.spec.ts[0m:[93m111[0m:[93m55[0m - [91merror[0m[90m TS2345: [0mArgument of type 'Observable<{ label: string; value: number; }[]>' is not assignable to parameter of type 'Observable<DadoComboDTO[]>'.
      Type '{ label: string; value: number; }[]' is not assignable to type 'DadoComboDTO[]'.
        Property 'descricao' is missing in type '{ label: string; value: number; }' but required in type 'DadoComboDTO'.

    [7m111[0m     comboService.consultarComboFilial.mockReturnValue(of(mockFiliais));
    [7m   [0m [91m                                                      ~~~~~~~~~~~~~~~[0m

      [96msrc/app/shared/models/dto/dado-combo.ts[0m:[93m5[0m:[93m10[0m
        [7m5[0m   public descricao: string;
        [7m [0m [96m         ~~~~~~~~~[0m
        'descricao' is declared here.

FAIL src/app/funcionalidades/parametrizacao-prazos/parametrizacao-prazos-home/parametrizacao-prazos-home.component.spec.ts
  ● Test suite failed to run

    [96msrc/app/funcionalidades/parametrizacao-prazos/parametrizacao-prazos-home/parametrizacao-prazos-home.component.spec.ts[0m:[93m20[0m:[93m5[0m - [91merror[0m[90m TS2741: [0mProperty 'descricao' is missing in type '{ label: string; value: number; }' but required in type 'DadoComboDTO'.

    [7m20[0m     { label: 'Item 1', value: 1 },
    [7m  [0m [91m    ~~~~~~~~~~~~~~~~~~~~~~~~~~~~~[0m

      [96msrc/app/shared/models/dto/dado-combo.ts[0m:[93m5[0m:[93m10[0m
        [7m5[0m   public descricao: string;
        [7m [0m [96m         ~~~~~~~~~[0m
        'descricao' is declared here.
    [96msrc/app/funcionalidades/parametrizacao-prazos/parametrizacao-prazos-home/parametrizacao-prazos-home.component.spec.ts[0m:[93m21[0m:[93m5[0m - [91merror[0m[90m TS2741: [0mProperty 'descricao' is missing in type '{ label: string; value: number; }' but required in type 'DadoComboDTO'.

    [7m21[0m     { label: 'Item 2', value: 2 }
    [7m  [0m [91m    ~~~~~~~~~~~~~~~~~~~~~~~~~~~~~[0m

      [96msrc/app/shared/models/dto/dado-combo.ts[0m:[93m5[0m:[93m10[0m
        [7m5[0m   public descricao: string;
        [7m [0m [96m         ~~~~~~~~~[0m
        'descricao' is declared here.

FAIL src/app/funcionalidades/dados-cadastrais/detail/dados-cadastrais-detail.component.spec.ts
  ● Test suite failed to run

    Your test suite must contain at least one test.

      at onResult (node_modules/@jest/core/build/TestScheduler.js:133:18)
      at node_modules/@jest/core/build/TestScheduler.js:254:19
      at node_modules/emittery/index.js:363:13
          at Array.map (<anonymous>)
      at Emittery.emit (node_modules/emittery/index.js:361:23)

FAIL src/app/funcionalidades/parametrizacao-documentos/parametrizacao-documentos-home/parametrizacao-documentos-home.component.spec.ts
  ● Test suite failed to run

    [96msrc/app/funcionalidades/parametrizacao-documentos/parametrizacao-documentos-home/parametrizacao-documentos-home.component.spec.ts[0m:[93m120[0m:[93m5[0m - [91merror[0m[90m TS2322: [0mType 'boolean' is not assignable to type 'string'.

    [7m120[0m     component.filtro.opme = true;
    [7m   [0m [91m    ~~~~~~~~~~~~~~~~~~~~~[0m
    [96msrc/app/funcionalidades/parametrizacao-documentos/parametrizacao-documentos-home/parametrizacao-documentos-home.component.spec.ts[0m:[93m121[0m:[93m5[0m - [91merror[0m[90m TS2322: [0mType 'boolean' is not assignable to type 'string'.

    [7m121[0m     component.filtro.ativo = true;
    [7m   [0m [91m    ~~~~~~~~~~~~~~~~~~~~~~[0m

FAIL src/app/funcionalidades/acompanhamento/beneficiario-card/beneficiario-card.component.spec.ts
  ● Test suite failed to run

    [96msrc/app/funcionalidades/acompanhamento/beneficiario-card/beneficiario-card.component.spec.ts[0m:[93m5[0m:[93m27[0m - [91merror[0m[90m TS2307: [0mCannot find module '../../../shared/models/comum/matricula' or its corresponding type declarations.

    [7m5[0m import { Matricula } from '../../../shared/models/comum/matricula';
    [7m [0m [91m                          ~~~~~~~~~~~~~~~~~~~~~~~~~~~~~~~~~~~~~~~~[0m
    [96msrc/app/funcionalidades/acompanhamento/beneficiario-card/beneficiario-card.component.spec.ts[0m:[93m39[0m:[93m36[0m - [91merror[0m[90m TS2352: [0mConversion of type '{ id: number; numero: string; beneficiario: Beneficiario; }' to type 'Pedido' may be a mistake because neither type sufficiently overlaps with the other. If this was intentional, convert the expression to 'unknown' first.
      Type '{ id: number; numero: string; beneficiario: Beneficiario; }' is missing the following properties from type 'Pedido': isNovo, pedidoProcedimentoIsNotEmpty, temProtocoloANSValido, verificarEhTitularEPedidoEmAnalise

    [7m 39[0m         const mockPedido: Pedido = {
    [7m   [0m [91m                                   ~[0m
    [7m 40[0m             id: 1,
    [7m   [0m [91m~~~~~~~~~~~~~~~~~~[0m
    [7m...[0m 
    [7m 42[0m             beneficiario: new Beneficiario()
    [7m   [0m [91m~~~~~~~~~~~~~~~~~~~~~~~~~~~~~~~~~~~~~~~~~~~~[0m
    [7m 43[0m         } as Pedido;
    [7m   [0m [91m~~~~~~~~~~~~~~~~~~~[0m
    [96msrc/app/funcionalidades/acompanhamento/beneficiario-card/beneficiario-card.component.spec.ts[0m:[93m51[0m:[93m36[0m - [91merror[0m[90m TS2352: [0mConversion of type '{ id: number; numero: string; beneficiario: Beneficiario; }' to type 'Pedido' may be a mistake because neither type sufficiently overlaps with the other. If this was intentional, convert the expression to 'unknown' first.
      Type '{ id: number; numero: string; beneficiario: Beneficiario; }' is missing the following properties from type 'Pedido': isNovo, pedidoProcedimentoIsNotEmpty, temProtocoloANSValido, verificarEhTitularEPedidoEmAnalise

    [7m 51[0m         const mockPedido: Pedido = {
    [7m   [0m [91m                                   ~[0m
    [7m 52[0m             id: 1,
    [7m   [0m [91m~~~~~~~~~~~~~~~~~~[0m
    [7m...[0m 
    [7m 54[0m             beneficiario: new Beneficiario()
    [7m   [0m [91m~~~~~~~~~~~~~~~~~~~~~~~~~~~~~~~~~~~~~~~~~~~~[0m
    [7m 55[0m         } as Pedido;
    [7m   [0m [91m~~~~~~~~~~~~~~~~~~~[0m
    [96msrc/app/funcionalidades/acompanhamento/beneficiario-card/beneficiario-card.component.spec.ts[0m:[93m66[0m:[93m36[0m - [91merror[0m[90m TS2352: [0mConversion of type '{ id: number; numero: string; beneficiario: Beneficiario; }' to type 'Pedido' may be a mistake because neither type sufficiently overlaps with the other. If this was intentional, convert the expression to 'unknown' first.
      Type '{ id: number; numero: string; beneficiario: Beneficiario; }' is missing the following properties from type 'Pedido': isNovo, pedidoProcedimentoIsNotEmpty, temProtocoloANSValido, verificarEhTitularEPedidoEmAnalise

    [7m 66[0m         const mockPedido: Pedido = {
    [7m   [0m [91m                                   ~[0m
    [7m 67[0m             id: 1,
    [7m   [0m [91m~~~~~~~~~~~~~~~~~~[0m
    [7m...[0m 
    [7m 69[0m             beneficiario: new Beneficiario()
    [7m   [0m [91m~~~~~~~~~~~~~~~~~~~~~~~~~~~~~~~~~~~~~~~~~~~~[0m
    [7m 70[0m         } as Pedido;
    [7m   [0m [91m~~~~~~~~~~~~~~~~~~~[0m

FAIL src/app/funcionalidades/dependente/acompanhamento-dependente/acompanhamento-dependente.component.spec.ts
  ● Test suite failed to run

    [96msrc/app/funcionalidades/dependente/acompanhamento-dependente/acompanhamento-dependente.component.spec.ts[0m:[93m24[0m:[93m29[0m - [91merror[0m[90m TS2352: [0mConversion of type '{ snapshot: { params: { id: null; }; }; }' to type 'Mocked<Partial<ActivatedRoute>>' may be a mistake because neither type sufficiently overlaps with the other. If this was intentional, convert the expression to 'unknown' first.
      Type '{ snapshot: { params: { id: null; }; }; }' is not comparable to type '{ outlet?: string; component?: MockedClass<Type<any>>; snapshot?: ActivatedRouteSnapshot; readonly title?: Observable<string>; ... 13 more ...; toString?: MockInstance<...>; }'.
        Types of property 'snapshot' are incompatible.
          Type '{ params: { id: null; }; }' is missing the following properties from type 'ActivatedRouteSnapshot': url, queryParams, fragment, data, and 11 more.

    [7m 24[0m   const activatedRouteSpy = {
    [7m   [0m [91m                            ~[0m
    [7m 25[0m     snapshot: {
    [7m   [0m [91m~~~~~~~~~~~~~~~[0m
    [7m...[0m 
    [7m 29[0m     }
    [7m   [0m [91m~~~~~[0m
    [7m 30[0m   } as jest.Mocked<Partial<ActivatedRoute>>;
    [7m   [0m [91m~~~~~~~~~~~~~~~~~~~~~~~~~~~~~~~~~~~~~~~~~~~[0m
    [96msrc/app/funcionalidades/dependente/acompanhamento-dependente/acompanhamento-dependente.component.spec.ts[0m:[93m57[0m:[93m37[0m - [91merror[0m[90m TS2352: [0mConversion of type '{ getDocumentoPedido: jest.Mock<any, any, any>; avisoSituacaoPedido: Observable<{}>; avisoSituacaoPedidoComplementares: Observable<{}>; }' to type 'Mocked<Partial<DocumentoPedidoService>>' may be a mistake because neither type sufficiently overlaps with the other. If this was intentional, convert the expression to 'unknown' first.
      Type '{ getDocumentoPedido: jest.Mock<any, any, any>; avisoSituacaoPedido: Observable<{}>; avisoSituacaoPedidoComplementares: Observable<{}>; }' is not comparable to type '{ avisoParaBotao?: MockedClass<EventEmitter<string>>; avisoSituacaoPedido?: MockedClass<EventEmitter<boolean>>; avisoSituacaoPedidoComplementares?: MockedClass<...>; ... 20 more ...; queryParams?: any; }'.
        Types of property 'avisoSituacaoPedido' are incompatible.
          Type 'Observable<{}>' is not comparable to type 'MockedClass<EventEmitter<boolean>>'.
            Type 'Observable<{}>' is missing the following properties from type 'MockInstance<EventEmitter<boolean>, [isAsync?: boolean], EventEmitter<boolean>>': getMockName, mock, mockClear, mockReset, and 13 more.

    [7m 57[0m   const documentoPedidoServiceSpy = {
    [7m   [0m [91m                                    ~[0m
    [7m 58[0m     getDocumentoPedido: jest.fn(),
    [7m   [0m [91m~~~~~~~~~~~~~~~~~~~~~~~~~~~~~~~~~~[0m
    [7m...[0m 
    [7m 60[0m     avisoSituacaoPedidoComplementares: of({})
    [7m   [0m [91m~~~~~~~~~~~~~~~~~~~~~~~~~~~~~~~~~~~~~~~~~~~~~[0m
    [7m 61[0m   } as jest.Mocked<Partial<DocumentoPedidoService>>;
    [7m   [0m [91m~~~~~~~~~~~~~~~~~~~~~~~~~~~~~~~~~~~~~~~~~~~~~~~~~~~[0m

FAIL src/app/shared/services/meus-dados/meus-dados.service.spec.ts
  ● Test suite failed to run

    [96msrc/app/shared/services/meus-dados/meus-dados.service.spec.ts[0m:[93m33[0m:[93m7[0m - [91merror[0m[90m TS2322: [0mType 'Observable<{}>' is not assignable to type 'MockInstance<Observable<any>, [filtro: FiltroConsultaPrestadorExterno], unknown> & ((filtro: FiltroConsultaPrestadorExterno) => Observable<...>)'.
      Type 'Observable<{}>' is missing the following properties from type 'MockInstance<Observable<any>, [filtro: FiltroConsultaPrestadorExterno], unknown>': getMockName, mock, mockClear, mockReset, and 13 more.

    [7m33[0m       consultarUsuarioExternoPorFiltro: of({})
    [7m  [0m [91m      ~~~~~~~~~~~~~~~~~~~~~~~~~~~~~~~~[0m

      [96msrc/app/shared/services/comum/prestador-externo.service.ts[0m:[93m39[0m:[93m12[0m
        [7m39[0m     public consultarUsuarioExternoPorFiltro(filtro: FiltroConsultaPrestadorExterno): Observable<any> {
        [7m  [0m [96m           ~~~~~~~~~~~~~~~~~~~~~~~~~~~~~~~~[0m
        The expected type comes from property 'consultarUsuarioExternoPorFiltro' which is declared here on type 'Mocked<Partial<PrestadorExternoService>>'

FAIL src/test.ts
  ● Test suite failed to run

    Cannot set base providers because it has already been called

    [0m [90m 5 |[39m
     [90m 6 |[39m
    [31m[1m>[22m[39m[90m 7 |[39m getTestBed()[33m.[39minitTestEnvironment([33mBrowserDynamicTestingModule[39m[33m,[39m platformBrowserDynamicTesting()[33m,[39m {
     [90m   |[39m              [31m[1m^[22m[39m
     [90m 8 |[39m   teardown[33m:[39m { destroyAfterEach[33m:[39m [36mtrue[39m }[33m,[39m
     [90m 9 |[39m })[33m;[39m[0m

      at _TestBedImpl.initTestEnvironment (node_modules/@angular/core/fesm2022/testing.mjs:27331:19)
      at Object.<anonymous> (src/test.ts:7:14)

FAIL src/app/shared/services/cadastrobasico/fundoinvestimento.service.spec.ts
  ● Test suite failed to run

    [96msrc/app/shared/services/cadastrobasico/fundoinvestimento.service.spec.ts[0m:[93m70[0m:[93m24[0m - [91merror[0m[90m TS2339: [0mProperty 'toBeTrue' does not exist on type 'JestMatchers<boolean>'.

    [7m70[0m       expect(response).toBeTrue();
    [7m  [0m [91m                       ~~~~~~~~[0m
    [96msrc/app/shared/services/cadastrobasico/fundoinvestimento.service.spec.ts[0m:[93m94[0m:[93m24[0m - [91merror[0m[90m TS2339: [0mProperty 'toBeTrue' does not exist on type 'JestMatchers<Boolean>'.

    [7m94[0m       expect(response).toBeTrue();
    [7m  [0m [91m                       ~~~~~~~~[0m
    [96msrc/app/shared/services/cadastrobasico/fundoinvestimento.service.spec.ts[0m:[93m107[0m:[93m24[0m - [91merror[0m[90m TS2339: [0mProperty 'toBeTrue' does not exist on type 'JestMatchers<Boolean>'.

    [7m107[0m       expect(response).toBeTrue();
    [7m   [0m [91m                       ~~~~~~~~[0m

FAIL src/app/arquitetura/shared/templates/rodape-padrao.component.spec.ts
  ● Test suite failed to run

    [96msrc/app/arquitetura/shared/templates/rodape-padrao.component.spec.ts[0m:[93m34[0m:[93m16[0m - [91merror[0m[90m TS2540: [0mCannot assign to 'url' because it is a read-only property.

    [7m34[0m         router.url = '/home';
    [7m  [0m [91m               ~~~[0m
    [96msrc/app/arquitetura/shared/templates/rodape-padrao.component.spec.ts[0m:[93m42[0m:[93m16[0m - [91merror[0m[90m TS2540: [0mCannot assign to 'url' because it is a read-only property.

    [7m42[0m         router.url = '/perfil';
    [7m  [0m [91m               ~~~[0m
    [96msrc/app/arquitetura/shared/templates/rodape-padrao.component.spec.ts[0m:[93m50[0m:[93m16[0m - [91merror[0m[90m TS2540: [0mCannot assign to 'url' because it is a read-only property.

    [7m50[0m         router.url = '';
    [7m  [0m [91m               ~~~[0m
    [96msrc/app/arquitetura/shared/templates/rodape-padrao.component.spec.ts[0m:[93m58[0m:[93m16[0m - [91merror[0m[90m TS2540: [0mCannot assign to 'url' because it is a read-only property.

    [7m58[0m         router.url = '/home/perfil';
    [7m  [0m [91m               ~~~[0m
    [96msrc/app/arquitetura/shared/templates/rodape-padrao.component.spec.ts[0m:[93m66[0m:[93m16[0m - [91merror[0m[90m TS2540: [0mCannot assign to 'url' because it is a read-only property.

    [7m66[0m         router.url = '/Home';
    [7m  [0m [91m               ~~~[0m

FAIL src/app/arquitetura/shared/templates/cabecalho-padrao.component.spec.ts
  ● Test suite failed to run

    [96msrc/app/arquitetura/shared/templates/cabecalho-padrao.component.spec.ts[0m:[93m5[0m:[93m31[0m - [91merror[0m[90m TS2307: [0mCannot find module '../../services/seguranca/sessao.service' or its corresponding type declarations.

    [7m5[0m import { SessaoService } from '../../services/seguranca/sessao.service';
    [7m [0m [91m                              ~~~~~~~~~~~~~~~~~~~~~~~~~~~~~~~~~~~~~~~~~[0m
    [96msrc/app/arquitetura/shared/templates/cabecalho-padrao.component.spec.ts[0m:[93m6[0m:[93m33[0m - [91merror[0m[90m TS2307: [0mCannot find module '../../services/seguranca/keycloak.service' or its corresponding type declarations.

    [7m6[0m import { KeycloakService } from '../../services/seguranca/keycloak.service';
    [7m [0m [91m                                ~~~~~~~~~~~~~~~~~~~~~~~~~~~~~~~~~~~~~~~~~~~[0m

FAIL src/app/funcionalidades/cartoes/detail/cartoes-detail.component.spec.ts
  ● Test suite failed to run

    [96msrc/app/funcionalidades/cartoes/detail/cartoes-detail.component.ts[0m:[93m9[0m:[93m27[0m - [91merror[0m[90m TS2306: [0mFile 'D:/Projetos/tst/src/assets/fonts/vfs_fonts.js' is not a module.

    [7m9[0m import * as pdfFonts from "assets/fonts/vfs_fonts";
    [7m [0m [91m                          ~~~~~~~~~~~~~~~~~~~~~~~~[0m

FAIL src/app/funcionalidades/acompanhamento/acompanhamento.component.spec.ts
  ● Test suite failed to run

    [96msrc/app/funcionalidades/acompanhamento/acompanhamento.component.spec.ts[0m:[93m56[0m:[93m36[0m - [91merror[0m[90m TS2352: [0mConversion of type '{ id: number; numero: string; }' to type 'Pedido' may be a mistake because neither type sufficiently overlaps with the other. If this was intentional, convert the expression to 'unknown' first.
      Type '{ id: number; numero: string; }' is missing the following properties from type 'Pedido': isNovo, pedidoProcedimentoIsNotEmpty, temProtocoloANSValido, verificarEhTitularEPedidoEmAnalise

    [7m56[0m         const mockPedido: Pedido = { id: 123, numero: 'PED-001' } as Pedido;
    [7m  [0m [91m                                   ~~~~~~~~~~~~~~~~~~~~~~~~~~~~~~~~~~~~~~~~[0m
    [96msrc/app/funcionalidades/acompanhamento/acompanhamento.component.spec.ts[0m:[93m67[0m:[93m36[0m - [91merror[0m[90m TS2352: [0mConversion of type '{ id: number; numero: string; }' to type 'Pedido' may be a mistake because neither type sufficiently overlaps with the other. If this was intentional, convert the expression to 'unknown' first.
      Type '{ id: number; numero: string; }' is missing the following properties from type 'Pedido': isNovo, pedidoProcedimentoIsNotEmpty, temProtocoloANSValido, verificarEhTitularEPedidoEmAnalise

    [7m67[0m         const mockPedido: Pedido = { id: 123, numero: 'PED-001' } as Pedido;
    [7m  [0m [91m                                   ~~~~~~~~~~~~~~~~~~~~~~~~~~~~~~~~~~~~~~~~[0m

FAIL ./gerar-cronograma-leilao.component.spec.ts
  ● Test suite failed to run

    [96mgerar-cronograma-leilao.component.spec.ts[0m:[93m17[0m:[93m34[0m - [91merror[0m[90m TS2307: [0mCannot find module '@ngx-loading-bar/core' or its corresponding type declarations.

    [7m17[0m import { LoadingBarModule } from '@ngx-loading-bar/core';
    [7m  [0m [91m                                 ~~~~~~~~~~~~~~~~~~~~~~~[0m
    [96mgerar-cronograma-leilao.component.spec.ts[0m:[93m18[0m:[93m45[0m - [91merror[0m[90m TS2307: [0mCannot find module 'ngx-material-timepicker' or its corresponding type declarations.

    [7m18[0m import { NgxMaterialTimepickerModule } from 'ngx-material-timepicker';
    [7m  [0m [91m                                            ~~~~~~~~~~~~~~~~~~~~~~~~~[0m
    [96mgerar-cronograma-leilao.component.spec.ts[0m:[93m19[0m:[93m45[0m - [91merror[0m[90m TS2307: [0mCannot find module 'ngx-toastr' or its corresponding type declarations.

    [7m19[0m import { ToastrModule, ToastrService } from 'ngx-toastr';
    [7m  [0m [91m                                            ~~~~~~~~~~~~[0m
    [96mgerar-cronograma-leilao.component.spec.ts[0m:[93m21[0m:[93m41[0m - [91merror[0m[90m TS2307: [0mCannot find module 'src/app/services/cronograma-leilao.service' or its corresponding type declarations.

    [7m21[0m import { CronogramaLeilaoService } from 'src/app/services/cronograma-leilao.service';
    [7m  [0m [91m                                        ~~~~~~~~~~~~~~~~~~~~~~~~~~~~~~~~~~~~~~~~~~~~[0m
    [96mgerar-cronograma-leilao.component.spec.ts[0m:[93m22[0m:[93m36[0m - [91merror[0m[90m TS2307: [0mCannot find module 'src/app/services/data-storage-service.service' or its corresponding type declarations.

    [7m22[0m import { DataStorageService } from 'src/app/services/data-storage-service.service';
    [7m  [0m [91m                                   ~~~~~~~~~~~~~~~~~~~~~~~~~~~~~~~~~~~~~~~~~~~~~~~[0m
    [96mgerar-cronograma-leilao.component.spec.ts[0m:[93m23[0m:[93m35[0m - [91merror[0m[90m TS2307: [0mCannot find module 'src/app/shared/app-material.module' or its corresponding type declarations.

    [7m23[0m import { AppMaterialModule } from 'src/app/shared/app-material.module';
    [7m  [0m [91m                                  ~~~~~~~~~~~~~~~~~~~~~~~~~~~~~~~~~~~~[0m
    [96mgerar-cronograma-leilao.component.spec.ts[0m:[93m24[0m:[93m51[0m - [91merror[0m[90m TS2307: [0mCannot find module 'src/app/shared/model/cronograma-leilao-centralizadora-dto.model' or its corresponding type declarations.

    [7m24[0m import { CronogramaLeilaoCentralizadoraDTO } from 'src/app/shared/model/cronograma-leilao-centralizadora-dto.model';
    [7m  [0m [91m                                                  ~~~~~~~~~~~~~~~~~~~~~~~~~~~~~~~~~~~~~~~~~~~~~~~~~~~~~~~~~~~~~~~~~[0m
    [96mgerar-cronograma-leilao.component.spec.ts[0m:[93m25[0m:[93m37[0m - [91merror[0m[90m TS2307: [0mCannot find module 'src/app/shared/model/cronograma-leilao-dto.model' or its corresponding type declarations.

    [7m25[0m import { CronogramaLeilaoDTO } from 'src/app/shared/model/cronograma-leilao-dto.model';
    [7m  [0m [91m                                    ~~~~~~~~~~~~~~~~~~~~~~~~~~~~~~~~~~~~~~~~~~~~~~~~~~[0m
    [96mgerar-cronograma-leilao.component.spec.ts[0m:[93m26[0m:[93m29[0m - [91merror[0m[90m TS2307: [0mCannot find module 'src/app/shared/pipes/pipes.module' or its corresponding type declarations.

    [7m26[0m import { PipesModule } from 'src/app/shared/pipes/pipes.module';
    [7m  [0m [91m                            ~~~~~~~~~~~~~~~~~~~~~~~~~~~~~~~~~~~[0m
    [96mgerar-cronograma-leilao.component.spec.ts[0m:[93m27[0m:[93m48[0m - [91merror[0m[90m TS2307: [0mCannot find module './gerar-cronograma-leilao.component' or its corresponding type declarations.

    [7m27[0m import { GerarCronogramaLeilaoComponent } from './gerar-cronograma-leilao.component';
    [7m  [0m [91m                                               ~~~~~~~~~~~~~~~~~~~~~~~~~~~~~~~~~~~~~[0m
    [96mgerar-cronograma-leilao.component.spec.ts[0m:[93m28[0m:[93m36[0m - [91merror[0m[90m TS2307: [0mCannot find module 'sidsc-components/dsc-select' or its corresponding type declarations.

    [7m28[0m import { DscSelectComponent } from 'sidsc-components/dsc-select';
    [7m  [0m [91m                                   ~~~~~~~~~~~~~~~~~~~~~~~~~~~~~[0m
    [96mgerar-cronograma-leilao.component.spec.ts[0m:[93m29[0m:[93m35[0m - [91merror[0m[90m TS2307: [0mCannot find module 'sidsc-components/dsc-table' or its corresponding type declarations.

    [7m29[0m import { DscTableComponent } from 'sidsc-components/dsc-table';
    [7m  [0m [91m                                  ~~~~~~~~~~~~~~~~~~~~~~~~~~~~[0m
    [96mgerar-cronograma-leilao.component.spec.ts[0m:[93m30[0m:[93m39[0m - [91merror[0m[90m TS2307: [0mCannot find module 'sidsc-components/dsc-paginator' or its corresponding type declarations.

    [7m30[0m import { DscPaginatorComponent } from 'sidsc-components/dsc-paginator';
    [7m  [0m [91m                                      ~~~~~~~~~~~~~~~~~~~~~~~~~~~~~~~~[0m
    [96mgerar-cronograma-leilao.component.spec.ts[0m:[93m31[0m:[93m36[0m - [91merror[0m[90m TS2307: [0mCannot find module 'sidsc-components/dsc-button' or its corresponding type declarations.

    [7m31[0m import { DscButtonComponent } from 'sidsc-components/dsc-button';
    [7m  [0m [91m                                   ~~~~~~~~~~~~~~~~~~~~~~~~~~~~~[0m
    [96mgerar-cronograma-leilao.component.spec.ts[0m:[93m32[0m:[93m38[0m - [91merror[0m[90m TS2307: [0mCannot find module 'sidsc-components/dsc-textarea' or its corresponding type declarations.

    [7m32[0m import { DscTextareaComponent } from 'sidsc-components/dsc-textarea';
    [7m  [0m [91m                                     ~~~~~~~~~~~~~~~~~~~~~~~~~~~~~~~[0m

FAIL src/app/funcionalidades/dependente/recibo/recibo.component.spec.ts
  ● Test suite failed to run

    [96msrc/app/shared/pdf.ts[0m:[93m1[0m:[93m24[0m - [91merror[0m[90m TS2306: [0mFile 'D:/Projetos/tst/src/assets/js/kendo/kendo.all.min.js' is not a module.

    [7m1[0m import * as kendo from "../../../src/assets/js/kendo/kendo.all.min.js";
    [7m [0m [91m                       ~~~~~~~~~~~~~~~~~~~~~~~~~~~~~~~~~~~~~~~~~~~~~~~[0m


Test Suites: 67 failed, 151 passed, 218 total
Tests:       38 failed, 807 passed, 845 total
Snapshots:   0 total
Time:        23.272 s, estimated 26 s
Ran all test suites.
